[23:21:12 INFO] Episodic protocol | chestx 5-way 5-shot | 400 episodes × 500 steps | tag=fsr_s2_bil_nocc_loraboth_r2_steps500_cnfull_loc0.1g1_sep1_pmvalue
[23:21:12 INFO] Args: {'dataset': 'chestx', 'data_root': './data', 'n_way': 5, 'n_shot': 5, 'n_query': 15, 'n_episodes': None, 'backbone': 'ViT-B/16', 'lora_encoder': 'both', 'lora_qkv_mode': 'separate', 'lora_out_proj': False, 'lora_r': 2, 'lora_alpha': 1.0, 'lora_dropout': 0.25, 'steps': 500, 'batch_size': 32, 'lr': 0.0002, 'weight_decay': 0.01, 'no_ce_aug': False, 'class_names': 'full', 'lambda1': 0.0, 'lambda2': 0.0, 'top_k': 10, 'n_aug': 4, 'cc_impl': 'legacy', 'local_score': True, 'local_k_frac': 0.1, 'local_gamma': 1.0, 'learn_gamma': False, 'local_loss': 'separate', 'local_lambda': 1.0, 'patch_mode': 'value', 'use_feature_sr': True, 'sr_scale': 2, 'sr_refiner_layers': 0, 'sr_refiner_heads': 8, 'lambda3': 0.0, 'patch_smooth': 1, 'sr_upsampler': 'bilinear', 'seed': 42, 'no_amp': False, 'save_dir': './results_episodic', 'tag': None, 'log_every': 10}
[23:21:12 INFO] Episode pool (BSCD 全量): ChestXDataset(split=train, n_classes=7, n_samples=31338)
[23:21:14 INFO] LoRA trainable parameters: 184,320 (encoder=both, qkv=separate, out_proj=False)
/home/ccoliu/FeatureSR/train_episodic.py:208: FutureWarning: `torch.cuda.amp.GradScaler(args...)` is deprecated. Please use `torch.amp.GradScaler('cuda', args...)` instead.
  scaler = torch.cuda.amp.GradScaler(enabled=use_amp)
/home/ccoliu/FeatureSR/.venv/lib/python3.12/site-packages/torch/optim/lr_scheduler.py:224: UserWarning: Detected call of `lr_scheduler.step()` before `optimizer.step()`. In PyTorch 1.1.0 and later, you should call them in the opposite order: `optimizer.step()` before `lr_scheduler.step()`.  Failure to do this will result in PyTorch skipping the first value of the learning rate schedule. See more details at https://pytorch.org/docs/stable/optim.html#how-to-adjust-learning-rate
  warnings.warn(
[23:25:37 INFO]   [10/400] running 28.00 ± 3.51% | last loss 0.9899 (ce 0.9899, tit 0.000, iti 0.000, mlp_cos 0.000) | 26.3s/episode, ETA 2.85h
[23:29:59 INFO]   [20/400] running 28.87 ± 2.04% | last loss 0.0879 (ce 0.0879, tit 0.000, iti 0.000, mlp_cos 0.000) | 26.3s/episode, ETA 2.77h
[23:34:22 INFO]   [30/400] running 27.47 ± 1.83% | last loss 0.4363 (ce 0.4363, tit 0.000, iti 0.000, mlp_cos 0.000) | 26.3s/episode, ETA 2.70h
[23:38:44 INFO]   [40/400] running 26.63 ± 1.58% | last loss 0.3162 (ce 0.3162, tit 0.000, iti 0.000, mlp_cos 0.000) | 26.3s/episode, ETA 2.63h
[23:43:07 INFO]   [50/400] running 26.27 ± 1.47% | last loss 0.6954 (ce 0.6954, tit 0.000, iti 0.000, mlp_cos 0.000) | 26.3s/episode, ETA 2.55h
[23:47:29 INFO]   [60/400] running 25.53 ± 1.35% | last loss 0.4930 (ce 0.4930, tit 0.000, iti 0.000, mlp_cos 0.000) | 26.3s/episode, ETA 2.48h
[23:51:52 INFO]   [70/400] running 26.21 ± 1.28% | last loss 0.5878 (ce 0.5878, tit 0.000, iti 0.000, mlp_cos 0.000) | 26.3s/episode, ETA 2.41h
[23:56:15 INFO]   [80/400] running 25.97 ± 1.24% | last loss 0.5600 (ce 0.5600, tit 0.000, iti 0.000, mlp_cos 0.000) | 26.3s/episode, ETA 2.33h
[00:00:37 INFO]   [90/400] running 26.00 ± 1.15% | last loss 0.2591 (ce 0.2591, tit 0.000, iti 0.000, mlp_cos 0.000) | 26.3s/episode, ETA 2.26h
[00:05:00 INFO]   [100/400] running 25.89 ± 1.04% | last loss 0.4157 (ce 0.4157, tit 0.000, iti 0.000, mlp_cos 0.000) | 26.3s/episode, ETA 2.19h
[00:09:22 INFO]   [110/400] running 26.07 ± 1.01% | last loss 0.4224 (ce 0.4224, tit 0.000, iti 0.000, mlp_cos 0.000) | 26.3s/episode, ETA 2.12h
[00:13:45 INFO]   [120/400] running 26.02 ± 0.98% | last loss 0.3117 (ce 0.3117, tit 0.000, iti 0.000, mlp_cos 0.000) | 26.3s/episode, ETA 2.04h
[00:18:08 INFO]   [130/400] running 25.95 ± 0.94% | last loss 0.4383 (ce 0.4383, tit 0.000, iti 0.000, mlp_cos 0.000) | 26.3s/episode, ETA 1.97h
[00:22:30 INFO]   [140/400] running 25.96 ± 0.91% | last loss 0.1561 (ce 0.1561, tit 0.000, iti 0.000, mlp_cos 0.000) | 26.3s/episode, ETA 1.90h
[00:26:53 INFO]   [150/400] running 25.87 ± 0.88% | last loss 0.2214 (ce 0.2214, tit 0.000, iti 0.000, mlp_cos 0.000) | 26.3s/episode, ETA 1.82h
[00:31:16 INFO]   [160/400] running 25.78 ± 0.85% | last loss 0.4680 (ce 0.4680, tit 0.000, iti 0.000, mlp_cos 0.000) | 26.3s/episode, ETA 1.75h
[00:35:38 INFO]   [170/400] running 25.73 ± 0.81% | last loss 0.3042 (ce 0.3042, tit 0.000, iti 0.000, mlp_cos 0.000) | 26.3s/episode, ETA 1.68h
[00:40:01 INFO]   [180/400] running 25.61 ± 0.78% | last loss 0.9652 (ce 0.9652, tit 0.000, iti 0.000, mlp_cos 0.000) | 26.3s/episode, ETA 1.60h
[00:44:23 INFO]   [190/400] running 25.56 ± 0.76% | last loss 0.7563 (ce 0.7563, tit 0.000, iti 0.000, mlp_cos 0.000) | 26.3s/episode, ETA 1.53h
[00:48:46 INFO]   [200/400] running 25.61 ± 0.74% | last loss 0.3968 (ce 0.3968, tit 0.000, iti 0.000, mlp_cos 0.000) | 26.3s/episode, ETA 1.46h
[00:53:08 INFO]   [210/400] running 25.47 ± 0.72% | last loss 0.6770 (ce 0.6770, tit 0.000, iti 0.000, mlp_cos 0.000) | 26.3s/episode, ETA 1.39h
[00:57:31 INFO]   [220/400] running 25.45 ± 0.71% | last loss 0.5285 (ce 0.5285, tit 0.000, iti 0.000, mlp_cos 0.000) | 26.3s/episode, ETA 1.31h
[01:01:53 INFO]   [230/400] running 25.44 ± 0.70% | last loss 0.2158 (ce 0.2158, tit 0.000, iti 0.000, mlp_cos 0.000) | 26.3s/episode, ETA 1.24h
[01:06:16 INFO]   [240/400] running 25.54 ± 0.68% | last loss 0.3095 (ce 0.3095, tit 0.000, iti 0.000, mlp_cos 0.000) | 26.3s/episode, ETA 1.17h
[01:10:38 INFO]   [250/400] running 25.49 ± 0.67% | last loss 0.5526 (ce 0.5526, tit 0.000, iti 0.000, mlp_cos 0.000) | 26.3s/episode, ETA 1.09h
[01:15:01 INFO]   [260/400] running 25.56 ± 0.66% | last loss 0.8405 (ce 0.8405, tit 0.000, iti 0.000, mlp_cos 0.000) | 26.3s/episode, ETA 1.02h
[01:19:24 INFO]   [270/400] running 25.53 ± 0.65% | last loss 0.5146 (ce 0.5146, tit 0.000, iti 0.000, mlp_cos 0.000) | 26.3s/episode, ETA 0.95h
[01:23:46 INFO]   [280/400] running 25.59 ± 0.63% | last loss 0.5367 (ce 0.5367, tit 0.000, iti 0.000, mlp_cos 0.000) | 26.3s/episode, ETA 0.88h
[01:28:08 INFO]   [290/400] running 25.55 ± 0.61% | last loss 0.3965 (ce 0.3965, tit 0.000, iti 0.000, mlp_cos 0.000) | 26.3s/episode, ETA 0.80h
[01:32:31 INFO]   [300/400] running 25.55 ± 0.61% | last loss 0.3180 (ce 0.3180, tit 0.000, iti 0.000, mlp_cos 0.000) | 26.3s/episode, ETA 0.73h
[01:36:53 INFO]   [310/400] running 25.48 ± 0.60% | last loss 0.5404 (ce 0.5404, tit 0.000, iti 0.000, mlp_cos 0.000) | 26.3s/episode, ETA 0.66h
[01:41:16 INFO]   [320/400] running 25.47 ± 0.60% | last loss 0.5355 (ce 0.5355, tit 0.000, iti 0.000, mlp_cos 0.000) | 26.3s/episode, ETA 0.58h
[01:45:38 INFO]   [330/400] running 25.44 ± 0.58% | last loss 0.3256 (ce 0.3256, tit 0.000, iti 0.000, mlp_cos 0.000) | 26.3s/episode, ETA 0.51h
[01:50:01 INFO]   [340/400] running 25.45 ± 0.57% | last loss 0.6233 (ce 0.6233, tit 0.000, iti 0.000, mlp_cos 0.000) | 26.3s/episode, ETA 0.44h
[01:54:23 INFO]   [350/400] running 25.42 ± 0.56% | last loss 1.3023 (ce 1.3023, tit 0.000, iti 0.000, mlp_cos 0.000) | 26.3s/episode, ETA 0.36h
[01:58:46 INFO]   [360/400] running 25.47 ± 0.55% | last loss 1.0706 (ce 1.0706, tit 0.000, iti 0.000, mlp_cos 0.000) | 26.3s/episode, ETA 0.29h
[02:03:08 INFO]   [370/400] running 25.47 ± 0.56% | last loss 0.9754 (ce 0.9754, tit 0.000, iti 0.000, mlp_cos 0.000) | 26.3s/episode, ETA 0.22h
[02:07:31 INFO]   [380/400] running 25.53 ± 0.55% | last loss 0.2228 (ce 0.2228, tit 0.000, iti 0.000, mlp_cos 0.000) | 26.3s/episode, ETA 0.15h
[02:11:53 INFO]   [390/400] running 25.49 ± 0.54% | last loss 0.6566 (ce 0.6566, tit 0.000, iti 0.000, mlp_cos 0.000) | 26.3s/episode, ETA 0.07h
[02:16:16 INFO]   [400/400] running 25.53 ± 0.53% | last loss 0.3801 (ce 0.3801, tit 0.000, iti 0.000, mlp_cos 0.000) | 26.3s/episode, ETA 0.00h
[02:16:16 INFO] Final (episodic, fsr_s2_bil_nocc_loraboth_r2_steps500_cnfull_loc0.1g1_sep1_pmvalue): 25.53 ± 0.53% (n_episodes=400)
[02:16:16 INFO]   診斷：只用 CLS 25.26、只用 local 25.55、γ 1.000；融合 γ=0.1/0.3/0.5：25.33/25.44/25.45
