[02:16:17 INFO] Episodic protocol | crop_disease 5-way 5-shot | 400 episodes × 500 steps | tag=fsr_s2_bil_nocc_loraboth_r2_steps500_cnfull_loc0.1g1_sep1_pmvalue
[02:16:17 INFO] Args: {'dataset': 'crop_disease', 'data_root': './data', 'n_way': 5, 'n_shot': 5, 'n_query': 15, 'n_episodes': None, 'backbone': 'ViT-B/16', 'lora_encoder': 'both', 'lora_qkv_mode': 'separate', 'lora_out_proj': False, 'lora_r': 2, 'lora_alpha': 1.0, 'lora_dropout': 0.25, 'steps': 500, 'batch_size': 32, 'lr': 0.0002, 'weight_decay': 0.01, 'no_ce_aug': False, 'class_names': 'full', 'lambda1': 0.0, 'lambda2': 0.0, 'top_k': 10, 'n_aug': 4, 'cc_impl': 'legacy', 'local_score': True, 'local_k_frac': 0.1, 'local_gamma': 1.0, 'learn_gamma': False, 'local_loss': 'separate', 'local_lambda': 1.0, 'patch_mode': 'value', 'use_feature_sr': True, 'sr_scale': 2, 'sr_refiner_layers': 0, 'sr_refiner_heads': 8, 'lambda3': 0.0, 'patch_smooth': 1, 'sr_upsampler': 'bilinear', 'seed': 42, 'no_amp': False, 'save_dir': './results_episodic', 'tag': None, 'log_every': 10}
[02:16:17 INFO] Episode pool (BSCD 全量): CropDiseaseDataset(split=train, n_classes=38, n_samples=70295)
[02:16:19 INFO] LoRA trainable parameters: 184,320 (encoder=both, qkv=separate, out_proj=False)
/home/ccoliu/FeatureSR/train_episodic.py:208: FutureWarning: `torch.cuda.amp.GradScaler(args...)` is deprecated. Please use `torch.amp.GradScaler('cuda', args...)` instead.
  scaler = torch.cuda.amp.GradScaler(enabled=use_amp)
/home/ccoliu/FeatureSR/.venv/lib/python3.12/site-packages/torch/optim/lr_scheduler.py:224: UserWarning: Detected call of `lr_scheduler.step()` before `optimizer.step()`. In PyTorch 1.1.0 and later, you should call them in the opposite order: `optimizer.step()` before `lr_scheduler.step()`.  Failure to do this will result in PyTorch skipping the first value of the learning rate schedule. See more details at https://pytorch.org/docs/stable/optim.html#how-to-adjust-learning-rate
  warnings.warn(
[02:20:32 INFO]   [10/400] running 94.27 ± 3.21% | last loss 0.0643 (ce 0.0643, tit 0.000, iti 0.000, mlp_cos 0.000) | 25.2s/episode, ETA 2.74h
[02:24:44 INFO]   [20/400] running 95.20 ± 1.94% | last loss 0.0086 (ce 0.0086, tit 0.000, iti 0.000, mlp_cos 0.000) | 25.2s/episode, ETA 2.66h
[02:28:56 INFO]   [30/400] running 95.56 ± 1.42% | last loss 0.0029 (ce 0.0029, tit 0.000, iti 0.000, mlp_cos 0.000) | 25.2s/episode, ETA 2.59h
[02:33:09 INFO]   [40/400] running 95.33 ± 1.47% | last loss 0.0062 (ce 0.0062, tit 0.000, iti 0.000, mlp_cos 0.000) | 25.2s/episode, ETA 2.52h
[02:37:21 INFO]   [50/400] running 95.41 ± 1.21% | last loss 0.0071 (ce 0.0071, tit 0.000, iti 0.000, mlp_cos 0.000) | 25.2s/episode, ETA 2.45h
[02:41:33 INFO]   [60/400] running 95.69 ± 1.05% | last loss 0.0642 (ce 0.0642, tit 0.000, iti 0.000, mlp_cos 0.000) | 25.2s/episode, ETA 2.38h
[02:45:45 INFO]   [70/400] running 95.85 ± 0.96% | last loss 0.0121 (ce 0.0121, tit 0.000, iti 0.000, mlp_cos 0.000) | 25.2s/episode, ETA 2.31h
[02:49:58 INFO]   [80/400] running 95.90 ± 0.87% | last loss 0.0086 (ce 0.0086, tit 0.000, iti 0.000, mlp_cos 0.000) | 25.2s/episode, ETA 2.24h
[02:54:10 INFO]   [90/400] running 95.91 ± 0.80% | last loss 0.0266 (ce 0.0266, tit 0.000, iti 0.000, mlp_cos 0.000) | 25.2s/episode, ETA 2.17h
[02:58:23 INFO]   [100/400] running 95.73 ± 0.78% | last loss 0.1439 (ce 0.1439, tit 0.000, iti 0.000, mlp_cos 0.000) | 25.2s/episode, ETA 2.10h
[03:02:35 INFO]   [110/400] running 95.66 ± 0.77% | last loss 0.0342 (ce 0.0342, tit 0.000, iti 0.000, mlp_cos 0.000) | 25.2s/episode, ETA 2.03h
[03:06:48 INFO]   [120/400] running 95.81 ± 0.73% | last loss 0.0122 (ce 0.0122, tit 0.000, iti 0.000, mlp_cos 0.000) | 25.2s/episode, ETA 1.96h
[03:11:00 INFO]   [130/400] running 95.86 ± 0.69% | last loss 0.2297 (ce 0.2297, tit 0.000, iti 0.000, mlp_cos 0.000) | 25.2s/episode, ETA 1.89h
[03:15:12 INFO]   [140/400] running 95.69 ± 0.67% | last loss 0.0794 (ce 0.0794, tit 0.000, iti 0.000, mlp_cos 0.000) | 25.2s/episode, ETA 1.82h
[03:19:25 INFO]   [150/400] running 95.70 ± 0.65% | last loss 0.0086 (ce 0.0086, tit 0.000, iti 0.000, mlp_cos 0.000) | 25.2s/episode, ETA 1.75h
[03:23:37 INFO]   [160/400] running 95.69 ± 0.63% | last loss 0.0226 (ce 0.0226, tit 0.000, iti 0.000, mlp_cos 0.000) | 25.2s/episode, ETA 1.68h
[03:27:50 INFO]   [170/400] running 95.69 ± 0.62% | last loss 0.0059 (ce 0.0059, tit 0.000, iti 0.000, mlp_cos 0.000) | 25.2s/episode, ETA 1.61h
[03:32:02 INFO]   [180/400] running 95.75 ± 0.59% | last loss 0.0343 (ce 0.0343, tit 0.000, iti 0.000, mlp_cos 0.000) | 25.2s/episode, ETA 1.54h
[03:36:14 INFO]   [190/400] running 95.79 ± 0.56% | last loss 0.0061 (ce 0.0061, tit 0.000, iti 0.000, mlp_cos 0.000) | 25.2s/episode, ETA 1.47h
[03:40:27 INFO]   [200/400] running 95.77 ± 0.55% | last loss 0.0463 (ce 0.0463, tit 0.000, iti 0.000, mlp_cos 0.000) | 25.2s/episode, ETA 1.40h
[03:44:39 INFO]   [210/400] running 95.77 ± 0.54% | last loss 0.2237 (ce 0.2237, tit 0.000, iti 0.000, mlp_cos 0.000) | 25.2s/episode, ETA 1.33h
[03:48:52 INFO]   [220/400] running 95.75 ± 0.53% | last loss 0.0028 (ce 0.0028, tit 0.000, iti 0.000, mlp_cos 0.000) | 25.2s/episode, ETA 1.26h
[03:53:04 INFO]   [230/400] running 95.79 ± 0.51% | last loss 0.0050 (ce 0.0050, tit 0.000, iti 0.000, mlp_cos 0.000) | 25.2s/episode, ETA 1.19h
[03:57:17 INFO]   [240/400] running 95.74 ± 0.51% | last loss 0.0055 (ce 0.0055, tit 0.000, iti 0.000, mlp_cos 0.000) | 25.2s/episode, ETA 1.12h
[04:01:29 INFO]   [250/400] running 95.72 ± 0.50% | last loss 0.0302 (ce 0.0302, tit 0.000, iti 0.000, mlp_cos 0.000) | 25.2s/episode, ETA 1.05h
[04:05:41 INFO]   [260/400] running 95.79 ± 0.49% | last loss 0.0261 (ce 0.0261, tit 0.000, iti 0.000, mlp_cos 0.000) | 25.2s/episode, ETA 0.98h
[04:09:54 INFO]   [270/400] running 95.91 ± 0.48% | last loss 0.0110 (ce 0.0110, tit 0.000, iti 0.000, mlp_cos 0.000) | 25.2s/episode, ETA 0.91h
[04:14:06 INFO]   [280/400] running 95.93 ± 0.46% | last loss 0.3791 (ce 0.3791, tit 0.000, iti 0.000, mlp_cos 0.000) | 25.2s/episode, ETA 0.84h
[04:18:18 INFO]   [290/400] running 95.94 ± 0.45% | last loss 0.0173 (ce 0.0173, tit 0.000, iti 0.000, mlp_cos 0.000) | 25.2s/episode, ETA 0.77h
[04:22:31 INFO]   [300/400] running 95.96 ± 0.44% | last loss 0.0192 (ce 0.0192, tit 0.000, iti 0.000, mlp_cos 0.000) | 25.2s/episode, ETA 0.70h
[04:26:43 INFO]   [310/400] running 95.98 ± 0.43% | last loss 0.0160 (ce 0.0160, tit 0.000, iti 0.000, mlp_cos 0.000) | 25.2s/episode, ETA 0.63h
[04:30:55 INFO]   [320/400] running 96.04 ± 0.42% | last loss 0.0109 (ce 0.0109, tit 0.000, iti 0.000, mlp_cos 0.000) | 25.2s/episode, ETA 0.56h
[04:35:08 INFO]   [330/400] running 96.07 ± 0.41% | last loss 0.0194 (ce 0.0194, tit 0.000, iti 0.000, mlp_cos 0.000) | 25.2s/episode, ETA 0.49h
[04:39:20 INFO]   [340/400] running 96.11 ± 0.40% | last loss 0.0590 (ce 0.0590, tit 0.000, iti 0.000, mlp_cos 0.000) | 25.2s/episode, ETA 0.42h
[04:43:32 INFO]   [350/400] running 96.10 ± 0.41% | last loss 0.1292 (ce 0.1292, tit 0.000, iti 0.000, mlp_cos 0.000) | 25.2s/episode, ETA 0.35h
[04:47:44 INFO]   [360/400] running 96.06 ± 0.41% | last loss 0.3111 (ce 0.3111, tit 0.000, iti 0.000, mlp_cos 0.000) | 25.2s/episode, ETA 0.28h
[04:51:56 INFO]   [370/400] running 96.01 ± 0.40% | last loss 0.1906 (ce 0.1906, tit 0.000, iti 0.000, mlp_cos 0.000) | 25.2s/episode, ETA 0.21h
[04:56:09 INFO]   [380/400] running 96.02 ± 0.39% | last loss 0.0099 (ce 0.0099, tit 0.000, iti 0.000, mlp_cos 0.000) | 25.2s/episode, ETA 0.14h
[05:00:21 INFO]   [390/400] running 96.07 ± 0.39% | last loss 0.0098 (ce 0.0098, tit 0.000, iti 0.000, mlp_cos 0.000) | 25.2s/episode, ETA 0.07h
[05:04:33 INFO]   [400/400] running 96.12 ± 0.38% | last loss 0.0086 (ce 0.0086, tit 0.000, iti 0.000, mlp_cos 0.000) | 25.2s/episode, ETA 0.00h
[05:04:33 INFO] Final (episodic, fsr_s2_bil_nocc_loraboth_r2_steps500_cnfull_loc0.1g1_sep1_pmvalue): 96.12 ± 0.38% (n_episodes=400)
[05:04:33 INFO]   診斷：只用 CLS 95.66、只用 local 95.63、γ 1.000；融合 γ=0.1/0.3/0.5：95.79/95.97/96.06
[CropDiseases] 使用路徑：data/CropDiseases/New Plant Diseases Dataset(Augmented)/New Plant Diseases Dataset(Augmented)/train
