[20:35:29 INFO] Episodic protocol | isic 5-way 5-shot | 400 episodes × 500 steps | tag=nofsr_nocc_loraboth_r2_steps500_cnfull_loc0.1g1_sep1_sm3_pmvalue
[20:35:29 INFO] Args: {'dataset': 'isic', 'data_root': './data', 'n_way': 5, 'n_shot': 5, 'n_query': 15, 'n_episodes': None, 'backbone': 'ViT-B/16', 'lora_encoder': 'both', 'lora_qkv_mode': 'separate', 'lora_out_proj': False, 'lora_r': 2, 'lora_alpha': 1.0, 'lora_dropout': 0.25, 'steps': 500, 'batch_size': 32, 'lr': 0.0002, 'weight_decay': 0.01, 'no_ce_aug': False, 'class_names': 'full', 'lambda1': 0.0, 'lambda2': 0.0, 'top_k': 10, 'n_aug': 4, 'cc_impl': 'legacy', 'local_score': True, 'local_k_frac': 0.1, 'local_gamma': 1.0, 'learn_gamma': False, 'local_loss': 'separate', 'local_lambda': 1.0, 'patch_mode': 'value', 'use_feature_sr': False, 'sr_scale': 2, 'sr_refiner_layers': 0, 'sr_refiner_heads': 8, 'lambda3': 0.3, 'patch_smooth': 3, 'sr_upsampler': 'learned', 'seed': 42, 'no_amp': False, 'save_dir': './results_episodic', 'tag': None, 'log_every': 10}
[20:35:29 INFO] Episode pool (BSCD 全量): ISICDataset(split=train, n_classes=7, n_samples=10015)
[20:35:31 INFO] LoRA trainable parameters: 184,320 (encoder=both, qkv=separate, out_proj=False)
/home/ccoliu/FeatureSR/train_episodic.py:208: FutureWarning: `torch.cuda.amp.GradScaler(args...)` is deprecated. Please use `torch.amp.GradScaler('cuda', args...)` instead.
  scaler = torch.cuda.amp.GradScaler(enabled=use_amp)
/home/ccoliu/FeatureSR/.venv/lib/python3.12/site-packages/torch/optim/lr_scheduler.py:224: UserWarning: Detected call of `lr_scheduler.step()` before `optimizer.step()`. In PyTorch 1.1.0 and later, you should call them in the opposite order: `optimizer.step()` before `lr_scheduler.step()`.  Failure to do this will result in PyTorch skipping the first value of the learning rate schedule. See more details at https://pytorch.org/docs/stable/optim.html#how-to-adjust-learning-rate
  warnings.warn(
[20:39:39 INFO]   [10/400] running 52.13 ± 6.14% | last loss 0.0244 (ce 0.0244, tit 0.000, iti 0.000, mlp_cos 0.000) | 24.8s/episode, ETA 2.69h
[20:43:53 INFO]   [20/400] running 50.87 ± 4.50% | last loss 0.0102 (ce 0.0102, tit 0.000, iti 0.000, mlp_cos 0.000) | 25.1s/episode, ETA 2.65h
[20:48:02 INFO]   [30/400] running 49.96 ± 3.57% | last loss 0.0110 (ce 0.0110, tit 0.000, iti 0.000, mlp_cos 0.000) | 25.0s/episode, ETA 2.57h
[20:52:10 INFO]   [40/400] running 51.17 ± 2.99% | last loss 0.0161 (ce 0.0161, tit 0.000, iti 0.000, mlp_cos 0.000) | 25.0s/episode, ETA 2.50h
[20:56:19 INFO]   [50/400] running 51.41 ± 2.47% | last loss 0.0102 (ce 0.0102, tit 0.000, iti 0.000, mlp_cos 0.000) | 25.0s/episode, ETA 2.43h
[21:00:27 INFO]   [60/400] running 51.60 ± 2.17% | last loss 0.0259 (ce 0.0259, tit 0.000, iti 0.000, mlp_cos 0.000) | 24.9s/episode, ETA 2.36h
[21:04:36 INFO]   [70/400] running 51.83 ± 2.07% | last loss 0.0379 (ce 0.0379, tit 0.000, iti 0.000, mlp_cos 0.000) | 24.9s/episode, ETA 2.29h
[21:08:44 INFO]   [80/400] running 51.82 ± 1.87% | last loss 0.0107 (ce 0.0107, tit 0.000, iti 0.000, mlp_cos 0.000) | 24.9s/episode, ETA 2.21h
[21:12:52 INFO]   [90/400] running 52.16 ± 1.75% | last loss 0.0072 (ce 0.0072, tit 0.000, iti 0.000, mlp_cos 0.000) | 24.9s/episode, ETA 2.14h
[21:17:00 INFO]   [100/400] running 52.28 ± 1.64% | last loss 0.0225 (ce 0.0225, tit 0.000, iti 0.000, mlp_cos 0.000) | 24.9s/episode, ETA 2.07h
[21:21:08 INFO]   [110/400] running 52.22 ± 1.56% | last loss 0.0518 (ce 0.0518, tit 0.000, iti 0.000, mlp_cos 0.000) | 24.9s/episode, ETA 2.00h
[21:25:16 INFO]   [120/400] running 52.08 ± 1.48% | last loss 0.0504 (ce 0.0504, tit 0.000, iti 0.000, mlp_cos 0.000) | 24.9s/episode, ETA 1.93h
[21:29:24 INFO]   [130/400] running 52.23 ± 1.40% | last loss 0.0272 (ce 0.0272, tit 0.000, iti 0.000, mlp_cos 0.000) | 24.9s/episode, ETA 1.87h
[21:33:33 INFO]   [140/400] running 52.05 ± 1.37% | last loss 0.0352 (ce 0.0352, tit 0.000, iti 0.000, mlp_cos 0.000) | 24.9s/episode, ETA 1.80h
[21:37:42 INFO]   [150/400] running 52.23 ± 1.35% | last loss 0.0101 (ce 0.0101, tit 0.000, iti 0.000, mlp_cos 0.000) | 24.9s/episode, ETA 1.73h
[21:41:51 INFO]   [160/400] running 52.27 ± 1.31% | last loss 0.0080 (ce 0.0080, tit 0.000, iti 0.000, mlp_cos 0.000) | 24.9s/episode, ETA 1.66h
[21:45:59 INFO]   [170/400] running 52.13 ± 1.28% | last loss 0.0912 (ce 0.0912, tit 0.000, iti 0.000, mlp_cos 0.000) | 24.9s/episode, ETA 1.59h
[21:50:07 INFO]   [180/400] running 52.29 ± 1.22% | last loss 0.0500 (ce 0.0500, tit 0.000, iti 0.000, mlp_cos 0.000) | 24.9s/episode, ETA 1.52h
[21:54:16 INFO]   [190/400] running 52.35 ± 1.18% | last loss 0.1192 (ce 0.1192, tit 0.000, iti 0.000, mlp_cos 0.000) | 24.9s/episode, ETA 1.45h
[21:58:24 INFO]   [200/400] running 52.16 ± 1.15% | last loss 0.0089 (ce 0.0089, tit 0.000, iti 0.000, mlp_cos 0.000) | 24.9s/episode, ETA 1.38h
[22:02:33 INFO]   [210/400] running 52.11 ± 1.11% | last loss 0.0570 (ce 0.0570, tit 0.000, iti 0.000, mlp_cos 0.000) | 24.9s/episode, ETA 1.31h
[22:06:42 INFO]   [220/400] running 52.10 ± 1.09% | last loss 0.0113 (ce 0.0113, tit 0.000, iti 0.000, mlp_cos 0.000) | 24.9s/episode, ETA 1.24h
[22:10:50 INFO]   [230/400] running 52.06 ± 1.07% | last loss 0.0137 (ce 0.0137, tit 0.000, iti 0.000, mlp_cos 0.000) | 24.9s/episode, ETA 1.17h
[22:14:59 INFO]   [240/400] running 52.00 ± 1.04% | last loss 0.0052 (ce 0.0052, tit 0.000, iti 0.000, mlp_cos 0.000) | 24.9s/episode, ETA 1.11h
[22:19:07 INFO]   [250/400] running 52.01 ± 1.01% | last loss 0.0160 (ce 0.0160, tit 0.000, iti 0.000, mlp_cos 0.000) | 24.9s/episode, ETA 1.04h
[22:23:15 INFO]   [260/400] running 52.02 ± 0.98% | last loss 0.0274 (ce 0.0274, tit 0.000, iti 0.000, mlp_cos 0.000) | 24.9s/episode, ETA 0.97h
[22:27:24 INFO]   [270/400] running 52.03 ± 0.95% | last loss 0.0864 (ce 0.0864, tit 0.000, iti 0.000, mlp_cos 0.000) | 24.9s/episode, ETA 0.90h
[22:31:33 INFO]   [280/400] running 51.96 ± 0.93% | last loss 0.0171 (ce 0.0171, tit 0.000, iti 0.000, mlp_cos 0.000) | 24.9s/episode, ETA 0.83h
[22:35:41 INFO]   [290/400] running 51.93 ± 0.91% | last loss 0.1372 (ce 0.1372, tit 0.000, iti 0.000, mlp_cos 0.000) | 24.9s/episode, ETA 0.76h
[22:39:48 INFO]   [300/400] running 51.99 ± 0.89% | last loss 0.0629 (ce 0.0629, tit 0.000, iti 0.000, mlp_cos 0.000) | 24.9s/episode, ETA 0.69h
[22:43:57 INFO]   [310/400] running 51.82 ± 0.88% | last loss 0.0423 (ce 0.0423, tit 0.000, iti 0.000, mlp_cos 0.000) | 24.9s/episode, ETA 0.62h
[22:48:05 INFO]   [320/400] running 51.94 ± 0.87% | last loss 0.0273 (ce 0.0273, tit 0.000, iti 0.000, mlp_cos 0.000) | 24.9s/episode, ETA 0.55h
[22:52:13 INFO]   [330/400] running 52.01 ± 0.85% | last loss 0.0084 (ce 0.0084, tit 0.000, iti 0.000, mlp_cos 0.000) | 24.9s/episode, ETA 0.48h
[22:56:21 INFO]   [340/400] running 52.11 ± 0.84% | last loss 0.0390 (ce 0.0390, tit 0.000, iti 0.000, mlp_cos 0.000) | 24.9s/episode, ETA 0.41h
[23:00:29 INFO]   [350/400] running 52.10 ± 0.83% | last loss 0.1348 (ce 0.1348, tit 0.000, iti 0.000, mlp_cos 0.000) | 24.9s/episode, ETA 0.35h
[23:04:37 INFO]   [360/400] running 52.02 ± 0.82% | last loss 0.0784 (ce 0.0784, tit 0.000, iti 0.000, mlp_cos 0.000) | 24.9s/episode, ETA 0.28h
[23:08:45 INFO]   [370/400] running 52.07 ± 0.82% | last loss 0.0784 (ce 0.0784, tit 0.000, iti 0.000, mlp_cos 0.000) | 24.8s/episode, ETA 0.21h
[23:12:54 INFO]   [380/400] running 51.98 ± 0.81% | last loss 0.0427 (ce 0.0427, tit 0.000, iti 0.000, mlp_cos 0.000) | 24.8s/episode, ETA 0.14h
[23:17:02 INFO]   [390/400] running 52.00 ± 0.80% | last loss 0.0218 (ce 0.0218, tit 0.000, iti 0.000, mlp_cos 0.000) | 24.8s/episode, ETA 0.07h
[23:21:10 INFO]   [400/400] running 52.00 ± 0.79% | last loss 0.0147 (ce 0.0147, tit 0.000, iti 0.000, mlp_cos 0.000) | 24.8s/episode, ETA 0.00h
[23:21:10 INFO] Final (episodic, nofsr_nocc_loraboth_r2_steps500_cnfull_loc0.1g1_sep1_sm3_pmvalue): 52.00 ± 0.79% (n_episodes=400)
[23:21:10 INFO]   診斷：只用 CLS 51.07、只用 local 51.38、γ 1.000；融合 γ=0.1/0.3/0.5：51.23/51.42/51.72
