[21:00:47 INFO] Episodic protocol | chestx 5-way 1-shot | 100 episodes × 500 steps | tag=nofsr_nocc_loraboth_r2_steps500_cnfull_loc0.1g1_sep1_pmvalue
[21:00:47 INFO] Args: {'dataset': 'chestx', 'data_root': './data', 'n_way': 5, 'n_shot': 1, 'n_query': 15, 'n_episodes': None, 'backbone': 'ViT-B/16', 'lora_encoder': 'both', 'lora_qkv_mode': 'separate', 'lora_out_proj': False, 'lora_r': 2, 'lora_alpha': 1.0, 'lora_dropout': 0.25, 'steps': 500, 'batch_size': 32, 'lr': 0.0002, 'weight_decay': 0.01, 'no_ce_aug': False, 'class_names': 'full', 'lambda1': 0.0, 'lambda2': 0.0, 'top_k': 10, 'n_aug': 4, 'cc_impl': 'legacy', 'local_score': True, 'local_k_frac': 0.1, 'local_gamma': 1.0, 'learn_gamma': False, 'local_loss': 'separate', 'local_lambda': 1.0, 'patch_mode': 'value', 'use_feature_sr': False, 'sr_scale': 2, 'sr_refiner_layers': 0, 'sr_refiner_heads': 8, 'lambda3': 0.3, 'seed': 42, 'no_amp': False, 'save_dir': './results_episodic', 'tag': None, 'log_every': 10}
[21:00:47 INFO] Episode pool (BSCD 全量): ChestXDataset(split=train, n_classes=7, n_samples=31338)
[21:00:49 INFO] LoRA trainable parameters: 184,320 (encoder=both, qkv=separate, out_proj=False)
/home/ccoliu/FeatureSR/train_episodic.py:192: FutureWarning: `torch.cuda.amp.GradScaler(args...)` is deprecated. Please use `torch.amp.GradScaler('cuda', args...)` instead.
  scaler = torch.cuda.amp.GradScaler(enabled=use_amp)
/home/ccoliu/FeatureSR/.venv/lib/python3.12/site-packages/torch/optim/lr_scheduler.py:224: UserWarning: Detected call of `lr_scheduler.step()` before `optimizer.step()`. In PyTorch 1.1.0 and later, you should call them in the opposite order: `optimizer.step()` before `lr_scheduler.step()`.  Failure to do this will result in PyTorch skipping the first value of the learning rate schedule. See more details at https://pytorch.org/docs/stable/optim.html#how-to-adjust-learning-rate
  warnings.warn(
[21:02:45 INFO]   [10/100] running 23.73 ± 3.97% | last loss 0.0214 (ce 0.0214, tit 0.000, iti 0.000, mlp_cos 0.000) | 11.7s/episode, ETA 0.29h
[21:04:42 INFO]   [20/100] running 22.40 ± 2.32% | last loss 0.1985 (ce 0.1985, tit 0.000, iti 0.000, mlp_cos 0.000) | 11.6s/episode, ETA 0.26h
[21:06:38 INFO]   [30/100] running 23.29 ± 1.88% | last loss 0.0089 (ce 0.0089, tit 0.000, iti 0.000, mlp_cos 0.000) | 11.6s/episode, ETA 0.23h
[21:08:34 INFO]   [40/100] running 22.67 ± 1.56% | last loss 0.0088 (ce 0.0088, tit 0.000, iti 0.000, mlp_cos 0.000) | 11.6s/episode, ETA 0.19h
[21:10:31 INFO]   [50/100] running 22.75 ± 1.42% | last loss 0.0223 (ce 0.0223, tit 0.000, iti 0.000, mlp_cos 0.000) | 11.6s/episode, ETA 0.16h
[21:12:27 INFO]   [60/100] running 22.80 ± 1.25% | last loss 0.0080 (ce 0.0080, tit 0.000, iti 0.000, mlp_cos 0.000) | 11.6s/episode, ETA 0.13h
[21:14:23 INFO]   [70/100] running 22.59 ± 1.13% | last loss 0.0193 (ce 0.0193, tit 0.000, iti 0.000, mlp_cos 0.000) | 11.6s/episode, ETA 0.10h
[21:16:20 INFO]   [80/100] running 22.35 ± 1.07% | last loss 0.0432 (ce 0.0432, tit 0.000, iti 0.000, mlp_cos 0.000) | 11.6s/episode, ETA 0.06h
[21:18:16 INFO]   [90/100] running 22.44 ± 1.04% | last loss 0.0315 (ce 0.0315, tit 0.000, iti 0.000, mlp_cos 0.000) | 11.6s/episode, ETA 0.03h
[21:20:13 INFO]   [100/100] running 22.28 ± 0.97% | last loss 0.0130 (ce 0.0130, tit 0.000, iti 0.000, mlp_cos 0.000) | 11.6s/episode, ETA 0.00h
[21:20:13 INFO] Final (episodic, nofsr_nocc_loraboth_r2_steps500_cnfull_loc0.1g1_sep1_pmvalue): 22.28 ± 0.97% (n_episodes=100)
[21:20:13 INFO]   診斷：只用 CLS 21.99、只用 local 21.93、γ 1.000；融合 γ=0.1/0.3/0.5：21.93/22.11/22.23
