[21:38:24 INFO] Episodic protocol | chestx 5-way 5-shot | 400 episodes × 500 steps | tag=nofsr_nocc_loraboth_r2_steps500_cnfull_loc0.1g1_sep1_pmvalue
[21:38:24 INFO] Args: {'dataset': 'chestx', 'data_root': './data', 'n_way': 5, 'n_shot': 5, 'n_query': 15, 'n_episodes': None, 'backbone': 'ViT-B/16', 'lora_encoder': 'both', 'lora_qkv_mode': 'separate', 'lora_out_proj': False, 'lora_r': 2, 'lora_alpha': 1.0, 'lora_dropout': 0.25, 'steps': 500, 'batch_size': 32, 'lr': 0.0002, 'weight_decay': 0.01, 'no_ce_aug': False, 'class_names': 'full', 'lambda1': 0.0, 'lambda2': 0.0, 'top_k': 10, 'n_aug': 4, 'cc_impl': 'legacy', 'local_score': True, 'local_k_frac': 0.1, 'local_gamma': 1.0, 'learn_gamma': False, 'local_loss': 'separate', 'local_lambda': 1.0, 'patch_mode': 'value', 'use_feature_sr': False, 'sr_scale': 2, 'sr_refiner_layers': 0, 'sr_refiner_heads': 8, 'lambda3': 0.3, 'seed': 42, 'no_amp': False, 'save_dir': './results_episodic', 'tag': None, 'log_every': 10}
[21:38:24 INFO] Episode pool (BSCD 全量): ChestXDataset(split=train, n_classes=7, n_samples=31338)
[21:38:26 INFO] LoRA trainable parameters: 184,320 (encoder=both, qkv=separate, out_proj=False)
/home/ccoliu/FeatureSR/train_episodic.py:192: FutureWarning: `torch.cuda.amp.GradScaler(args...)` is deprecated. Please use `torch.amp.GradScaler('cuda', args...)` instead.
  scaler = torch.cuda.amp.GradScaler(enabled=use_amp)
/home/ccoliu/FeatureSR/.venv/lib/python3.12/site-packages/torch/optim/lr_scheduler.py:224: UserWarning: Detected call of `lr_scheduler.step()` before `optimizer.step()`. In PyTorch 1.1.0 and later, you should call them in the opposite order: `optimizer.step()` before `lr_scheduler.step()`.  Failure to do this will result in PyTorch skipping the first value of the learning rate schedule. See more details at https://pytorch.org/docs/stable/optim.html#how-to-adjust-learning-rate
  warnings.warn(
[21:42:40 INFO]   [10/400] running 27.07 ± 2.76% | last loss 0.7719 (ce 0.7719, tit 0.000, iti 0.000, mlp_cos 0.000) | 25.4s/episode, ETA 2.76h
[21:46:55 INFO]   [20/400] running 28.07 ± 1.76% | last loss 0.0991 (ce 0.0991, tit 0.000, iti 0.000, mlp_cos 0.000) | 25.4s/episode, ETA 2.69h
[21:51:09 INFO]   [30/400] running 27.02 ± 1.68% | last loss 0.4598 (ce 0.4598, tit 0.000, iti 0.000, mlp_cos 0.000) | 25.4s/episode, ETA 2.61h
[21:55:23 INFO]   [40/400] running 27.10 ± 1.44% | last loss 0.4073 (ce 0.4073, tit 0.000, iti 0.000, mlp_cos 0.000) | 25.4s/episode, ETA 2.54h
[21:59:38 INFO]   [50/400] running 27.09 ± 1.38% | last loss 0.6743 (ce 0.6743, tit 0.000, iti 0.000, mlp_cos 0.000) | 25.4s/episode, ETA 2.47h
[22:03:52 INFO]   [60/400] running 26.56 ± 1.27% | last loss 0.6054 (ce 0.6054, tit 0.000, iti 0.000, mlp_cos 0.000) | 25.4s/episode, ETA 2.40h
[22:08:06 INFO]   [70/400] running 26.86 ± 1.19% | last loss 0.5930 (ce 0.5930, tit 0.000, iti 0.000, mlp_cos 0.000) | 25.4s/episode, ETA 2.33h
[22:12:20 INFO]   [80/400] running 26.53 ± 1.12% | last loss 0.7351 (ce 0.7351, tit 0.000, iti 0.000, mlp_cos 0.000) | 25.4s/episode, ETA 2.26h
[22:16:35 INFO]   [90/400] running 26.36 ± 1.07% | last loss 0.2890 (ce 0.2890, tit 0.000, iti 0.000, mlp_cos 0.000) | 25.4s/episode, ETA 2.19h
[22:20:49 INFO]   [100/400] running 26.08 ± 0.98% | last loss 0.6887 (ce 0.6887, tit 0.000, iti 0.000, mlp_cos 0.000) | 25.4s/episode, ETA 2.12h
[22:25:03 INFO]   [110/400] running 26.28 ± 0.95% | last loss 0.3227 (ce 0.3227, tit 0.000, iti 0.000, mlp_cos 0.000) | 25.4s/episode, ETA 2.05h
[22:29:18 INFO]   [120/400] running 26.27 ± 0.89% | last loss 0.4320 (ce 0.4320, tit 0.000, iti 0.000, mlp_cos 0.000) | 25.4s/episode, ETA 1.98h
[22:33:32 INFO]   [130/400] running 26.24 ± 0.85% | last loss 0.4528 (ce 0.4528, tit 0.000, iti 0.000, mlp_cos 0.000) | 25.4s/episode, ETA 1.91h
[22:37:47 INFO]   [140/400] running 26.21 ± 0.81% | last loss 0.2210 (ce 0.2210, tit 0.000, iti 0.000, mlp_cos 0.000) | 25.4s/episode, ETA 1.84h
[22:42:01 INFO]   [150/400] running 26.24 ± 0.79% | last loss 0.3134 (ce 0.3134, tit 0.000, iti 0.000, mlp_cos 0.000) | 25.4s/episode, ETA 1.77h
[22:46:16 INFO]   [160/400] running 26.17 ± 0.77% | last loss 0.5526 (ce 0.5526, tit 0.000, iti 0.000, mlp_cos 0.000) | 25.4s/episode, ETA 1.70h
[22:50:30 INFO]   [170/400] running 26.09 ± 0.74% | last loss 0.3125 (ce 0.3125, tit 0.000, iti 0.000, mlp_cos 0.000) | 25.4s/episode, ETA 1.62h
[22:54:44 INFO]   [180/400] running 26.01 ± 0.71% | last loss 0.7280 (ce 0.7280, tit 0.000, iti 0.000, mlp_cos 0.000) | 25.4s/episode, ETA 1.55h
[22:58:59 INFO]   [190/400] running 26.02 ± 0.72% | last loss 0.7345 (ce 0.7345, tit 0.000, iti 0.000, mlp_cos 0.000) | 25.4s/episode, ETA 1.48h
[23:03:13 INFO]   [200/400] running 26.07 ± 0.70% | last loss 0.4945 (ce 0.4945, tit 0.000, iti 0.000, mlp_cos 0.000) | 25.4s/episode, ETA 1.41h
[23:07:27 INFO]   [210/400] running 25.93 ± 0.69% | last loss 0.6785 (ce 0.6785, tit 0.000, iti 0.000, mlp_cos 0.000) | 25.4s/episode, ETA 1.34h
[23:11:42 INFO]   [220/400] running 25.96 ± 0.68% | last loss 0.4643 (ce 0.4643, tit 0.000, iti 0.000, mlp_cos 0.000) | 25.4s/episode, ETA 1.27h
[23:15:56 INFO]   [230/400] running 25.93 ± 0.67% | last loss 0.2574 (ce 0.2574, tit 0.000, iti 0.000, mlp_cos 0.000) | 25.4s/episode, ETA 1.20h
[23:20:10 INFO]   [240/400] running 25.94 ± 0.65% | last loss 0.3385 (ce 0.3385, tit 0.000, iti 0.000, mlp_cos 0.000) | 25.4s/episode, ETA 1.13h
[23:24:25 INFO]   [250/400] running 25.89 ± 0.64% | last loss 0.4143 (ce 0.4143, tit 0.000, iti 0.000, mlp_cos 0.000) | 25.4s/episode, ETA 1.06h
[23:28:39 INFO]   [260/400] running 25.96 ± 0.62% | last loss 0.8722 (ce 0.8722, tit 0.000, iti 0.000, mlp_cos 0.000) | 25.4s/episode, ETA 0.99h
[23:32:54 INFO]   [270/400] running 25.89 ± 0.61% | last loss 0.4985 (ce 0.4985, tit 0.000, iti 0.000, mlp_cos 0.000) | 25.4s/episode, ETA 0.92h
[23:37:08 INFO]   [280/400] running 25.96 ± 0.60% | last loss 0.6145 (ce 0.6145, tit 0.000, iti 0.000, mlp_cos 0.000) | 25.4s/episode, ETA 0.85h
[23:41:22 INFO]   [290/400] running 25.91 ± 0.59% | last loss 0.3648 (ce 0.3648, tit 0.000, iti 0.000, mlp_cos 0.000) | 25.4s/episode, ETA 0.78h
[23:45:36 INFO]   [300/400] running 25.92 ± 0.58% | last loss 0.3405 (ce 0.3405, tit 0.000, iti 0.000, mlp_cos 0.000) | 25.4s/episode, ETA 0.71h
[23:49:51 INFO]   [310/400] running 25.86 ± 0.58% | last loss 0.4863 (ce 0.4863, tit 0.000, iti 0.000, mlp_cos 0.000) | 25.4s/episode, ETA 0.64h
[23:54:05 INFO]   [320/400] running 25.85 ± 0.57% | last loss 0.5559 (ce 0.5559, tit 0.000, iti 0.000, mlp_cos 0.000) | 25.4s/episode, ETA 0.57h
[23:58:19 INFO]   [330/400] running 25.83 ± 0.55% | last loss 0.3159 (ce 0.3159, tit 0.000, iti 0.000, mlp_cos 0.000) | 25.4s/episode, ETA 0.49h
[00:02:34 INFO]   [340/400] running 25.85 ± 0.55% | last loss 0.7450 (ce 0.7450, tit 0.000, iti 0.000, mlp_cos 0.000) | 25.4s/episode, ETA 0.42h
[00:06:48 INFO]   [350/400] running 25.86 ± 0.53% | last loss 1.3233 (ce 1.3233, tit 0.000, iti 0.000, mlp_cos 0.000) | 25.4s/episode, ETA 0.35h
[00:11:02 INFO]   [360/400] running 25.92 ± 0.53% | last loss 1.3608 (ce 1.3608, tit 0.000, iti 0.000, mlp_cos 0.000) | 25.4s/episode, ETA 0.28h
[00:15:17 INFO]   [370/400] running 25.92 ± 0.53% | last loss 0.9611 (ce 0.9611, tit 0.000, iti 0.000, mlp_cos 0.000) | 25.4s/episode, ETA 0.21h
[00:19:31 INFO]   [380/400] running 25.93 ± 0.52% | last loss 0.2885 (ce 0.2885, tit 0.000, iti 0.000, mlp_cos 0.000) | 25.4s/episode, ETA 0.14h
[00:23:45 INFO]   [390/400] running 25.92 ± 0.51% | last loss 0.6197 (ce 0.6197, tit 0.000, iti 0.000, mlp_cos 0.000) | 25.4s/episode, ETA 0.07h
[00:28:00 INFO]   [400/400] running 25.95 ± 0.50% | last loss 0.3035 (ce 0.3035, tit 0.000, iti 0.000, mlp_cos 0.000) | 25.4s/episode, ETA 0.00h
[00:28:00 INFO] Final (episodic, nofsr_nocc_loraboth_r2_steps500_cnfull_loc0.1g1_sep1_pmvalue): 25.95 ± 0.50% (n_episodes=400)
[00:28:00 INFO]   診斷：只用 CLS 25.75、只用 local 25.86、γ 1.000；融合 γ=0.1/0.3/0.5：25.80/25.91/25.87
