[00:28:01 INFO] Episodic protocol | crop_disease 5-way 5-shot | 400 episodes × 500 steps | tag=nofsr_nocc_loraboth_r2_steps500_cnfull_loc0.1g1_sep1_pmvalue
[00:28:01 INFO] Args: {'dataset': 'crop_disease', 'data_root': './data', 'n_way': 5, 'n_shot': 5, 'n_query': 15, 'n_episodes': None, 'backbone': 'ViT-B/16', 'lora_encoder': 'both', 'lora_qkv_mode': 'separate', 'lora_out_proj': False, 'lora_r': 2, 'lora_alpha': 1.0, 'lora_dropout': 0.25, 'steps': 500, 'batch_size': 32, 'lr': 0.0002, 'weight_decay': 0.01, 'no_ce_aug': False, 'class_names': 'full', 'lambda1': 0.0, 'lambda2': 0.0, 'top_k': 10, 'n_aug': 4, 'cc_impl': 'legacy', 'local_score': True, 'local_k_frac': 0.1, 'local_gamma': 1.0, 'learn_gamma': False, 'local_loss': 'separate', 'local_lambda': 1.0, 'patch_mode': 'value', 'use_feature_sr': False, 'sr_scale': 2, 'sr_refiner_layers': 0, 'sr_refiner_heads': 8, 'lambda3': 0.3, 'seed': 42, 'no_amp': False, 'save_dir': './results_episodic', 'tag': None, 'log_every': 10}
[00:28:01 INFO] Episode pool (BSCD 全量): CropDiseaseDataset(split=train, n_classes=38, n_samples=70295)
[00:28:03 INFO] LoRA trainable parameters: 184,320 (encoder=both, qkv=separate, out_proj=False)
/home/ccoliu/FeatureSR/train_episodic.py:192: FutureWarning: `torch.cuda.amp.GradScaler(args...)` is deprecated. Please use `torch.amp.GradScaler('cuda', args...)` instead.
  scaler = torch.cuda.amp.GradScaler(enabled=use_amp)
/home/ccoliu/FeatureSR/.venv/lib/python3.12/site-packages/torch/optim/lr_scheduler.py:224: UserWarning: Detected call of `lr_scheduler.step()` before `optimizer.step()`. In PyTorch 1.1.0 and later, you should call them in the opposite order: `optimizer.step()` before `lr_scheduler.step()`.  Failure to do this will result in PyTorch skipping the first value of the learning rate schedule. See more details at https://pytorch.org/docs/stable/optim.html#how-to-adjust-learning-rate
  warnings.warn(
[00:32:08 INFO]   [10/400] running 94.00 ± 2.68% | last loss 0.0631 (ce 0.0631, tit 0.000, iti 0.000, mlp_cos 0.000) | 24.5s/episode, ETA 2.65h
[00:36:12 INFO]   [20/400] running 94.87 ± 1.91% | last loss 0.0084 (ce 0.0084, tit 0.000, iti 0.000, mlp_cos 0.000) | 24.5s/episode, ETA 2.58h
[00:40:16 INFO]   [30/400] running 95.29 ± 1.40% | last loss 0.0032 (ce 0.0032, tit 0.000, iti 0.000, mlp_cos 0.000) | 24.4s/episode, ETA 2.51h
[00:44:21 INFO]   [40/400] running 95.10 ± 1.46% | last loss 0.0081 (ce 0.0081, tit 0.000, iti 0.000, mlp_cos 0.000) | 24.4s/episode, ETA 2.44h
[00:48:25 INFO]   [50/400] running 95.17 ± 1.22% | last loss 0.0067 (ce 0.0067, tit 0.000, iti 0.000, mlp_cos 0.000) | 24.4s/episode, ETA 2.38h
[00:52:29 INFO]   [60/400] running 95.42 ± 1.06% | last loss 0.0699 (ce 0.0699, tit 0.000, iti 0.000, mlp_cos 0.000) | 24.4s/episode, ETA 2.31h
[00:56:33 INFO]   [70/400] running 95.60 ± 0.99% | last loss 0.0092 (ce 0.0092, tit 0.000, iti 0.000, mlp_cos 0.000) | 24.4s/episode, ETA 2.24h
[01:00:37 INFO]   [80/400] running 95.67 ± 0.90% | last loss 0.0105 (ce 0.0105, tit 0.000, iti 0.000, mlp_cos 0.000) | 24.4s/episode, ETA 2.17h
[01:04:41 INFO]   [90/400] running 95.72 ± 0.83% | last loss 0.0292 (ce 0.0292, tit 0.000, iti 0.000, mlp_cos 0.000) | 24.4s/episode, ETA 2.10h
[01:08:46 INFO]   [100/400] running 95.47 ± 0.83% | last loss 0.1542 (ce 0.1542, tit 0.000, iti 0.000, mlp_cos 0.000) | 24.4s/episode, ETA 2.04h
[01:12:50 INFO]   [110/400] running 95.33 ± 0.81% | last loss 0.0239 (ce 0.0239, tit 0.000, iti 0.000, mlp_cos 0.000) | 24.4s/episode, ETA 1.97h
[01:16:54 INFO]   [120/400] running 95.54 ± 0.76% | last loss 0.0080 (ce 0.0080, tit 0.000, iti 0.000, mlp_cos 0.000) | 24.4s/episode, ETA 1.90h
[01:20:58 INFO]   [130/400] running 95.62 ± 0.72% | last loss 0.2275 (ce 0.2275, tit 0.000, iti 0.000, mlp_cos 0.000) | 24.4s/episode, ETA 1.83h
[01:25:03 INFO]   [140/400] running 95.50 ± 0.68% | last loss 0.0882 (ce 0.0882, tit 0.000, iti 0.000, mlp_cos 0.000) | 24.4s/episode, ETA 1.76h
[01:29:07 INFO]   [150/400] running 95.50 ± 0.67% | last loss 0.0078 (ce 0.0078, tit 0.000, iti 0.000, mlp_cos 0.000) | 24.4s/episode, ETA 1.70h
[01:33:11 INFO]   [160/400] running 95.49 ± 0.65% | last loss 0.0228 (ce 0.0228, tit 0.000, iti 0.000, mlp_cos 0.000) | 24.4s/episode, ETA 1.63h
[01:37:15 INFO]   [170/400] running 95.48 ± 0.63% | last loss 0.0055 (ce 0.0055, tit 0.000, iti 0.000, mlp_cos 0.000) | 24.4s/episode, ETA 1.56h
[01:41:19 INFO]   [180/400] running 95.50 ± 0.60% | last loss 0.0329 (ce 0.0329, tit 0.000, iti 0.000, mlp_cos 0.000) | 24.4s/episode, ETA 1.49h
[01:45:23 INFO]   [190/400] running 95.58 ± 0.58% | last loss 0.0056 (ce 0.0056, tit 0.000, iti 0.000, mlp_cos 0.000) | 24.4s/episode, ETA 1.42h
[01:49:27 INFO]   [200/400] running 95.59 ± 0.56% | last loss 0.0408 (ce 0.0408, tit 0.000, iti 0.000, mlp_cos 0.000) | 24.4s/episode, ETA 1.36h
[01:53:31 INFO]   [210/400] running 95.61 ± 0.55% | last loss 0.2252 (ce 0.2252, tit 0.000, iti 0.000, mlp_cos 0.000) | 24.4s/episode, ETA 1.29h
[01:57:35 INFO]   [220/400] running 95.61 ± 0.54% | last loss 0.0030 (ce 0.0030, tit 0.000, iti 0.000, mlp_cos 0.000) | 24.4s/episode, ETA 1.22h
[02:01:40 INFO]   [230/400] running 95.64 ± 0.52% | last loss 0.0064 (ce 0.0064, tit 0.000, iti 0.000, mlp_cos 0.000) | 24.4s/episode, ETA 1.15h
[02:05:44 INFO]   [240/400] running 95.60 ± 0.52% | last loss 0.0055 (ce 0.0055, tit 0.000, iti 0.000, mlp_cos 0.000) | 24.4s/episode, ETA 1.09h
[02:09:48 INFO]   [250/400] running 95.56 ± 0.52% | last loss 0.0185 (ce 0.0185, tit 0.000, iti 0.000, mlp_cos 0.000) | 24.4s/episode, ETA 1.02h
[02:13:52 INFO]   [260/400] running 95.63 ± 0.51% | last loss 0.0215 (ce 0.0215, tit 0.000, iti 0.000, mlp_cos 0.000) | 24.4s/episode, ETA 0.95h
[02:17:56 INFO]   [270/400] running 95.74 ± 0.49% | last loss 0.0094 (ce 0.0094, tit 0.000, iti 0.000, mlp_cos 0.000) | 24.4s/episode, ETA 0.88h
[02:22:00 INFO]   [280/400] running 95.76 ± 0.48% | last loss 0.4169 (ce 0.4169, tit 0.000, iti 0.000, mlp_cos 0.000) | 24.4s/episode, ETA 0.81h
[02:26:04 INFO]   [290/400] running 95.77 ± 0.46% | last loss 0.0140 (ce 0.0140, tit 0.000, iti 0.000, mlp_cos 0.000) | 24.4s/episode, ETA 0.75h
[02:30:09 INFO]   [300/400] running 95.79 ± 0.46% | last loss 0.0230 (ce 0.0230, tit 0.000, iti 0.000, mlp_cos 0.000) | 24.4s/episode, ETA 0.68h
[02:34:13 INFO]   [310/400] running 95.81 ± 0.44% | last loss 0.0149 (ce 0.0149, tit 0.000, iti 0.000, mlp_cos 0.000) | 24.4s/episode, ETA 0.61h
[02:38:17 INFO]   [320/400] running 95.88 ± 0.43% | last loss 0.0148 (ce 0.0148, tit 0.000, iti 0.000, mlp_cos 0.000) | 24.4s/episode, ETA 0.54h
[02:42:21 INFO]   [330/400] running 95.92 ± 0.43% | last loss 0.0128 (ce 0.0128, tit 0.000, iti 0.000, mlp_cos 0.000) | 24.4s/episode, ETA 0.47h
[02:46:25 INFO]   [340/400] running 95.96 ± 0.42% | last loss 0.0460 (ce 0.0460, tit 0.000, iti 0.000, mlp_cos 0.000) | 24.4s/episode, ETA 0.41h
[02:50:29 INFO]   [350/400] running 95.95 ± 0.43% | last loss 0.1267 (ce 0.1267, tit 0.000, iti 0.000, mlp_cos 0.000) | 24.4s/episode, ETA 0.34h
[02:54:33 INFO]   [360/400] running 95.91 ± 0.42% | last loss 0.3061 (ce 0.3061, tit 0.000, iti 0.000, mlp_cos 0.000) | 24.4s/episode, ETA 0.27h
[02:58:37 INFO]   [370/400] running 95.85 ± 0.42% | last loss 0.1857 (ce 0.1857, tit 0.000, iti 0.000, mlp_cos 0.000) | 24.4s/episode, ETA 0.20h
[03:02:41 INFO]   [380/400] running 95.87 ± 0.41% | last loss 0.0125 (ce 0.0125, tit 0.000, iti 0.000, mlp_cos 0.000) | 24.4s/episode, ETA 0.14h
[03:06:45 INFO]   [390/400] running 95.91 ± 0.40% | last loss 0.0113 (ce 0.0113, tit 0.000, iti 0.000, mlp_cos 0.000) | 24.4s/episode, ETA 0.07h
[03:10:49 INFO]   [400/400] running 95.97 ± 0.39% | last loss 0.0084 (ce 0.0084, tit 0.000, iti 0.000, mlp_cos 0.000) | 24.4s/episode, ETA 0.00h
[03:10:49 INFO] Final (episodic, nofsr_nocc_loraboth_r2_steps500_cnfull_loc0.1g1_sep1_pmvalue): 95.97 ± 0.39% (n_episodes=400)
[03:10:49 INFO]   診斷：只用 CLS 95.63、只用 local 95.34、γ 1.000；融合 γ=0.1/0.3/0.5：95.80/95.90/95.98
[CropDiseases] 使用路徑：data/CropDiseases/New Plant Diseases Dataset(Augmented)/New Plant Diseases Dataset(Augmented)/train
