[21:20:14 INFO] Episodic protocol | crop_disease 5-way 1-shot | 100 episodes × 500 steps | tag=nofsr_nocc_loraboth_r2_steps500_cnfull_loc0.1g1_sep1_pmvalue
[21:20:14 INFO] Args: {'dataset': 'crop_disease', 'data_root': './data', 'n_way': 5, 'n_shot': 1, 'n_query': 15, 'n_episodes': None, 'backbone': 'ViT-B/16', 'lora_encoder': 'both', 'lora_qkv_mode': 'separate', 'lora_out_proj': False, 'lora_r': 2, 'lora_alpha': 1.0, 'lora_dropout': 0.25, 'steps': 500, 'batch_size': 32, 'lr': 0.0002, 'weight_decay': 0.01, 'no_ce_aug': False, 'class_names': 'full', 'lambda1': 0.0, 'lambda2': 0.0, 'top_k': 10, 'n_aug': 4, 'cc_impl': 'legacy', 'local_score': True, 'local_k_frac': 0.1, 'local_gamma': 1.0, 'learn_gamma': False, 'local_loss': 'separate', 'local_lambda': 1.0, 'patch_mode': 'value', 'use_feature_sr': False, 'sr_scale': 2, 'sr_refiner_layers': 0, 'sr_refiner_heads': 8, 'lambda3': 0.3, 'seed': 42, 'no_amp': False, 'save_dir': './results_episodic', 'tag': None, 'log_every': 10}
[21:20:14 INFO] Episode pool (BSCD 全量): CropDiseaseDataset(split=train, n_classes=38, n_samples=70295)
[21:20:16 INFO] LoRA trainable parameters: 184,320 (encoder=both, qkv=separate, out_proj=False)
/home/ccoliu/FeatureSR/train_episodic.py:192: FutureWarning: `torch.cuda.amp.GradScaler(args...)` is deprecated. Please use `torch.amp.GradScaler('cuda', args...)` instead.
  scaler = torch.cuda.amp.GradScaler(enabled=use_amp)
/home/ccoliu/FeatureSR/.venv/lib/python3.12/site-packages/torch/optim/lr_scheduler.py:224: UserWarning: Detected call of `lr_scheduler.step()` before `optimizer.step()`. In PyTorch 1.1.0 and later, you should call them in the opposite order: `optimizer.step()` before `lr_scheduler.step()`.  Failure to do this will result in PyTorch skipping the first value of the learning rate schedule. See more details at https://pytorch.org/docs/stable/optim.html#how-to-adjust-learning-rate
  warnings.warn(
[21:22:05 INFO]   [10/100] running 82.80 ± 4.67% | last loss 0.0212 (ce 0.0212, tit 0.000, iti 0.000, mlp_cos 0.000) | 10.9s/episode, ETA 0.27h
[21:23:53 INFO]   [20/100] running 85.27 ± 3.83% | last loss 0.0024 (ce 0.0024, tit 0.000, iti 0.000, mlp_cos 0.000) | 10.9s/episode, ETA 0.24h
[21:25:42 INFO]   [30/100] running 83.96 ± 2.89% | last loss 0.0051 (ce 0.0051, tit 0.000, iti 0.000, mlp_cos 0.000) | 10.9s/episode, ETA 0.21h
[21:27:30 INFO]   [40/100] running 83.20 ± 3.11% | last loss 0.0028 (ce 0.0028, tit 0.000, iti 0.000, mlp_cos 0.000) | 10.9s/episode, ETA 0.18h
[21:29:19 INFO]   [50/100] running 82.48 ± 2.62% | last loss 0.0102 (ce 0.0102, tit 0.000, iti 0.000, mlp_cos 0.000) | 10.9s/episode, ETA 0.15h
[21:31:08 INFO]   [60/100] running 82.93 ± 2.40% | last loss 0.0080 (ce 0.0080, tit 0.000, iti 0.000, mlp_cos 0.000) | 10.9s/episode, ETA 0.12h
[21:32:56 INFO]   [70/100] running 82.51 ± 2.38% | last loss 0.0126 (ce 0.0126, tit 0.000, iti 0.000, mlp_cos 0.000) | 10.9s/episode, ETA 0.09h
[21:34:45 INFO]   [80/100] running 82.88 ± 2.14% | last loss 0.0022 (ce 0.0022, tit 0.000, iti 0.000, mlp_cos 0.000) | 10.9s/episode, ETA 0.06h
[21:36:34 INFO]   [90/100] running 83.27 ± 1.94% | last loss 0.0025 (ce 0.0025, tit 0.000, iti 0.000, mlp_cos 0.000) | 10.9s/episode, ETA 0.03h
[21:38:22 INFO]   [100/100] running 82.80 ± 1.84% | last loss 0.0102 (ce 0.0102, tit 0.000, iti 0.000, mlp_cos 0.000) | 10.9s/episode, ETA 0.00h
[21:38:22 INFO] Final (episodic, nofsr_nocc_loraboth_r2_steps500_cnfull_loc0.1g1_sep1_pmvalue): 82.80 ± 1.84% (n_episodes=100)
[21:38:22 INFO]   診斷：只用 CLS 82.41、只用 local 81.00、γ 1.000；融合 γ=0.1/0.3/0.5：82.65/82.80/82.93
[CropDiseases] 使用路徑：data/CropDiseases/New Plant Diseases Dataset(Augmented)/New Plant Diseases Dataset(Augmented)/train
