[12:15:22 INFO] Device: cuda
[12:15:22 INFO] ============================================================
[12:15:22 INFO] Dataset: chestx, n_shot=1, Mode: Baseline (14x14)
[12:15:22 INFO] ============================================================
[12:15:24 INFO] Train: ChestXDataset(split=train, n_classes=7, n_samples=7)
[12:15:24 INFO] Test:  ChestXDataset(split=test, n_classes=7, n_samples=6043)
[12:15:24 INFO] Loading CLIP ViT-B/16...
[12:15:35 INFO] Applying LoRA (r=4, alpha=1.0)...
[12:15:35 INFO] Trainable parameters: 221,184
/var/tmp/cc-cdfsl/train.py:402: FutureWarning: `torch.cuda.amp.GradScaler(args...)` is deprecated. Please use `torch.amp.GradScaler('cuda', args...)` instead.
  scaler = torch.cuda.amp.GradScaler() if device == "cuda" else None
[12:15:35 INFO] FP16 Automatic Mixed Precision (AMP) enabled.
[12:15:35 INFO] Initial evaluation (before training)...
[12:17:03 INFO]   Baseline: 20.29 ± 0.57%
/var/tmp/cc-cdfsl/train.py:199: FutureWarning: `torch.cuda.amp.autocast(args...)` is deprecated. Please use `torch.amp.autocast('cuda', args...)` instead.
  with torch.cuda.amp.autocast(enabled=(scaler is not None)):
[12:20:12 INFO] Epoch [  1/100] Loss: 3.0139 (CE:2.6836, TIT:0.0756, ITI:0.2068) Acc: 19.03%
[12:47:48 INFO] Epoch [ 10/100] Loss: 0.5178 (CE:0.0005, TIT:0.1549, ITI:0.1054) Acc: 20.04%
[12:50:39 INFO]   [Eval] Epoch 10: 20.19 ± 0.78% ✓ NEW BEST!
[12:50:39 INFO]   Saved best checkpoint: checkpoints/chestx_1shot_best.pth
[13:21:08 INFO] Epoch [ 20/100] Loss: 0.5247 (CE:0.0001, TIT:0.1650, ITI:0.0593) Acc: 20.68%
[13:24:01 INFO]   [Eval] Epoch 20: 20.61 ± 0.82% ✓ NEW BEST!
[13:24:01 INFO]   Saved best checkpoint: checkpoints/chestx_1shot_best.pth
[13:55:03 INFO] Epoch [ 30/100] Loss: 0.5475 (CE:0.0001, TIT:0.1765, ITI:0.0357) Acc: 20.97%
[13:57:56 INFO]   [Eval] Epoch 30: 21.23 ± 0.69% ✓ NEW BEST!
[13:57:57 INFO]   Saved best checkpoint: checkpoints/chestx_1shot_best.pth
[14:29:08 INFO] Epoch [ 40/100] Loss: 0.5455 (CE:0.0001, TIT:0.1762, ITI:0.0336) Acc: 19.97%
[14:32:07 INFO]   [Eval] Epoch 40: 20.32 ± 0.77%
[15:03:11 INFO] Epoch [ 50/100] Loss: 0.5241 (CE:0.0001, TIT:0.1705, ITI:0.0254) Acc: 20.47%
[15:06:06 INFO]   [Eval] Epoch 50: 20.95 ± 0.79%
[15:36:57 INFO] Epoch [ 60/100] Loss: 0.5424 (CE:0.0001, TIT:0.1777, ITI:0.0188) Acc: 20.76%
[15:39:59 INFO]   [Eval] Epoch 60: 20.31 ± 0.74%
[16:11:08 INFO] Epoch [ 70/100] Loss: 0.5412 (CE:0.0001, TIT:0.1775, ITI:0.0174) Acc: 21.33%
[16:14:05 INFO]   [Eval] Epoch 70: 21.95 ± 0.84% ✓ NEW BEST!
[16:14:07 INFO]   Saved best checkpoint: checkpoints/chestx_1shot_best.pth
[16:45:56 INFO] Epoch [ 80/100] Loss: 0.5500 (CE:0.0000, TIT:0.1804, ITI:0.0174) Acc: 20.57%
[16:49:08 INFO]   [Eval] Epoch 80: 20.53 ± 0.70%
[17:21:09 INFO] Epoch [ 90/100] Loss: 0.5383 (CE:0.0000, TIT:0.1765, ITI:0.0178) Acc: 20.49%
[17:24:10 INFO]   [Eval] Epoch 90: 20.63 ± 0.80%
[17:56:44 INFO] Epoch [100/100] Loss: 0.5412 (CE:0.0000, TIT:0.1773, ITI:0.0187) Acc: 20.44%
[18:00:22 INFO]   [Eval] Epoch 100: 20.51 ± 0.86%
[18:00:22 INFO] 
Best Acc: 21.95% at Epoch 70
[18:00:29 INFO] Loaded best checkpoint from epoch 70
[18:04:08 INFO] Final (Baseline (14x14)): 21.83 ± 0.82% (n_episodes=100)
[ChestXDataset] Strict few-shot training enabled. Total training samples: 7 (n_shot=1)
