[17:09:43 INFO] Device: cuda
[17:09:43 INFO] ============================================================
[17:09:43 INFO] Dataset: chestx, n_shot=5, Mode: Feature-SR (28x28)
[17:09:43 INFO] ============================================================
[17:09:45 INFO] Train: ChestXDataset(split=train, n_classes=7, n_samples=35)
[17:09:45 INFO] Test:  ChestXDataset(split=test, n_classes=7, n_samples=6043)
[17:09:45 INFO] Loading CLIP ViT-B/16...
[17:09:58 INFO] Applying LoRA (r=4, alpha=1.0)...
[17:09:58 INFO] Initializing Feature SR Module (scale=2, 14x14 -> 28x28)...
[17:09:58 INFO] Trainable parameters: 10,350,592
/var/tmp/cc-cdfsl/train.py:402: FutureWarning: `torch.cuda.amp.GradScaler(args...)` is deprecated. Please use `torch.amp.GradScaler('cuda', args...)` instead.
  scaler = torch.cuda.amp.GradScaler() if device == "cuda" else None
[17:09:58 INFO] FP16 Automatic Mixed Precision (AMP) enabled.
[17:09:58 INFO] Initial evaluation (before training)...
[17:11:46 INFO]   Baseline: 20.43 ± 0.41%
/var/tmp/cc-cdfsl/train.py:199: FutureWarning: `torch.cuda.amp.autocast(args...)` is deprecated. Please use `torch.amp.autocast('cuda', args...)` instead.
  with torch.cuda.amp.autocast(enabled=(scaler is not None)):
[17:16:42 INFO] Epoch [  1/100] Loss: 3.2613 (CE:2.7171, TIT:0.1594, ITI:0.0302, CR:0.1696) Acc: 20.95%
[17:59:30 INFO] Epoch [ 10/100] Loss: 0.4848 (CE:0.0008, TIT:0.1599, ITI:0.0024, CR:0.0101) Acc: 21.45%
[18:13:00 INFO]   [Eval] Epoch 10: 21.65 ± 0.47% ✓ NEW BEST!
[18:13:00 INFO]   Saved best checkpoint: checkpoints/chestx_5shot_fsr_best.pth
[19:00:32 INFO] Epoch [ 20/100] Loss: 0.4905 (CE:0.0003, TIT:0.1628, ITI:0.0014, CR:0.0032) Acc: 21.44%
[19:14:13 INFO]   [Eval] Epoch 20: 21.40 ± 0.48%
[20:01:58 INFO] Epoch [ 30/100] Loss: 0.4972 (CE:0.0002, TIT:0.1654, ITI:0.0009, CR:0.0016) Acc: 20.53%
[20:15:33 INFO]   [Eval] Epoch 30: 21.41 ± 0.50%
[21:03:04 INFO] Epoch [ 40/100] Loss: 0.4900 (CE:0.0002, TIT:0.1631, ITI:0.0007, CR:0.0010) Acc: 20.51%
[21:16:39 INFO]   [Eval] Epoch 40: 20.55 ± 0.46%
[22:04:09 INFO] Epoch [ 50/100] Loss: 0.4764 (CE:0.0001, TIT:0.1585, ITI:0.0005, CR:0.0017) Acc: 20.59%
[22:17:44 INFO]   [Eval] Epoch 50: 20.67 ± 0.47%
[23:04:51 INFO] Epoch [ 60/100] Loss: 0.4903 (CE:0.0001, TIT:0.1633, ITI:0.0004, CR:0.0007) Acc: 21.13%
[23:18:22 INFO]   [Eval] Epoch 60: 20.86 ± 0.47%
[00:05:40 INFO] Epoch [ 70/100] Loss: 0.4826 (CE:0.0001, TIT:0.1607, ITI:0.0003, CR:0.0006) Acc: 20.69%
[00:19:18 INFO]   [Eval] Epoch 70: 20.44 ± 0.47%
[01:06:44 INFO] Epoch [ 80/100] Loss: 0.4971 (CE:0.0001, TIT:0.1656, ITI:0.0002, CR:0.0005) Acc: 20.04%
[01:20:25 INFO]   [Eval] Epoch 80: 20.56 ± 0.47%
[02:07:55 INFO] Epoch [ 90/100] Loss: 0.4815 (CE:0.0001, TIT:0.1604, ITI:0.0002, CR:0.0005) Acc: 20.17%
[02:21:30 INFO]   [Eval] Epoch 90: 20.43 ± 0.49%
[03:08:52 INFO] Epoch [100/100] Loss: 0.4925 (CE:0.0001, TIT:0.1641, ITI:0.0002, CR:0.0005) Acc: 21.80%
[03:22:28 INFO]   [Eval] Epoch 100: 20.94 ± 0.45%
[03:22:28 INFO] 
Best Acc: 21.65% at Epoch 10
[03:22:32 INFO] Loaded best checkpoint from epoch 10
[03:36:08 INFO] Final (Feature-SR (28x28)): 22.09 ± 0.47% (n_episodes=400)
[ChestXDataset] Strict few-shot training enabled. Total training samples: 35 (n_shot=5)
