[18:04:40 INFO] Device: cuda
[18:04:40 INFO] ============================================================
[18:04:40 INFO] Dataset: chestx, n_shot=1, Mode: Feature-SR (28x28)
[18:04:40 INFO] ============================================================
[18:04:43 INFO] Train: ChestXDataset(split=train, n_classes=7, n_samples=7)
[18:04:43 INFO] Test:  ChestXDataset(split=test, n_classes=7, n_samples=6043)
[18:04:43 INFO] Loading CLIP ViT-B/16...
[18:04:59 INFO] Applying LoRA (r=4, alpha=1.0)...
[18:04:59 INFO] Initializing Feature SR Module (scale=2, 14x14 -> 28x28)...
[18:04:59 INFO] Trainable parameters: 10,350,592
/var/tmp/cc-cdfsl/train.py:402: FutureWarning: `torch.cuda.amp.GradScaler(args...)` is deprecated. Please use `torch.amp.GradScaler('cuda', args...)` instead.
  scaler = torch.cuda.amp.GradScaler() if device == "cuda" else None
[18:04:59 INFO] FP16 Automatic Mixed Precision (AMP) enabled.
[18:04:59 INFO] Initial evaluation (before training)...
[18:06:49 INFO]   Baseline: 20.29 ± 0.45%
/var/tmp/cc-cdfsl/train.py:199: FutureWarning: `torch.cuda.amp.autocast(args...)` is deprecated. Please use `torch.amp.autocast('cuda', args...)` instead.
  with torch.cuda.amp.autocast(enabled=(scaler is not None)):
[18:10:35 INFO] Epoch [  1/100] Loss: 3.3038 (CE:2.7579, TIT:0.1577, ITI:0.0322, CR:0.1885) Acc: 20.19%
[18:41:29 INFO] Epoch [ 10/100] Loss: 0.5406 (CE:0.0004, TIT:0.1791, ITI:0.0022, CR:0.0064) Acc: 21.00%
[18:44:35 INFO]   [Eval] Epoch 10: 20.81 ± 0.76% ✓ NEW BEST!
[18:44:36 INFO]   Saved best checkpoint: checkpoints/chestx_1shot_fsr_best.pth
[19:17:59 INFO] Epoch [ 20/100] Loss: 0.5475 (CE:0.0002, TIT:0.1820, ITI:0.0015, CR:0.0016) Acc: 21.27%
[19:20:58 INFO]   [Eval] Epoch 20: 21.60 ± 0.74% ✓ NEW BEST!
[19:20:59 INFO]   Saved best checkpoint: checkpoints/chestx_1shot_fsr_best.pth
[19:54:48 INFO] Epoch [ 30/100] Loss: 0.5313 (CE:0.0001, TIT:0.1768, ITI:0.0009, CR:0.0009) Acc: 19.56%
[19:57:47 INFO]   [Eval] Epoch 30: 19.97 ± 0.80%
[20:30:33 INFO] Epoch [ 40/100] Loss: 0.5449 (CE:0.0001, TIT:0.1814, ITI:0.0008, CR:0.0008) Acc: 20.48%
[20:33:30 INFO]   [Eval] Epoch 40: 20.27 ± 0.71%
[21:06:30 INFO] Epoch [ 50/100] Loss: 0.5358 (CE:0.0001, TIT:0.1784, ITI:0.0006, CR:0.0006) Acc: 20.01%
[21:09:35 INFO]   [Eval] Epoch 50: 20.01 ± 0.65%
[21:42:27 INFO] Epoch [ 60/100] Loss: 0.5367 (CE:0.0001, TIT:0.1787, ITI:0.0005, CR:0.0006) Acc: 19.31%
[21:45:27 INFO]   [Eval] Epoch 60: 20.59 ± 0.76%
[22:18:39 INFO] Epoch [ 70/100] Loss: 0.5388 (CE:0.0001, TIT:0.1795, ITI:0.0002, CR:0.0004) Acc: 20.80%
[22:21:43 INFO]   [Eval] Epoch 70: 19.81 ± 0.78%
[22:54:58 INFO] Epoch [ 80/100] Loss: 0.5453 (CE:0.0001, TIT:0.1817, ITI:0.0003, CR:0.0003) Acc: 19.23%
[22:58:01 INFO]   [Eval] Epoch 80: 19.08 ± 0.66%
[23:31:12 INFO] Epoch [ 90/100] Loss: 0.5388 (CE:0.0001, TIT:0.1795, ITI:0.0003, CR:0.0003) Acc: 19.27%
[23:34:07 INFO]   [Eval] Epoch 90: 19.45 ± 0.75%
[00:06:11 INFO] Epoch [100/100] Loss: 0.5357 (CE:0.0001, TIT:0.1785, ITI:0.0003, CR:0.0003) Acc: 19.52%
[00:09:04 INFO]   [Eval] Epoch 100: 20.12 ± 0.90%
[00:09:04 INFO] 
Best Acc: 21.60% at Epoch 20
[00:09:07 INFO] Loaded best checkpoint from epoch 20
[00:11:59 INFO] Final (Feature-SR (28x28)): 20.68 ± 0.79% (n_episodes=100)
[ChestXDataset] Strict few-shot training enabled. Total training samples: 7 (n_shot=1)
