[07:40:55 INFO] Device: cuda
[07:40:55 INFO] ============================================================
[07:40:55 INFO] Dataset: chestx, n_shot=5, Mode: Baseline (14x14)
[07:40:55 INFO] ============================================================
[07:40:57 INFO] Train: ChestXDataset(split=train, n_classes=7, n_samples=35)
[07:40:57 INFO] Test:  ChestXDataset(split=test, n_classes=7, n_samples=6043)
[07:40:57 INFO] Loading CLIP ViT-B/16...
[07:41:10 INFO] Applying LoRA (r=4, alpha=1.0)...
[07:41:10 INFO] Trainable parameters: 221,184
/var/tmp/cc-cdfsl/train.py:402: FutureWarning: `torch.cuda.amp.GradScaler(args...)` is deprecated. Please use `torch.amp.GradScaler('cuda', args...)` instead.
  scaler = torch.cuda.amp.GradScaler() if device == "cuda" else None
[07:41:10 INFO] FP16 Automatic Mixed Precision (AMP) enabled.
[07:41:10 INFO] Initial evaluation (before training)...
[07:43:15 INFO]   Baseline: 20.32 ± 0.53%
/var/tmp/cc-cdfsl/train.py:199: FutureWarning: `torch.cuda.amp.autocast(args...)` is deprecated. Please use `torch.amp.autocast('cuda', args...)` instead.
  with torch.cuda.amp.autocast(enabled=(scaler is not None)):
[07:47:40 INFO] Epoch [  1/100] Loss: 3.1191 (CE:2.8299, TIT:0.0575, ITI:0.2332) Acc: 20.80%
[08:25:41 INFO] Epoch [ 10/100] Loss: 0.2258 (CE:0.0011, TIT:0.0512, ITI:0.1424) Acc: 21.29%
[08:39:00 INFO]   [Eval] Epoch 10: 20.91 ± 0.45% ✓ NEW BEST!
[08:39:00 INFO]   Saved best checkpoint: checkpoints/chestx_5shot_best.pth
[09:20:46 INFO] Epoch [ 20/100] Loss: 0.4161 (CE:0.0003, TIT:0.1291, ITI:0.0569) Acc: 20.80%
[09:34:07 INFO]   [Eval] Epoch 20: 20.65 ± 0.44%
[10:15:53 INFO] Epoch [ 30/100] Loss: 0.4898 (CE:0.0002, TIT:0.1553, ITI:0.0477) Acc: 20.03%
[10:29:11 INFO]   [Eval] Epoch 30: 19.94 ± 0.43%
[11:10:53 INFO] Epoch [ 40/100] Loss: 0.4975 (CE:0.0001, TIT:0.1608, ITI:0.0297) Acc: 21.19%
[11:24:15 INFO]   [Eval] Epoch 40: 19.85 ± 0.45%
[12:06:13 INFO] Epoch [ 50/100] Loss: 0.4996 (CE:0.0001, TIT:0.1620, ITI:0.0267) Acc: 20.01%
[12:19:34 INFO]   [Eval] Epoch 50: 20.24 ± 0.42%
[13:01:22 INFO] Epoch [ 60/100] Loss: 0.5008 (CE:0.0001, TIT:0.1632, ITI:0.0221) Acc: 20.25%
[13:14:45 INFO]   [Eval] Epoch 60: 19.62 ± 0.43%
[13:56:36 INFO] Epoch [ 70/100] Loss: 0.5107 (CE:0.0001, TIT:0.1663, ITI:0.0231) Acc: 20.17%
[14:09:55 INFO]   [Eval] Epoch 70: 20.02 ± 0.43%
[14:51:45 INFO] Epoch [ 80/100] Loss: 0.5090 (CE:0.0001, TIT:0.1664, ITI:0.0198) Acc: 20.03%
[15:05:09 INFO]   [Eval] Epoch 80: 19.85 ± 0.42%
[15:47:02 INFO] Epoch [ 90/100] Loss: 0.5011 (CE:0.0001, TIT:0.1646, ITI:0.0142) Acc: 20.27%
[16:00:20 INFO]   [Eval] Epoch 90: 20.13 ± 0.42%
[16:42:35 INFO] Epoch [100/100] Loss: 0.4986 (CE:0.0001, TIT:0.1640, ITI:0.0133) Acc: 20.28%
[16:56:01 INFO]   [Eval] Epoch 100: 20.05 ± 0.43%
[16:56:01 INFO] 
Best Acc: 20.91% at Epoch 10
[16:56:04 INFO] Loaded best checkpoint from epoch 10
[17:09:23 INFO] Final (Baseline (14x14)): 21.20 ± 0.45% (n_episodes=400)
[ChestXDataset] Strict few-shot training enabled. Total training samples: 35 (n_shot=5)
