[13:55:36 INFO] Device: cuda
[13:55:36 INFO] ============================================================
[13:55:36 INFO] Dataset: crop_disease, n_shot=5, Mode: Feature-SR (28x28)
[13:55:36 INFO] ============================================================
[13:55:37 INFO] Train: CropDiseaseDataset(split=train, n_classes=38, n_samples=190)
[13:55:37 INFO] Test:  CropDiseaseDataset(split=test, n_classes=38, n_samples=14059)
[13:55:37 INFO] Loading CLIP ViT-B/16...
[13:55:52 INFO] Applying LoRA (r=4, alpha=1.0)...
[13:55:52 INFO] Initializing Feature SR Module (scale=2, 14x14 -> 28x28)...
[13:55:52 INFO] Trainable parameters: 10,350,592
/var/tmp/cc-cdfsl/train.py:402: FutureWarning: `torch.cuda.amp.GradScaler(args...)` is deprecated. Please use `torch.amp.GradScaler('cuda', args...)` instead.
  scaler = torch.cuda.amp.GradScaler() if device == "cuda" else None
[13:55:52 INFO] FP16 Automatic Mixed Precision (AMP) enabled.
[13:55:52 INFO] Initial evaluation (before training)...
[13:56:28 INFO]   Baseline: 37.17 ± 3.86%
/var/tmp/cc-cdfsl/train.py:199: FutureWarning: `torch.cuda.amp.autocast(args...)` is deprecated. Please use `torch.amp.autocast('cuda', args...)` instead.
  with torch.cuda.amp.autocast(enabled=(scaler is not None)):
[13:59:05 INFO] Epoch [  1/100] Loss: 1.8680 (CE:1.5331, TIT:0.2180, ITI:0.0254, CR:0.2627) Acc: 49.44%
[14:22:02 INFO] Epoch [ 10/100] Loss: 0.2371 (CE:0.0105, TIT:0.2188, ITI:0.0017, CR:0.0174) Acc: 89.72%
[14:26:43 INFO]   [Eval] Epoch 10: 89.36 ± 0.69% ✓ NEW BEST!
[14:26:43 INFO]   Saved best checkpoint: checkpoints/crop_disease_5shot_fsr_best.pth
[14:52:13 INFO] Epoch [ 20/100] Loss: 0.2257 (CE:0.0035, TIT:0.2196, ITI:0.0008, CR:0.0047) Acc: 90.51%
[14:56:54 INFO]   [Eval] Epoch 20: 90.18 ± 0.62% ✓ NEW BEST!
[14:56:55 INFO]   Saved best checkpoint: checkpoints/crop_disease_5shot_fsr_best.pth
[15:22:36 INFO] Epoch [ 30/100] Loss: 0.2192 (CE:0.0013, TIT:0.2163, ITI:0.0005, CR:0.0026) Acc: 89.83%
[15:27:21 INFO]   [Eval] Epoch 30: 89.58 ± 0.60%
[15:52:59 INFO] Epoch [ 40/100] Loss: 0.2257 (CE:0.0010, TIT:0.2238, ITI:0.0003, CR:0.0013) Acc: 90.16%
[15:57:45 INFO]   [Eval] Epoch 40: 89.48 ± 0.65%
[16:23:23 INFO] Epoch [ 50/100] Loss: 0.2250 (CE:0.0006, TIT:0.2238, ITI:0.0002, CR:0.0011) Acc: 88.91%
[16:28:08 INFO]   [Eval] Epoch 50: 89.30 ± 0.59%
[16:53:45 INFO] Epoch [ 60/100] Loss: 0.2228 (CE:0.0006, TIT:0.2217, ITI:0.0001, CR:0.0009) Acc: 88.32%
[16:58:31 INFO]   [Eval] Epoch 60: 88.52 ± 0.66%
[17:24:08 INFO] Epoch [ 70/100] Loss: 0.2308 (CE:0.0005, TIT:0.2299, ITI:0.0001, CR:0.0008) Acc: 88.69%
[17:28:53 INFO]   [Eval] Epoch 70: 88.63 ± 0.64%
[17:54:49 INFO] Epoch [ 80/100] Loss: 0.2321 (CE:0.0005, TIT:0.2312, ITI:0.0001, CR:0.0007) Acc: 88.51%
[17:59:39 INFO]   [Eval] Epoch 80: 88.06 ± 0.68%
[18:26:00 INFO] Epoch [ 90/100] Loss: 0.2272 (CE:0.0004, TIT:0.2264, ITI:0.0001, CR:0.0006) Acc: 88.85%
[18:30:48 INFO]   [Eval] Epoch 90: 88.65 ± 0.68%
[18:57:03 INFO] Epoch [100/100] Loss: 0.2318 (CE:0.0004, TIT:0.2311, ITI:0.0001, CR:0.0006) Acc: 88.64%
[19:01:50 INFO]   [Eval] Epoch 100: 88.43 ± 0.60%
[19:01:50 INFO] 
Best Acc: 90.18% at Epoch 20
[19:01:54 INFO] Loaded best checkpoint from epoch 20
[19:06:43 INFO] Final (Feature-SR (28x28)): 90.17 ± 0.69% (n_episodes=400)
[CropDiseases] 使用路徑：data/CropDiseases/New Plant Diseases Dataset(Augmented)/New Plant Diseases Dataset(Augmented)/train
[CropDiseaseDataset] Strict few-shot training enabled. Total training samples: 190 (n_shot=5)
[CropDiseases] 使用路徑：data/CropDiseases/New Plant Diseases Dataset(Augmented)/New Plant Diseases Dataset(Augmented)/train
