[00:00:09 INFO] Device: cuda
[00:00:09 INFO] ============================================================
[00:00:09 INFO] Dataset: crop_disease, n_shot=1, Mode: Baseline (14x14)
[00:00:09 INFO] ============================================================
[00:00:09 INFO] Train: CropDiseaseDataset(split=train, n_classes=38, n_samples=38)
[00:00:09 INFO] Test:  CropDiseaseDataset(split=test, n_classes=38, n_samples=14059)
[00:00:09 INFO] Loading CLIP ViT-B/16...
[00:00:12 INFO] Applying LoRA (r=4, alpha=1.0)...
[00:00:12 INFO] Trainable parameters: 221,184
/var/tmp/cc-cdfsl/train.py:402: FutureWarning: `torch.cuda.amp.GradScaler(args...)` is deprecated. Please use `torch.amp.GradScaler('cuda', args...)` instead.
  scaler = torch.cuda.amp.GradScaler() if device == "cuda" else None
[00:00:12 INFO] FP16 Automatic Mixed Precision (AMP) enabled.
[00:00:12 INFO] Initial evaluation (before training)...
[00:00:48 INFO]   Baseline: 40.08 ± 3.08%
/var/tmp/cc-cdfsl/train.py:199: FutureWarning: `torch.cuda.amp.autocast(args...)` is deprecated. Please use `torch.amp.autocast('cuda', args...)` instead.
  with torch.cuda.amp.autocast(enabled=(scaler is not None)):
[00:02:12 INFO] Epoch [  1/100] Loss: 2.2977 (CE:1.7800, TIT:0.0686, ITI:0.2994) Acc: 46.39%
[00:14:33 INFO] Epoch [ 10/100] Loss: 0.2780 (CE:0.0067, TIT:0.0680, ITI:0.1355) Acc: 76.93%
[00:15:43 INFO]   [Eval] Epoch 10: 78.07 ± 1.94% ✓ NEW BEST!
[00:15:43 INFO]   Saved best checkpoint: checkpoints/crop_disease_1shot_best.pth
[00:29:24 INFO] Epoch [ 20/100] Loss: 0.2246 (CE:0.0016, TIT:0.1664, ITI:0.0377) Acc: 77.19%
[00:30:33 INFO]   [Eval] Epoch 20: 75.63 ± 2.27%
[00:44:15 INFO] Epoch [ 30/100] Loss: 0.2263 (CE:0.0006, TIT:0.2019, ITI:0.0159) Acc: 76.23%
[00:45:26 INFO]   [Eval] Epoch 30: 76.75 ± 2.04%
[00:59:08 INFO] Epoch [ 40/100] Loss: 0.2276 (CE:0.0005, TIT:0.2072, ITI:0.0133) Acc: 75.80%
[01:00:18 INFO]   [Eval] Epoch 40: 76.48 ± 2.04%
[01:14:00 INFO] Epoch [ 50/100] Loss: 0.2268 (CE:0.0003, TIT:0.2146, ITI:0.0079) Acc: 74.83%
[01:15:09 INFO]   [Eval] Epoch 50: 76.76 ± 2.03%
[01:28:51 INFO] Epoch [ 60/100] Loss: 0.2330 (CE:0.0003, TIT:0.2212, ITI:0.0077) Acc: 76.96%
[01:30:01 INFO]   [Eval] Epoch 60: 75.09 ± 1.84%
[01:43:43 INFO] Epoch [ 70/100] Loss: 0.2404 (CE:0.0003, TIT:0.2257, ITI:0.0097) Acc: 73.85%
[01:44:53 INFO]   [Eval] Epoch 70: 74.49 ± 1.56%
[01:58:34 INFO] Epoch [ 80/100] Loss: 0.2360 (CE:0.0002, TIT:0.2227, ITI:0.0087) Acc: 76.83%
[01:59:44 INFO]   [Eval] Epoch 80: 75.63 ± 1.98%
[02:13:26 INFO] Epoch [ 90/100] Loss: 0.2358 (CE:0.0002, TIT:0.2249, ITI:0.0071) Acc: 75.11%
[02:14:38 INFO]   [Eval] Epoch 90: 74.43 ± 1.83%
[02:28:20 INFO] Epoch [100/100] Loss: 0.2300 (CE:0.0002, TIT:0.2178, ITI:0.0080) Acc: 74.16%
[02:29:31 INFO]   [Eval] Epoch 100: 74.68 ± 1.99%
[02:29:31 INFO] 
Best Acc: 78.07% at Epoch 10
[02:29:31 INFO] Loaded best checkpoint from epoch 10
[02:30:41 INFO] Final (Baseline (14x14)): 78.59 ± 2.06% (n_episodes=100)
[CropDiseases] 使用路徑：data/CropDiseases/New Plant Diseases Dataset(Augmented)/New Plant Diseases Dataset(Augmented)/train
[CropDiseaseDataset] Strict few-shot training enabled. Total training samples: 38 (n_shot=1)
[CropDiseases] 使用路徑：data/CropDiseases/New Plant Diseases Dataset(Augmented)/New Plant Diseases Dataset(Augmented)/train
