[00:12:17 INFO] Device: cuda
[00:12:17 INFO] ============================================================
[00:12:17 INFO] Dataset: eurosat, n_shot=5, Mode: Baseline (14x14)
[00:12:17 INFO] ============================================================
[00:12:18 INFO] Train: EuroSATDataset(split=train, n_classes=10, n_samples=50)
[00:12:18 INFO] Test:  EuroSATDataset(split=test, n_classes=10, n_samples=5400)
[00:12:18 INFO] Loading CLIP ViT-B/16...
[00:12:28 INFO] Applying LoRA (r=4, alpha=1.0)...
[00:12:28 INFO] Trainable parameters: 221,184
/var/tmp/cc-cdfsl/train.py:402: FutureWarning: `torch.cuda.amp.GradScaler(args...)` is deprecated. Please use `torch.amp.GradScaler('cuda', args...)` instead.
  scaler = torch.cuda.amp.GradScaler() if device == "cuda" else None
[00:12:28 INFO] FP16 Automatic Mixed Precision (AMP) enabled.
[00:12:28 INFO] Initial evaluation (before training)...
[00:13:02 INFO]   Baseline: 48.43 ± 3.48%
/var/tmp/cc-cdfsl/train.py:199: FutureWarning: `torch.cuda.amp.autocast(args...)` is deprecated. Please use `torch.amp.autocast('cuda', args...)` instead.
  with torch.cuda.amp.autocast(enabled=(scaler is not None)):
[00:14:59 INFO] Epoch [  1/100] Loss: 0.6881 (CE:0.5977, TIT:0.0064, ITI:0.4043) Acc: 67.93%
[00:33:08 INFO] Epoch [ 10/100] Loss: 0.0566 (CE:0.0006, TIT:0.0018, ITI:0.2669) Acc: 88.64%
[00:37:35 INFO]   [Eval] Epoch 10: 88.72 ± 0.46% ✓ NEW BEST!
[00:37:35 INFO]   Saved best checkpoint: checkpoints/eurosat_5shot_best.pth
[00:57:53 INFO] Epoch [ 20/100] Loss: 0.0447 (CE:0.0002, TIT:0.0112, ITI:0.1380) Acc: 88.80%
[01:02:19 INFO]   [Eval] Epoch 20: 88.79 ± 0.43% ✓ NEW BEST!
[01:02:20 INFO]   Saved best checkpoint: checkpoints/eurosat_5shot_best.pth
[01:22:37 INFO] Epoch [ 30/100] Loss: 0.0540 (CE:0.0002, TIT:0.0235, ITI:0.0928) Acc: 88.05%
[01:27:05 INFO]   [Eval] Epoch 30: 87.41 ± 0.43%
[01:47:23 INFO] Epoch [ 40/100] Loss: 0.0826 (CE:0.0001, TIT:0.0445, ITI:0.0785) Acc: 84.20%
[01:51:51 INFO]   [Eval] Epoch 40: 82.31 ± 0.62%
[02:12:11 INFO] Epoch [ 50/100] Loss: 0.1221 (CE:0.0001, TIT:0.0725, ITI:0.0664) Acc: 80.75%
[02:16:39 INFO]   [Eval] Epoch 50: 79.44 ± 0.70%
[02:37:00 INFO] Epoch [ 60/100] Loss: 0.1609 (CE:0.0001, TIT:0.0999, ITI:0.0547) Acc: 79.27%
[02:41:29 INFO]   [Eval] Epoch 60: 81.07 ± 0.63%
[03:01:49 INFO] Epoch [ 70/100] Loss: 0.1579 (CE:0.0001, TIT:0.0982, ITI:0.0524) Acc: 79.23%
[03:06:18 INFO]   [Eval] Epoch 70: 79.96 ± 0.66%
[03:26:40 INFO] Epoch [ 80/100] Loss: 0.1629 (CE:0.0001, TIT:0.1018, ITI:0.0504) Acc: 76.91%
[03:31:09 INFO]   [Eval] Epoch 80: 77.84 ± 0.64%
[03:51:32 INFO] Epoch [ 90/100] Loss: 0.1739 (CE:0.0001, TIT:0.1094, ITI:0.0483) Acc: 78.00%
[03:56:00 INFO]   [Eval] Epoch 90: 77.25 ± 0.62%
[04:16:25 INFO] Epoch [100/100] Loss: 0.1788 (CE:0.0001, TIT:0.1128, ITI:0.0475) Acc: 76.71%
[04:20:53 INFO]   [Eval] Epoch 100: 77.83 ± 0.65%
[04:20:53 INFO] 
Best Acc: 88.79% at Epoch 20
[04:20:53 INFO] Loaded best checkpoint from epoch 20
[04:25:21 INFO] Final (Baseline (14x14)): 88.57 ± 0.45% (n_episodes=400)
[EuroSATDataset] Strict few-shot training enabled. Total training samples: 50 (n_shot=5)
