[04:25:33 INFO] Device: cuda
[04:25:33 INFO] ============================================================
[04:25:33 INFO] Dataset: eurosat, n_shot=5, Mode: Feature-SR (28x28)
[04:25:33 INFO] ============================================================
[04:25:33 INFO] Train: EuroSATDataset(split=train, n_classes=10, n_samples=50)
[04:25:33 INFO] Test:  EuroSATDataset(split=test, n_classes=10, n_samples=5400)
[04:25:33 INFO] Loading CLIP ViT-B/16...
[04:25:44 INFO] Applying LoRA (r=4, alpha=1.0)...
[04:25:44 INFO] Initializing Feature SR Module (scale=2, 14x14 -> 28x28)...
[04:25:44 INFO] Trainable parameters: 10,350,592
/var/tmp/cc-cdfsl/train.py:402: FutureWarning: `torch.cuda.amp.GradScaler(args...)` is deprecated. Please use `torch.amp.GradScaler('cuda', args...)` instead.
  scaler = torch.cuda.amp.GradScaler() if device == "cuda" else None
[04:25:44 INFO] FP16 Automatic Mixed Precision (AMP) enabled.
[04:25:44 INFO] Initial evaluation (before training)...
[04:26:17 INFO]   Baseline: 50.32 ± 3.27%
/var/tmp/cc-cdfsl/train.py:199: FutureWarning: `torch.cuda.amp.autocast(args...)` is deprecated. Please use `torch.amp.autocast('cuda', args...)` instead.
  with torch.cuda.amp.autocast(enabled=(scaler is not None)):
[04:28:55 INFO] Epoch [  1/100] Loss: 0.8081 (CE:0.5986, TIT:0.0794, ITI:0.0767, CR:0.2502) Acc: 68.57%
[04:52:09 INFO] Epoch [ 10/100] Loss: 0.2014 (CE:0.0006, TIT:0.1312, ITI:0.0061, CR:0.0095) Acc: 90.60%
[04:56:42 INFO]   [Eval] Epoch 10: 90.65 ± 0.41% ✓ NEW BEST!
[04:56:42 INFO]   Saved best checkpoint: checkpoints/eurosat_5shot_fsr_best.pth
[05:22:31 INFO] Epoch [ 20/100] Loss: 0.2023 (CE:0.0002, TIT:0.1336, ITI:0.0032, CR:0.0032) Acc: 89.93%
[05:27:04 INFO]   [Eval] Epoch 20: 89.78 ± 0.45%
[05:52:53 INFO] Epoch [ 30/100] Loss: 0.2052 (CE:0.0001, TIT:0.1360, ITI:0.0025, CR:0.0018) Acc: 89.52%
[05:57:26 INFO]   [Eval] Epoch 30: 88.89 ± 0.48%
[06:23:15 INFO] Epoch [ 40/100] Loss: 0.2069 (CE:0.0001, TIT:0.1373, ITI:0.0019, CR:0.0016) Acc: 88.92%
[06:27:48 INFO]   [Eval] Epoch 40: 88.43 ± 0.46%
[06:53:37 INFO] Epoch [ 50/100] Loss: 0.2057 (CE:0.0001, TIT:0.1367, ITI:0.0014, CR:0.0009) Acc: 88.12%
[06:58:11 INFO]   [Eval] Epoch 50: 88.78 ± 0.45%
[07:24:00 INFO] Epoch [ 60/100] Loss: 0.2045 (CE:0.0001, TIT:0.1360, ITI:0.0014, CR:0.0007) Acc: 88.04%
[07:28:34 INFO]   [Eval] Epoch 60: 88.12 ± 0.44%
[07:54:24 INFO] Epoch [ 70/100] Loss: 0.2088 (CE:0.0001, TIT:0.1389, ITI:0.0010, CR:0.0006) Acc: 88.05%
[07:58:58 INFO]   [Eval] Epoch 70: 88.26 ± 0.44%
[08:24:49 INFO] Epoch [ 80/100] Loss: 0.2076 (CE:0.0001, TIT:0.1382, ITI:0.0007, CR:0.0005) Acc: 88.57%
[08:29:23 INFO]   [Eval] Epoch 80: 88.67 ± 0.41%
[08:55:13 INFO] Epoch [ 90/100] Loss: 0.2067 (CE:0.0001, TIT:0.1376, ITI:0.0006, CR:0.0005) Acc: 87.89%
[08:59:48 INFO]   [Eval] Epoch 90: 88.54 ± 0.44%
[09:25:38 INFO] Epoch [100/100] Loss: 0.2045 (CE:0.0001, TIT:0.1361, ITI:0.0006, CR:0.0005) Acc: 88.15%
[09:30:12 INFO]   [Eval] Epoch 100: 88.27 ± 0.45%
[09:30:12 INFO] 
Best Acc: 90.65% at Epoch 10
[09:30:13 INFO] Loaded best checkpoint from epoch 10
[09:34:47 INFO] Final (Feature-SR (28x28)): 90.47 ± 0.41% (n_episodes=400)
[EuroSATDataset] Strict few-shot training enabled. Total training samples: 50 (n_shot=5)
