[19:01:01 INFO] Device: cuda
[19:01:01 INFO] ============================================================
[19:01:01 INFO] Dataset: eurosat, n_shot=1, Mode: Baseline (14x14)
[19:01:01 INFO] ============================================================
[19:01:02 INFO] Train: EuroSATDataset(split=train, n_classes=10, n_samples=10)
[19:01:02 INFO] Test:  EuroSATDataset(split=test, n_classes=10, n_samples=5400)
[19:01:02 INFO] Loading CLIP ViT-B/16...
[19:01:04 INFO] Applying LoRA (r=4, alpha=1.0)...
[19:01:04 INFO] Trainable parameters: 221,184
/var/tmp/cc-cdfsl/train.py:402: FutureWarning: `torch.cuda.amp.GradScaler(args...)` is deprecated. Please use `torch.amp.GradScaler('cuda', args...)` instead.
  scaler = torch.cuda.amp.GradScaler() if device == "cuda" else None
[19:01:04 INFO] FP16 Automatic Mixed Precision (AMP) enabled.
[19:01:04 INFO] Initial evaluation (before training)...
[19:01:37 INFO]   Baseline: 49.31 ± 3.52%
/var/tmp/cc-cdfsl/train.py:199: FutureWarning: `torch.cuda.amp.autocast(args...)` is deprecated. Please use `torch.amp.autocast('cuda', args...)` instead.
  with torch.cuda.amp.autocast(enabled=(scaler is not None)):
[19:02:53 INFO] Epoch [  1/100] Loss: 0.6512 (CE:0.5373, TIT:0.0256, ITI:0.3774) Acc: 65.99%
[19:14:27 INFO] Epoch [ 10/100] Loss: 0.0582 (CE:0.0005, TIT:0.0040, ITI:0.2586) Acc: 79.52%
[19:15:32 INFO]   [Eval] Epoch 10: 78.23 ± 1.57% ✓ NEW BEST!
[19:15:33 INFO]   Saved best checkpoint: checkpoints/eurosat_1shot_best.pth
[19:28:30 INFO] Epoch [ 20/100] Loss: 0.0932 (CE:0.0002, TIT:0.0424, ITI:0.1470) Acc: 72.81%
[19:29:36 INFO]   [Eval] Epoch 20: 72.75 ± 1.58%
[19:42:36 INFO] Epoch [ 30/100] Loss: 0.1218 (CE:0.0001, TIT:0.0668, ITI:0.1070) Acc: 68.99%
[19:43:43 INFO]   [Eval] Epoch 30: 66.75 ± 1.66%
[19:56:44 INFO] Epoch [ 40/100] Loss: 0.1197 (CE:0.0001, TIT:0.0682, ITI:0.0866) Acc: 66.01%
[19:57:50 INFO]   [Eval] Epoch 40: 64.28 ± 1.77%
[20:10:47 INFO] Epoch [ 50/100] Loss: 0.1849 (CE:0.0001, TIT:0.1140, ITI:0.0689) Acc: 56.17%
[20:11:52 INFO]   [Eval] Epoch 50: 54.97 ± 1.74%
[20:24:56 INFO] Epoch [ 60/100] Loss: 0.1830 (CE:0.0001, TIT:0.1153, ITI:0.0496) Acc: 48.99%
[20:26:03 INFO]   [Eval] Epoch 60: 48.61 ± 1.47%
[20:40:31 INFO] Epoch [ 70/100] Loss: 0.2008 (CE:0.0001, TIT:0.1276, ITI:0.0467) Acc: 44.61%
[20:41:43 INFO]   [Eval] Epoch 70: 44.01 ± 1.84%
[20:55:48 INFO] Epoch [ 80/100] Loss: 0.1952 (CE:0.0000, TIT:0.1236, ITI:0.0489) Acc: 43.43%
[20:56:58 INFO]   [Eval] Epoch 80: 43.71 ± 1.82%
[21:10:24 INFO] Epoch [ 90/100] Loss: 0.2025 (CE:0.0000, TIT:0.1286, ITI:0.0473) Acc: 40.28%
[21:11:32 INFO]   [Eval] Epoch 90: 40.59 ± 1.78%
[21:24:39 INFO] Epoch [100/100] Loss: 0.2017 (CE:0.0000, TIT:0.1282, ITI:0.0467) Acc: 39.84%
[21:25:44 INFO]   [Eval] Epoch 100: 39.47 ± 1.73%
[21:25:44 INFO] 
Best Acc: 78.23% at Epoch 10
[21:25:45 INFO] Loaded best checkpoint from epoch 10
[21:26:51 INFO] Final (Baseline (14x14)): 79.52 ± 1.57% (n_episodes=100)
[EuroSATDataset] Strict few-shot training enabled. Total training samples: 10 (n_shot=1)
