[00:58:30 INFO] Device: cuda
[00:58:30 INFO] ============================================================
[00:58:30 INFO] Dataset: isic, n_shot=5, Mode: Feature-SR (28x28)
[00:58:30 INFO] ============================================================
[00:58:31 INFO] Train: ISICDataset(split=train, n_classes=7, n_samples=35)
[00:58:31 INFO] Test:  ISICDataset(split=test, n_classes=7, n_samples=2003)
[00:58:31 INFO] Loading CLIP ViT-B/16...
[00:58:42 INFO] Applying LoRA (r=4, alpha=1.0)...
[00:58:43 INFO] Initializing Feature SR Module (scale=2, 14x14 -> 28x28)...
[00:58:43 INFO] Trainable parameters: 10,350,592
/var/tmp/cc-cdfsl/train.py:402: FutureWarning: `torch.cuda.amp.GradScaler(args...)` is deprecated. Please use `torch.amp.GradScaler('cuda', args...)` instead.
  scaler = torch.cuda.amp.GradScaler() if device == "cuda" else None
[00:58:43 INFO] FP16 Automatic Mixed Precision (AMP) enabled.
[00:58:43 INFO] Initial evaluation (before training)...
[00:59:40 INFO]   Baseline: 20.69 ± 0.63%
/var/tmp/cc-cdfsl/train.py:199: FutureWarning: `torch.cuda.amp.autocast(args...)` is deprecated. Please use `torch.amp.autocast('cuda', args...)` instead.
  with torch.cuda.amp.autocast(enabled=(scaler is not None)):
[01:02:57 INFO] Epoch [  1/100] Loss: 2.3461 (CE:1.9151, TIT:0.1020, ITI:0.0173, CR:0.3008) Acc: 26.24%
[01:31:51 INFO] Epoch [ 10/100] Loss: 0.3232 (CE:0.0008, TIT:0.1059, ITI:0.0009, CR:0.0103) Acc: 43.09%
[01:39:09 INFO]   [Eval] Epoch 10: 43.03 ± 0.65% ✓ NEW BEST!
[01:39:09 INFO]   Saved best checkpoint: checkpoints/isic_5shot_fsr_best.pth
[02:11:10 INFO] Epoch [ 20/100] Loss: 0.3170 (CE:0.0002, TIT:0.1049, ITI:0.0005, CR:0.0035) Acc: 39.99%
[02:18:33 INFO]   [Eval] Epoch 20: 39.68 ± 0.55%
[02:50:33 INFO] Epoch [ 30/100] Loss: 0.3142 (CE:0.0001, TIT:0.1042, ITI:0.0004, CR:0.0021) Acc: 38.67%
[02:57:52 INFO]   [Eval] Epoch 30: 38.19 ± 0.65%
[03:29:54 INFO] Epoch [ 40/100] Loss: 0.3087 (CE:0.0001, TIT:0.1025, ITI:0.0004, CR:0.0012) Acc: 35.17%
[03:37:15 INFO]   [Eval] Epoch 40: 34.57 ± 0.55%
[04:09:16 INFO] Epoch [ 50/100] Loss: 0.3075 (CE:0.0001, TIT:0.1022, ITI:0.0003, CR:0.0009) Acc: 33.79%
[04:16:40 INFO]   [Eval] Epoch 50: 34.55 ± 0.58%
[04:48:41 INFO] Epoch [ 60/100] Loss: 0.3172 (CE:0.0001, TIT:0.1055, ITI:0.0002, CR:0.0007) Acc: 33.43%
[04:56:04 INFO]   [Eval] Epoch 60: 33.23 ± 0.56%
[05:28:05 INFO] Epoch [ 70/100] Loss: 0.3095 (CE:0.0001, TIT:0.1030, ITI:0.0002, CR:0.0006) Acc: 33.85%
[05:35:22 INFO]   [Eval] Epoch 70: 34.14 ± 0.57%
[06:07:24 INFO] Epoch [ 80/100] Loss: 0.3116 (CE:0.0001, TIT:0.1037, ITI:0.0001, CR:0.0005) Acc: 34.37%
[06:14:40 INFO]   [Eval] Epoch 80: 33.77 ± 0.65%
[06:46:40 INFO] Epoch [ 90/100] Loss: 0.3161 (CE:0.0001, TIT:0.1052, ITI:0.0001, CR:0.0004) Acc: 34.09%
[06:53:58 INFO]   [Eval] Epoch 90: 34.53 ± 0.61%
[07:26:01 INFO] Epoch [100/100] Loss: 0.3137 (CE:0.0001, TIT:0.1044, ITI:0.0001, CR:0.0004) Acc: 35.84%
[07:33:18 INFO]   [Eval] Epoch 100: 34.35 ± 0.66%
[07:33:18 INFO] 
Best Acc: 43.03% at Epoch 10
[07:33:20 INFO] Loaded best checkpoint from epoch 10
[07:40:39 INFO] Final (Feature-SR (28x28)): 42.76 ± 0.64% (n_episodes=400)
[ISICDataset] Strict few-shot training enabled. Total training samples: 35 (n_shot=5)
