[05:13:12 INFO] Device: cuda
[05:13:12 INFO] ============================================================
[05:13:12 INFO] Dataset: isic, n_shot=1, Mode: Baseline (14x14)
[05:13:12 INFO] ============================================================
[05:13:12 INFO] Train: ISICDataset(split=train, n_classes=7, n_samples=7)
[05:13:12 INFO] Test:  ISICDataset(split=test, n_classes=7, n_samples=2003)
[05:13:12 INFO] Loading CLIP ViT-B/16...
[05:13:15 INFO] Applying LoRA (r=4, alpha=1.0)...
[05:13:15 INFO] Trainable parameters: 221,184
/var/tmp/cc-cdfsl/train.py:402: FutureWarning: `torch.cuda.amp.GradScaler(args...)` is deprecated. Please use `torch.amp.GradScaler('cuda', args...)` instead.
  scaler = torch.cuda.amp.GradScaler() if device == "cuda" else None
[05:13:15 INFO] FP16 Automatic Mixed Precision (AMP) enabled.
[05:13:15 INFO] Initial evaluation (before training)...
[05:14:06 INFO]   Baseline: 20.32 ± 0.64%
/var/tmp/cc-cdfsl/train.py:199: FutureWarning: `torch.cuda.amp.autocast(args...)` is deprecated. Please use `torch.amp.autocast('cuda', args...)` instead.
  with torch.cuda.amp.autocast(enabled=(scaler is not None)):
[05:15:58 INFO] Epoch [  1/100] Loss: 2.3328 (CE:1.8325, TIT:0.0650, ITI:0.1527) Acc: 21.88%
[05:32:44 INFO] Epoch [ 10/100] Loss: 0.2787 (CE:0.0005, TIT:0.0683, ITI:0.0367) Acc: 31.13%
[05:34:23 INFO]   [Eval] Epoch 10: 29.48 ± 1.05% ✓ NEW BEST!
[05:34:23 INFO]   Saved best checkpoint: checkpoints/isic_1shot_best.pth
[05:52:59 INFO] Epoch [ 20/100] Loss: 0.3429 (CE:0.0002, TIT:0.0980, ITI:0.0243) Acc: 30.85%
[05:54:38 INFO]   [Eval] Epoch 20: 30.63 ± 1.01% ✓ NEW BEST!
[05:54:38 INFO]   Saved best checkpoint: checkpoints/isic_1shot_best.pth
[06:13:14 INFO] Epoch [ 30/100] Loss: 0.3307 (CE:0.0001, TIT:0.0985, ITI:0.0175) Acc: 30.64%
[06:14:56 INFO]   [Eval] Epoch 30: 30.64 ± 1.02% ✓ NEW BEST!
[06:14:56 INFO]   Saved best checkpoint: checkpoints/isic_1shot_best.pth
[06:33:38 INFO] Epoch [ 40/100] Loss: 0.3246 (CE:0.0001, TIT:0.0968, ITI:0.0170) Acc: 28.15%
[06:35:17 INFO]   [Eval] Epoch 40: 29.03 ± 1.01%
[06:53:57 INFO] Epoch [ 50/100] Loss: 0.3181 (CE:0.0001, TIT:0.0995, ITI:0.0098) Acc: 30.20%
[06:55:36 INFO]   [Eval] Epoch 50: 29.89 ± 1.07%
[07:14:15 INFO] Epoch [ 60/100] Loss: 0.3222 (CE:0.0000, TIT:0.1005, ITI:0.0103) Acc: 28.97%
[07:15:56 INFO]   [Eval] Epoch 60: 29.12 ± 0.95%
[07:34:33 INFO] Epoch [ 70/100] Loss: 0.3263 (CE:0.0000, TIT:0.1026, ITI:0.0092) Acc: 29.19%
[07:36:13 INFO]   [Eval] Epoch 70: 28.95 ± 1.02%
[07:54:48 INFO] Epoch [ 80/100] Loss: 0.3250 (CE:0.0000, TIT:0.1014, ITI:0.0104) Acc: 29.76%
[07:56:27 INFO]   [Eval] Epoch 80: 30.07 ± 1.07%
[08:15:04 INFO] Epoch [ 90/100] Loss: 0.3296 (CE:0.0000, TIT:0.1028, ITI:0.0105) Acc: 30.51%
[08:16:43 INFO]   [Eval] Epoch 90: 29.97 ± 1.11%
[08:35:21 INFO] Epoch [100/100] Loss: 0.3267 (CE:0.0000, TIT:0.1019, ITI:0.0105) Acc: 30.52%
[08:37:01 INFO]   [Eval] Epoch 100: 30.53 ± 1.24%
[08:37:01 INFO] 
Best Acc: 30.64% at Epoch 30
[08:37:01 INFO] Loaded best checkpoint from epoch 30
[08:38:43 INFO] Final (Baseline (14x14)): 30.28 ± 1.00% (n_episodes=100)
[ISICDataset] Strict few-shot training enabled. Total training samples: 7 (n_shot=1)
