[17:17:47 INFO] Episodic protocol | crop_disease 5-way 1-shot | 100 episodes × 500 steps | tag=nofsr_cc_l11_l21.5_loraboth_r2_steps500
[17:17:47 INFO] Args: {'dataset': 'crop_disease', 'data_root': './data', 'n_way': 5, 'n_shot': 1, 'n_query': 15, 'n_episodes': None, 'backbone': 'ViT-B/16', 'lora_encoder': 'both', 'lora_qkv_mode': 'separate', 'lora_out_proj': False, 'lora_r': 2, 'lora_alpha': 1.0, 'lora_dropout': 0.25, 'steps': 500, 'batch_size': 32, 'lr': 0.0002, 'weight_decay': 0.01, 'no_ce_aug': False, 'lambda1': 1.0, 'lambda2': 1.5, 'top_k': 10, 'n_aug': 4, 'use_feature_sr': False, 'sr_scale': 2, 'sr_refiner_layers': 0, 'sr_refiner_heads': 8, 'lambda3': 0.3, 'seed': 42, 'no_amp': False, 'save_dir': './results_episodic', 'tag': None, 'log_every': 10}
[17:17:47 INFO] Episode pool (BSCD 全量): CropDiseaseDataset(split=train, n_classes=38, n_samples=70295)
[17:17:49 INFO] LoRA trainable parameters: 184,320 (encoder=both, qkv=separate, out_proj=False)
/home/ccoliu/FeatureSR/train_episodic.py:146: FutureWarning: `torch.cuda.amp.GradScaler(args...)` is deprecated. Please use `torch.amp.GradScaler('cuda', args...)` instead.
  scaler = torch.cuda.amp.GradScaler(enabled=use_amp)
/home/ccoliu/FeatureSR/.venv/lib/python3.12/site-packages/torch/optim/lr_scheduler.py:224: UserWarning: Detected call of `lr_scheduler.step()` before `optimizer.step()`. In PyTorch 1.1.0 and later, you should call them in the opposite order: `optimizer.step()` before `lr_scheduler.step()`.  Failure to do this will result in PyTorch skipping the first value of the learning rate schedule. See more details at https://pytorch.org/docs/stable/optim.html#how-to-adjust-learning-rate
  warnings.warn(
[17:20:46 INFO]   [10/100] running 80.93 ± 4.20% | last loss 0.4824 (ce 0.0134) | 17.7s/episode, ETA 0.44h
[17:23:43 INFO]   [20/100] running 84.00 ± 3.95% | last loss 0.3533 (ce 0.0006) | 17.7s/episode, ETA 0.39h
[17:26:40 INFO]   [30/100] running 83.24 ± 2.99% | last loss 0.4404 (ce 0.0025) | 17.7s/episode, ETA 0.34h
[17:29:37 INFO]   [40/100] running 82.33 ± 3.15% | last loss 0.3593 (ce 0.0013) | 17.7s/episode, ETA 0.30h
[17:32:34 INFO]   [50/100] running 81.17 ± 2.83% | last loss 0.4758 (ce 0.0053) | 17.7s/episode, ETA 0.25h
[17:35:30 INFO]   [60/100] running 81.47 ± 2.60% | last loss 0.4044 (ce 0.0070) | 17.7s/episode, ETA 0.20h
[17:38:28 INFO]   [70/100] running 81.20 ± 2.50% | last loss 0.4367 (ce 0.0273) | 17.7s/episode, ETA 0.15h
[17:41:25 INFO]   [80/100] running 81.57 ± 2.27% | last loss 0.3904 (ce 0.0015) | 17.7s/episode, ETA 0.10h
[17:44:21 INFO]   [90/100] running 82.18 ± 2.08% | last loss 0.4134 (ce 0.0014) | 17.7s/episode, ETA 0.05h
[17:47:18 INFO]   [100/100] running 81.91 ± 1.97% | last loss 0.5272 (ce 0.0066) | 17.7s/episode, ETA 0.00h
[17:47:18 INFO] Final (episodic, nofsr_cc_l11_l21.5_loraboth_r2_steps500): 81.91 ± 1.97% (n_episodes=100)
[CropDiseases] 使用路徑：data/CropDiseases/New Plant Diseases Dataset(Augmented)/New Plant Diseases Dataset(Augmented)/train
