[17:47:20 INFO] Episodic protocol | crop_disease 5-way 1-shot | 100 episodes × 500 steps | tag=fsr_s2_ref0_l30.3_cc_l11_l21.5_loraboth_r2_steps500
[17:47:20 INFO] Args: {'dataset': 'crop_disease', 'data_root': './data', 'n_way': 5, 'n_shot': 1, 'n_query': 15, 'n_episodes': None, 'backbone': 'ViT-B/16', 'lora_encoder': 'both', 'lora_qkv_mode': 'separate', 'lora_out_proj': False, 'lora_r': 2, 'lora_alpha': 1.0, 'lora_dropout': 0.25, 'steps': 500, 'batch_size': 32, 'lr': 0.0002, 'weight_decay': 0.01, 'no_ce_aug': False, 'lambda1': 1.0, 'lambda2': 1.5, 'top_k': 10, 'n_aug': 4, 'use_feature_sr': True, 'sr_scale': 2, 'sr_refiner_layers': 0, 'sr_refiner_heads': 8, 'lambda3': 0.3, 'seed': 42, 'no_amp': False, 'save_dir': './results_episodic', 'tag': None, 'log_every': 10}
[17:47:20 INFO] Episode pool (BSCD 全量): CropDiseaseDataset(split=train, n_classes=38, n_samples=70295)
[17:47:22 INFO] LoRA trainable parameters: 184,320 (encoder=both, qkv=separate, out_proj=False)
/home/ccoliu/FeatureSR/train_episodic.py:146: FutureWarning: `torch.cuda.amp.GradScaler(args...)` is deprecated. Please use `torch.amp.GradScaler('cuda', args...)` instead.
  scaler = torch.cuda.amp.GradScaler(enabled=use_amp)
/home/ccoliu/FeatureSR/.venv/lib/python3.12/site-packages/torch/optim/lr_scheduler.py:224: UserWarning: Detected call of `lr_scheduler.step()` before `optimizer.step()`. In PyTorch 1.1.0 and later, you should call them in the opposite order: `optimizer.step()` before `lr_scheduler.step()`.  Failure to do this will result in PyTorch skipping the first value of the learning rate schedule. See more details at https://pytorch.org/docs/stable/optim.html#how-to-adjust-learning-rate
  warnings.warn(
[17:50:39 INFO]   [10/100] running 80.40 ± 4.21% | last loss 0.4060 (ce 0.1093) | 19.7s/episode, ETA 0.49h
[17:53:56 INFO]   [20/100] running 83.53 ± 3.83% | last loss 0.1003 (ce 0.0064) | 19.7s/episode, ETA 0.44h
[17:57:14 INFO]   [30/100] running 82.84 ± 2.91% | last loss 0.1459 (ce 0.0117) | 19.7s/episode, ETA 0.38h
[18:00:31 INFO]   [40/100] running 81.90 ± 3.03% | last loss 0.1629 (ce 0.0233) | 19.7s/episode, ETA 0.33h
[18:03:48 INFO]   [50/100] running 81.28 ± 2.61% | last loss 0.2598 (ce 0.1547) | 19.7s/episode, ETA 0.27h
[18:07:05 INFO]   [60/100] running 81.76 ± 2.45% | last loss 0.1343 (ce 0.0092) | 19.7s/episode, ETA 0.22h
[18:10:23 INFO]   [70/100] running 81.64 ± 2.34% | last loss 0.1712 (ce 0.0101) | 19.7s/episode, ETA 0.16h
[18:13:40 INFO]   [80/100] running 82.22 ± 2.13% | last loss 0.1254 (ce 0.0159) | 19.7s/episode, ETA 0.11h
[18:16:57 INFO]   [90/100] running 82.43 ± 1.97% | last loss 0.1073 (ce 0.0092) | 19.7s/episode, ETA 0.05h
[18:20:14 INFO]   [100/100] running 82.17 ± 1.88% | last loss 0.2926 (ce 0.0655) | 19.7s/episode, ETA 0.00h
[18:20:14 INFO] Final (episodic, fsr_s2_ref0_l30.3_cc_l11_l21.5_loraboth_r2_steps500): 82.17 ± 1.88% (n_episodes=100)
[CropDiseases] 使用路徑：data/CropDiseases/New Plant Diseases Dataset(Augmented)/New Plant Diseases Dataset(Augmented)/train
