[19:25:25 INFO] Episodic protocol | isic 5-way 5-shot | 400 episodes × 500 steps | tag=nofsr_cc_l13_l22_loraboth_r2_steps500
[19:25:25 INFO] Args: {'dataset': 'isic', 'data_root': './data', 'n_way': 5, 'n_shot': 5, 'n_query': 15, 'n_episodes': None, 'backbone': 'ViT-B/16', 'lora_encoder': 'both', 'lora_qkv_mode': 'separate', 'lora_out_proj': False, 'lora_r': 2, 'lora_alpha': 1.0, 'lora_dropout': 0.25, 'steps': 500, 'batch_size': 32, 'lr': 0.0002, 'weight_decay': 0.01, 'no_ce_aug': False, 'lambda1': 3.0, 'lambda2': 2.0, 'top_k': 10, 'n_aug': 4, 'use_feature_sr': False, 'sr_scale': 2, 'sr_refiner_layers': 0, 'sr_refiner_heads': 8, 'lambda3': 0.3, 'seed': 42, 'no_amp': False, 'save_dir': './results_episodic', 'tag': None, 'log_every': 10}
[19:25:25 INFO] Episode pool (BSCD 全量): ISICDataset(split=train, n_classes=7, n_samples=10015)
[19:25:27 INFO] LoRA trainable parameters: 184,320 (encoder=both, qkv=separate, out_proj=False)
/home/ccoliu/FeatureSR/train_episodic.py:146: FutureWarning: `torch.cuda.amp.GradScaler(args...)` is deprecated. Please use `torch.amp.GradScaler('cuda', args...)` instead.
  scaler = torch.cuda.amp.GradScaler(enabled=use_amp)
/home/ccoliu/FeatureSR/.venv/lib/python3.12/site-packages/torch/optim/lr_scheduler.py:224: UserWarning: Detected call of `lr_scheduler.step()` before `optimizer.step()`. In PyTorch 1.1.0 and later, you should call them in the opposite order: `optimizer.step()` before `lr_scheduler.step()`.  Failure to do this will result in PyTorch skipping the first value of the learning rate schedule. See more details at https://pytorch.org/docs/stable/optim.html#how-to-adjust-learning-rate
  warnings.warn(
[19:36:17 INFO]   [10/400] running 48.67 ± 3.15% | last loss 0.3366 (ce 0.0081) | 65.0s/episode, ETA 7.04h
[19:47:07 INFO]   [20/400] running 48.00 ± 3.03% | last loss 0.4656 (ce 0.0223) | 65.0s/episode, ETA 6.86h
[19:57:57 INFO]   [30/400] running 47.16 ± 2.81% | last loss 0.3766 (ce 0.0059) | 65.0s/episode, ETA 6.68h
[20:08:47 INFO]   [40/400] running 47.60 ± 2.33% | last loss 0.5745 (ce 0.0427) | 65.0s/episode, ETA 6.50h
[20:19:38 INFO]   [50/400] running 47.71 ± 1.97% | last loss 0.4265 (ce 0.0047) | 65.0s/episode, ETA 6.32h
[20:30:28 INFO]   [60/400] running 47.62 ± 1.82% | last loss 0.6785 (ce 0.0195) | 65.0s/episode, ETA 6.14h
[20:41:17 INFO]   [70/400] running 47.89 ± 1.80% | last loss 0.7073 (ce 0.0081) | 65.0s/episode, ETA 5.96h
[20:52:07 INFO]   [80/400] running 47.88 ± 1.67% | last loss 0.3056 (ce 0.0138) | 65.0s/episode, ETA 5.78h
[21:02:56 INFO]   [90/400] running 48.04 ± 1.56% | last loss 0.2743 (ce 0.0344) | 65.0s/episode, ETA 5.60h
[21:13:46 INFO]   [100/400] running 48.29 ± 1.44% | last loss 0.8776 (ce 0.0907) | 65.0s/episode, ETA 5.42h
[21:24:35 INFO]   [110/400] running 48.57 ± 1.42% | last loss 0.1804 (ce 0.0147) | 65.0s/episode, ETA 5.24h
[21:35:25 INFO]   [120/400] running 48.51 ± 1.34% | last loss 0.3484 (ce 0.0147) | 65.0s/episode, ETA 5.05h
[21:46:15 INFO]   [130/400] running 48.62 ± 1.27% | last loss 0.3256 (ce 0.0133) | 65.0s/episode, ETA 4.87h
[21:57:05 INFO]   [140/400] running 48.59 ± 1.22% | last loss 0.6678 (ce 0.0111) | 65.0s/episode, ETA 4.69h
[22:07:55 INFO]   [150/400] running 48.68 ± 1.21% | last loss 0.3633 (ce 0.0103) | 65.0s/episode, ETA 4.51h
[22:18:44 INFO]   [160/400] running 48.47 ± 1.19% | last loss 0.6768 (ce 0.0073) | 65.0s/episode, ETA 4.33h
[22:29:34 INFO]   [170/400] running 48.51 ± 1.16% | last loss 0.3834 (ce 0.0255) | 65.0s/episode, ETA 4.15h
[22:40:24 INFO]   [180/400] running 48.53 ± 1.10% | last loss 0.4214 (ce 0.0925) | 65.0s/episode, ETA 3.97h
[22:51:14 INFO]   [190/400] running 48.44 ± 1.07% | last loss 0.1806 (ce 0.0814) | 65.0s/episode, ETA 3.79h
[23:02:04 INFO]   [200/400] running 48.50 ± 1.03% | last loss 0.3383 (ce 0.0237) | 65.0s/episode, ETA 3.61h
[23:12:54 INFO]   [210/400] running 48.50 ± 1.02% | last loss 0.3271 (ce 0.0255) | 65.0s/episode, ETA 3.43h
[23:23:44 INFO]   [220/400] running 48.34 ± 1.00% | last loss 0.4352 (ce 0.0256) | 65.0s/episode, ETA 3.25h
[23:34:34 INFO]   [230/400] running 48.41 ± 0.97% | last loss 0.3849 (ce 0.0119) | 65.0s/episode, ETA 3.07h
[23:45:24 INFO]   [240/400] running 48.23 ± 0.95% | last loss 0.4953 (ce 0.0529) | 65.0s/episode, ETA 2.89h
[23:56:14 INFO]   [250/400] running 48.15 ± 0.93% | last loss 0.3419 (ce 0.0273) | 65.0s/episode, ETA 2.71h
[00:07:04 INFO]   [260/400] running 48.18 ± 0.90% | last loss 0.4524 (ce 0.0309) | 65.0s/episode, ETA 2.53h
[00:17:53 INFO]   [270/400] running 48.11 ± 0.88% | last loss 0.3811 (ce 0.0124) | 65.0s/episode, ETA 2.35h
[00:28:42 INFO]   [280/400] running 47.97 ± 0.86% | last loss 0.3801 (ce 0.0111) | 65.0s/episode, ETA 2.17h
[00:39:32 INFO]   [290/400] running 47.95 ± 0.84% | last loss 0.4252 (ce 0.0103) | 65.0s/episode, ETA 1.99h
[00:50:22 INFO]   [300/400] running 47.99 ± 0.82% | last loss 0.5593 (ce 0.0149) | 65.0s/episode, ETA 1.81h
[01:01:12 INFO]   [310/400] running 47.91 ± 0.80% | last loss 0.4400 (ce 0.0083) | 65.0s/episode, ETA 1.62h
[01:12:01 INFO]   [320/400] running 48.02 ± 0.79% | last loss 0.8680 (ce 0.0120) | 65.0s/episode, ETA 1.44h
[01:22:51 INFO]   [330/400] running 47.96 ± 0.77% | last loss 0.4151 (ce 0.0096) | 65.0s/episode, ETA 1.26h
[01:33:40 INFO]   [340/400] running 48.00 ± 0.76% | last loss 0.3343 (ce 0.0165) | 65.0s/episode, ETA 1.08h
[01:44:30 INFO]   [350/400] running 48.02 ± 0.75% | last loss 0.1529 (ce 0.0296) | 65.0s/episode, ETA 0.90h
[01:55:18 INFO]   [360/400] running 47.98 ± 0.74% | last loss 0.2095 (ce 0.0391) | 65.0s/episode, ETA 0.72h
[02:06:08 INFO]   [370/400] running 48.00 ± 0.74% | last loss 0.6600 (ce 0.0746) | 65.0s/episode, ETA 0.54h
[02:16:58 INFO]   [380/400] running 47.96 ± 0.74% | last loss 0.3954 (ce 0.0074) | 65.0s/episode, ETA 0.36h
[02:27:46 INFO]   [390/400] running 47.94 ± 0.73% | last loss 0.2068 (ce 0.0389) | 65.0s/episode, ETA 0.18h
[02:38:35 INFO]   [400/400] running 47.98 ± 0.72% | last loss 0.3671 (ce 0.0108) | 65.0s/episode, ETA 0.00h
[02:38:35 INFO] Final (episodic, nofsr_cc_l13_l22_loraboth_r2_steps500): 47.98 ± 0.72% (n_episodes=400)
