set seed = 1
FineTune! 5 shots on ISIC dataset
ISIC iteration 0/400 : Query Acc = 60.00, Avg Acc = 60.00% +- 0.00%
ISIC | 0 / 400 Acc = 60.00% +- 0.00%
ISIC iteration 1/400 : Query Acc = 50.67, Avg Acc = 55.33% +- 6.47%
ISIC iteration 2/400 : Query Acc = 68.00, Avg Acc = 59.56% +- 8.02%
ISIC iteration 3/400 : Query Acc = 49.33, Avg Acc = 57.00% +- 7.41%
ISIC iteration 4/400 : Query Acc = 53.33, Avg Acc = 56.27% +- 6.07%
ISIC iteration 5/400 : Query Acc = 57.33, Avg Acc = 56.44% +- 5.07%
ISIC iteration 6/400 : Query Acc = 46.67, Avg Acc = 55.05% +- 5.03%
ISIC iteration 7/400 : Query Acc = 57.33, Avg Acc = 55.33% +- 4.43%
ISIC iteration 8/400 : Query Acc = 66.67, Avg Acc = 56.59% +- 4.57%
ISIC iteration 9/400 : Query Acc = 36.00, Avg Acc = 54.53% +- 5.62%
ISIC iteration 10/400 : Query Acc = 58.67, Avg Acc = 54.91% +- 5.16%
ISIC iteration 11/400 : Query Acc = 66.67, Avg Acc = 55.89% +- 5.07%
ISIC iteration 12/400 : Query Acc = 58.67, Avg Acc = 56.10% +- 4.70%
ISIC iteration 13/400 : Query Acc = 48.00, Avg Acc = 55.52% +- 4.50%
ISIC iteration 14/400 : Query Acc = 61.33, Avg Acc = 55.91% +- 4.26%
ISIC iteration 15/400 : Query Acc = 68.00, Avg Acc = 56.67% +- 4.25%
ISIC iteration 16/400 : Query Acc = 54.67, Avg Acc = 56.55% +- 4.00%
ISIC iteration 17/400 : Query Acc = 49.33, Avg Acc = 56.15% +- 3.86%
ISIC iteration 18/400 : Query Acc = 45.33, Avg Acc = 55.58% +- 3.81%
ISIC iteration 19/400 : Query Acc = 62.67, Avg Acc = 55.93% +- 3.68%
ISIC iteration 20/400 : Query Acc = 56.00, Avg Acc = 55.94% +- 3.51%
ISIC iteration 21/400 : Query Acc = 38.67, Avg Acc = 55.15% +- 3.67%
ISIC iteration 22/400 : Query Acc = 48.00, Avg Acc = 54.84% +- 3.56%
ISIC iteration 23/400 : Query Acc = 58.67, Avg Acc = 55.00% +- 3.43%
ISIC iteration 24/400 : Query Acc = 69.33, Avg Acc = 55.57% +- 3.47%
ISIC iteration 25/400 : Query Acc = 54.67, Avg Acc = 55.54% +- 3.34%
ISIC iteration 26/400 : Query Acc = 40.00, Avg Acc = 54.96% +- 3.40%
ISIC iteration 27/400 : Query Acc = 53.33, Avg Acc = 54.90% +- 3.28%
ISIC iteration 28/400 : Query Acc = 49.33, Avg Acc = 54.71% +- 3.19%
ISIC iteration 29/400 : Query Acc = 44.00, Avg Acc = 54.36% +- 3.16%
ISIC iteration 30/400 : Query Acc = 60.00, Avg Acc = 54.54% +- 3.08%
ISIC iteration 31/400 : Query Acc = 53.33, Avg Acc = 54.50% +- 2.98%
ISIC iteration 32/400 : Query Acc = 52.00, Avg Acc = 54.42% +- 2.89%
ISIC iteration 33/400 : Query Acc = 36.00, Avg Acc = 53.88% +- 3.00%
ISIC iteration 34/400 : Query Acc = 68.00, Avg Acc = 54.29% +- 3.01%
ISIC iteration 35/400 : Query Acc = 58.67, Avg Acc = 54.41% +- 2.94%
ISIC iteration 36/400 : Query Acc = 56.00, Avg Acc = 54.45% +- 2.86%
ISIC iteration 37/400 : Query Acc = 45.33, Avg Acc = 54.21% +- 2.82%
ISIC iteration 38/400 : Query Acc = 53.33, Avg Acc = 54.19% +- 2.75%
ISIC iteration 39/400 : Query Acc = 60.00, Avg Acc = 54.33% +- 2.70%
ISIC iteration 40/400 : Query Acc = 41.33, Avg Acc = 54.02% +- 2.70%
ISIC iteration 41/400 : Query Acc = 46.67, Avg Acc = 53.84% +- 2.66%
ISIC iteration 42/400 : Query Acc = 65.33, Avg Acc = 54.11% +- 2.65%
ISIC iteration 43/400 : Query Acc = 50.67, Avg Acc = 54.03% +- 2.59%
ISIC iteration 44/400 : Query Acc = 62.67, Avg Acc = 54.22% +- 2.56%
ISIC iteration 45/400 : Query Acc = 46.67, Avg Acc = 54.06% +- 2.53%
ISIC iteration 46/400 : Query Acc = 49.33, Avg Acc = 53.96% +- 2.48%
ISIC iteration 47/400 : Query Acc = 60.00, Avg Acc = 54.08% +- 2.44%
ISIC iteration 48/400 : Query Acc = 60.00, Avg Acc = 54.20% +- 2.40%
ISIC iteration 49/400 : Query Acc = 61.33, Avg Acc = 54.35% +- 2.37%
ISIC iteration 50/400 : Query Acc = 40.00, Avg Acc = 54.07% +- 2.39%
ISIC iteration 51/400 : Query Acc = 48.00, Avg Acc = 53.95% +- 2.35%
ISIC iteration 52/400 : Query Acc = 61.33, Avg Acc = 54.09% +- 2.32%
ISIC iteration 53/400 : Query Acc = 48.00, Avg Acc = 53.98% +- 2.29%
ISIC iteration 54/400 : Query Acc = 48.00, Avg Acc = 53.87% +- 2.26%
ISIC iteration 55/400 : Query Acc = 54.67, Avg Acc = 53.88% +- 2.22%
ISIC iteration 56/400 : Query Acc = 50.67, Avg Acc = 53.82% +- 2.18%
ISIC iteration 57/400 : Query Acc = 50.67, Avg Acc = 53.77% +- 2.15%
ISIC iteration 58/400 : Query Acc = 60.00, Avg Acc = 53.88% +- 2.12%
ISIC iteration 59/400 : Query Acc = 65.33, Avg Acc = 54.07% +- 2.12%
ISIC iteration 60/400 : Query Acc = 62.67, Avg Acc = 54.21% +- 2.10%
ISIC iteration 61/400 : Query Acc = 52.00, Avg Acc = 54.17% +- 2.07%
ISIC iteration 62/400 : Query Acc = 53.33, Avg Acc = 54.16% +- 2.04%
ISIC iteration 63/400 : Query Acc = 49.33, Avg Acc = 54.08% +- 2.01%
ISIC iteration 64/400 : Query Acc = 48.00, Avg Acc = 53.99% +- 1.99%
ISIC iteration 65/400 : Query Acc = 52.00, Avg Acc = 53.96% +- 1.96%
ISIC iteration 66/400 : Query Acc = 60.00, Avg Acc = 54.05% +- 1.94%
ISIC iteration 67/400 : Query Acc = 65.33, Avg Acc = 54.22% +- 1.94%
ISIC iteration 68/400 : Query Acc = 41.33, Avg Acc = 54.03% +- 1.94%
ISIC iteration 69/400 : Query Acc = 56.00, Avg Acc = 54.06% +- 1.92%
ISIC iteration 70/400 : Query Acc = 66.67, Avg Acc = 54.23% +- 1.92%
ISIC iteration 71/400 : Query Acc = 69.33, Avg Acc = 54.44% +- 1.94%
ISIC iteration 72/400 : Query Acc = 44.00, Avg Acc = 54.30% +- 1.93%
ISIC iteration 73/400 : Query Acc = 40.00, Avg Acc = 54.11% +- 1.94%
ISIC iteration 74/400 : Query Acc = 52.00, Avg Acc = 54.08% +- 1.92%
ISIC iteration 75/400 : Query Acc = 65.33, Avg Acc = 54.23% +- 1.91%
ISIC iteration 76/400 : Query Acc = 52.00, Avg Acc = 54.20% +- 1.89%
ISIC iteration 77/400 : Query Acc = 56.00, Avg Acc = 54.22% +- 1.87%
ISIC iteration 78/400 : Query Acc = 40.00, Avg Acc = 54.04% +- 1.87%
ISIC iteration 79/400 : Query Acc = 52.00, Avg Acc = 54.02% +- 1.85%
ISIC iteration 80/400 : Query Acc = 40.00, Avg Acc = 53.84% +- 1.86%
ISIC iteration 81/400 : Query Acc = 49.33, Avg Acc = 53.79% +- 1.84%
ISIC iteration 82/400 : Query Acc = 49.33, Avg Acc = 53.73% +- 1.82%
ISIC iteration 83/400 : Query Acc = 50.67, Avg Acc = 53.70% +- 1.80%
ISIC iteration 84/400 : Query Acc = 53.33, Avg Acc = 53.69% +- 1.78%
ISIC iteration 85/400 : Query Acc = 45.33, Avg Acc = 53.60% +- 1.77%
ISIC iteration 86/400 : Query Acc = 48.00, Avg Acc = 53.53% +- 1.75%
ISIC iteration 87/400 : Query Acc = 44.00, Avg Acc = 53.42% +- 1.75%
ISIC iteration 88/400 : Query Acc = 46.67, Avg Acc = 53.35% +- 1.73%
ISIC iteration 89/400 : Query Acc = 65.33, Avg Acc = 53.48% +- 1.73%
ISIC iteration 90/400 : Query Acc = 64.00, Avg Acc = 53.60% +- 1.73%
ISIC iteration 91/400 : Query Acc = 53.33, Avg Acc = 53.59% +- 1.71%
ISIC iteration 92/400 : Query Acc = 34.67, Avg Acc = 53.39% +- 1.74%
ISIC iteration 93/400 : Query Acc = 54.67, Avg Acc = 53.40% +- 1.72%
ISIC iteration 94/400 : Query Acc = 60.00, Avg Acc = 53.47% +- 1.71%
ISIC iteration 95/400 : Query Acc = 44.00, Avg Acc = 53.38% +- 1.70%
ISIC iteration 96/400 : Query Acc = 49.33, Avg Acc = 53.33% +- 1.68%
ISIC iteration 97/400 : Query Acc = 52.00, Avg Acc = 53.32% +- 1.67%
ISIC iteration 98/400 : Query Acc = 61.33, Avg Acc = 53.40% +- 1.66%
ISIC iteration 99/400 : Query Acc = 73.33, Avg Acc = 53.60% +- 1.69%
ISIC iteration 100/400 : Query Acc = 60.00, Avg Acc = 53.66% +- 1.67%
ISIC | 100 / 400 Acc = 53.66% +- 1.67%
ISIC iteration 101/400 : Query Acc = 62.67, Avg Acc = 53.75% +- 1.67%
ISIC iteration 102/400 : Query Acc = 50.67, Avg Acc = 53.72% +- 1.65%
ISIC iteration 103/400 : Query Acc = 48.00, Avg Acc = 53.67% +- 1.64%
ISIC iteration 104/400 : Query Acc = 64.00, Avg Acc = 53.77% +- 1.64%
ISIC iteration 105/400 : Query Acc = 46.67, Avg Acc = 53.70% +- 1.63%
ISIC iteration 106/400 : Query Acc = 45.33, Avg Acc = 53.62% +- 1.62%
ISIC iteration 107/400 : Query Acc = 50.67, Avg Acc = 53.59% +- 1.60%
ISIC iteration 108/400 : Query Acc = 34.67, Avg Acc = 53.42% +- 1.62%
ISIC iteration 109/400 : Query Acc = 58.67, Avg Acc = 53.47% +- 1.61%
ISIC iteration 110/400 : Query Acc = 49.33, Avg Acc = 53.43% +- 1.60%
ISIC iteration 111/400 : Query Acc = 52.00, Avg Acc = 53.42% +- 1.59%
ISIC iteration 112/400 : Query Acc = 38.67, Avg Acc = 53.29% +- 1.59%
ISIC iteration 113/400 : Query Acc = 49.33, Avg Acc = 53.25% +- 1.58%
ISIC iteration 114/400 : Query Acc = 54.67, Avg Acc = 53.26% +- 1.57%
ISIC iteration 115/400 : Query Acc = 40.00, Avg Acc = 53.15% +- 1.57%
ISIC iteration 116/400 : Query Acc = 54.67, Avg Acc = 53.16% +- 1.55%
ISIC iteration 117/400 : Query Acc = 37.33, Avg Acc = 53.03% +- 1.56%
ISIC iteration 118/400 : Query Acc = 52.00, Avg Acc = 53.02% +- 1.55%
ISIC iteration 119/400 : Query Acc = 70.67, Avg Acc = 53.17% +- 1.56%
ISIC iteration 120/400 : Query Acc = 58.67, Avg Acc = 53.21% +- 1.55%
ISIC iteration 121/400 : Query Acc = 48.00, Avg Acc = 53.17% +- 1.54%
ISIC iteration 122/400 : Query Acc = 50.67, Avg Acc = 53.15% +- 1.53%
ISIC iteration 123/400 : Query Acc = 49.33, Avg Acc = 53.12% +- 1.52%
ISIC iteration 124/400 : Query Acc = 53.33, Avg Acc = 53.12% +- 1.51%
ISIC iteration 125/400 : Query Acc = 65.33, Avg Acc = 53.22% +- 1.51%
ISIC iteration 126/400 : Query Acc = 46.67, Avg Acc = 53.17% +- 1.50%
ISIC iteration 127/400 : Query Acc = 46.67, Avg Acc = 53.11% +- 1.49%
ISIC iteration 128/400 : Query Acc = 53.33, Avg Acc = 53.12% +- 1.48%
ISIC iteration 129/400 : Query Acc = 46.67, Avg Acc = 53.07% +- 1.47%
ISIC iteration 130/400 : Query Acc = 56.00, Avg Acc = 53.09% +- 1.46%
ISIC iteration 131/400 : Query Acc = 48.00, Avg Acc = 53.05% +- 1.45%
ISIC iteration 132/400 : Query Acc = 42.67, Avg Acc = 52.97% +- 1.45%
ISIC iteration 133/400 : Query Acc = 53.33, Avg Acc = 52.98% +- 1.44%
ISIC iteration 134/400 : Query Acc = 44.00, Avg Acc = 52.91% +- 1.43%
ISIC iteration 135/400 : Query Acc = 54.67, Avg Acc = 52.92% +- 1.42%
ISIC iteration 136/400 : Query Acc = 66.67, Avg Acc = 53.02% +- 1.43%
ISIC iteration 137/400 : Query Acc = 49.33, Avg Acc = 53.00% +- 1.42%
ISIC iteration 138/400 : Query Acc = 42.67, Avg Acc = 52.92% +- 1.41%
ISIC iteration 139/400 : Query Acc = 54.67, Avg Acc = 52.93% +- 1.40%
ISIC iteration 140/400 : Query Acc = 54.67, Avg Acc = 52.95% +- 1.39%
ISIC iteration 141/400 : Query Acc = 56.00, Avg Acc = 52.97% +- 1.39%
ISIC iteration 142/400 : Query Acc = 50.67, Avg Acc = 52.95% +- 1.38%
ISIC iteration 143/400 : Query Acc = 60.00, Avg Acc = 53.00% +- 1.37%
ISIC iteration 144/400 : Query Acc = 48.00, Avg Acc = 52.97% +- 1.36%
ISIC iteration 145/400 : Query Acc = 50.67, Avg Acc = 52.95% +- 1.35%
ISIC iteration 146/400 : Query Acc = 62.67, Avg Acc = 53.02% +- 1.35%
ISIC iteration 147/400 : Query Acc = 41.33, Avg Acc = 52.94% +- 1.35%
ISIC iteration 148/400 : Query Acc = 56.00, Avg Acc = 52.96% +- 1.34%
ISIC iteration 149/400 : Query Acc = 56.00, Avg Acc = 52.98% +- 1.33%
ISIC iteration 150/400 : Query Acc = 54.67, Avg Acc = 52.99% +- 1.32%
ISIC iteration 151/400 : Query Acc = 46.67, Avg Acc = 52.95% +- 1.32%
ISIC iteration 152/400 : Query Acc = 56.00, Avg Acc = 52.97% +- 1.31%
ISIC iteration 153/400 : Query Acc = 48.00, Avg Acc = 52.94% +- 1.30%
ISIC iteration 154/400 : Query Acc = 48.00, Avg Acc = 52.90% +- 1.30%
ISIC iteration 155/400 : Query Acc = 56.00, Avg Acc = 52.92% +- 1.29%
ISIC iteration 156/400 : Query Acc = 52.00, Avg Acc = 52.92% +- 1.28%
ISIC iteration 157/400 : Query Acc = 64.00, Avg Acc = 52.99% +- 1.28%
ISIC iteration 158/400 : Query Acc = 58.67, Avg Acc = 53.02% +- 1.27%
ISIC iteration 159/400 : Query Acc = 52.00, Avg Acc = 53.02% +- 1.27%
ISIC iteration 160/400 : Query Acc = 46.67, Avg Acc = 52.98% +- 1.26%
ISIC iteration 161/400 : Query Acc = 50.67, Avg Acc = 52.96% +- 1.25%
ISIC iteration 162/400 : Query Acc = 52.00, Avg Acc = 52.96% +- 1.24%
ISIC iteration 163/400 : Query Acc = 34.67, Avg Acc = 52.85% +- 1.26%
ISIC iteration 164/400 : Query Acc = 37.33, Avg Acc = 52.75% +- 1.26%
ISIC iteration 165/400 : Query Acc = 38.67, Avg Acc = 52.67% +- 1.27%
ISIC iteration 166/400 : Query Acc = 60.00, Avg Acc = 52.71% +- 1.26%
ISIC iteration 167/400 : Query Acc = 57.33, Avg Acc = 52.74% +- 1.25%
ISIC iteration 168/400 : Query Acc = 49.33, Avg Acc = 52.72% +- 1.25%
ISIC iteration 169/400 : Query Acc = 57.33, Avg Acc = 52.75% +- 1.24%
ISIC iteration 170/400 : Query Acc = 49.33, Avg Acc = 52.73% +- 1.23%
ISIC iteration 171/400 : Query Acc = 62.67, Avg Acc = 52.78% +- 1.23%
ISIC iteration 172/400 : Query Acc = 54.67, Avg Acc = 52.79% +- 1.23%
ISIC iteration 173/400 : Query Acc = 54.67, Avg Acc = 52.80% +- 1.22%
ISIC iteration 174/400 : Query Acc = 46.67, Avg Acc = 52.77% +- 1.21%
ISIC iteration 175/400 : Query Acc = 57.33, Avg Acc = 52.80% +- 1.21%
ISIC iteration 176/400 : Query Acc = 50.67, Avg Acc = 52.78% +- 1.20%
ISIC iteration 177/400 : Query Acc = 52.00, Avg Acc = 52.78% +- 1.19%
ISIC iteration 178/400 : Query Acc = 62.67, Avg Acc = 52.83% +- 1.19%
ISIC iteration 179/400 : Query Acc = 65.33, Avg Acc = 52.90% +- 1.19%
ISIC iteration 180/400 : Query Acc = 53.33, Avg Acc = 52.91% +- 1.19%
ISIC iteration 181/400 : Query Acc = 61.33, Avg Acc = 52.95% +- 1.18%
ISIC iteration 182/400 : Query Acc = 57.33, Avg Acc = 52.98% +- 1.18%
ISIC iteration 183/400 : Query Acc = 61.33, Avg Acc = 53.02% +- 1.18%
ISIC iteration 184/400 : Query Acc = 37.33, Avg Acc = 52.94% +- 1.18%
ISIC iteration 185/400 : Query Acc = 53.33, Avg Acc = 52.94% +- 1.17%
ISIC iteration 186/400 : Query Acc = 46.67, Avg Acc = 52.91% +- 1.17%
ISIC iteration 187/400 : Query Acc = 52.00, Avg Acc = 52.90% +- 1.16%
ISIC iteration 188/400 : Query Acc = 50.67, Avg Acc = 52.89% +- 1.16%
ISIC iteration 189/400 : Query Acc = 44.00, Avg Acc = 52.84% +- 1.16%
ISIC iteration 190/400 : Query Acc = 54.67, Avg Acc = 52.85% +- 1.15%
ISIC iteration 191/400 : Query Acc = 62.67, Avg Acc = 52.90% +- 1.15%
ISIC iteration 192/400 : Query Acc = 52.00, Avg Acc = 52.90% +- 1.14%
ISIC iteration 193/400 : Query Acc = 56.00, Avg Acc = 52.91% +- 1.14%
ISIC iteration 194/400 : Query Acc = 45.33, Avg Acc = 52.88% +- 1.13%
ISIC iteration 195/400 : Query Acc = 46.67, Avg Acc = 52.84% +- 1.13%
ISIC iteration 196/400 : Query Acc = 53.33, Avg Acc = 52.85% +- 1.12%
ISIC iteration 197/400 : Query Acc = 44.00, Avg Acc = 52.80% +- 1.12%
ISIC iteration 198/400 : Query Acc = 50.67, Avg Acc = 52.79% +- 1.12%
ISIC iteration 199/400 : Query Acc = 61.33, Avg Acc = 52.83% +- 1.11%
ISIC iteration 200/400 : Query Acc = 48.00, Avg Acc = 52.81% +- 1.11%
ISIC | 200 / 400 Acc = 52.81% +- 1.11%
ISIC iteration 201/400 : Query Acc = 53.33, Avg Acc = 52.81% +- 1.10%
ISIC iteration 202/400 : Query Acc = 57.33, Avg Acc = 52.83% +- 1.10%
ISIC iteration 203/400 : Query Acc = 66.67, Avg Acc = 52.90% +- 1.10%
ISIC iteration 204/400 : Query Acc = 58.67, Avg Acc = 52.93% +- 1.10%
ISIC iteration 205/400 : Query Acc = 56.00, Avg Acc = 52.94% +- 1.09%
ISIC iteration 206/400 : Query Acc = 66.67, Avg Acc = 53.01% +- 1.10%
ISIC iteration 207/400 : Query Acc = 44.00, Avg Acc = 52.97% +- 1.09%
ISIC iteration 208/400 : Query Acc = 33.33, Avg Acc = 52.87% +- 1.10%
ISIC iteration 209/400 : Query Acc = 45.33, Avg Acc = 52.84% +- 1.10%
ISIC iteration 210/400 : Query Acc = 40.00, Avg Acc = 52.78% +- 1.10%
ISIC iteration 211/400 : Query Acc = 40.00, Avg Acc = 52.72% +- 1.10%
ISIC iteration 212/400 : Query Acc = 58.67, Avg Acc = 52.74% +- 1.10%
ISIC iteration 213/400 : Query Acc = 57.33, Avg Acc = 52.77% +- 1.09%
ISIC iteration 214/400 : Query Acc = 60.00, Avg Acc = 52.80% +- 1.09%
ISIC iteration 215/400 : Query Acc = 56.00, Avg Acc = 52.81% +- 1.09%
ISIC iteration 216/400 : Query Acc = 58.67, Avg Acc = 52.84% +- 1.08%
ISIC iteration 217/400 : Query Acc = 53.33, Avg Acc = 52.84% +- 1.08%
ISIC iteration 218/400 : Query Acc = 58.67, Avg Acc = 52.87% +- 1.07%
ISIC iteration 219/400 : Query Acc = 53.33, Avg Acc = 52.87% +- 1.07%
ISIC iteration 220/400 : Query Acc = 53.33, Avg Acc = 52.87% +- 1.06%
ISIC iteration 221/400 : Query Acc = 56.00, Avg Acc = 52.89% +- 1.06%
ISIC iteration 222/400 : Query Acc = 54.67, Avg Acc = 52.90% +- 1.06%
ISIC iteration 223/400 : Query Acc = 66.67, Avg Acc = 52.96% +- 1.06%
ISIC iteration 224/400 : Query Acc = 41.33, Avg Acc = 52.91% +- 1.06%
ISIC iteration 225/400 : Query Acc = 60.00, Avg Acc = 52.94% +- 1.05%
ISIC iteration 226/400 : Query Acc = 61.33, Avg Acc = 52.98% +- 1.05%
ISIC iteration 227/400 : Query Acc = 65.33, Avg Acc = 53.03% +- 1.05%
ISIC iteration 228/400 : Query Acc = 65.33, Avg Acc = 53.08% +- 1.05%
ISIC iteration 229/400 : Query Acc = 46.67, Avg Acc = 53.06% +- 1.05%
ISIC iteration 230/400 : Query Acc = 62.67, Avg Acc = 53.10% +- 1.05%
ISIC iteration 231/400 : Query Acc = 60.00, Avg Acc = 53.13% +- 1.05%
ISIC iteration 232/400 : Query Acc = 62.67, Avg Acc = 53.17% +- 1.05%
ISIC iteration 233/400 : Query Acc = 36.00, Avg Acc = 53.09% +- 1.05%
ISIC iteration 234/400 : Query Acc = 49.33, Avg Acc = 53.08% +- 1.05%
ISIC iteration 235/400 : Query Acc = 57.33, Avg Acc = 53.10% +- 1.04%
ISIC iteration 236/400 : Query Acc = 53.33, Avg Acc = 53.10% +- 1.04%
ISIC iteration 237/400 : Query Acc = 54.67, Avg Acc = 53.10% +- 1.03%
ISIC iteration 238/400 : Query Acc = 65.33, Avg Acc = 53.15% +- 1.03%
ISIC iteration 239/400 : Query Acc = 45.33, Avg Acc = 53.12% +- 1.03%
ISIC iteration 240/400 : Query Acc = 69.33, Avg Acc = 53.19% +- 1.04%
ISIC iteration 241/400 : Query Acc = 57.33, Avg Acc = 53.21% +- 1.03%
ISIC iteration 242/400 : Query Acc = 65.33, Avg Acc = 53.26% +- 1.03%
ISIC iteration 243/400 : Query Acc = 57.33, Avg Acc = 53.27% +- 1.03%
ISIC iteration 244/400 : Query Acc = 61.33, Avg Acc = 53.31% +- 1.03%
ISIC iteration 245/400 : Query Acc = 44.00, Avg Acc = 53.27% +- 1.03%
ISIC iteration 246/400 : Query Acc = 42.67, Avg Acc = 53.23% +- 1.02%
ISIC iteration 247/400 : Query Acc = 62.67, Avg Acc = 53.26% +- 1.02%
ISIC iteration 248/400 : Query Acc = 65.33, Avg Acc = 53.31% +- 1.02%
ISIC iteration 249/400 : Query Acc = 61.33, Avg Acc = 53.34% +- 1.02%
ISIC iteration 250/400 : Query Acc = 52.00, Avg Acc = 53.34% +- 1.02%
ISIC iteration 251/400 : Query Acc = 52.00, Avg Acc = 53.33% +- 1.01%
ISIC iteration 252/400 : Query Acc = 50.67, Avg Acc = 53.32% +- 1.01%
ISIC iteration 253/400 : Query Acc = 57.33, Avg Acc = 53.34% +- 1.01%
ISIC iteration 254/400 : Query Acc = 56.00, Avg Acc = 53.35% +- 1.00%
ISIC iteration 255/400 : Query Acc = 66.67, Avg Acc = 53.40% +- 1.00%
ISIC iteration 256/400 : Query Acc = 57.33, Avg Acc = 53.42% +- 1.00%
ISIC iteration 257/400 : Query Acc = 50.67, Avg Acc = 53.41% +- 1.00%
ISIC iteration 258/400 : Query Acc = 57.33, Avg Acc = 53.42% +- 0.99%
ISIC iteration 259/400 : Query Acc = 61.33, Avg Acc = 53.45% +- 0.99%
ISIC iteration 260/400 : Query Acc = 52.00, Avg Acc = 53.45% +- 0.99%
ISIC iteration 261/400 : Query Acc = 58.67, Avg Acc = 53.47% +- 0.98%
ISIC iteration 262/400 : Query Acc = 53.33, Avg Acc = 53.47% +- 0.98%
ISIC iteration 263/400 : Query Acc = 52.00, Avg Acc = 53.46% +- 0.98%
ISIC iteration 264/400 : Query Acc = 40.00, Avg Acc = 53.41% +- 0.98%
ISIC iteration 265/400 : Query Acc = 42.67, Avg Acc = 53.37% +- 0.98%
ISIC iteration 266/400 : Query Acc = 58.67, Avg Acc = 53.39% +- 0.98%
ISIC iteration 267/400 : Query Acc = 46.67, Avg Acc = 53.36% +- 0.97%
ISIC iteration 268/400 : Query Acc = 52.00, Avg Acc = 53.36% +- 0.97%
ISIC iteration 269/400 : Query Acc = 49.33, Avg Acc = 53.34% +- 0.97%
ISIC iteration 270/400 : Query Acc = 61.33, Avg Acc = 53.37% +- 0.96%
ISIC iteration 271/400 : Query Acc = 57.33, Avg Acc = 53.39% +- 0.96%
ISIC iteration 272/400 : Query Acc = 46.67, Avg Acc = 53.36% +- 0.96%
ISIC iteration 273/400 : Query Acc = 40.00, Avg Acc = 53.31% +- 0.96%
ISIC iteration 274/400 : Query Acc = 40.00, Avg Acc = 53.27% +- 0.96%
ISIC iteration 275/400 : Query Acc = 58.67, Avg Acc = 53.29% +- 0.96%
ISIC iteration 276/400 : Query Acc = 42.67, Avg Acc = 53.25% +- 0.96%
ISIC iteration 277/400 : Query Acc = 60.00, Avg Acc = 53.27% +- 0.96%
ISIC iteration 278/400 : Query Acc = 58.67, Avg Acc = 53.29% +- 0.95%
ISIC iteration 279/400 : Query Acc = 68.00, Avg Acc = 53.34% +- 0.96%
ISIC iteration 280/400 : Query Acc = 48.00, Avg Acc = 53.32% +- 0.95%
ISIC iteration 281/400 : Query Acc = 48.00, Avg Acc = 53.30% +- 0.95%
ISIC iteration 282/400 : Query Acc = 60.00, Avg Acc = 53.33% +- 0.95%
ISIC iteration 283/400 : Query Acc = 60.00, Avg Acc = 53.35% +- 0.95%
ISIC iteration 284/400 : Query Acc = 37.33, Avg Acc = 53.30% +- 0.95%
ISIC iteration 285/400 : Query Acc = 50.67, Avg Acc = 53.29% +- 0.95%
ISIC iteration 286/400 : Query Acc = 58.67, Avg Acc = 53.31% +- 0.94%
ISIC iteration 287/400 : Query Acc = 34.67, Avg Acc = 53.24% +- 0.95%
ISIC iteration 288/400 : Query Acc = 62.67, Avg Acc = 53.27% +- 0.95%
ISIC iteration 289/400 : Query Acc = 45.33, Avg Acc = 53.25% +- 0.95%
ISIC iteration 290/400 : Query Acc = 56.00, Avg Acc = 53.26% +- 0.94%
ISIC iteration 291/400 : Query Acc = 56.00, Avg Acc = 53.26% +- 0.94%
ISIC iteration 292/400 : Query Acc = 54.67, Avg Acc = 53.27% +- 0.94%
ISIC iteration 293/400 : Query Acc = 46.67, Avg Acc = 53.25% +- 0.93%
ISIC iteration 294/400 : Query Acc = 48.00, Avg Acc = 53.23% +- 0.93%
ISIC iteration 295/400 : Query Acc = 53.33, Avg Acc = 53.23% +- 0.93%
ISIC iteration 296/400 : Query Acc = 45.33, Avg Acc = 53.20% +- 0.93%
ISIC iteration 297/400 : Query Acc = 57.33, Avg Acc = 53.22% +- 0.92%
ISIC iteration 298/400 : Query Acc = 49.33, Avg Acc = 53.20% +- 0.92%
ISIC iteration 299/400 : Query Acc = 48.00, Avg Acc = 53.19% +- 0.92%
ISIC iteration 300/400 : Query Acc = 57.33, Avg Acc = 53.20% +- 0.92%
ISIC | 300 / 400 Acc = 53.20% +- 0.92%
ISIC iteration 301/400 : Query Acc = 44.00, Avg Acc = 53.17% +- 0.91%
ISIC iteration 302/400 : Query Acc = 54.67, Avg Acc = 53.17% +- 0.91%
ISIC iteration 303/400 : Query Acc = 48.00, Avg Acc = 53.16% +- 0.91%
ISIC iteration 304/400 : Query Acc = 53.33, Avg Acc = 53.16% +- 0.91%
ISIC iteration 305/400 : Query Acc = 68.00, Avg Acc = 53.21% +- 0.91%
ISIC iteration 306/400 : Query Acc = 65.33, Avg Acc = 53.25% +- 0.91%
ISIC iteration 307/400 : Query Acc = 52.00, Avg Acc = 53.24% +- 0.91%
ISIC iteration 308/400 : Query Acc = 60.00, Avg Acc = 53.26% +- 0.90%
ISIC iteration 309/400 : Query Acc = 54.67, Avg Acc = 53.27% +- 0.90%
ISIC iteration 310/400 : Query Acc = 64.00, Avg Acc = 53.30% +- 0.90%
ISIC iteration 311/400 : Query Acc = 52.00, Avg Acc = 53.30% +- 0.90%
ISIC iteration 312/400 : Query Acc = 56.00, Avg Acc = 53.31% +- 0.90%
ISIC iteration 313/400 : Query Acc = 30.67, Avg Acc = 53.24% +- 0.90%
ISIC iteration 314/400 : Query Acc = 62.67, Avg Acc = 53.27% +- 0.90%
ISIC iteration 315/400 : Query Acc = 48.00, Avg Acc = 53.25% +- 0.90%
ISIC iteration 316/400 : Query Acc = 48.00, Avg Acc = 53.23% +- 0.90%
ISIC iteration 317/400 : Query Acc = 53.33, Avg Acc = 53.23% +- 0.90%
ISIC iteration 318/400 : Query Acc = 49.33, Avg Acc = 53.22% +- 0.89%
ISIC iteration 319/400 : Query Acc = 50.67, Avg Acc = 53.21% +- 0.89%
ISIC iteration 320/400 : Query Acc = 46.67, Avg Acc = 53.19% +- 0.89%
ISIC iteration 321/400 : Query Acc = 32.00, Avg Acc = 53.13% +- 0.89%
ISIC iteration 322/400 : Query Acc = 49.33, Avg Acc = 53.11% +- 0.89%
ISIC iteration 323/400 : Query Acc = 54.67, Avg Acc = 53.12% +- 0.89%
ISIC iteration 324/400 : Query Acc = 57.33, Avg Acc = 53.13% +- 0.89%
ISIC iteration 325/400 : Query Acc = 56.00, Avg Acc = 53.14% +- 0.88%
ISIC iteration 326/400 : Query Acc = 58.67, Avg Acc = 53.16% +- 0.88%
ISIC iteration 327/400 : Query Acc = 44.00, Avg Acc = 53.13% +- 0.88%
ISIC iteration 328/400 : Query Acc = 56.00, Avg Acc = 53.14% +- 0.88%
ISIC iteration 329/400 : Query Acc = 45.33, Avg Acc = 53.12% +- 0.88%
ISIC iteration 330/400 : Query Acc = 49.33, Avg Acc = 53.10% +- 0.88%
ISIC iteration 331/400 : Query Acc = 69.33, Avg Acc = 53.15% +- 0.88%
ISIC iteration 332/400 : Query Acc = 53.33, Avg Acc = 53.15% +- 0.88%
ISIC iteration 333/400 : Query Acc = 54.67, Avg Acc = 53.16% +- 0.87%
ISIC iteration 334/400 : Query Acc = 36.00, Avg Acc = 53.11% +- 0.88%
ISIC iteration 335/400 : Query Acc = 57.33, Avg Acc = 53.12% +- 0.87%
ISIC iteration 336/400 : Query Acc = 45.33, Avg Acc = 53.10% +- 0.87%
ISIC iteration 337/400 : Query Acc = 45.33, Avg Acc = 53.07% +- 0.87%
ISIC iteration 338/400 : Query Acc = 41.33, Avg Acc = 53.04% +- 0.87%
ISIC iteration 339/400 : Query Acc = 54.67, Avg Acc = 53.04% +- 0.87%
ISIC iteration 340/400 : Query Acc = 57.33, Avg Acc = 53.06% +- 0.87%
ISIC iteration 341/400 : Query Acc = 57.33, Avg Acc = 53.07% +- 0.86%
ISIC iteration 342/400 : Query Acc = 53.33, Avg Acc = 53.07% +- 0.86%
ISIC iteration 343/400 : Query Acc = 50.67, Avg Acc = 53.06% +- 0.86%
ISIC iteration 344/400 : Query Acc = 48.00, Avg Acc = 53.05% +- 0.86%
ISIC iteration 345/400 : Query Acc = 45.33, Avg Acc = 53.03% +- 0.86%
ISIC iteration 346/400 : Query Acc = 54.67, Avg Acc = 53.03% +- 0.85%
ISIC iteration 347/400 : Query Acc = 46.67, Avg Acc = 53.01% +- 0.85%
ISIC iteration 348/400 : Query Acc = 53.33, Avg Acc = 53.01% +- 0.85%
ISIC iteration 349/400 : Query Acc = 57.33, Avg Acc = 53.02% +- 0.85%
ISIC iteration 350/400 : Query Acc = 54.67, Avg Acc = 53.03% +- 0.84%
ISIC iteration 351/400 : Query Acc = 36.00, Avg Acc = 52.98% +- 0.85%
ISIC iteration 352/400 : Query Acc = 64.00, Avg Acc = 53.01% +- 0.85%
ISIC iteration 353/400 : Query Acc = 60.00, Avg Acc = 53.03% +- 0.85%
ISIC iteration 354/400 : Query Acc = 50.67, Avg Acc = 53.03% +- 0.84%
ISIC iteration 355/400 : Query Acc = 40.00, Avg Acc = 52.99% +- 0.84%
ISIC iteration 356/400 : Query Acc = 58.67, Avg Acc = 53.00% +- 0.84%
ISIC iteration 357/400 : Query Acc = 52.00, Avg Acc = 53.00% +- 0.84%
ISIC iteration 358/400 : Query Acc = 53.33, Avg Acc = 53.00% +- 0.84%
ISIC iteration 359/400 : Query Acc = 61.33, Avg Acc = 53.03% +- 0.84%
ISIC iteration 360/400 : Query Acc = 56.00, Avg Acc = 53.03% +- 0.83%
ISIC iteration 361/400 : Query Acc = 48.00, Avg Acc = 53.02% +- 0.83%
ISIC iteration 362/400 : Query Acc = 52.00, Avg Acc = 53.02% +- 0.83%
ISIC iteration 363/400 : Query Acc = 44.00, Avg Acc = 52.99% +- 0.83%
ISIC iteration 364/400 : Query Acc = 57.33, Avg Acc = 53.00% +- 0.83%
ISIC iteration 365/400 : Query Acc = 64.00, Avg Acc = 53.03% +- 0.83%
ISIC iteration 366/400 : Query Acc = 49.33, Avg Acc = 53.02% +- 0.83%
ISIC iteration 367/400 : Query Acc = 53.33, Avg Acc = 53.03% +- 0.82%
ISIC iteration 368/400 : Query Acc = 57.33, Avg Acc = 53.04% +- 0.82%
ISIC iteration 369/400 : Query Acc = 52.00, Avg Acc = 53.03% +- 0.82%
ISIC iteration 370/400 : Query Acc = 50.67, Avg Acc = 53.03% +- 0.82%
ISIC iteration 371/400 : Query Acc = 56.00, Avg Acc = 53.04% +- 0.81%
ISIC iteration 372/400 : Query Acc = 45.33, Avg Acc = 53.02% +- 0.81%
ISIC iteration 373/400 : Query Acc = 49.33, Avg Acc = 53.01% +- 0.81%
ISIC iteration 374/400 : Query Acc = 50.67, Avg Acc = 53.00% +- 0.81%
ISIC iteration 375/400 : Query Acc = 62.67, Avg Acc = 53.02% +- 0.81%
ISIC iteration 376/400 : Query Acc = 73.33, Avg Acc = 53.08% +- 0.81%
ISIC iteration 377/400 : Query Acc = 65.33, Avg Acc = 53.11% +- 0.81%
ISIC iteration 378/400 : Query Acc = 56.00, Avg Acc = 53.12% +- 0.81%
ISIC iteration 379/400 : Query Acc = 52.00, Avg Acc = 53.12% +- 0.81%
ISIC iteration 380/400 : Query Acc = 42.67, Avg Acc = 53.09% +- 0.81%
ISIC iteration 381/400 : Query Acc = 42.67, Avg Acc = 53.06% +- 0.81%
ISIC iteration 382/400 : Query Acc = 50.67, Avg Acc = 53.05% +- 0.81%
ISIC iteration 383/400 : Query Acc = 41.33, Avg Acc = 53.02% +- 0.81%
ISIC iteration 384/400 : Query Acc = 62.67, Avg Acc = 53.05% +- 0.81%
ISIC iteration 385/400 : Query Acc = 46.67, Avg Acc = 53.03% +- 0.81%
ISIC iteration 386/400 : Query Acc = 38.67, Avg Acc = 53.00% +- 0.81%
ISIC iteration 387/400 : Query Acc = 53.33, Avg Acc = 53.00% +- 0.80%
ISIC iteration 388/400 : Query Acc = 52.00, Avg Acc = 52.99% +- 0.80%
ISIC iteration 389/400 : Query Acc = 54.67, Avg Acc = 53.00% +- 0.80%
ISIC iteration 390/400 : Query Acc = 57.33, Avg Acc = 53.01% +- 0.80%
ISIC iteration 391/400 : Query Acc = 54.67, Avg Acc = 53.01% +- 0.80%
ISIC iteration 392/400 : Query Acc = 62.67, Avg Acc = 53.04% +- 0.80%
ISIC iteration 393/400 : Query Acc = 60.00, Avg Acc = 53.06% +- 0.79%
ISIC iteration 394/400 : Query Acc = 73.33, Avg Acc = 53.11% +- 0.80%
ISIC iteration 395/400 : Query Acc = 68.00, Avg Acc = 53.14% +- 0.80%
ISIC iteration 396/400 : Query Acc = 44.00, Avg Acc = 53.12% +- 0.80%
ISIC iteration 397/400 : Query Acc = 53.33, Avg Acc = 53.12% +- 0.80%
ISIC iteration 398/400 : Query Acc = 48.00, Avg Acc = 53.11% +- 0.80%
ISIC iteration 399/400 : Query Acc = 50.67, Avg Acc = 53.10% +- 0.79%
ISIC 400 Test Acc = 53.10% +- 0.79%
