[17:29:56 INFO] 
==================================================
[17:29:56 INFO] Evaluating: chestx (5-shot)
[17:29:58 INFO] Test dataset: ChestXDataset(split=test, n_classes=7, n_samples=6268)
[17:30:28 INFO] Loaded checkpoint: ./checkpoints_fsr_ensemble/chestx_5shot_fsr_best.pth
[17:30:28 INFO]   epoch=70, best_acc=22.86%
[17:30:28 INFO] Running 400 episodes...
[17:31:34 INFO]   Episode 10/400: 21.20 ± 2.68%
[17:32:32 INFO]   Episode 20/400: 21.80 ± 2.07%
[17:33:29 INFO]   Episode 30/400: 22.31 ± 1.69%
[17:34:23 INFO]   Episode 40/400: 22.63 ± 1.44%
[17:35:16 INFO]   Episode 50/400: 23.01 ± 1.40%
[17:36:08 INFO]   Episode 60/400: 23.20 ± 1.20%
[17:36:59 INFO]   Episode 70/400: 23.35 ± 1.07%
[17:37:52 INFO]   Episode 80/400: 23.72 ± 1.02%
[17:38:43 INFO]   Episode 90/400: 23.81 ± 0.94%
[17:39:35 INFO]   Episode 100/400: 23.59 ± 0.90%
[17:40:25 INFO]   Episode 110/400: 23.61 ± 0.86%
[17:41:09 INFO]   Episode 120/400: 23.63 ± 0.82%
[17:41:46 INFO]   Episode 130/400: 23.67 ± 0.81%
[17:42:17 INFO]   Episode 140/400: 23.76 ± 0.78%
[17:42:47 INFO]   Episode 150/400: 23.76 ± 0.73%
[17:43:17 INFO]   Episode 160/400: 23.68 ± 0.70%
[17:43:47 INFO]   Episode 170/400: 23.65 ± 0.68%
[17:44:17 INFO]   Episode 180/400: 23.56 ± 0.67%
[17:44:46 INFO]   Episode 190/400: 23.54 ± 0.65%
[17:45:16 INFO]   Episode 200/400: 23.56 ± 0.63%
[17:45:46 INFO]   Episode 210/400: 23.49 ± 0.61%
[17:46:15 INFO]   Episode 220/400: 23.55 ± 0.60%
[17:46:45 INFO]   Episode 230/400: 23.59 ± 0.59%
[17:47:14 INFO]   Episode 240/400: 23.59 ± 0.58%
[17:47:44 INFO]   Episode 250/400: 23.53 ± 0.57%
[17:48:13 INFO]   Episode 260/400: 23.46 ± 0.56%
[17:48:43 INFO]   Episode 270/400: 23.40 ± 0.56%
[17:49:13 INFO]   Episode 280/400: 23.33 ± 0.55%
[17:49:43 INFO]   Episode 290/400: 23.29 ± 0.55%
[17:50:13 INFO]   Episode 300/400: 23.38 ± 0.53%
[17:50:43 INFO]   Episode 310/400: 23.29 ± 0.52%
[17:51:13 INFO]   Episode 320/400: 23.28 ± 0.51%
[17:51:44 INFO]   Episode 330/400: 23.28 ± 0.51%
[17:52:13 INFO]   Episode 340/400: 23.30 ± 0.50%
[17:52:43 INFO]   Episode 350/400: 23.31 ± 0.49%
[17:53:13 INFO]   Episode 360/400: 23.37 ± 0.48%
[17:53:44 INFO]   Episode 370/400: 23.35 ± 0.47%
[17:54:16 INFO]   Episode 380/400: 23.27 ± 0.47%
[17:54:46 INFO]   Episode 390/400: 23.21 ± 0.47%
[17:55:17 INFO]   Episode 400/400: 23.19 ± 0.46%
[17:55:17 INFO] 
Result: 23.19 ± 0.46% (400 episodes)
[17:55:17 INFO] 
============================================================
[17:55:17 INFO] Final Summary:
[17:55:17 INFO] ============================================================
[17:55:17 INFO]   chestx          5-shot: 23.19 ± 0.46%
[17:55:17 INFO] 
[Table Format]
[17:55:17 INFO] Dataset		Mean±CI
[17:55:17 INFO] chestx	23.19±0.46
