[17:29:56 INFO] 
==================================================
[17:29:56 INFO] Evaluating: chestx (5-shot)
[17:29:58 INFO] Test dataset: ChestXDataset(split=test, n_classes=7, n_samples=6268)
[17:30:32 INFO] Loaded checkpoint: ./checkpoints_ensemble/chestx_5shot_best.pth
[17:30:32 INFO]   epoch=20, best_acc=22.91%
[17:30:32 INFO] Running 400 episodes...
[17:31:40 INFO]   Episode 10/400: 23.73 ± 4.54%
[17:32:38 INFO]   Episode 20/400: 23.53 ± 2.59%
[17:33:34 INFO]   Episode 30/400: 23.78 ± 1.87%
[17:34:28 INFO]   Episode 40/400: 23.73 ± 1.53%
[17:35:22 INFO]   Episode 50/400: 23.63 ± 1.35%
[17:36:14 INFO]   Episode 60/400: 22.87 ± 1.27%
[17:37:05 INFO]   Episode 70/400: 22.84 ± 1.20%
[17:37:57 INFO]   Episode 80/400: 23.00 ± 1.09%
[17:38:48 INFO]   Episode 90/400: 22.99 ± 1.03%
[17:39:40 INFO]   Episode 100/400: 23.24 ± 0.98%
[17:40:30 INFO]   Episode 110/400: 23.35 ± 0.93%
[17:41:13 INFO]   Episode 120/400: 23.37 ± 0.88%
[17:41:50 INFO]   Episode 130/400: 23.49 ± 0.86%
[17:42:22 INFO]   Episode 140/400: 23.47 ± 0.82%
[17:42:52 INFO]   Episode 150/400: 23.40 ± 0.78%
[17:43:22 INFO]   Episode 160/400: 23.57 ± 0.80%
[17:43:51 INFO]   Episode 170/400: 23.68 ± 0.77%
[17:44:21 INFO]   Episode 180/400: 23.61 ± 0.75%
[17:44:51 INFO]   Episode 190/400: 23.68 ± 0.73%
[17:45:20 INFO]   Episode 200/400: 23.65 ± 0.72%
[17:45:50 INFO]   Episode 210/400: 23.62 ± 0.70%
[17:46:20 INFO]   Episode 220/400: 23.58 ± 0.69%
[17:46:49 INFO]   Episode 230/400: 23.71 ± 0.67%
[17:47:19 INFO]   Episode 240/400: 23.68 ± 0.65%
[17:47:48 INFO]   Episode 250/400: 23.57 ± 0.64%
[17:48:18 INFO]   Episode 260/400: 23.61 ± 0.62%
[17:48:48 INFO]   Episode 270/400: 23.62 ± 0.61%
[17:49:18 INFO]   Episode 280/400: 23.60 ± 0.59%
[17:49:47 INFO]   Episode 290/400: 23.54 ± 0.58%
[17:50:18 INFO]   Episode 300/400: 23.52 ± 0.57%
[17:50:48 INFO]   Episode 310/400: 23.62 ± 0.56%
[17:51:19 INFO]   Episode 320/400: 23.65 ± 0.55%
[17:51:48 INFO]   Episode 330/400: 23.63 ± 0.54%
[17:52:18 INFO]   Episode 340/400: 23.64 ± 0.53%
[17:52:48 INFO]   Episode 350/400: 23.58 ± 0.52%
[17:53:17 INFO]   Episode 360/400: 23.51 ± 0.51%
[17:53:49 INFO]   Episode 370/400: 23.55 ± 0.51%
[17:54:20 INFO]   Episode 380/400: 23.52 ± 0.51%
[17:54:51 INFO]   Episode 390/400: 23.52 ± 0.50%
[17:55:21 INFO]   Episode 400/400: 23.60 ± 0.49%
[17:55:21 INFO] 
Result: 23.60 ± 0.49% (400 episodes)
[17:55:21 INFO] 
============================================================
[17:55:21 INFO] Final Summary:
[17:55:21 INFO] ============================================================
[17:55:21 INFO]   chestx          5-shot: 23.60 ± 0.49%
[17:55:21 INFO] 
[Table Format]
[17:55:21 INFO] Dataset		Mean±CI
[17:55:21 INFO] chestx	23.60±0.49
