[17:10:33 INFO] 
==================================================
[17:10:33 INFO] Evaluating: chestx (5-shot)
[17:10:38 INFO] Test dataset: ChestXDataset(split=test, n_classes=7, n_samples=6268)
[17:11:02 INFO] Loaded checkpoint: ./checkpoints_ensemble/chestx_5shot_best.pth
[17:11:02 INFO]   epoch=20, best_acc=22.91%
[17:11:02 INFO] Running 400 episodes...
[17:11:31 INFO]   Episode 10/400: 22.13 ± 2.03%
[17:11:58 INFO]   Episode 20/400: 23.00 ± 2.40%
[17:12:27 INFO]   Episode 30/400: 22.71 ± 1.71%
[17:12:59 INFO]   Episode 40/400: 23.07 ± 1.46%
[17:13:36 INFO]   Episode 50/400: 22.75 ± 1.39%
[17:14:20 INFO]   Episode 60/400: 23.02 ± 1.24%
[17:15:00 INFO]   Episode 70/400: 23.03 ± 1.23%
[17:15:39 INFO]   Episode 80/400: 23.18 ± 1.09%
[17:16:16 INFO]   Episode 90/400: 23.27 ± 1.00%
[17:16:53 INFO]   Episode 100/400: 23.23 ± 0.95%
[17:17:29 INFO]   Episode 110/400: 23.25 ± 0.90%
[17:18:05 INFO]   Episode 120/400: 23.20 ± 0.86%
[17:18:34 INFO]   Episode 130/400: 23.18 ± 0.82%
[17:18:59 INFO]   Episode 140/400: 23.07 ± 0.80%
[17:19:26 INFO]   Episode 150/400: 22.95 ± 0.76%
[17:19:51 INFO]   Episode 160/400: 22.84 ± 0.73%
[17:20:15 INFO]   Episode 170/400: 22.86 ± 0.71%
[17:20:39 INFO]   Episode 180/400: 22.77 ± 0.69%
[17:21:03 INFO]   Episode 190/400: 22.84 ± 0.67%
[17:21:27 INFO]   Episode 200/400: 22.82 ± 0.66%
[17:21:52 INFO]   Episode 210/400: 22.97 ± 0.65%
[17:22:17 INFO]   Episode 220/400: 23.01 ± 0.63%
[17:22:43 INFO]   Episode 230/400: 23.06 ± 0.62%
[17:23:08 INFO]   Episode 240/400: 22.93 ± 0.61%
[17:23:32 INFO]   Episode 250/400: 22.92 ± 0.60%
[17:23:56 INFO]   Episode 260/400: 22.77 ± 0.59%
[17:24:20 INFO]   Episode 270/400: 22.71 ± 0.58%
[17:24:44 INFO]   Episode 280/400: 22.73 ± 0.57%
[17:25:07 INFO]   Episode 290/400: 22.69 ± 0.56%
[17:25:32 INFO]   Episode 300/400: 22.68 ± 0.55%
[17:25:56 INFO]   Episode 310/400: 22.68 ± 0.54%
[17:26:20 INFO]   Episode 320/400: 22.67 ± 0.53%
[17:26:44 INFO]   Episode 330/400: 22.70 ± 0.53%
[17:27:08 INFO]   Episode 340/400: 22.66 ± 0.52%
[17:27:32 INFO]   Episode 350/400: 22.74 ± 0.52%
[17:27:57 INFO]   Episode 360/400: 22.72 ± 0.51%
[17:28:21 INFO]   Episode 370/400: 22.75 ± 0.50%
[17:28:45 INFO]   Episode 380/400: 22.79 ± 0.50%
[17:29:08 INFO]   Episode 390/400: 22.80 ± 0.49%
[17:29:32 INFO]   Episode 400/400: 22.77 ± 0.49%
[17:29:32 INFO] 
Result: 22.77 ± 0.49% (400 episodes)
[17:29:33 INFO] 
============================================================
[17:29:33 INFO] Final Summary:
[17:29:33 INFO] ============================================================
[17:29:33 INFO]   chestx          5-shot: 22.77 ± 0.49%
[17:29:33 INFO] 
[Table Format]
[17:29:33 INFO] Dataset		Mean±CI
[17:29:33 INFO] chestx	22.77±0.49
