[15:52:46 INFO] 
==================================================
[15:52:46 INFO] Evaluating: crop_disease (5-shot)
[15:52:47 INFO] Test dataset: CropDiseaseDataset(split=test, n_classes=38, n_samples=14059)
[15:53:06 INFO] Loaded checkpoint: ./checkpoints_ensemble/crop_disease_5shot_best.pth
[15:53:06 INFO]   epoch=70, best_acc=90.86%
[15:53:06 INFO] Running 400 episodes...
[15:53:28 INFO]   Episode 10/400: 91.87 ± 2.48%
[15:53:45 INFO]   Episode 20/400: 91.47 ± 1.74%
[15:54:04 INFO]   Episode 30/400: 91.38 ± 1.55%
[15:54:25 INFO]   Episode 40/400: 91.00 ± 1.48%
[15:54:45 INFO]   Episode 50/400: 90.64 ± 1.38%
[15:55:03 INFO]   Episode 60/400: 90.98 ± 1.29%
[15:55:22 INFO]   Episode 70/400: 90.72 ± 1.26%
[15:55:41 INFO]   Episode 80/400: 90.73 ± 1.23%
[15:56:00 INFO]   Episode 90/400: 90.74 ± 1.17%
[15:56:20 INFO]   Episode 100/400: 90.87 ± 1.08%
[15:56:42 INFO]   Episode 110/400: 90.97 ± 1.00%
[15:57:03 INFO]   Episode 120/400: 90.78 ± 0.99%
[15:57:24 INFO]   Episode 130/400: 90.49 ± 0.99%
[15:57:43 INFO]   Episode 140/400: 90.38 ± 0.95%
[15:58:02 INFO]   Episode 150/400: 90.29 ± 0.92%
[15:58:22 INFO]   Episode 160/400: 90.17 ± 0.90%
[15:58:40 INFO]   Episode 170/400: 90.27 ± 0.87%
[15:59:00 INFO]   Episode 180/400: 90.23 ± 0.85%
[15:59:20 INFO]   Episode 190/400: 90.15 ± 0.82%
[15:59:40 INFO]   Episode 200/400: 90.14 ± 0.81%
[15:59:59 INFO]   Episode 210/400: 90.19 ± 0.78%
[16:00:18 INFO]   Episode 220/400: 90.19 ± 0.75%
[16:00:37 INFO]   Episode 230/400: 90.28 ± 0.74%
[16:00:56 INFO]   Episode 240/400: 90.32 ± 0.74%
[16:01:16 INFO]   Episode 250/400: 90.39 ± 0.73%
[16:01:36 INFO]   Episode 260/400: 90.55 ± 0.71%
[16:01:54 INFO]   Episode 270/400: 90.58 ± 0.70%
[16:02:13 INFO]   Episode 280/400: 90.66 ± 0.68%
[16:02:32 INFO]   Episode 290/400: 90.36 ± 0.70%
[16:02:51 INFO]   Episode 300/400: 90.46 ± 0.69%
[16:03:10 INFO]   Episode 310/400: 90.50 ± 0.68%
[16:03:29 INFO]   Episode 320/400: 90.45 ± 0.66%
[16:03:48 INFO]   Episode 330/400: 90.51 ± 0.65%
[16:04:07 INFO]   Episode 340/400: 90.49 ± 0.64%
[16:04:27 INFO]   Episode 350/400: 90.50 ± 0.64%
[16:04:47 INFO]   Episode 360/400: 90.49 ± 0.63%
[16:05:06 INFO]   Episode 370/400: 90.43 ± 0.63%
[16:05:25 INFO]   Episode 380/400: 90.54 ± 0.63%
[16:05:45 INFO]   Episode 390/400: 90.59 ± 0.62%
[16:06:02 INFO]   Episode 400/400: 90.61 ± 0.62%
[16:06:02 INFO] 
Result: 90.61 ± 0.62% (400 episodes)
[16:06:02 INFO] 
============================================================
[16:06:02 INFO] Final Summary:
[16:06:02 INFO] ============================================================
[16:06:02 INFO]   crop_disease    5-shot: 90.61 ± 0.62%
[16:06:02 INFO] 
[Table Format]
[16:06:02 INFO] Dataset		Mean±CI
[16:06:02 INFO] crop_disease	90.61±0.62
[CropDiseases] 使用路徑：data/CropDiseases/New Plant Diseases Dataset(Augmented)/New Plant Diseases Dataset(Augmented)/train
