[15:53:00 INFO] 
==================================================
[15:53:00 INFO] Evaluating: crop_disease (5-shot)
[15:53:00 INFO] Test dataset: CropDiseaseDataset(split=test, n_classes=38, n_samples=14059)
[15:53:08 INFO] Loaded checkpoint: ./checkpoints_fsr_ensemble/crop_disease_5shot_fsr_best.pth
[15:53:08 INFO]   epoch=50, best_acc=91.02%
[15:53:08 INFO] Running 400 episodes...
[15:53:27 INFO]   Episode 10/400: 90.67 ± 4.82%
[15:53:44 INFO]   Episode 20/400: 89.20 ± 3.53%
[15:54:03 INFO]   Episode 30/400: 89.16 ± 3.17%
[15:54:24 INFO]   Episode 40/400: 89.83 ± 2.51%
[15:54:43 INFO]   Episode 50/400: 90.19 ± 2.09%
[15:55:02 INFO]   Episode 60/400: 90.09 ± 2.20%
[15:55:20 INFO]   Episode 70/400: 90.11 ± 2.02%
[15:55:39 INFO]   Episode 80/400: 90.28 ± 1.82%
[15:55:59 INFO]   Episode 90/400: 90.16 ± 1.64%
[15:56:18 INFO]   Episode 100/400: 90.32 ± 1.52%
[15:56:40 INFO]   Episode 110/400: 90.42 ± 1.44%
[15:57:01 INFO]   Episode 120/400: 90.44 ± 1.35%
[15:57:20 INFO]   Episode 130/400: 90.23 ± 1.32%
[15:57:40 INFO]   Episode 140/400: 90.26 ± 1.24%
[15:58:00 INFO]   Episode 150/400: 90.50 ± 1.18%
[15:58:19 INFO]   Episode 160/400: 90.48 ± 1.16%
[15:58:37 INFO]   Episode 170/400: 90.48 ± 1.12%
[15:58:56 INFO]   Episode 180/400: 90.63 ± 1.07%
[15:59:15 INFO]   Episode 190/400: 90.64 ± 1.03%
[15:59:36 INFO]   Episode 200/400: 90.70 ± 0.99%
[15:59:55 INFO]   Episode 210/400: 90.82 ± 0.96%
[16:00:13 INFO]   Episode 220/400: 90.68 ± 0.94%
[16:00:32 INFO]   Episode 230/400: 90.79 ± 0.91%
[16:00:51 INFO]   Episode 240/400: 90.91 ± 0.88%
[16:01:10 INFO]   Episode 250/400: 90.80 ± 0.86%
[16:01:30 INFO]   Episode 260/400: 90.72 ± 0.83%
[16:01:49 INFO]   Episode 270/400: 90.64 ± 0.82%
[16:02:08 INFO]   Episode 280/400: 90.72 ± 0.79%
[16:02:27 INFO]   Episode 290/400: 90.71 ± 0.77%
[16:02:46 INFO]   Episode 300/400: 90.65 ± 0.76%
[16:03:04 INFO]   Episode 310/400: 90.71 ± 0.74%
[16:03:23 INFO]   Episode 320/400: 90.70 ± 0.73%
[16:03:42 INFO]   Episode 330/400: 90.55 ± 0.73%
[16:04:01 INFO]   Episode 340/400: 90.47 ± 0.73%
[16:04:22 INFO]   Episode 350/400: 90.32 ± 0.74%
[16:04:41 INFO]   Episode 360/400: 90.33 ± 0.72%
[16:05:01 INFO]   Episode 370/400: 90.32 ± 0.71%
[16:05:20 INFO]   Episode 380/400: 90.35 ± 0.71%
[16:05:39 INFO]   Episode 390/400: 90.36 ± 0.69%
[16:05:59 INFO]   Episode 400/400: 90.28 ± 0.68%
[16:05:59 INFO] 
Result: 90.28 ± 0.68% (400 episodes)
[16:05:59 INFO] 
============================================================
[16:05:59 INFO] Final Summary:
[16:05:59 INFO] ============================================================
[16:05:59 INFO]   crop_disease    5-shot: 90.28 ± 0.68%
[16:05:59 INFO] 
[Table Format]
[16:05:59 INFO] Dataset		Mean±CI
[16:05:59 INFO] crop_disease	90.28±0.68
[CropDiseases] 使用路徑：data/CropDiseases/New Plant Diseases Dataset(Augmented)/New Plant Diseases Dataset(Augmented)/train
