[15:12:34 INFO] 
==================================================
[15:12:34 INFO] Evaluating: eurosat (5-shot)
[15:12:34 INFO] Test dataset: EuroSATDataset(split=test, n_classes=10, n_samples=5400)
[15:13:01 INFO] Loaded checkpoint: ./checkpoints_ensemble/eurosat_5shot_best.pth
[15:13:01 INFO]   epoch=30, best_acc=93.98%
[15:13:01 INFO] Running 400 episodes...
[15:13:16 INFO]   Episode 10/400: 94.53 ± 2.48%
[15:13:40 INFO]   Episode 20/400: 94.20 ± 1.60%
[15:14:00 INFO]   Episode 30/400: 93.96 ± 1.24%
[15:14:22 INFO]   Episode 40/400: 93.33 ± 1.04%
[15:14:41 INFO]   Episode 50/400: 93.57 ± 0.96%
[15:15:01 INFO]   Episode 60/400: 93.40 ± 0.88%
[15:15:20 INFO]   Episode 70/400: 93.62 ± 0.82%
[15:15:38 INFO]   Episode 80/400: 93.68 ± 0.74%
[15:15:56 INFO]   Episode 90/400: 93.59 ± 0.72%
[15:16:15 INFO]   Episode 100/400: 93.56 ± 0.68%
[15:16:34 INFO]   Episode 110/400: 93.54 ± 0.66%
[15:16:55 INFO]   Episode 120/400: 93.42 ± 0.63%
[15:17:14 INFO]   Episode 130/400: 93.42 ± 0.60%
[15:17:33 INFO]   Episode 140/400: 93.44 ± 0.57%
[15:17:53 INFO]   Episode 150/400: 93.50 ± 0.55%
[15:18:12 INFO]   Episode 160/400: 93.53 ± 0.54%
[15:18:31 INFO]   Episode 170/400: 93.47 ± 0.52%
[15:18:51 INFO]   Episode 180/400: 93.59 ± 0.50%
[15:19:11 INFO]   Episode 190/400: 93.61 ± 0.48%
[15:19:30 INFO]   Episode 200/400: 93.59 ± 0.47%
[15:19:50 INFO]   Episode 210/400: 93.53 ± 0.45%
[15:20:09 INFO]   Episode 220/400: 93.50 ± 0.46%
[15:20:29 INFO]   Episode 230/400: 93.51 ± 0.44%
[15:20:49 INFO]   Episode 240/400: 93.48 ± 0.43%
[15:21:08 INFO]   Episode 250/400: 93.56 ± 0.42%
[15:21:28 INFO]   Episode 260/400: 93.66 ± 0.41%
[15:21:48 INFO]   Episode 270/400: 93.63 ± 0.40%
[15:22:08 INFO]   Episode 280/400: 93.65 ± 0.40%
[15:22:28 INFO]   Episode 290/400: 93.71 ± 0.39%
[15:22:48 INFO]   Episode 300/400: 93.76 ± 0.38%
[15:23:08 INFO]   Episode 310/400: 93.78 ± 0.38%
[15:23:28 INFO]   Episode 320/400: 93.74 ± 0.37%
[15:23:48 INFO]   Episode 330/400: 93.73 ± 0.36%
[15:24:08 INFO]   Episode 340/400: 93.77 ± 0.36%
[15:24:28 INFO]   Episode 350/400: 93.74 ± 0.35%
[15:24:48 INFO]   Episode 360/400: 93.74 ± 0.35%
[15:25:08 INFO]   Episode 370/400: 93.74 ± 0.34%
[15:25:29 INFO]   Episode 380/400: 93.71 ± 0.34%
[15:25:49 INFO]   Episode 390/400: 93.71 ± 0.33%
[15:26:09 INFO]   Episode 400/400: 93.69 ± 0.32%
[15:26:09 INFO] 
Result: 93.69 ± 0.32% (400 episodes)
[15:26:09 INFO] 
============================================================
[15:26:09 INFO] Final Summary:
[15:26:09 INFO] ============================================================
[15:26:09 INFO]   eurosat         5-shot: 93.69 ± 0.32%
[15:26:09 INFO] 
[Table Format]
[15:26:09 INFO] Dataset		Mean±CI
[15:26:09 INFO] eurosat	93.69±0.32
