[15:26:30 INFO] 
==================================================
[15:26:30 INFO] Evaluating: eurosat (5-shot)
[15:26:30 INFO] Test dataset: EuroSATDataset(split=test, n_classes=10, n_samples=5400)
[15:26:48 INFO] Loaded checkpoint: ./checkpoints_ensemble/eurosat_5shot_best.pth
[15:26:48 INFO]   epoch=30, best_acc=93.98%
[15:26:48 INFO] Running 400 episodes...
[15:27:06 INFO]   Episode 10/400: 95.07 ± 1.99%
[15:27:34 INFO]   Episode 20/400: 93.80 ± 1.51%
[15:28:13 INFO]   Episode 30/400: 93.87 ± 1.15%
[15:28:51 INFO]   Episode 40/400: 94.03 ± 0.92%
[15:29:31 INFO]   Episode 50/400: 94.32 ± 0.84%
[15:30:10 INFO]   Episode 60/400: 94.24 ± 0.82%
[15:30:50 INFO]   Episode 70/400: 94.34 ± 0.73%
[15:31:29 INFO]   Episode 80/400: 94.28 ± 0.67%
[15:32:10 INFO]   Episode 90/400: 94.44 ± 0.62%
[15:32:49 INFO]   Episode 100/400: 94.41 ± 0.59%
[15:33:28 INFO]   Episode 110/400: 94.38 ± 0.56%
[15:34:07 INFO]   Episode 120/400: 94.22 ± 0.53%
[15:34:47 INFO]   Episode 130/400: 94.24 ± 0.52%
[15:35:26 INFO]   Episode 140/400: 94.15 ± 0.49%
[15:36:04 INFO]   Episode 150/400: 94.14 ± 0.48%
[15:36:42 INFO]   Episode 160/400: 94.12 ± 0.47%
[15:37:22 INFO]   Episode 170/400: 94.17 ± 0.47%
[15:38:02 INFO]   Episode 180/400: 94.20 ± 0.45%
[15:38:41 INFO]   Episode 190/400: 94.31 ± 0.43%
[15:39:19 INFO]   Episode 200/400: 94.25 ± 0.42%
[15:39:57 INFO]   Episode 210/400: 94.27 ± 0.41%
[15:40:35 INFO]   Episode 220/400: 94.22 ± 0.40%
[15:41:15 INFO]   Episode 230/400: 94.24 ± 0.39%
[15:41:55 INFO]   Episode 240/400: 94.14 ± 0.39%
[15:42:34 INFO]   Episode 250/400: 94.09 ± 0.38%
[15:43:14 INFO]   Episode 260/400: 94.06 ± 0.37%
[15:43:53 INFO]   Episode 270/400: 94.05 ± 0.36%
[15:44:33 INFO]   Episode 280/400: 94.06 ± 0.35%
[15:45:13 INFO]   Episode 290/400: 94.07 ± 0.35%
[15:45:52 INFO]   Episode 300/400: 94.04 ± 0.34%
[15:46:31 INFO]   Episode 310/400: 94.00 ± 0.33%
[15:47:10 INFO]   Episode 320/400: 94.04 ± 0.33%
[15:47:49 INFO]   Episode 330/400: 94.04 ± 0.32%
[15:48:28 INFO]   Episode 340/400: 94.04 ± 0.32%
[15:49:07 INFO]   Episode 350/400: 94.06 ± 0.31%
[15:49:47 INFO]   Episode 360/400: 94.05 ± 0.31%
[15:50:26 INFO]   Episode 370/400: 94.00 ± 0.31%
[15:51:05 INFO]   Episode 380/400: 94.00 ± 0.31%
[15:51:45 INFO]   Episode 390/400: 93.98 ± 0.31%
[15:52:24 INFO]   Episode 400/400: 93.97 ± 0.30%
[15:52:24 INFO] 
Result: 93.97 ± 0.30% (400 episodes)
[15:52:24 INFO] 
============================================================
[15:52:24 INFO] Final Summary:
[15:52:24 INFO] ============================================================
[15:52:24 INFO]   eurosat         5-shot: 93.97 ± 0.30%
[15:52:24 INFO] 
[Table Format]
[15:52:24 INFO] Dataset		Mean±CI
[15:52:24 INFO] eurosat	93.97±0.30
