[15:27:05 INFO] 
==================================================
[15:27:05 INFO] Evaluating: eurosat (5-shot)
[15:27:05 INFO] Test dataset: EuroSATDataset(split=test, n_classes=10, n_samples=5400)
[15:27:15 INFO] Loaded checkpoint: ./checkpoints_fsr_ensemble/eurosat_5shot_fsr_best.pth
[15:27:15 INFO]   epoch=40, best_acc=94.70%
[15:27:15 INFO] Running 400 episodes...
[15:27:53 INFO]   Episode 10/400: 94.80 ± 2.68%
[15:28:31 INFO]   Episode 20/400: 94.67 ± 1.89%
[15:29:09 INFO]   Episode 30/400: 94.36 ± 1.42%
[15:29:47 INFO]   Episode 40/400: 94.37 ± 1.20%
[15:30:26 INFO]   Episode 50/400: 94.29 ± 0.99%
[15:31:06 INFO]   Episode 60/400: 94.27 ± 0.91%
[15:31:46 INFO]   Episode 70/400: 94.59 ± 0.83%
[15:32:25 INFO]   Episode 80/400: 94.68 ± 0.75%
[15:33:04 INFO]   Episode 90/400: 94.84 ± 0.68%
[15:33:42 INFO]   Episode 100/400: 94.71 ± 0.68%
[15:34:21 INFO]   Episode 110/400: 94.73 ± 0.63%
[15:35:00 INFO]   Episode 120/400: 94.62 ± 0.60%
[15:35:38 INFO]   Episode 130/400: 94.63 ± 0.57%
[15:36:16 INFO]   Episode 140/400: 94.66 ± 0.54%
[15:36:54 INFO]   Episode 150/400: 94.58 ± 0.55%
[15:37:33 INFO]   Episode 160/400: 94.56 ± 0.52%
[15:38:13 INFO]   Episode 170/400: 94.50 ± 0.52%
[15:38:51 INFO]   Episode 180/400: 94.56 ± 0.49%
[15:39:28 INFO]   Episode 190/400: 94.53 ± 0.48%
[15:40:06 INFO]   Episode 200/400: 94.55 ± 0.47%
[15:40:44 INFO]   Episode 210/400: 94.51 ± 0.46%
[15:41:23 INFO]   Episode 220/400: 94.50 ± 0.45%
[15:42:03 INFO]   Episode 230/400: 94.52 ± 0.43%
[15:42:42 INFO]   Episode 240/400: 94.52 ± 0.42%
[15:43:22 INFO]   Episode 250/400: 94.50 ± 0.41%
[15:44:02 INFO]   Episode 260/400: 94.50 ± 0.41%
[15:44:41 INFO]   Episode 270/400: 94.49 ± 0.40%
[15:45:19 INFO]   Episode 280/400: 94.55 ± 0.39%
[15:45:58 INFO]   Episode 290/400: 94.51 ± 0.38%
[15:46:36 INFO]   Episode 300/400: 94.48 ± 0.37%
[15:47:14 INFO]   Episode 310/400: 94.46 ± 0.36%
[15:47:52 INFO]   Episode 320/400: 94.49 ± 0.35%
[15:48:32 INFO]   Episode 330/400: 94.45 ± 0.34%
[15:49:10 INFO]   Episode 340/400: 94.45 ± 0.34%
[15:49:49 INFO]   Episode 350/400: 94.47 ± 0.33%
[15:50:28 INFO]   Episode 360/400: 94.48 ± 0.32%
[15:51:06 INFO]   Episode 370/400: 94.45 ± 0.32%
[15:51:45 INFO]   Episode 380/400: 94.46 ± 0.32%
[15:52:24 INFO]   Episode 390/400: 94.38 ± 0.32%
[15:52:41 INFO]   Episode 400/400: 94.36 ± 0.32%
[15:52:41 INFO] 
Result: 94.36 ± 0.32% (400 episodes)
[15:52:41 INFO] 
============================================================
[15:52:41 INFO] Final Summary:
[15:52:41 INFO] ============================================================
[15:52:41 INFO]   eurosat         5-shot: 94.36 ± 0.32%
[15:52:41 INFO] 
[Table Format]
[15:52:41 INFO] Dataset		Mean±CI
[15:52:41 INFO] eurosat	94.36±0.32
