[16:32:10 INFO] 
==================================================
[16:32:10 INFO] Evaluating: isic (5-shot)
[16:32:11 INFO] Test dataset: ISICDataset(split=test, n_classes=7, n_samples=2003)
[16:32:36 INFO] Loaded checkpoint: ./checkpoints_fsr_ensemble/isic_5shot_fsr_best.pth
[16:32:36 INFO]   epoch=40, best_acc=44.78%
[16:32:36 INFO] Running 400 episodes...
[16:33:05 INFO]   Episode 10/400: 44.27 ± 3.35%
[16:33:25 INFO]   Episode 20/400: 43.87 ± 2.22%
[16:33:42 INFO]   Episode 30/400: 44.58 ± 2.32%
[16:34:03 INFO]   Episode 40/400: 44.83 ± 1.90%
[16:34:24 INFO]   Episode 50/400: 44.75 ± 1.72%
[16:34:54 INFO]   Episode 60/400: 44.49 ± 1.67%
[16:35:15 INFO]   Episode 70/400: 44.51 ± 1.65%
[16:35:38 INFO]   Episode 80/400: 44.58 ± 1.60%
[16:35:55 INFO]   Episode 90/400: 44.00 ± 1.52%
[16:36:11 INFO]   Episode 100/400: 44.47 ± 1.41%
[16:36:34 INFO]   Episode 110/400: 44.08 ± 1.37%
[16:36:59 INFO]   Episode 120/400: 44.07 ± 1.30%
[16:37:25 INFO]   Episode 130/400: 44.11 ± 1.22%
[16:37:48 INFO]   Episode 140/400: 43.94 ± 1.18%
[16:38:09 INFO]   Episode 150/400: 43.99 ± 1.13%
[16:38:29 INFO]   Episode 160/400: 43.91 ± 1.10%
[16:38:47 INFO]   Episode 170/400: 43.87 ± 1.05%
[16:39:03 INFO]   Episode 180/400: 43.81 ± 1.01%
[16:39:21 INFO]   Episode 190/400: 43.89 ± 0.96%
[16:39:39 INFO]   Episode 200/400: 43.84 ± 0.94%
[16:39:55 INFO]   Episode 210/400: 44.09 ± 0.93%
[16:40:12 INFO]   Episode 220/400: 44.20 ± 0.90%
[16:40:31 INFO]   Episode 230/400: 44.04 ± 0.88%
[16:40:51 INFO]   Episode 240/400: 44.06 ± 0.87%
[16:41:10 INFO]   Episode 250/400: 43.98 ± 0.85%
[16:41:27 INFO]   Episode 260/400: 43.99 ± 0.83%
[16:41:44 INFO]   Episode 270/400: 44.03 ± 0.82%
[16:42:00 INFO]   Episode 280/400: 44.16 ± 0.80%
[16:42:16 INFO]   Episode 290/400: 44.06 ± 0.79%
[16:42:35 INFO]   Episode 300/400: 44.06 ± 0.78%
[16:42:53 INFO]   Episode 310/400: 44.03 ± 0.78%
[16:43:09 INFO]   Episode 320/400: 43.90 ± 0.77%
[16:43:27 INFO]   Episode 330/400: 43.85 ± 0.75%
[16:43:44 INFO]   Episode 340/400: 43.85 ± 0.74%
[16:44:00 INFO]   Episode 350/400: 43.95 ± 0.73%
[16:44:17 INFO]   Episode 360/400: 43.87 ± 0.72%
[16:44:34 INFO]   Episode 370/400: 43.97 ± 0.71%
[16:44:50 INFO]   Episode 380/400: 43.96 ± 0.69%
[16:45:07 INFO]   Episode 390/400: 44.02 ± 0.68%
[16:45:25 INFO]   Episode 400/400: 44.13 ± 0.67%
[16:45:25 INFO] 
Result: 44.13 ± 0.67% (400 episodes)
[16:45:25 INFO] 
============================================================
[16:45:25 INFO] Final Summary:
[16:45:25 INFO] ============================================================
[16:45:25 INFO]   isic            5-shot: 44.13 ± 0.67%
[16:45:25 INFO] 
[Table Format]
[16:45:25 INFO] Dataset		Mean±CI
[16:45:25 INFO] isic	44.13±0.67
