[19:14:28 INFO] Device: cuda
[19:14:28 INFO] ============================================================
[19:14:28 INFO] Dataset: chestx, n_shot=5, Mode: Feature-SR (28x28)
[19:14:28 INFO] ============================================================
[19:14:32 INFO] Train: ChestXDataset(split=train, n_classes=7, n_samples=35)
[19:14:32 INFO] Test:  ChestXDataset(split=test, n_classes=7, n_samples=6268)
[19:14:32 INFO] Loading CLIP ViT-B/16...
[19:14:45 INFO] Applying LoRA (r=4, alpha=1.0)...
[19:14:45 INFO] Initializing Feature SR Module (scale=2, 14x14 -> 28x28)...
[19:14:45 INFO] Trainable parameters: 10,350,592
[19:14:45 INFO] LR Schedule: Linear warmup (5 epochs) + Cosine decay
/var/tmp/cc-cdfsl/train.py:457: FutureWarning: `torch.cuda.amp.GradScaler(args...)` is deprecated. Please use `torch.amp.GradScaler('cuda', args...)` instead.
  scaler = torch.cuda.amp.GradScaler() if device == "cuda" else None
[19:14:45 INFO] FP16 Automatic Mixed Precision (AMP) enabled.
[19:14:45 INFO] Initial evaluation (before training)...
[19:17:17 INFO]   Baseline: 21.09 ± 0.69%
/var/tmp/cc-cdfsl/train.py:213: FutureWarning: `torch.cuda.amp.autocast(args...)` is deprecated. Please use `torch.amp.autocast('cuda', args...)` instead.
  with torch.cuda.amp.autocast(enabled=(scaler is not None)):
[19:23:07 INFO] Epoch [  1/100] Loss: 2.4128 (CE:1.8942, TIT:0.0555, ITI:0.1400, CR:0.9404) Acc: 20.08%
[20:12:30 INFO] Epoch [ 10/100] Loss: 0.2655 (CE:0.0121, TIT:0.0785, ITI:0.0084, CR:0.0453) Acc: 22.79%
[20:28:49 INFO]   [Eval] Epoch 10: 22.04 ± 0.49% ✓ NEW BEST!
[20:28:50 INFO]   Saved best checkpoint: checkpoints_fsr_ensemble/chestx_5shot_fsr_best.pth
[21:40:49 INFO] Epoch [ 20/100] Loss: 0.2534 (CE:0.0018, TIT:0.0823, ITI:0.0026, CR:0.0110) Acc: 22.53%
[22:00:37 INFO]   [Eval] Epoch 20: 22.35 ± 0.48% ✓ NEW BEST!
[22:00:38 INFO]   Saved best checkpoint: checkpoints_fsr_ensemble/chestx_5shot_fsr_best.pth
[22:59:51 INFO] Epoch [ 30/100] Loss: 0.2505 (CE:0.0008, TIT:0.0824, ITI:0.0016, CR:0.0054) Acc: 22.73%
[23:16:29 INFO]   [Eval] Epoch 30: 21.93 ± 0.46%
[00:16:04 INFO] Epoch [ 40/100] Loss: 0.2499 (CE:0.0005, TIT:0.0826, ITI:0.0012, CR:0.0033) Acc: 23.17%
[00:32:39 INFO]   [Eval] Epoch 40: 22.23 ± 0.46%
[01:30:54 INFO] Epoch [ 50/100] Loss: 0.2427 (CE:0.0004, TIT:0.0804, ITI:0.0010, CR:0.0022) Acc: 22.73%
[01:47:42 INFO]   [Eval] Epoch 50: 22.60 ± 0.44% ✓ NEW BEST!
[01:47:44 INFO]   Saved best checkpoint: checkpoints_fsr_ensemble/chestx_5shot_fsr_best.pth
[02:46:26 INFO] Epoch [ 60/100] Loss: 0.2451 (CE:0.0003, TIT:0.0813, ITI:0.0009, CR:0.0016) Acc: 22.79%
[03:02:56 INFO]   [Eval] Epoch 60: 22.85 ± 0.46% ✓ NEW BEST!
[03:02:58 INFO]   Saved best checkpoint: checkpoints_fsr_ensemble/chestx_5shot_fsr_best.pth
[04:01:00 INFO] Epoch [ 70/100] Loss: 0.2408 (CE:0.0003, TIT:0.0799, ITI:0.0009, CR:0.0012) Acc: 23.85%
[04:17:47 INFO]   [Eval] Epoch 70: 22.86 ± 0.47% ✓ NEW BEST!
[04:17:49 INFO]   Saved best checkpoint: checkpoints_fsr_ensemble/chestx_5shot_fsr_best.pth
[05:16:05 INFO] Epoch [ 80/100] Loss: 0.2453 (CE:0.0003, TIT:0.0814, ITI:0.0008, CR:0.0011) Acc: 21.99%
[05:32:37 INFO]   [Eval] Epoch 80: 22.47 ± 0.46%
[06:30:49 INFO] Epoch [ 90/100] Loss: 0.2471 (CE:0.0002, TIT:0.0820, ITI:0.0008, CR:0.0010) Acc: 22.27%
[06:48:14 INFO]   [Eval] Epoch 90: 22.40 ± 0.46%
[07:47:52 INFO] Epoch [100/100] Loss: 0.2430 (CE:0.0002, TIT:0.0807, ITI:0.0008, CR:0.0009) Acc: 22.04%
[08:05:05 INFO]   [Eval] Epoch 100: 22.72 ± 0.48%
[08:05:05 INFO] 
Best Acc: 22.86% at Epoch 70
[08:05:09 INFO] Loaded best checkpoint from epoch 70
[08:22:24 INFO] Final (Feature-SR (28x28)): 22.96 ± 0.47% (n_episodes=400)
[ChestXDataset] Strict few-shot training enabled. Total training samples: 35 (n_shot=5)
