[16:14:11 INFO] Device: cuda
[16:14:11 INFO] ============================================================
[16:14:11 INFO] Dataset: eurosat, n_shot=5, Mode: Feature-SR (28x28)
[16:14:11 INFO] ============================================================
[16:14:11 INFO] Train: EuroSATDataset(split=train, n_classes=10, n_samples=50)
[16:14:11 INFO] Test:  EuroSATDataset(split=test, n_classes=10, n_samples=5400)
[16:14:11 INFO] Loading CLIP ViT-B/16...
[16:14:14 INFO] Applying LoRA (r=4, alpha=1.0)...
[16:14:14 INFO] Initializing Feature SR Module (scale=2, 14x14 -> 28x28)...
[16:14:14 INFO] Trainable parameters: 10,350,592
[16:14:14 INFO] LR Schedule: Linear warmup (5 epochs) + Cosine decay
/var/tmp/cc-cdfsl/train.py:457: FutureWarning: `torch.cuda.amp.GradScaler(args...)` is deprecated. Please use `torch.amp.GradScaler('cuda', args...)` instead.
  scaler = torch.cuda.amp.GradScaler() if device == "cuda" else None
[16:14:14 INFO] FP16 Automatic Mixed Precision (AMP) enabled.
[16:14:14 INFO] Initial evaluation (before training)...
[16:14:57 INFO]   Baseline: 49.36 ± 3.18%
/var/tmp/cc-cdfsl/train.py:213: FutureWarning: `torch.cuda.amp.autocast(args...)` is deprecated. Please use `torch.amp.autocast('cuda', args...)` instead.
  with torch.cuda.amp.autocast(enabled=(scaler is not None)):
[16:18:52 INFO] Epoch [  1/100] Loss: 1.3180 (CE:0.8044, TIT:0.1121, ITI:0.2766, CR:0.9669) Acc: 66.41%
[16:50:37 INFO] Epoch [ 10/100] Loss: 0.2303 (CE:0.0122, TIT:0.1228, ITI:0.0537, CR:0.0771) Acc: 93.41%
[16:57:31 INFO]   [Eval] Epoch 10: 93.45 ± 0.33% ✓ NEW BEST!
[16:57:31 INFO]   Saved best checkpoint: checkpoints_fsr_ensemble/eurosat_5shot_fsr_best.pth
[17:33:09 INFO] Epoch [ 20/100] Loss: 0.1984 (CE:0.0015, TIT:0.1261, ITI:0.0096, CR:0.0192) Acc: 94.68%
[17:40:06 INFO]   [Eval] Epoch 20: 94.38 ± 0.29% ✓ NEW BEST!
[17:40:08 INFO]   Saved best checkpoint: checkpoints_fsr_ensemble/eurosat_5shot_fsr_best.pth
[18:15:07 INFO] Epoch [ 30/100] Loss: 0.2303 (CE:0.0005, TIT:0.1512, ITI:0.0046, CR:0.0068) Acc: 94.99%
[18:21:40 INFO]   [Eval] Epoch 30: 94.70 ± 0.31% ✓ NEW BEST!
[18:21:41 INFO]   Saved best checkpoint: checkpoints_fsr_ensemble/eurosat_5shot_fsr_best.pth
[18:58:34 INFO] Epoch [ 40/100] Loss: 0.2224 (CE:0.0003, TIT:0.1468, ITI:0.0034, CR:0.0040) Acc: 94.41%
[19:05:36 INFO]   [Eval] Epoch 40: 94.70 ± 0.32% ✓ NEW BEST!
[19:05:39 INFO]   Saved best checkpoint: checkpoints_fsr_ensemble/eurosat_5shot_fsr_best.pth
[19:43:17 INFO] Epoch [ 50/100] Loss: 0.2193 (CE:0.0003, TIT:0.1451, ITI:0.0031, CR:0.0025) Acc: 93.56%
[19:50:22 INFO]   [Eval] Epoch 50: 94.23 ± 0.34%
[20:33:38 INFO] Epoch [ 60/100] Loss: 0.2239 (CE:0.0002, TIT:0.1484, ITI:0.0027, CR:0.0019) Acc: 94.44%
[20:43:09 INFO]   [Eval] Epoch 60: 94.09 ± 0.32%
[21:31:46 INFO] Epoch [ 70/100] Loss: 0.2261 (CE:0.0002, TIT:0.1499, ITI:0.0027, CR:0.0016) Acc: 93.87%
[21:40:49 INFO]   [Eval] Epoch 70: 93.78 ± 0.31%
[22:49:46 INFO] Epoch [ 80/100] Loss: 0.2268 (CE:0.0002, TIT:0.1505, ITI:0.0025, CR:0.0014) Acc: 93.89%
[23:01:51 INFO]   [Eval] Epoch 80: 93.69 ± 0.32%
[00:10:58 INFO] Epoch [ 90/100] Loss: 0.2214 (CE:0.0002, TIT:0.1469, ITI:0.0025, CR:0.0013) Acc: 93.69%
[00:23:08 INFO]   [Eval] Epoch 90: 93.08 ± 0.36%
[01:32:48 INFO] Epoch [100/100] Loss: 0.2142 (CE:0.0002, TIT:0.1421, ITI:0.0023, CR:0.0013) Acc: 92.80%
[01:44:50 INFO]   [Eval] Epoch 100: 93.49 ± 0.36%
[01:44:50 INFO] 
Best Acc: 94.70% at Epoch 40
[01:44:52 INFO] Loaded best checkpoint from epoch 40
[01:57:05 INFO] Final (Feature-SR (28x28)): 94.54 ± 0.30% (n_episodes=400)
[EuroSATDataset] Strict few-shot training enabled. Total training samples: 50 (n_shot=5)
