[09:38:32 INFO] Device: cuda
[09:38:32 INFO] ============================================================
[09:38:32 INFO] Dataset: isic, n_shot=5, Mode: Feature-SR (28x28)
[09:38:32 INFO] ============================================================
[09:38:33 INFO] Train: ISICDataset(split=train, n_classes=7, n_samples=35)
[09:38:33 INFO] Test:  ISICDataset(split=test, n_classes=7, n_samples=2003)
[09:38:33 INFO] Loading CLIP ViT-B/16...
[09:38:45 INFO] Applying LoRA (r=4, alpha=1.0)...
[09:38:45 INFO] Initializing Feature SR Module (scale=2, 14x14 -> 28x28)...
[09:38:45 INFO] Trainable parameters: 10,350,592
[09:38:45 INFO] LR Schedule: Linear warmup (5 epochs) + Cosine decay
/var/tmp/cc-cdfsl/train.py:457: FutureWarning: `torch.cuda.amp.GradScaler(args...)` is deprecated. Please use `torch.amp.GradScaler('cuda', args...)` instead.
  scaler = torch.cuda.amp.GradScaler() if device == "cuda" else None
[09:38:45 INFO] FP16 Automatic Mixed Precision (AMP) enabled.
[09:38:45 INFO] Initial evaluation (before training)...
[09:39:55 INFO]   Baseline: 20.61 ± 0.72%
/var/tmp/cc-cdfsl/train.py:213: FutureWarning: `torch.cuda.amp.autocast(args...)` is deprecated. Please use `torch.amp.autocast('cuda', args...)` instead.
  with torch.cuda.amp.autocast(enabled=(scaler is not None)):
[09:44:26 INFO] Epoch [  1/100] Loss: 2.5093 (CE:1.6333, TIT:0.0677, ITI:0.1907, CR:0.9719) Acc: 23.76%
[10:43:16 INFO] Epoch [ 10/100] Loss: 0.2545 (CE:0.0105, TIT:0.0738, ITI:0.0027, CR:0.0573) Acc: 44.81%
[10:56:35 INFO]   [Eval] Epoch 10: 44.60 ± 0.69% ✓ NEW BEST!
[10:56:35 INFO]   Saved best checkpoint: checkpoints_fsr_ensemble/isic_5shot_fsr_best.pth
[11:46:25 INFO] Epoch [ 20/100] Loss: 0.2302 (CE:0.0015, TIT:0.0743, ITI:0.0010, CR:0.0122) Acc: 44.59%
[11:55:58 INFO]   [Eval] Epoch 20: 43.61 ± 0.68%
[12:37:28 INFO] Epoch [ 30/100] Loss: 0.2304 (CE:0.0005, TIT:0.0758, ITI:0.0006, CR:0.0046) Acc: 43.35%
[12:47:17 INFO]   [Eval] Epoch 30: 44.01 ± 0.65%
[13:28:00 INFO] Epoch [ 40/100] Loss: 0.2274 (CE:0.0003, TIT:0.0751, ITI:0.0004, CR:0.0028) Acc: 43.68%
[13:37:29 INFO]   [Eval] Epoch 40: 44.78 ± 0.67% ✓ NEW BEST!
[13:37:32 INFO]   Saved best checkpoint: checkpoints_fsr_ensemble/isic_5shot_fsr_best.pth
[14:18:03 INFO] Epoch [ 50/100] Loss: 0.2274 (CE:0.0003, TIT:0.0752, ITI:0.0004, CR:0.0020) Acc: 44.60%
[14:27:40 INFO]   [Eval] Epoch 50: 44.11 ± 0.63%
[15:08:19 INFO] Epoch [ 60/100] Loss: 0.2290 (CE:0.0002, TIT:0.0759, ITI:0.0004, CR:0.0016) Acc: 43.95%
[15:21:18 INFO]   [Eval] Epoch 60: 43.84 ± 0.69%
[16:21:51 INFO] Epoch [ 70/100] Loss: 0.2244 (CE:0.0002, TIT:0.0744, ITI:0.0003, CR:0.0013) Acc: 44.23%
[16:31:39 INFO]   [Eval] Epoch 70: 43.54 ± 0.62%
[17:12:55 INFO] Epoch [ 80/100] Loss: 0.2253 (CE:0.0002, TIT:0.0747, ITI:0.0003, CR:0.0011) Acc: 44.05%
[17:22:29 INFO]   [Eval] Epoch 80: 43.26 ± 0.61%
[18:03:42 INFO] Epoch [ 90/100] Loss: 0.2269 (CE:0.0002, TIT:0.0753, ITI:0.0003, CR:0.0010) Acc: 42.91%
[18:13:19 INFO]   [Eval] Epoch 90: 42.71 ± 0.67%
[18:54:36 INFO] Epoch [100/100] Loss: 0.2248 (CE:0.0002, TIT:0.0746, ITI:0.0003, CR:0.0010) Acc: 43.04%
[19:04:21 INFO]   [Eval] Epoch 100: 43.20 ± 0.69%
[19:04:21 INFO] 
Best Acc: 44.78% at Epoch 40
[19:04:25 INFO] Loaded best checkpoint from epoch 40
[19:14:09 INFO] Final (Feature-SR (28x28)): 44.77 ± 0.65% (n_episodes=400)
[ISICDataset] Strict few-shot training enabled. Total training samples: 35 (n_shot=5)
