[15:20:53 INFO] Episodic protocol | crop_disease 5-way 1-shot | 100 episodes × 100 epochs | tag=nofsr_nocc_loraboth_r2
[15:20:53 INFO] Args: {'dataset': 'crop_disease', 'data_root': './data', 'n_way': 5, 'n_shot': 1, 'n_query': 15, 'n_episodes': None, 'backbone': 'ViT-B/16', 'lora_encoder': 'both', 'lora_qkv_mode': 'separate', 'lora_out_proj': False, 'lora_r': 2, 'lora_alpha': 1.0, 'lora_dropout': 0.25, 'epochs': 100, 'batch_size': 32, 'lr': 0.0002, 'weight_decay': 0.01, 'no_ce_aug': False, 'lambda1': 0.0, 'lambda2': 0.0, 'top_k': 10, 'n_aug': 4, 'use_feature_sr': False, 'sr_scale': 2, 'sr_refiner_layers': 0, 'sr_refiner_heads': 8, 'lambda3': 0.3, 'seed': 42, 'no_amp': False, 'save_dir': './results_episodic', 'tag': None, 'log_every': 10}
[15:20:53 INFO] Episode pool (BSCD 全量): CropDiseaseDataset(split=train, n_classes=38, n_samples=70295)
[15:20:55 INFO] LoRA trainable parameters: 184,320 (encoder=both, qkv=separate, out_proj=False)
/home/ccoliu/FeatureSR/train_episodic.py:144: FutureWarning: `torch.cuda.amp.GradScaler(args...)` is deprecated. Please use `torch.amp.GradScaler('cuda', args...)` instead.
  scaler = torch.cuda.amp.GradScaler(enabled=use_amp)
/home/ccoliu/FeatureSR/.venv/lib/python3.12/site-packages/torch/optim/lr_scheduler.py:224: UserWarning: Detected call of `lr_scheduler.step()` before `optimizer.step()`. In PyTorch 1.1.0 and later, you should call them in the opposite order: `optimizer.step()` before `lr_scheduler.step()`.  Failure to do this will result in PyTorch skipping the first value of the learning rate schedule. See more details at https://pytorch.org/docs/stable/optim.html#how-to-adjust-learning-rate
  warnings.warn(
[15:21:18 INFO]   [10/100] running 67.87 ± 7.92% | last loss 0.6123 (ce 0.6123) | 2.3s/episode, ETA 0.06h
[15:21:41 INFO]   [20/100] running 70.80 ± 5.44% | last loss 0.2308 (ce 0.2308) | 2.3s/episode, ETA 0.05h
[15:22:04 INFO]   [30/100] running 72.58 ± 4.19% | last loss 0.5946 (ce 0.5946) | 2.3s/episode, ETA 0.04h
[15:22:27 INFO]   [40/100] running 71.47 ± 3.46% | last loss 0.1881 (ce 0.1881) | 2.3s/episode, ETA 0.04h
[15:22:49 INFO]   [50/100] running 70.51 ± 2.98% | last loss 0.3874 (ce 0.3874) | 2.3s/episode, ETA 0.03h
[15:23:12 INFO]   [60/100] running 71.00 ± 2.84% | last loss 0.2075 (ce 0.2075) | 2.3s/episode, ETA 0.03h
[15:23:35 INFO]   [70/100] running 71.01 ± 2.78% | last loss 0.2563 (ce 0.2563) | 2.3s/episode, ETA 0.02h
[15:23:58 INFO]   [80/100] running 71.57 ± 2.57% | last loss 0.4163 (ce 0.4163) | 2.3s/episode, ETA 0.01h
[15:24:20 INFO]   [90/100] running 72.07 ± 2.35% | last loss 0.6004 (ce 0.6004) | 2.3s/episode, ETA 0.01h
[15:24:43 INFO]   [100/100] running 71.68 ± 2.28% | last loss 0.5093 (ce 0.5093) | 2.3s/episode, ETA 0.00h
[15:24:43 INFO] Final (episodic, nofsr_nocc_loraboth_r2): 71.68 ± 2.28% (n_episodes=100)
[CropDiseases] 使用路徑：data/CropDiseases/New Plant Diseases Dataset(Augmented)/New Plant Diseases Dataset(Augmented)/train
