[16:40:24 INFO] Episodic protocol | isic 5-way 5-shot | 400 episodes × 100 epochs | tag=nofsr_nocc_loraboth_r2
[16:40:24 INFO] Args: {'dataset': 'isic', 'data_root': './data', 'n_way': 5, 'n_shot': 5, 'n_query': 15, 'n_episodes': None, 'backbone': 'ViT-B/16', 'lora_encoder': 'both', 'lora_qkv_mode': 'separate', 'lora_out_proj': False, 'lora_r': 2, 'lora_alpha': 1.0, 'lora_dropout': 0.25, 'epochs': 100, 'batch_size': 32, 'lr': 0.0002, 'weight_decay': 0.01, 'no_ce_aug': False, 'lambda1': 0.0, 'lambda2': 0.0, 'top_k': 10, 'n_aug': 4, 'use_feature_sr': False, 'sr_scale': 2, 'sr_refiner_layers': 0, 'sr_refiner_heads': 8, 'lambda3': 0.3, 'seed': 42, 'no_amp': False, 'save_dir': './results_episodic', 'tag': None, 'log_every': 10}
[16:40:24 INFO] Episode pool (BSCD 全量): ISICDataset(split=train, n_classes=7, n_samples=10015)
[16:40:26 INFO] LoRA trainable parameters: 184,320 (encoder=both, qkv=separate, out_proj=False)
/home/ccoliu/FeatureSR/train_episodic.py:144: FutureWarning: `torch.cuda.amp.GradScaler(args...)` is deprecated. Please use `torch.amp.GradScaler('cuda', args...)` instead.
  scaler = torch.cuda.amp.GradScaler(enabled=use_amp)
/home/ccoliu/FeatureSR/.venv/lib/python3.12/site-packages/torch/optim/lr_scheduler.py:224: UserWarning: Detected call of `lr_scheduler.step()` before `optimizer.step()`. In PyTorch 1.1.0 and later, you should call them in the opposite order: `optimizer.step()` before `lr_scheduler.step()`.  Failure to do this will result in PyTorch skipping the first value of the learning rate schedule. See more details at https://pytorch.org/docs/stable/optim.html#how-to-adjust-learning-rate
  warnings.warn(
[16:41:20 INFO]   [10/400] running 31.73 ± 2.88% | last loss 1.4248 (ce 1.4248) | 5.4s/episode, ETA 0.58h
[16:42:13 INFO]   [20/400] running 31.87 ± 2.01% | last loss 1.3032 (ce 1.3032) | 5.4s/episode, ETA 0.57h
[16:43:07 INFO]   [30/400] running 31.60 ± 1.90% | last loss 1.0345 (ce 1.0345) | 5.4s/episode, ETA 0.55h
[16:44:01 INFO]   [40/400] running 31.70 ± 1.60% | last loss 1.4150 (ce 1.4150) | 5.4s/episode, ETA 0.54h
[16:44:54 INFO]   [50/400] running 31.28 ± 1.41% | last loss 1.1033 (ce 1.1033) | 5.4s/episode, ETA 0.52h
[16:45:48 INFO]   [60/400] running 31.78 ± 1.36% | last loss 1.0209 (ce 1.0209) | 5.4s/episode, ETA 0.51h
[16:46:42 INFO]   [70/400] running 32.30 ± 1.32% | last loss 1.1753 (ce 1.1753) | 5.4s/episode, ETA 0.49h
[16:47:36 INFO]   [80/400] running 32.15 ± 1.20% | last loss 1.4204 (ce 1.4204) | 5.4s/episode, ETA 0.48h
[16:48:29 INFO]   [90/400] running 32.12 ± 1.09% | last loss 1.2510 (ce 1.2510) | 5.4s/episode, ETA 0.46h
[16:49:23 INFO]   [100/400] running 32.09 ± 1.01% | last loss 1.2572 (ce 1.2572) | 5.4s/episode, ETA 0.45h
[16:50:16 INFO]   [110/400] running 32.23 ± 0.95% | last loss 1.4095 (ce 1.4095) | 5.4s/episode, ETA 0.43h
[16:51:10 INFO]   [120/400] running 32.19 ± 0.93% | last loss 1.3278 (ce 1.3278) | 5.4s/episode, ETA 0.42h
[16:52:04 INFO]   [130/400] running 32.17 ± 0.87% | last loss 1.1038 (ce 1.1038) | 5.4s/episode, ETA 0.40h
[16:52:58 INFO]   [140/400] running 32.13 ± 0.87% | last loss 1.2761 (ce 1.2761) | 5.4s/episode, ETA 0.39h
[16:53:50 INFO]   [150/400] running 32.29 ± 0.85% | last loss 1.1788 (ce 1.1788) | 5.4s/episode, ETA 0.37h
[16:54:43 INFO]   [160/400] running 32.17 ± 0.82% | last loss 1.0863 (ce 1.0863) | 5.4s/episode, ETA 0.36h
[16:55:37 INFO]   [170/400] running 32.16 ± 0.82% | last loss 1.4338 (ce 1.4338) | 5.4s/episode, ETA 0.34h
[16:56:30 INFO]   [180/400] running 32.13 ± 0.79% | last loss 1.2574 (ce 1.2574) | 5.4s/episode, ETA 0.33h
[16:57:23 INFO]   [190/400] running 31.99 ± 0.78% | last loss 1.4630 (ce 1.4630) | 5.4s/episode, ETA 0.31h
[16:58:16 INFO]   [200/400] running 31.78 ± 0.78% | last loss 1.3586 (ce 1.3586) | 5.3s/episode, ETA 0.30h
[16:59:09 INFO]   [210/400] running 31.89 ± 0.76% | last loss 1.2921 (ce 1.2921) | 5.3s/episode, ETA 0.28h
[17:00:02 INFO]   [220/400] running 31.87 ± 0.76% | last loss 1.3138 (ce 1.3138) | 5.3s/episode, ETA 0.27h
[17:00:56 INFO]   [230/400] running 31.98 ± 0.74% | last loss 1.4105 (ce 1.4105) | 5.3s/episode, ETA 0.25h
[17:01:49 INFO]   [240/400] running 31.87 ± 0.73% | last loss 1.2741 (ce 1.2741) | 5.3s/episode, ETA 0.24h
[17:02:43 INFO]   [250/400] running 31.95 ± 0.72% | last loss 1.2438 (ce 1.2438) | 5.3s/episode, ETA 0.22h
[17:03:36 INFO]   [260/400] running 32.00 ± 0.71% | last loss 1.2050 (ce 1.2050) | 5.3s/episode, ETA 0.21h
[17:04:30 INFO]   [270/400] running 31.96 ± 0.70% | last loss 1.1874 (ce 1.1874) | 5.3s/episode, ETA 0.19h
[17:05:23 INFO]   [280/400] running 31.92 ± 0.68% | last loss 1.2898 (ce 1.2898) | 5.3s/episode, ETA 0.18h
[17:06:16 INFO]   [290/400] running 31.90 ± 0.66% | last loss 1.3421 (ce 1.3421) | 5.3s/episode, ETA 0.16h
[17:07:10 INFO]   [300/400] running 31.94 ± 0.65% | last loss 1.3733 (ce 1.3733) | 5.3s/episode, ETA 0.15h
[17:08:02 INFO]   [310/400] running 31.91 ± 0.63% | last loss 1.3719 (ce 1.3719) | 5.3s/episode, ETA 0.13h
[17:08:55 INFO]   [320/400] running 31.94 ± 0.62% | last loss 1.0610 (ce 1.0610) | 5.3s/episode, ETA 0.12h
[17:09:49 INFO]   [330/400] running 31.92 ± 0.60% | last loss 1.3481 (ce 1.3481) | 5.3s/episode, ETA 0.10h
[17:10:42 INFO]   [340/400] running 31.96 ± 0.60% | last loss 1.2685 (ce 1.2685) | 5.3s/episode, ETA 0.09h
[17:11:35 INFO]   [350/400] running 31.95 ± 0.58% | last loss 1.2798 (ce 1.2798) | 5.3s/episode, ETA 0.07h
[17:12:28 INFO]   [360/400] running 31.93 ± 0.58% | last loss 1.4346 (ce 1.4346) | 5.3s/episode, ETA 0.06h
[17:13:21 INFO]   [370/400] running 31.91 ± 0.57% | last loss 1.1552 (ce 1.1552) | 5.3s/episode, ETA 0.04h
[17:14:15 INFO]   [380/400] running 31.95 ± 0.57% | last loss 1.2599 (ce 1.2599) | 5.3s/episode, ETA 0.03h
[17:15:08 INFO]   [390/400] running 31.99 ± 0.56% | last loss 1.1258 (ce 1.1258) | 5.3s/episode, ETA 0.01h
[17:16:01 INFO]   [400/400] running 31.98 ± 0.55% | last loss 1.0702 (ce 1.0702) | 5.3s/episode, ETA 0.00h
[17:16:01 INFO] Final (episodic, nofsr_nocc_loraboth_r2): 31.98 ± 0.55% (n_episodes=400)
