set seed = 2
FineTune! 5 shots on ISIC dataset
ISIC iteration 0/100 : Query Acc = 48.00, Avg Acc = 48.00% +- 0.00%
ISIC | 0 / 100 Acc = 48.00% +- 0.00%
ISIC iteration 1/100 : Query Acc = 52.00, Avg Acc = 50.00% +- 2.77%
ISIC iteration 2/100 : Query Acc = 54.67, Avg Acc = 51.56% +- 3.10%
ISIC iteration 3/100 : Query Acc = 38.67, Avg Acc = 48.33% +- 5.94%
ISIC iteration 4/100 : Query Acc = 36.00, Avg Acc = 45.87% +- 6.43%
ISIC iteration 5/100 : Query Acc = 45.33, Avg Acc = 45.78% +- 5.36%
ISIC iteration 6/100 : Query Acc = 54.67, Avg Acc = 47.05% +- 5.14%
ISIC iteration 7/100 : Query Acc = 46.67, Avg Acc = 47.00% +- 4.50%
ISIC iteration 8/100 : Query Acc = 40.00, Avg Acc = 46.22% +- 4.25%
ISIC iteration 9/100 : Query Acc = 45.33, Avg Acc = 46.13% +- 3.83%
ISIC iteration 10/100 : Query Acc = 42.67, Avg Acc = 45.82% +- 3.53%
ISIC iteration 11/100 : Query Acc = 50.67, Avg Acc = 46.22% +- 3.32%
ISIC iteration 12/100 : Query Acc = 45.33, Avg Acc = 46.15% +- 3.07%
ISIC iteration 13/100 : Query Acc = 46.67, Avg Acc = 46.19% +- 2.85%
ISIC iteration 14/100 : Query Acc = 36.00, Avg Acc = 45.51% +- 2.96%
ISIC iteration 15/100 : Query Acc = 44.00, Avg Acc = 45.42% +- 2.78%
ISIC iteration 16/100 : Query Acc = 61.33, Avg Acc = 46.35% +- 3.16%
ISIC iteration 17/100 : Query Acc = 58.67, Avg Acc = 47.04% +- 3.26%
ISIC iteration 18/100 : Query Acc = 46.67, Avg Acc = 47.02% +- 3.09%
ISIC iteration 19/100 : Query Acc = 60.00, Avg Acc = 47.67% +- 3.18%
ISIC iteration 20/100 : Query Acc = 54.67, Avg Acc = 48.00% +- 3.10%
ISIC iteration 21/100 : Query Acc = 49.33, Avg Acc = 48.06% +- 2.96%
ISIC iteration 22/100 : Query Acc = 56.00, Avg Acc = 48.41% +- 2.91%
ISIC iteration 23/100 : Query Acc = 38.67, Avg Acc = 48.00% +- 2.89%
ISIC iteration 24/100 : Query Acc = 49.33, Avg Acc = 48.05% +- 2.78%
ISIC iteration 25/100 : Query Acc = 60.00, Avg Acc = 48.51% +- 2.81%
ISIC iteration 26/100 : Query Acc = 52.00, Avg Acc = 48.64% +- 2.72%
ISIC iteration 27/100 : Query Acc = 46.67, Avg Acc = 48.57% +- 2.63%
ISIC iteration 28/100 : Query Acc = 46.67, Avg Acc = 48.51% +- 2.54%
ISIC iteration 29/100 : Query Acc = 58.67, Avg Acc = 48.84% +- 2.54%
ISIC iteration 30/100 : Query Acc = 53.33, Avg Acc = 48.99% +- 2.47%
ISIC iteration 31/100 : Query Acc = 54.67, Avg Acc = 49.17% +- 2.42%
ISIC iteration 32/100 : Query Acc = 42.67, Avg Acc = 48.97% +- 2.38%
ISIC iteration 33/100 : Query Acc = 57.33, Avg Acc = 49.22% +- 2.36%
ISIC iteration 34/100 : Query Acc = 44.00, Avg Acc = 49.07% +- 2.31%
ISIC iteration 35/100 : Query Acc = 56.00, Avg Acc = 49.26% +- 2.27%
ISIC iteration 36/100 : Query Acc = 56.00, Avg Acc = 49.44% +- 2.24%
ISIC iteration 37/100 : Query Acc = 49.33, Avg Acc = 49.44% +- 2.18%
ISIC iteration 38/100 : Query Acc = 57.33, Avg Acc = 49.64% +- 2.16%
ISIC iteration 39/100 : Query Acc = 36.00, Avg Acc = 49.30% +- 2.21%
ISIC iteration 40/100 : Query Acc = 50.67, Avg Acc = 49.33% +- 2.16%
ISIC iteration 41/100 : Query Acc = 60.00, Avg Acc = 49.59% +- 2.16%
ISIC iteration 42/100 : Query Acc = 36.00, Avg Acc = 49.27% +- 2.20%
ISIC iteration 43/100 : Query Acc = 52.00, Avg Acc = 49.33% +- 2.15%
ISIC iteration 44/100 : Query Acc = 52.00, Avg Acc = 49.39% +- 2.11%
ISIC iteration 45/100 : Query Acc = 49.33, Avg Acc = 49.39% +- 2.06%
ISIC iteration 46/100 : Query Acc = 57.33, Avg Acc = 49.56% +- 2.04%
ISIC iteration 47/100 : Query Acc = 64.00, Avg Acc = 49.86% +- 2.08%
ISIC iteration 48/100 : Query Acc = 49.33, Avg Acc = 49.85% +- 2.04%
ISIC iteration 49/100 : Query Acc = 50.67, Avg Acc = 49.87% +- 2.00%
ISIC iteration 50/100 : Query Acc = 46.67, Avg Acc = 49.80% +- 1.97%
ISIC iteration 51/100 : Query Acc = 45.33, Avg Acc = 49.72% +- 1.94%
ISIC iteration 52/100 : Query Acc = 50.67, Avg Acc = 49.74% +- 1.90%
ISIC iteration 53/100 : Query Acc = 42.67, Avg Acc = 49.60% +- 1.88%
ISIC iteration 54/100 : Query Acc = 48.00, Avg Acc = 49.58% +- 1.85%
ISIC iteration 55/100 : Query Acc = 41.33, Avg Acc = 49.43% +- 1.84%
ISIC iteration 56/100 : Query Acc = 41.33, Avg Acc = 49.29% +- 1.83%
ISIC iteration 57/100 : Query Acc = 45.33, Avg Acc = 49.22% +- 1.80%
ISIC iteration 58/100 : Query Acc = 45.33, Avg Acc = 49.15% +- 1.77%
ISIC iteration 59/100 : Query Acc = 30.67, Avg Acc = 48.84% +- 1.84%
ISIC iteration 60/100 : Query Acc = 64.00, Avg Acc = 49.09% +- 1.88%
ISIC iteration 61/100 : Query Acc = 60.00, Avg Acc = 49.27% +- 1.88%
ISIC iteration 62/100 : Query Acc = 42.67, Avg Acc = 49.16% +- 1.86%
ISIC iteration 63/100 : Query Acc = 58.67, Avg Acc = 49.31% +- 1.85%
ISIC iteration 64/100 : Query Acc = 42.67, Avg Acc = 49.21% +- 1.84%
ISIC iteration 65/100 : Query Acc = 53.33, Avg Acc = 49.27% +- 1.81%
ISIC iteration 66/100 : Query Acc = 49.33, Avg Acc = 49.27% +- 1.78%
ISIC iteration 67/100 : Query Acc = 48.00, Avg Acc = 49.25% +- 1.76%
ISIC iteration 68/100 : Query Acc = 58.67, Avg Acc = 49.39% +- 1.75%
ISIC iteration 69/100 : Query Acc = 44.00, Avg Acc = 49.31% +- 1.73%
ISIC iteration 70/100 : Query Acc = 52.00, Avg Acc = 49.35% +- 1.71%
ISIC iteration 71/100 : Query Acc = 60.00, Avg Acc = 49.50% +- 1.71%
ISIC iteration 72/100 : Query Acc = 58.67, Avg Acc = 49.63% +- 1.71%
ISIC iteration 73/100 : Query Acc = 44.00, Avg Acc = 49.55% +- 1.69%
ISIC iteration 74/100 : Query Acc = 56.00, Avg Acc = 49.64% +- 1.68%
ISIC iteration 75/100 : Query Acc = 46.67, Avg Acc = 49.60% +- 1.66%
ISIC iteration 76/100 : Query Acc = 48.00, Avg Acc = 49.58% +- 1.63%
ISIC iteration 77/100 : Query Acc = 33.33, Avg Acc = 49.37% +- 1.66%
ISIC iteration 78/100 : Query Acc = 60.00, Avg Acc = 49.50% +- 1.66%
ISIC iteration 79/100 : Query Acc = 40.00, Avg Acc = 49.38% +- 1.66%
ISIC iteration 80/100 : Query Acc = 52.00, Avg Acc = 49.42% +- 1.64%
ISIC iteration 81/100 : Query Acc = 49.33, Avg Acc = 49.41% +- 1.62%
ISIC iteration 82/100 : Query Acc = 44.00, Avg Acc = 49.35% +- 1.61%
ISIC iteration 83/100 : Query Acc = 32.00, Avg Acc = 49.14% +- 1.64%
ISIC iteration 84/100 : Query Acc = 50.67, Avg Acc = 49.16% +- 1.62%
ISIC iteration 85/100 : Query Acc = 41.33, Avg Acc = 49.07% +- 1.61%
ISIC iteration 86/100 : Query Acc = 54.67, Avg Acc = 49.13% +- 1.59%
ISIC iteration 87/100 : Query Acc = 53.33, Avg Acc = 49.18% +- 1.58%
ISIC iteration 88/100 : Query Acc = 52.00, Avg Acc = 49.21% +- 1.56%
ISIC iteration 89/100 : Query Acc = 61.33, Avg Acc = 49.35% +- 1.57%
ISIC iteration 90/100 : Query Acc = 52.00, Avg Acc = 49.38% +- 1.55%
ISIC iteration 91/100 : Query Acc = 57.33, Avg Acc = 49.46% +- 1.54%
ISIC iteration 92/100 : Query Acc = 44.00, Avg Acc = 49.41% +- 1.53%
ISIC iteration 93/100 : Query Acc = 54.67, Avg Acc = 49.46% +- 1.52%
ISIC iteration 94/100 : Query Acc = 48.00, Avg Acc = 49.45% +- 1.50%
ISIC iteration 95/100 : Query Acc = 50.67, Avg Acc = 49.46% +- 1.49%
ISIC iteration 96/100 : Query Acc = 49.33, Avg Acc = 49.46% +- 1.47%
ISIC iteration 97/100 : Query Acc = 53.33, Avg Acc = 49.50% +- 1.46%
ISIC iteration 98/100 : Query Acc = 53.33, Avg Acc = 49.54% +- 1.45%
ISIC iteration 99/100 : Query Acc = 40.00, Avg Acc = 49.44% +- 1.44%
ISIC 100 Test Acc = 49.44% +- 1.44%
