set seed = 2
FineTune! 5 shots on ISIC dataset
ISIC iteration 0/100 : Query Acc = 48.00, Avg Acc = 48.00% +- 0.00%
ISIC | 0 / 100 Acc = 48.00% +- 0.00%
ISIC iteration 1/100 : Query Acc = 60.00, Avg Acc = 54.00% +- 8.32%
ISIC iteration 2/100 : Query Acc = 58.67, Avg Acc = 55.56% +- 6.08%
ISIC iteration 3/100 : Query Acc = 48.00, Avg Acc = 53.67% +- 5.57%
ISIC iteration 4/100 : Query Acc = 36.00, Avg Acc = 50.13% +- 7.63%
ISIC iteration 5/100 : Query Acc = 44.00, Avg Acc = 49.11% +- 6.62%
ISIC iteration 6/100 : Query Acc = 40.00, Avg Acc = 47.81% +- 6.14%
ISIC iteration 7/100 : Query Acc = 42.67, Avg Acc = 47.17% +- 5.50%
ISIC iteration 8/100 : Query Acc = 32.00, Avg Acc = 45.48% +- 5.80%
ISIC iteration 9/100 : Query Acc = 44.00, Avg Acc = 45.33% +- 5.23%
ISIC iteration 10/100 : Query Acc = 38.67, Avg Acc = 44.73% +- 4.88%
ISIC iteration 11/100 : Query Acc = 48.00, Avg Acc = 45.00% +- 4.51%
ISIC iteration 12/100 : Query Acc = 46.67, Avg Acc = 45.13% +- 4.17%
ISIC iteration 13/100 : Query Acc = 40.00, Avg Acc = 44.76% +- 3.93%
ISIC iteration 14/100 : Query Acc = 38.67, Avg Acc = 44.36% +- 3.75%
ISIC iteration 15/100 : Query Acc = 38.67, Avg Acc = 44.00% +- 3.58%
ISIC iteration 16/100 : Query Acc = 52.00, Avg Acc = 44.47% +- 3.48%
ISIC iteration 17/100 : Query Acc = 61.33, Avg Acc = 45.41% +- 3.74%
ISIC iteration 18/100 : Query Acc = 42.67, Avg Acc = 45.26% +- 3.56%
ISIC iteration 19/100 : Query Acc = 57.33, Avg Acc = 45.87% +- 3.57%
ISIC iteration 20/100 : Query Acc = 56.00, Avg Acc = 46.35% +- 3.52%
ISIC iteration 21/100 : Query Acc = 58.67, Avg Acc = 46.91% +- 3.53%
ISIC iteration 22/100 : Query Acc = 56.00, Avg Acc = 47.30% +- 3.46%
ISIC iteration 23/100 : Query Acc = 38.67, Avg Acc = 46.94% +- 3.39%
ISIC iteration 24/100 : Query Acc = 49.33, Avg Acc = 47.04% +- 3.26%
ISIC iteration 25/100 : Query Acc = 65.33, Avg Acc = 47.74% +- 3.41%
ISIC iteration 26/100 : Query Acc = 50.67, Avg Acc = 47.85% +- 3.29%
ISIC iteration 27/100 : Query Acc = 38.67, Avg Acc = 47.52% +- 3.24%
ISIC iteration 28/100 : Query Acc = 50.67, Avg Acc = 47.63% +- 3.13%
ISIC iteration 29/100 : Query Acc = 53.33, Avg Acc = 47.82% +- 3.05%
ISIC iteration 30/100 : Query Acc = 45.33, Avg Acc = 47.74% +- 2.96%
ISIC iteration 31/100 : Query Acc = 44.00, Avg Acc = 47.62% +- 2.87%
ISIC iteration 32/100 : Query Acc = 49.33, Avg Acc = 47.68% +- 2.79%
ISIC iteration 33/100 : Query Acc = 54.67, Avg Acc = 47.88% +- 2.73%
ISIC iteration 34/100 : Query Acc = 42.67, Avg Acc = 47.73% +- 2.67%
ISIC iteration 35/100 : Query Acc = 50.67, Avg Acc = 47.81% +- 2.60%
ISIC iteration 36/100 : Query Acc = 42.67, Avg Acc = 47.68% +- 2.55%
ISIC iteration 37/100 : Query Acc = 61.33, Avg Acc = 48.04% +- 2.57%
ISIC iteration 38/100 : Query Acc = 53.33, Avg Acc = 48.17% +- 2.52%
ISIC iteration 39/100 : Query Acc = 38.67, Avg Acc = 47.93% +- 2.50%
ISIC iteration 40/100 : Query Acc = 54.67, Avg Acc = 48.10% +- 2.46%
ISIC iteration 41/100 : Query Acc = 57.33, Avg Acc = 48.32% +- 2.44%
ISIC iteration 42/100 : Query Acc = 44.00, Avg Acc = 48.22% +- 2.39%
ISIC iteration 43/100 : Query Acc = 46.67, Avg Acc = 48.18% +- 2.34%
ISIC iteration 44/100 : Query Acc = 45.33, Avg Acc = 48.12% +- 2.29%
ISIC iteration 45/100 : Query Acc = 49.33, Avg Acc = 48.14% +- 2.24%
ISIC iteration 46/100 : Query Acc = 61.33, Avg Acc = 48.43% +- 2.26%
ISIC iteration 47/100 : Query Acc = 58.67, Avg Acc = 48.64% +- 2.25%
ISIC iteration 48/100 : Query Acc = 52.00, Avg Acc = 48.71% +- 2.21%
ISIC iteration 49/100 : Query Acc = 50.67, Avg Acc = 48.75% +- 2.17%
ISIC iteration 50/100 : Query Acc = 46.67, Avg Acc = 48.71% +- 2.12%
ISIC iteration 51/100 : Query Acc = 54.67, Avg Acc = 48.82% +- 2.10%
ISIC iteration 52/100 : Query Acc = 49.33, Avg Acc = 48.83% +- 2.06%
ISIC iteration 53/100 : Query Acc = 44.00, Avg Acc = 48.74% +- 2.03%
ISIC iteration 54/100 : Query Acc = 46.67, Avg Acc = 48.70% +- 1.99%
ISIC iteration 55/100 : Query Acc = 45.33, Avg Acc = 48.64% +- 1.96%
ISIC iteration 56/100 : Query Acc = 52.00, Avg Acc = 48.70% +- 1.93%
ISIC iteration 57/100 : Query Acc = 40.00, Avg Acc = 48.55% +- 1.92%
ISIC iteration 58/100 : Query Acc = 42.67, Avg Acc = 48.45% +- 1.89%
ISIC iteration 59/100 : Query Acc = 36.00, Avg Acc = 48.24% +- 1.91%
ISIC iteration 60/100 : Query Acc = 52.00, Avg Acc = 48.31% +- 1.88%
ISIC iteration 61/100 : Query Acc = 62.67, Avg Acc = 48.54% +- 1.90%
ISIC iteration 62/100 : Query Acc = 46.67, Avg Acc = 48.51% +- 1.87%
ISIC iteration 63/100 : Query Acc = 42.67, Avg Acc = 48.42% +- 1.85%
ISIC iteration 64/100 : Query Acc = 41.33, Avg Acc = 48.31% +- 1.84%
ISIC iteration 65/100 : Query Acc = 58.67, Avg Acc = 48.46% +- 1.83%
ISIC iteration 66/100 : Query Acc = 58.67, Avg Acc = 48.62% +- 1.83%
ISIC iteration 67/100 : Query Acc = 45.33, Avg Acc = 48.57% +- 1.81%
ISIC iteration 68/100 : Query Acc = 48.00, Avg Acc = 48.56% +- 1.78%
ISIC iteration 69/100 : Query Acc = 44.00, Avg Acc = 48.50% +- 1.76%
ISIC iteration 70/100 : Query Acc = 49.33, Avg Acc = 48.51% +- 1.73%
ISIC iteration 71/100 : Query Acc = 65.33, Avg Acc = 48.74% +- 1.77%
ISIC iteration 72/100 : Query Acc = 54.67, Avg Acc = 48.82% +- 1.75%
ISIC iteration 73/100 : Query Acc = 44.00, Avg Acc = 48.76% +- 1.73%
ISIC iteration 74/100 : Query Acc = 54.67, Avg Acc = 48.84% +- 1.72%
ISIC iteration 75/100 : Query Acc = 49.33, Avg Acc = 48.84% +- 1.69%
ISIC iteration 76/100 : Query Acc = 48.00, Avg Acc = 48.83% +- 1.67%
ISIC iteration 77/100 : Query Acc = 44.00, Avg Acc = 48.77% +- 1.66%
ISIC iteration 78/100 : Query Acc = 64.00, Avg Acc = 48.96% +- 1.68%
ISIC iteration 79/100 : Query Acc = 37.33, Avg Acc = 48.82% +- 1.68%
ISIC iteration 80/100 : Query Acc = 54.67, Avg Acc = 48.89% +- 1.67%
ISIC iteration 81/100 : Query Acc = 53.33, Avg Acc = 48.94% +- 1.65%
ISIC iteration 82/100 : Query Acc = 42.67, Avg Acc = 48.87% +- 1.64%
ISIC iteration 83/100 : Query Acc = 42.67, Avg Acc = 48.79% +- 1.62%
ISIC iteration 84/100 : Query Acc = 45.33, Avg Acc = 48.75% +- 1.60%
ISIC iteration 85/100 : Query Acc = 33.33, Avg Acc = 48.57% +- 1.62%
ISIC iteration 86/100 : Query Acc = 46.67, Avg Acc = 48.55% +- 1.61%
ISIC iteration 87/100 : Query Acc = 56.00, Avg Acc = 48.64% +- 1.60%
ISIC iteration 88/100 : Query Acc = 56.00, Avg Acc = 48.72% +- 1.59%
ISIC iteration 89/100 : Query Acc = 60.00, Avg Acc = 48.84% +- 1.59%
ISIC iteration 90/100 : Query Acc = 56.00, Avg Acc = 48.92% +- 1.58%
ISIC iteration 91/100 : Query Acc = 52.00, Avg Acc = 48.96% +- 1.56%
ISIC iteration 92/100 : Query Acc = 42.67, Avg Acc = 48.89% +- 1.55%
ISIC iteration 93/100 : Query Acc = 56.00, Avg Acc = 48.96% +- 1.54%
ISIC iteration 94/100 : Query Acc = 52.00, Avg Acc = 49.00% +- 1.53%
ISIC iteration 95/100 : Query Acc = 45.33, Avg Acc = 48.96% +- 1.51%
ISIC iteration 96/100 : Query Acc = 56.00, Avg Acc = 49.03% +- 1.50%
ISIC iteration 97/100 : Query Acc = 38.67, Avg Acc = 48.93% +- 1.50%
ISIC iteration 98/100 : Query Acc = 53.33, Avg Acc = 48.97% +- 1.49%
ISIC iteration 99/100 : Query Acc = 44.00, Avg Acc = 48.92% +- 1.48%
ISIC 100 Test Acc = 48.92% +- 1.48%
