[19:10:17 INFO] Episodic protocol | isic 5-way 5-shot | 100 episodes × 500 steps | tag=nofsr_nocc_loraboth_r2_steps500_cnfull_loc0.1g1_sep0_pmvalue
[19:10:17 INFO] Args: {'dataset': 'isic', 'data_root': './data', 'n_way': 5, 'n_shot': 5, 'n_query': 15, 'n_episodes': 100, 'backbone': 'ViT-B/16', 'lora_encoder': 'both', 'lora_qkv_mode': 'separate', 'lora_out_proj': False, 'lora_r': 2, 'lora_alpha': 1.0, 'lora_dropout': 0.25, 'steps': 500, 'batch_size': 32, 'lr': 0.0002, 'weight_decay': 0.01, 'no_ce_aug': False, 'class_names': 'full', 'lambda1': 0.0, 'lambda2': 0.0, 'top_k': 10, 'n_aug': 4, 'cc_impl': 'legacy', 'local_score': True, 'local_k_frac': 0.1, 'local_gamma': 1.0, 'learn_gamma': False, 'local_loss': 'separate', 'local_lambda': 0.0, 'patch_mode': 'value', 'use_feature_sr': False, 'sr_scale': 2, 'sr_refiner_layers': 0, 'sr_refiner_heads': 8, 'lambda3': 0.3, 'patch_smooth': 1, 'eval_anyup': False, 'sr_upsampler': 'learned', 'seed': 42, 'no_amp': False, 'save_dir': './results_episodic', 'tag': None, 'log_every': 10}
[19:10:17 INFO] Episode pool (BSCD 全量): ISICDataset(split=train, n_classes=7, n_samples=10015)
[19:10:19 INFO] LoRA trainable parameters: 184,320 (encoder=both, qkv=separate, out_proj=False)
/home/ccoliu/FeatureSR/train_episodic.py:238: FutureWarning: `torch.cuda.amp.GradScaler(args...)` is deprecated. Please use `torch.amp.GradScaler('cuda', args...)` instead.
  scaler = torch.cuda.amp.GradScaler(enabled=use_amp)
/home/ccoliu/FeatureSR/.venv/lib/python3.12/site-packages/torch/optim/lr_scheduler.py:224: UserWarning: Detected call of `lr_scheduler.step()` before `optimizer.step()`. In PyTorch 1.1.0 and later, you should call them in the opposite order: `optimizer.step()` before `lr_scheduler.step()`.  Failure to do this will result in PyTorch skipping the first value of the learning rate schedule. See more details at https://pytorch.org/docs/stable/optim.html#how-to-adjust-learning-rate
  warnings.warn(
[19:14:27 INFO]   [10/100] running 45.33 ± 6.58% | last loss 0.0158 (ce 0.0158, tit 0.000, iti 0.000, mlp_cos 0.000) | 24.8s/episode, ETA 0.62h
[19:18:36 INFO]   [20/100] running 44.47 ± 4.32% | last loss 0.0033 (ce 0.0033, tit 0.000, iti 0.000, mlp_cos 0.000) | 24.9s/episode, ETA 0.55h
[19:22:44 INFO]   [30/100] running 45.16 ± 3.26% | last loss 0.0032 (ce 0.0032, tit 0.000, iti 0.000, mlp_cos 0.000) | 24.9s/episode, ETA 0.48h
[19:26:53 INFO]   [40/100] running 45.43 ± 2.61% | last loss 0.0026 (ce 0.0026, tit 0.000, iti 0.000, mlp_cos 0.000) | 24.9s/episode, ETA 0.41h
[19:31:02 INFO]   [50/100] running 45.33 ± 2.22% | last loss 0.0067 (ce 0.0067, tit 0.000, iti 0.000, mlp_cos 0.000) | 24.9s/episode, ETA 0.35h
[19:35:10 INFO]   [60/100] running 45.20 ± 2.05% | last loss 0.0076 (ce 0.0076, tit 0.000, iti 0.000, mlp_cos 0.000) | 24.9s/episode, ETA 0.28h
[19:39:18 INFO]   [70/100] running 45.52 ± 1.97% | last loss 0.0055 (ce 0.0055, tit 0.000, iti 0.000, mlp_cos 0.000) | 24.9s/episode, ETA 0.21h
[19:43:26 INFO]   [80/100] running 45.47 ± 1.78% | last loss 0.0039 (ce 0.0039, tit 0.000, iti 0.000, mlp_cos 0.000) | 24.8s/episode, ETA 0.14h
[19:47:34 INFO]   [90/100] running 45.50 ± 1.66% | last loss 0.0031 (ce 0.0031, tit 0.000, iti 0.000, mlp_cos 0.000) | 24.8s/episode, ETA 0.07h
[19:51:42 INFO]   [100/100] running 45.56 ± 1.57% | last loss 0.0082 (ce 0.0082, tit 0.000, iti 0.000, mlp_cos 0.000) | 24.8s/episode, ETA 0.00h
[19:51:42 INFO] Final (episodic, nofsr_nocc_loraboth_r2_steps500_cnfull_loc0.1g1_sep0_pmvalue): 45.56 ± 1.57% (n_episodes=100)
[19:51:42 INFO]   診斷：只用 CLS 50.59、只用 local 33.61、γ 1.000；融合 γ=0.1/0.3/0.5：50.41/49.28/48.37
