[13:06:25 INFO] Episodic protocol | isic 5-way 5-shot | 400 episodes × 500 steps | tag=fsr_s2_ref0_l30_nocc_loraboth_r2_steps500_cnfull_loc0.1g1_sep1_pmvalue
[13:06:25 INFO] Args: {'dataset': 'isic', 'data_root': './data', 'n_way': 5, 'n_shot': 5, 'n_query': 15, 'n_episodes': None, 'backbone': 'ViT-B/16', 'lora_encoder': 'both', 'lora_qkv_mode': 'separate', 'lora_out_proj': False, 'lora_r': 2, 'lora_alpha': 1.0, 'lora_dropout': 0.25, 'steps': 500, 'batch_size': 32, 'lr': 0.0002, 'weight_decay': 0.01, 'no_ce_aug': False, 'class_names': 'full', 'lambda1': 0.0, 'lambda2': 0.0, 'top_k': 10, 'n_aug': 4, 'cc_impl': 'legacy', 'local_score': True, 'local_k_frac': 0.1, 'local_gamma': 1.0, 'learn_gamma': False, 'local_loss': 'separate', 'local_lambda': 1.0, 'patch_mode': 'value', 'use_feature_sr': True, 'sr_scale': 2, 'sr_refiner_layers': 0, 'sr_refiner_heads': 8, 'lambda3': 0.0, 'seed': 42, 'no_amp': False, 'save_dir': './results_episodic', 'tag': None, 'log_every': 10}
[13:06:25 INFO] Episode pool (BSCD 全量): ISICDataset(split=train, n_classes=7, n_samples=10015)
[13:06:27 INFO] LoRA trainable parameters: 184,320 (encoder=both, qkv=separate, out_proj=False)
/home/ccoliu/FeatureSR/train_episodic.py:192: FutureWarning: `torch.cuda.amp.GradScaler(args...)` is deprecated. Please use `torch.amp.GradScaler('cuda', args...)` instead.
  scaler = torch.cuda.amp.GradScaler(enabled=use_amp)
/home/ccoliu/FeatureSR/.venv/lib/python3.12/site-packages/torch/optim/lr_scheduler.py:224: UserWarning: Detected call of `lr_scheduler.step()` before `optimizer.step()`. In PyTorch 1.1.0 and later, you should call them in the opposite order: `optimizer.step()` before `lr_scheduler.step()`.  Failure to do this will result in PyTorch skipping the first value of the learning rate schedule. See more details at https://pytorch.org/docs/stable/optim.html#how-to-adjust-learning-rate
  warnings.warn(
[13:11:16 INFO]   [10/400] running 50.13 ± 5.92% | last loss 0.0101 (ce 0.0101, tit 0.000, iti 0.000, mlp_cos 0.000) | 28.9s/episode, ETA 3.13h
[13:16:04 INFO]   [20/400] running 49.93 ± 4.23% | last loss 0.0087 (ce 0.0087, tit 0.000, iti 0.000, mlp_cos 0.000) | 28.9s/episode, ETA 3.05h
[13:20:53 INFO]   [30/400] running 49.20 ± 3.29% | last loss 0.0131 (ce 0.0131, tit 0.000, iti 0.000, mlp_cos 0.000) | 28.9s/episode, ETA 2.97h
[13:25:42 INFO]   [40/400] running 49.63 ± 2.63% | last loss 0.0119 (ce 0.0119, tit 0.000, iti 0.000, mlp_cos 0.000) | 28.9s/episode, ETA 2.89h
[13:30:31 INFO]   [50/400] running 49.25 ± 2.31% | last loss 0.0184 (ce 0.0184, tit 0.000, iti 0.000, mlp_cos 0.000) | 28.9s/episode, ETA 2.81h
[13:35:19 INFO]   [60/400] running 49.53 ± 2.13% | last loss 0.0195 (ce 0.0195, tit 0.000, iti 0.000, mlp_cos 0.000) | 28.9s/episode, ETA 2.73h
[13:40:08 INFO]   [70/400] running 49.79 ± 2.00% | last loss 0.0146 (ce 0.0146, tit 0.000, iti 0.000, mlp_cos 0.000) | 28.9s/episode, ETA 2.65h
[13:44:56 INFO]   [80/400] running 49.87 ± 1.84% | last loss 0.0071 (ce 0.0071, tit 0.000, iti 0.000, mlp_cos 0.000) | 28.9s/episode, ETA 2.57h
[13:49:45 INFO]   [90/400] running 50.16 ± 1.73% | last loss 0.0063 (ce 0.0063, tit 0.000, iti 0.000, mlp_cos 0.000) | 28.9s/episode, ETA 2.49h
[13:54:33 INFO]   [100/400] running 50.24 ± 1.61% | last loss 0.0226 (ce 0.0226, tit 0.000, iti 0.000, mlp_cos 0.000) | 28.9s/episode, ETA 2.41h
[13:59:21 INFO]   [110/400] running 50.34 ± 1.55% | last loss 0.0177 (ce 0.0177, tit 0.000, iti 0.000, mlp_cos 0.000) | 28.9s/episode, ETA 2.32h
[14:04:09 INFO]   [120/400] running 50.22 ± 1.50% | last loss 0.0094 (ce 0.0094, tit 0.000, iti 0.000, mlp_cos 0.000) | 28.9s/episode, ETA 2.24h
[14:08:58 INFO]   [130/400] running 50.38 ± 1.43% | last loss 0.0091 (ce 0.0091, tit 0.000, iti 0.000, mlp_cos 0.000) | 28.9s/episode, ETA 2.16h
[14:13:46 INFO]   [140/400] running 50.18 ± 1.39% | last loss 0.0718 (ce 0.0718, tit 0.000, iti 0.000, mlp_cos 0.000) | 28.8s/episode, ETA 2.08h
[14:18:34 INFO]   [150/400] running 50.19 ± 1.37% | last loss 0.0106 (ce 0.0106, tit 0.000, iti 0.000, mlp_cos 0.000) | 28.8s/episode, ETA 2.00h
[14:23:23 INFO]   [160/400] running 50.11 ± 1.32% | last loss 0.0103 (ce 0.0103, tit 0.000, iti 0.000, mlp_cos 0.000) | 28.9s/episode, ETA 1.92h
[14:28:10 INFO]   [170/400] running 50.11 ± 1.29% | last loss 0.0067 (ce 0.0067, tit 0.000, iti 0.000, mlp_cos 0.000) | 28.8s/episode, ETA 1.84h
[14:32:59 INFO]   [180/400] running 50.16 ± 1.24% | last loss 0.0062 (ce 0.0062, tit 0.000, iti 0.000, mlp_cos 0.000) | 28.8s/episode, ETA 1.76h
[14:37:46 INFO]   [190/400] running 50.23 ± 1.20% | last loss 0.1578 (ce 0.1578, tit 0.000, iti 0.000, mlp_cos 0.000) | 28.8s/episode, ETA 1.68h
[14:42:34 INFO]   [200/400] running 50.29 ± 1.15% | last loss 0.0104 (ce 0.0104, tit 0.000, iti 0.000, mlp_cos 0.000) | 28.8s/episode, ETA 1.60h
[14:47:22 INFO]   [210/400] running 50.28 ± 1.12% | last loss 0.0348 (ce 0.0348, tit 0.000, iti 0.000, mlp_cos 0.000) | 28.8s/episode, ETA 1.52h
[14:52:10 INFO]   [220/400] running 50.21 ± 1.09% | last loss 0.1358 (ce 0.1358, tit 0.000, iti 0.000, mlp_cos 0.000) | 28.8s/episode, ETA 1.44h
[14:56:58 INFO]   [230/400] running 50.21 ± 1.06% | last loss 0.0457 (ce 0.0457, tit 0.000, iti 0.000, mlp_cos 0.000) | 28.8s/episode, ETA 1.36h
[15:01:46 INFO]   [240/400] running 50.06 ± 1.04% | last loss 0.2094 (ce 0.2094, tit 0.000, iti 0.000, mlp_cos 0.000) | 28.8s/episode, ETA 1.28h
[15:06:34 INFO]   [250/400] running 50.13 ± 1.01% | last loss 0.0083 (ce 0.0083, tit 0.000, iti 0.000, mlp_cos 0.000) | 28.8s/episode, ETA 1.20h
[15:11:22 INFO]   [260/400] running 50.18 ± 0.99% | last loss 0.0137 (ce 0.0137, tit 0.000, iti 0.000, mlp_cos 0.000) | 28.8s/episode, ETA 1.12h
[15:16:11 INFO]   [270/400] running 50.17 ± 0.96% | last loss 0.0371 (ce 0.0371, tit 0.000, iti 0.000, mlp_cos 0.000) | 28.8s/episode, ETA 1.04h
[15:20:59 INFO]   [280/400] running 50.10 ± 0.94% | last loss 0.0274 (ce 0.0274, tit 0.000, iti 0.000, mlp_cos 0.000) | 28.8s/episode, ETA 0.96h
[15:25:49 INFO]   [290/400] running 50.06 ± 0.92% | last loss 0.0549 (ce 0.0549, tit 0.000, iti 0.000, mlp_cos 0.000) | 28.8s/episode, ETA 0.88h
[15:30:37 INFO]   [300/400] running 50.03 ± 0.89% | last loss 0.0074 (ce 0.0074, tit 0.000, iti 0.000, mlp_cos 0.000) | 28.8s/episode, ETA 0.80h
[15:35:25 INFO]   [310/400] running 49.95 ± 0.88% | last loss 0.0174 (ce 0.0174, tit 0.000, iti 0.000, mlp_cos 0.000) | 28.8s/episode, ETA 0.72h
[15:40:14 INFO]   [320/400] running 50.14 ± 0.86% | last loss 0.0090 (ce 0.0090, tit 0.000, iti 0.000, mlp_cos 0.000) | 28.8s/episode, ETA 0.64h
[15:45:02 INFO]   [330/400] running 50.15 ± 0.84% | last loss 0.0331 (ce 0.0331, tit 0.000, iti 0.000, mlp_cos 0.000) | 28.8s/episode, ETA 0.56h
[15:49:50 INFO]   [340/400] running 50.31 ± 0.84% | last loss 0.0116 (ce 0.0116, tit 0.000, iti 0.000, mlp_cos 0.000) | 28.8s/episode, ETA 0.48h
[15:54:38 INFO]   [350/400] running 50.27 ± 0.83% | last loss 0.0247 (ce 0.0247, tit 0.000, iti 0.000, mlp_cos 0.000) | 28.8s/episode, ETA 0.40h
[15:59:26 INFO]   [360/400] running 50.19 ± 0.82% | last loss 0.0123 (ce 0.0123, tit 0.000, iti 0.000, mlp_cos 0.000) | 28.8s/episode, ETA 0.32h
[16:04:14 INFO]   [370/400] running 50.30 ± 0.82% | last loss 0.0478 (ce 0.0478, tit 0.000, iti 0.000, mlp_cos 0.000) | 28.8s/episode, ETA 0.24h
[16:09:02 INFO]   [380/400] running 50.20 ± 0.81% | last loss 0.1106 (ce 0.1106, tit 0.000, iti 0.000, mlp_cos 0.000) | 28.8s/episode, ETA 0.16h
[16:13:50 INFO]   [390/400] running 50.23 ± 0.80% | last loss 0.0383 (ce 0.0383, tit 0.000, iti 0.000, mlp_cos 0.000) | 28.8s/episode, ETA 0.08h
[16:18:38 INFO]   [400/400] running 50.16 ± 0.79% | last loss 0.0073 (ce 0.0073, tit 0.000, iti 0.000, mlp_cos 0.000) | 28.8s/episode, ETA 0.00h
[16:18:38 INFO] Final (episodic, fsr_s2_ref0_l30_nocc_loraboth_r2_steps500_cnfull_loc0.1g1_sep1_pmvalue): 50.16 ± 0.79% (n_episodes=400)
[16:18:38 INFO]   診斷：只用 CLS 49.45、只用 local 47.73、γ 1.000；融合 γ=0.1/0.3/0.5：50.31/50.80/50.69
