[09:54:21 INFO] Episodic protocol | isic 5-way 5-shot | 400 episodes × 500 steps | tag=fsr_s2_ref0_l30.3_nocc_loraboth_r2_steps500_cnfull_loc0.1g1_sep1_pmvalue
[09:54:21 INFO] Args: {'dataset': 'isic', 'data_root': './data', 'n_way': 5, 'n_shot': 5, 'n_query': 15, 'n_episodes': None, 'backbone': 'ViT-B/16', 'lora_encoder': 'both', 'lora_qkv_mode': 'separate', 'lora_out_proj': False, 'lora_r': 2, 'lora_alpha': 1.0, 'lora_dropout': 0.25, 'steps': 500, 'batch_size': 32, 'lr': 0.0002, 'weight_decay': 0.01, 'no_ce_aug': False, 'class_names': 'full', 'lambda1': 0.0, 'lambda2': 0.0, 'top_k': 10, 'n_aug': 4, 'cc_impl': 'legacy', 'local_score': True, 'local_k_frac': 0.1, 'local_gamma': 1.0, 'learn_gamma': False, 'local_loss': 'separate', 'local_lambda': 1.0, 'patch_mode': 'value', 'use_feature_sr': True, 'sr_scale': 2, 'sr_refiner_layers': 0, 'sr_refiner_heads': 8, 'lambda3': 0.3, 'seed': 42, 'no_amp': False, 'save_dir': './results_episodic', 'tag': None, 'log_every': 10}
[09:54:21 INFO] Episode pool (BSCD 全量): ISICDataset(split=train, n_classes=7, n_samples=10015)
[09:54:23 INFO] LoRA trainable parameters: 184,320 (encoder=both, qkv=separate, out_proj=False)
/home/ccoliu/FeatureSR/train_episodic.py:192: FutureWarning: `torch.cuda.amp.GradScaler(args...)` is deprecated. Please use `torch.amp.GradScaler('cuda', args...)` instead.
  scaler = torch.cuda.amp.GradScaler(enabled=use_amp)
/home/ccoliu/FeatureSR/.venv/lib/python3.12/site-packages/torch/optim/lr_scheduler.py:224: UserWarning: Detected call of `lr_scheduler.step()` before `optimizer.step()`. In PyTorch 1.1.0 and later, you should call them in the opposite order: `optimizer.step()` before `lr_scheduler.step()`.  Failure to do this will result in PyTorch skipping the first value of the learning rate schedule. See more details at https://pytorch.org/docs/stable/optim.html#how-to-adjust-learning-rate
  warnings.warn(
[09:59:11 INFO]   [10/400] running 50.40 ± 5.87% | last loss 0.1040 (ce 0.0162, tit 0.000, iti 0.000, mlp_cos 0.000) | 28.8s/episode, ETA 3.12h
[10:03:59 INFO]   [20/400] running 50.40 ± 4.27% | last loss 0.0965 (ce 0.0115, tit 0.000, iti 0.000, mlp_cos 0.000) | 28.8s/episode, ETA 3.04h
[10:08:47 INFO]   [30/400] running 49.42 ± 3.15% | last loss 0.0932 (ce 0.0134, tit 0.000, iti 0.000, mlp_cos 0.000) | 28.8s/episode, ETA 2.96h
[10:13:35 INFO]   [40/400] running 50.20 ± 2.75% | last loss 0.1001 (ce 0.0142, tit 0.000, iti 0.000, mlp_cos 0.000) | 28.8s/episode, ETA 2.88h
[10:18:22 INFO]   [50/400] running 49.79 ± 2.47% | last loss 0.0993 (ce 0.0140, tit 0.000, iti 0.000, mlp_cos 0.000) | 28.8s/episode, ETA 2.80h
[10:23:10 INFO]   [60/400] running 49.89 ± 2.26% | last loss 0.1138 (ce 0.0272, tit 0.000, iti 0.000, mlp_cos 0.000) | 28.8s/episode, ETA 2.72h
[10:27:58 INFO]   [70/400] running 50.19 ± 2.12% | last loss 0.1055 (ce 0.0170, tit 0.000, iti 0.000, mlp_cos 0.000) | 28.8s/episode, ETA 2.64h
[10:32:46 INFO]   [80/400] running 50.05 ± 1.92% | last loss 0.0935 (ce 0.0083, tit 0.000, iti 0.000, mlp_cos 0.000) | 28.8s/episode, ETA 2.56h
[10:37:34 INFO]   [90/400] running 50.36 ± 1.81% | last loss 0.0937 (ce 0.0069, tit 0.000, iti 0.000, mlp_cos 0.000) | 28.8s/episode, ETA 2.48h
[10:42:23 INFO]   [100/400] running 50.41 ± 1.68% | last loss 0.1154 (ce 0.0307, tit 0.000, iti 0.000, mlp_cos 0.000) | 28.8s/episode, ETA 2.40h
[10:47:11 INFO]   [110/400] running 50.41 ± 1.60% | last loss 0.1013 (ce 0.0192, tit 0.000, iti 0.000, mlp_cos 0.000) | 28.8s/episode, ETA 2.32h
[10:51:58 INFO]   [120/400] running 50.29 ± 1.55% | last loss 0.1003 (ce 0.0110, tit 0.000, iti 0.000, mlp_cos 0.000) | 28.8s/episode, ETA 2.24h
[10:56:47 INFO]   [130/400] running 50.46 ± 1.47% | last loss 0.0975 (ce 0.0112, tit 0.000, iti 0.000, mlp_cos 0.000) | 28.8s/episode, ETA 2.16h
[11:01:35 INFO]   [140/400] running 50.24 ± 1.42% | last loss 0.1712 (ce 0.0798, tit 0.000, iti 0.000, mlp_cos 0.000) | 28.8s/episode, ETA 2.08h
[11:06:23 INFO]   [150/400] running 50.32 ± 1.40% | last loss 0.0963 (ce 0.0136, tit 0.000, iti 0.000, mlp_cos 0.000) | 28.8s/episode, ETA 2.00h
[11:11:11 INFO]   [160/400] running 50.22 ± 1.36% | last loss 0.0954 (ce 0.0111, tit 0.000, iti 0.000, mlp_cos 0.000) | 28.8s/episode, ETA 1.92h
[11:15:58 INFO]   [170/400] running 50.31 ± 1.33% | last loss 0.0966 (ce 0.0069, tit 0.000, iti 0.000, mlp_cos 0.000) | 28.8s/episode, ETA 1.84h
[11:20:46 INFO]   [180/400] running 50.32 ± 1.30% | last loss 0.0884 (ce 0.0083, tit 0.000, iti 0.000, mlp_cos 0.000) | 28.8s/episode, ETA 1.76h
[11:25:35 INFO]   [190/400] running 50.41 ± 1.26% | last loss 0.2215 (ce 0.1401, tit 0.000, iti 0.000, mlp_cos 0.000) | 28.8s/episode, ETA 1.68h
[11:30:23 INFO]   [200/400] running 50.39 ± 1.21% | last loss 0.0960 (ce 0.0123, tit 0.000, iti 0.000, mlp_cos 0.000) | 28.8s/episode, ETA 1.60h
[11:35:11 INFO]   [210/400] running 50.34 ± 1.17% | last loss 0.1246 (ce 0.0383, tit 0.000, iti 0.000, mlp_cos 0.000) | 28.8s/episode, ETA 1.52h
[11:39:59 INFO]   [220/400] running 50.33 ± 1.15% | last loss 0.1927 (ce 0.1072, tit 0.000, iti 0.000, mlp_cos 0.000) | 28.8s/episode, ETA 1.44h
[11:44:46 INFO]   [230/400] running 50.34 ± 1.11% | last loss 0.1232 (ce 0.0359, tit 0.000, iti 0.000, mlp_cos 0.000) | 28.8s/episode, ETA 1.36h
[11:49:35 INFO]   [240/400] running 50.22 ± 1.09% | last loss 0.3196 (ce 0.2383, tit 0.000, iti 0.000, mlp_cos 0.000) | 28.8s/episode, ETA 1.28h
[11:54:24 INFO]   [250/400] running 50.23 ± 1.06% | last loss 0.0926 (ce 0.0087, tit 0.000, iti 0.000, mlp_cos 0.000) | 28.8s/episode, ETA 1.20h
[11:59:11 INFO]   [260/400] running 50.22 ± 1.03% | last loss 0.1042 (ce 0.0171, tit 0.000, iti 0.000, mlp_cos 0.000) | 28.8s/episode, ETA 1.12h
[12:03:59 INFO]   [270/400] running 50.16 ± 1.01% | last loss 0.1287 (ce 0.0389, tit 0.000, iti 0.000, mlp_cos 0.000) | 28.8s/episode, ETA 1.04h
[12:08:47 INFO]   [280/400] running 50.11 ± 0.98% | last loss 0.1158 (ce 0.0318, tit 0.000, iti 0.000, mlp_cos 0.000) | 28.8s/episode, ETA 0.96h
[12:13:35 INFO]   [290/400] running 50.04 ± 0.96% | last loss 0.1469 (ce 0.0581, tit 0.000, iti 0.000, mlp_cos 0.000) | 28.8s/episode, ETA 0.88h
[12:18:23 INFO]   [300/400] running 50.04 ± 0.93% | last loss 0.0914 (ce 0.0101, tit 0.000, iti 0.000, mlp_cos 0.000) | 28.8s/episode, ETA 0.80h
[12:23:12 INFO]   [310/400] running 49.94 ± 0.91% | last loss 0.1093 (ce 0.0193, tit 0.000, iti 0.000, mlp_cos 0.000) | 28.8s/episode, ETA 0.72h
[12:28:00 INFO]   [320/400] running 50.19 ± 0.90% | last loss 0.0922 (ce 0.0094, tit 0.000, iti 0.000, mlp_cos 0.000) | 28.8s/episode, ETA 0.64h
[12:32:48 INFO]   [330/400] running 50.21 ± 0.88% | last loss 0.1212 (ce 0.0332, tit 0.000, iti 0.000, mlp_cos 0.000) | 28.8s/episode, ETA 0.56h
[12:37:36 INFO]   [340/400] running 50.35 ± 0.88% | last loss 0.0928 (ce 0.0118, tit 0.000, iti 0.000, mlp_cos 0.000) | 28.8s/episode, ETA 0.48h
[12:42:23 INFO]   [350/400] running 50.30 ± 0.87% | last loss 0.1036 (ce 0.0271, tit 0.000, iti 0.000, mlp_cos 0.000) | 28.8s/episode, ETA 0.40h
[12:47:11 INFO]   [360/400] running 50.22 ± 0.86% | last loss 0.1084 (ce 0.0150, tit 0.000, iti 0.000, mlp_cos 0.000) | 28.8s/episode, ETA 0.32h
[12:51:59 INFO]   [370/400] running 50.34 ± 0.86% | last loss 0.1195 (ce 0.0350, tit 0.000, iti 0.000, mlp_cos 0.000) | 28.8s/episode, ETA 0.24h
[12:56:47 INFO]   [380/400] running 50.24 ± 0.85% | last loss 0.1496 (ce 0.0611, tit 0.000, iti 0.000, mlp_cos 0.000) | 28.8s/episode, ETA 0.16h
[13:01:35 INFO]   [390/400] running 50.22 ± 0.84% | last loss 0.1511 (ce 0.0603, tit 0.000, iti 0.000, mlp_cos 0.000) | 28.8s/episode, ETA 0.08h
[13:06:23 INFO]   [400/400] running 50.17 ± 0.82% | last loss 0.0941 (ce 0.0060, tit 0.000, iti 0.000, mlp_cos 0.000) | 28.8s/episode, ETA 0.00h
[13:06:23 INFO] Final (episodic, fsr_s2_ref0_l30.3_nocc_loraboth_r2_steps500_cnfull_loc0.1g1_sep1_pmvalue): 50.17 ± 0.82% (n_episodes=400)
[13:06:23 INFO]   診斷：只用 CLS 49.25、只用 local 47.79、γ 1.000；融合 γ=0.1/0.3/0.5：50.07/50.60/50.55
