[11:07:20 INFO] Episodic protocol | crop_disease 5-way 1-shot | 100 episodes × 500 steps | tag=nofsr_nocc_loraboth_r2_steps500
[11:07:20 INFO] Args: {'dataset': 'crop_disease', 'data_root': './data', 'n_way': 5, 'n_shot': 1, 'n_query': 15, 'n_episodes': None, 'backbone': 'ViT-B/16', 'lora_encoder': 'both', 'lora_qkv_mode': 'separate', 'lora_out_proj': False, 'lora_r': 2, 'lora_alpha': 1.0, 'lora_dropout': 0.25, 'steps': 500, 'batch_size': 32, 'lr': 0.0002, 'weight_decay': 0.01, 'no_ce_aug': False, 'lambda1': 0.0, 'lambda2': 0.0, 'top_k': 10, 'n_aug': 4, 'use_feature_sr': False, 'sr_scale': 2, 'sr_refiner_layers': 0, 'sr_refiner_heads': 8, 'lambda3': 0.3, 'seed': 42, 'no_amp': False, 'save_dir': './results_episodic', 'tag': None, 'log_every': 10}
[11:07:20 INFO] Episode pool (BSCD 全量): CropDiseaseDataset(split=train, n_classes=38, n_samples=70295)
[11:07:22 INFO] LoRA trainable parameters: 184,320 (encoder=both, qkv=separate, out_proj=False)
/home/ccoliu/FeatureSR/train_episodic.py:146: FutureWarning: `torch.cuda.amp.GradScaler(args...)` is deprecated. Please use `torch.amp.GradScaler('cuda', args...)` instead.
  scaler = torch.cuda.amp.GradScaler(enabled=use_amp)
/home/ccoliu/FeatureSR/.venv/lib/python3.12/site-packages/torch/optim/lr_scheduler.py:224: UserWarning: Detected call of `lr_scheduler.step()` before `optimizer.step()`. In PyTorch 1.1.0 and later, you should call them in the opposite order: `optimizer.step()` before `lr_scheduler.step()`.  Failure to do this will result in PyTorch skipping the first value of the learning rate schedule. See more details at https://pytorch.org/docs/stable/optim.html#how-to-adjust-learning-rate
  warnings.warn(
[11:09:08 INFO]   [10/100] running 80.67 ± 5.55% | last loss 0.0324 (ce 0.0324) | 10.6s/episode, ETA 0.27h
[11:10:54 INFO]   [20/100] running 83.87 ± 4.38% | last loss 0.0158 (ce 0.0158) | 10.6s/episode, ETA 0.24h
[11:12:40 INFO]   [30/100] running 83.33 ± 3.16% | last loss 0.0010 (ce 0.0010) | 10.6s/episode, ETA 0.21h
[11:14:25 INFO]   [40/100] running 82.00 ± 3.09% | last loss 0.0011 (ce 0.0011) | 10.6s/episode, ETA 0.18h
[11:16:11 INFO]   [50/100] running 81.09 ± 2.68% | last loss 0.0077 (ce 0.0077) | 10.6s/episode, ETA 0.15h
[11:17:57 INFO]   [60/100] running 81.29 ± 2.50% | last loss 0.0014 (ce 0.0014) | 10.6s/episode, ETA 0.12h
[11:19:42 INFO]   [70/100] running 81.01 ± 2.42% | last loss 0.0087 (ce 0.0087) | 10.6s/episode, ETA 0.09h
[11:21:28 INFO]   [80/100] running 81.50 ± 2.19% | last loss 0.0011 (ce 0.0011) | 10.6s/episode, ETA 0.06h
[11:23:14 INFO]   [90/100] running 82.03 ± 2.02% | last loss 0.0008 (ce 0.0008) | 10.6s/episode, ETA 0.03h
[11:24:59 INFO]   [100/100] running 81.73 ± 1.93% | last loss 0.0090 (ce 0.0090) | 10.6s/episode, ETA 0.00h
[11:24:59 INFO] Final (episodic, nofsr_nocc_loraboth_r2_steps500): 81.73 ± 1.93% (n_episodes=100)
[CropDiseases] 使用路徑：data/CropDiseases/New Plant Diseases Dataset(Augmented)/New Plant Diseases Dataset(Augmented)/train
