set seed = 1
FineTune! 5 shots on CropDiseases dataset
CropDiseases iteration 0/400 : Query Acc = 100.00, Avg Acc = 100.00% +- 0.00%
CropDiseases | 0 / 400 Acc = 100.00% +- 0.00%
CropDiseases iteration 1/400 : Query Acc = 98.67, Avg Acc = 99.33% +- 0.92%
CropDiseases iteration 2/400 : Query Acc = 97.33, Avg Acc = 98.67% +- 1.23%
CropDiseases iteration 3/400 : Query Acc = 98.67, Avg Acc = 98.67% +- 0.92%
CropDiseases iteration 4/400 : Query Acc = 89.33, Avg Acc = 96.80% +- 3.35%
CropDiseases iteration 5/400 : Query Acc = 96.00, Avg Acc = 96.67% +- 2.81%
CropDiseases iteration 6/400 : Query Acc = 100.00, Avg Acc = 97.14% +- 2.56%
CropDiseases iteration 7/400 : Query Acc = 92.00, Avg Acc = 96.50% +- 2.53%
CropDiseases iteration 8/400 : Query Acc = 100.00, Avg Acc = 96.89% +- 2.36%
CropDiseases iteration 9/400 : Query Acc = 98.67, Avg Acc = 97.07% +- 2.15%
CropDiseases iteration 10/400 : Query Acc = 100.00, Avg Acc = 97.33% +- 2.02%
CropDiseases iteration 11/400 : Query Acc = 93.33, Avg Acc = 97.00% +- 1.95%
CropDiseases iteration 12/400 : Query Acc = 98.67, Avg Acc = 97.13% +- 1.82%
CropDiseases iteration 13/400 : Query Acc = 100.00, Avg Acc = 97.33% +- 1.73%
CropDiseases iteration 14/400 : Query Acc = 96.00, Avg Acc = 97.24% +- 1.62%
CropDiseases iteration 15/400 : Query Acc = 100.00, Avg Acc = 97.42% +- 1.56%
CropDiseases iteration 16/400 : Query Acc = 100.00, Avg Acc = 97.57% +- 1.49%
CropDiseases iteration 17/400 : Query Acc = 100.00, Avg Acc = 97.70% +- 1.43%
CropDiseases iteration 18/400 : Query Acc = 98.67, Avg Acc = 97.75% +- 1.36%
CropDiseases iteration 19/400 : Query Acc = 100.00, Avg Acc = 97.87% +- 1.31%
CropDiseases iteration 20/400 : Query Acc = 96.00, Avg Acc = 97.78% +- 1.26%
CropDiseases iteration 21/400 : Query Acc = 100.00, Avg Acc = 97.88% +- 1.22%
CropDiseases iteration 22/400 : Query Acc = 98.67, Avg Acc = 97.91% +- 1.17%
CropDiseases iteration 23/400 : Query Acc = 93.33, Avg Acc = 97.72% +- 1.18%
CropDiseases iteration 24/400 : Query Acc = 100.00, Avg Acc = 97.81% +- 1.14%
CropDiseases iteration 25/400 : Query Acc = 98.67, Avg Acc = 97.85% +- 1.10%
CropDiseases iteration 26/400 : Query Acc = 100.00, Avg Acc = 97.93% +- 1.07%
CropDiseases iteration 27/400 : Query Acc = 100.00, Avg Acc = 98.00% +- 1.04%
CropDiseases iteration 28/400 : Query Acc = 100.00, Avg Acc = 98.07% +- 1.02%
CropDiseases iteration 29/400 : Query Acc = 93.33, Avg Acc = 97.91% +- 1.03%
CropDiseases iteration 30/400 : Query Acc = 100.00, Avg Acc = 97.98% +- 1.00%
CropDiseases iteration 31/400 : Query Acc = 100.00, Avg Acc = 98.04% +- 0.98%
CropDiseases iteration 32/400 : Query Acc = 100.00, Avg Acc = 98.10% +- 0.96%
CropDiseases iteration 33/400 : Query Acc = 98.67, Avg Acc = 98.12% +- 0.93%
CropDiseases iteration 34/400 : Query Acc = 100.00, Avg Acc = 98.17% +- 0.91%
CropDiseases iteration 35/400 : Query Acc = 97.33, Avg Acc = 98.15% +- 0.88%
CropDiseases iteration 36/400 : Query Acc = 100.00, Avg Acc = 98.20% +- 0.87%
CropDiseases iteration 37/400 : Query Acc = 97.33, Avg Acc = 98.18% +- 0.84%
CropDiseases iteration 38/400 : Query Acc = 100.00, Avg Acc = 98.22% +- 0.83%
CropDiseases iteration 39/400 : Query Acc = 100.00, Avg Acc = 98.27% +- 0.81%
CropDiseases iteration 40/400 : Query Acc = 100.00, Avg Acc = 98.31% +- 0.80%
CropDiseases iteration 41/400 : Query Acc = 94.67, Avg Acc = 98.22% +- 0.80%
CropDiseases iteration 42/400 : Query Acc = 100.00, Avg Acc = 98.26% +- 0.78%
CropDiseases iteration 43/400 : Query Acc = 98.67, Avg Acc = 98.27% +- 0.76%
CropDiseases iteration 44/400 : Query Acc = 100.00, Avg Acc = 98.31% +- 0.75%
CropDiseases iteration 45/400 : Query Acc = 100.00, Avg Acc = 98.35% +- 0.74%
CropDiseases iteration 46/400 : Query Acc = 100.00, Avg Acc = 98.38% +- 0.72%
CropDiseases iteration 47/400 : Query Acc = 98.67, Avg Acc = 98.39% +- 0.71%
CropDiseases iteration 48/400 : Query Acc = 100.00, Avg Acc = 98.42% +- 0.70%
CropDiseases iteration 49/400 : Query Acc = 100.00, Avg Acc = 98.45% +- 0.69%
CropDiseases iteration 50/400 : Query Acc = 100.00, Avg Acc = 98.48% +- 0.68%
CropDiseases iteration 51/400 : Query Acc = 92.00, Avg Acc = 98.36% +- 0.71%
CropDiseases iteration 52/400 : Query Acc = 100.00, Avg Acc = 98.39% +- 0.70%
CropDiseases iteration 53/400 : Query Acc = 100.00, Avg Acc = 98.42% +- 0.68%
CropDiseases iteration 54/400 : Query Acc = 97.33, Avg Acc = 98.40% +- 0.67%
CropDiseases iteration 55/400 : Query Acc = 97.33, Avg Acc = 98.38% +- 0.66%
CropDiseases iteration 56/400 : Query Acc = 100.00, Avg Acc = 98.41% +- 0.65%
CropDiseases iteration 57/400 : Query Acc = 100.00, Avg Acc = 98.44% +- 0.64%
CropDiseases iteration 58/400 : Query Acc = 100.00, Avg Acc = 98.46% +- 0.64%
CropDiseases iteration 59/400 : Query Acc = 100.00, Avg Acc = 98.49% +- 0.63%
CropDiseases iteration 60/400 : Query Acc = 98.67, Avg Acc = 98.49% +- 0.62%
CropDiseases iteration 61/400 : Query Acc = 97.33, Avg Acc = 98.47% +- 0.61%
CropDiseases iteration 62/400 : Query Acc = 98.67, Avg Acc = 98.48% +- 0.60%
CropDiseases iteration 63/400 : Query Acc = 98.67, Avg Acc = 98.48% +- 0.59%
CropDiseases iteration 64/400 : Query Acc = 98.67, Avg Acc = 98.48% +- 0.58%
CropDiseases iteration 65/400 : Query Acc = 100.00, Avg Acc = 98.51% +- 0.57%
CropDiseases iteration 66/400 : Query Acc = 100.00, Avg Acc = 98.53% +- 0.57%
CropDiseases iteration 67/400 : Query Acc = 100.00, Avg Acc = 98.55% +- 0.56%
CropDiseases iteration 68/400 : Query Acc = 100.00, Avg Acc = 98.57% +- 0.55%
CropDiseases iteration 69/400 : Query Acc = 97.33, Avg Acc = 98.55% +- 0.55%
CropDiseases iteration 70/400 : Query Acc = 84.00, Avg Acc = 98.35% +- 0.67%
CropDiseases iteration 71/400 : Query Acc = 100.00, Avg Acc = 98.37% +- 0.66%
CropDiseases iteration 72/400 : Query Acc = 84.00, Avg Acc = 98.17% +- 0.76%
CropDiseases iteration 73/400 : Query Acc = 98.67, Avg Acc = 98.18% +- 0.75%
CropDiseases iteration 74/400 : Query Acc = 98.67, Avg Acc = 98.19% +- 0.74%
CropDiseases iteration 75/400 : Query Acc = 96.00, Avg Acc = 98.16% +- 0.73%
CropDiseases iteration 76/400 : Query Acc = 100.00, Avg Acc = 98.18% +- 0.72%
CropDiseases iteration 77/400 : Query Acc = 100.00, Avg Acc = 98.21% +- 0.71%
CropDiseases iteration 78/400 : Query Acc = 100.00, Avg Acc = 98.23% +- 0.71%
CropDiseases iteration 79/400 : Query Acc = 100.00, Avg Acc = 98.25% +- 0.70%
CropDiseases iteration 80/400 : Query Acc = 88.00, Avg Acc = 98.12% +- 0.73%
CropDiseases iteration 81/400 : Query Acc = 94.67, Avg Acc = 98.08% +- 0.73%
CropDiseases iteration 82/400 : Query Acc = 100.00, Avg Acc = 98.10% +- 0.72%
CropDiseases iteration 83/400 : Query Acc = 100.00, Avg Acc = 98.13% +- 0.71%
CropDiseases iteration 84/400 : Query Acc = 100.00, Avg Acc = 98.15% +- 0.71%
CropDiseases iteration 85/400 : Query Acc = 100.00, Avg Acc = 98.17% +- 0.70%
CropDiseases iteration 86/400 : Query Acc = 90.67, Avg Acc = 98.08% +- 0.71%
CropDiseases iteration 87/400 : Query Acc = 96.00, Avg Acc = 98.06% +- 0.71%
CropDiseases iteration 88/400 : Query Acc = 100.00, Avg Acc = 98.08% +- 0.70%
CropDiseases iteration 89/400 : Query Acc = 98.67, Avg Acc = 98.09% +- 0.69%
CropDiseases iteration 90/400 : Query Acc = 98.67, Avg Acc = 98.10% +- 0.68%
CropDiseases iteration 91/400 : Query Acc = 100.00, Avg Acc = 98.12% +- 0.68%
CropDiseases iteration 92/400 : Query Acc = 92.00, Avg Acc = 98.05% +- 0.68%
CropDiseases iteration 93/400 : Query Acc = 98.67, Avg Acc = 98.06% +- 0.67%
CropDiseases iteration 94/400 : Query Acc = 100.00, Avg Acc = 98.08% +- 0.67%
CropDiseases iteration 95/400 : Query Acc = 90.67, Avg Acc = 98.00% +- 0.68%
CropDiseases iteration 96/400 : Query Acc = 89.33, Avg Acc = 97.91% +- 0.69%
CropDiseases iteration 97/400 : Query Acc = 98.67, Avg Acc = 97.92% +- 0.69%
CropDiseases iteration 98/400 : Query Acc = 100.00, Avg Acc = 97.94% +- 0.68%
CropDiseases iteration 99/400 : Query Acc = 96.00, Avg Acc = 97.92% +- 0.68%
CropDiseases iteration 100/400 : Query Acc = 100.00, Avg Acc = 97.94% +- 0.67%
CropDiseases | 100 / 400 Acc = 97.94% +- 0.67%
CropDiseases iteration 101/400 : Query Acc = 100.00, Avg Acc = 97.96% +- 0.66%
CropDiseases iteration 102/400 : Query Acc = 100.00, Avg Acc = 97.98% +- 0.66%
CropDiseases iteration 103/400 : Query Acc = 100.00, Avg Acc = 98.00% +- 0.65%
CropDiseases iteration 104/400 : Query Acc = 100.00, Avg Acc = 98.02% +- 0.65%
CropDiseases iteration 105/400 : Query Acc = 100.00, Avg Acc = 98.04% +- 0.64%
CropDiseases iteration 106/400 : Query Acc = 96.00, Avg Acc = 98.02% +- 0.64%
CropDiseases iteration 107/400 : Query Acc = 100.00, Avg Acc = 98.04% +- 0.63%
CropDiseases iteration 108/400 : Query Acc = 100.00, Avg Acc = 98.06% +- 0.63%
CropDiseases iteration 109/400 : Query Acc = 92.00, Avg Acc = 98.00% +- 0.63%
CropDiseases iteration 110/400 : Query Acc = 100.00, Avg Acc = 98.02% +- 0.63%
CropDiseases iteration 111/400 : Query Acc = 100.00, Avg Acc = 98.04% +- 0.62%
CropDiseases iteration 112/400 : Query Acc = 98.67, Avg Acc = 98.04% +- 0.62%
CropDiseases iteration 113/400 : Query Acc = 100.00, Avg Acc = 98.06% +- 0.61%
CropDiseases iteration 114/400 : Query Acc = 97.33, Avg Acc = 98.05% +- 0.61%
CropDiseases iteration 115/400 : Query Acc = 100.00, Avg Acc = 98.07% +- 0.60%
CropDiseases iteration 116/400 : Query Acc = 98.67, Avg Acc = 98.07% +- 0.60%
CropDiseases iteration 117/400 : Query Acc = 100.00, Avg Acc = 98.09% +- 0.59%
CropDiseases iteration 118/400 : Query Acc = 97.33, Avg Acc = 98.08% +- 0.59%
CropDiseases iteration 119/400 : Query Acc = 100.00, Avg Acc = 98.10% +- 0.59%
CropDiseases iteration 120/400 : Query Acc = 96.00, Avg Acc = 98.08% +- 0.58%
CropDiseases iteration 121/400 : Query Acc = 100.00, Avg Acc = 98.10% +- 0.58%
CropDiseases iteration 122/400 : Query Acc = 100.00, Avg Acc = 98.11% +- 0.57%
CropDiseases iteration 123/400 : Query Acc = 98.67, Avg Acc = 98.12% +- 0.57%
CropDiseases iteration 124/400 : Query Acc = 100.00, Avg Acc = 98.13% +- 0.57%
CropDiseases iteration 125/400 : Query Acc = 100.00, Avg Acc = 98.15% +- 0.56%
CropDiseases iteration 126/400 : Query Acc = 100.00, Avg Acc = 98.16% +- 0.56%
CropDiseases iteration 127/400 : Query Acc = 100.00, Avg Acc = 98.18% +- 0.55%
CropDiseases iteration 128/400 : Query Acc = 100.00, Avg Acc = 98.19% +- 0.55%
CropDiseases iteration 129/400 : Query Acc = 100.00, Avg Acc = 98.21% +- 0.55%
CropDiseases iteration 130/400 : Query Acc = 96.00, Avg Acc = 98.19% +- 0.54%
CropDiseases iteration 131/400 : Query Acc = 100.00, Avg Acc = 98.20% +- 0.54%
CropDiseases iteration 132/400 : Query Acc = 98.67, Avg Acc = 98.21% +- 0.54%
CropDiseases iteration 133/400 : Query Acc = 100.00, Avg Acc = 98.22% +- 0.53%
CropDiseases iteration 134/400 : Query Acc = 100.00, Avg Acc = 98.23% +- 0.53%
CropDiseases iteration 135/400 : Query Acc = 100.00, Avg Acc = 98.25% +- 0.53%
CropDiseases iteration 136/400 : Query Acc = 100.00, Avg Acc = 98.26% +- 0.52%
CropDiseases iteration 137/400 : Query Acc = 100.00, Avg Acc = 98.27% +- 0.52%
CropDiseases iteration 138/400 : Query Acc = 94.67, Avg Acc = 98.24% +- 0.52%
CropDiseases iteration 139/400 : Query Acc = 98.67, Avg Acc = 98.25% +- 0.52%
CropDiseases iteration 140/400 : Query Acc = 98.67, Avg Acc = 98.25% +- 0.51%
CropDiseases iteration 141/400 : Query Acc = 98.67, Avg Acc = 98.25% +- 0.51%
CropDiseases iteration 142/400 : Query Acc = 98.67, Avg Acc = 98.26% +- 0.50%
CropDiseases iteration 143/400 : Query Acc = 100.00, Avg Acc = 98.27% +- 0.50%
CropDiseases iteration 144/400 : Query Acc = 86.67, Avg Acc = 98.19% +- 0.52%
CropDiseases iteration 145/400 : Query Acc = 88.00, Avg Acc = 98.12% +- 0.54%
CropDiseases iteration 146/400 : Query Acc = 100.00, Avg Acc = 98.13% +- 0.53%
CropDiseases iteration 147/400 : Query Acc = 98.67, Avg Acc = 98.14% +- 0.53%
CropDiseases iteration 148/400 : Query Acc = 94.67, Avg Acc = 98.11% +- 0.53%
CropDiseases iteration 149/400 : Query Acc = 100.00, Avg Acc = 98.12% +- 0.53%
CropDiseases iteration 150/400 : Query Acc = 98.67, Avg Acc = 98.13% +- 0.52%
CropDiseases iteration 151/400 : Query Acc = 100.00, Avg Acc = 98.14% +- 0.52%
CropDiseases iteration 152/400 : Query Acc = 100.00, Avg Acc = 98.15% +- 0.52%
CropDiseases iteration 153/400 : Query Acc = 97.33, Avg Acc = 98.15% +- 0.51%
CropDiseases iteration 154/400 : Query Acc = 100.00, Avg Acc = 98.16% +- 0.51%
CropDiseases iteration 155/400 : Query Acc = 100.00, Avg Acc = 98.17% +- 0.51%
CropDiseases iteration 156/400 : Query Acc = 92.00, Avg Acc = 98.13% +- 0.51%
CropDiseases iteration 157/400 : Query Acc = 98.67, Avg Acc = 98.14% +- 0.51%
CropDiseases iteration 158/400 : Query Acc = 100.00, Avg Acc = 98.15% +- 0.50%
CropDiseases iteration 159/400 : Query Acc = 98.67, Avg Acc = 98.15% +- 0.50%
CropDiseases iteration 160/400 : Query Acc = 96.00, Avg Acc = 98.14% +- 0.50%
CropDiseases iteration 161/400 : Query Acc = 96.00, Avg Acc = 98.12% +- 0.50%
CropDiseases iteration 162/400 : Query Acc = 100.00, Avg Acc = 98.13% +- 0.49%
CropDiseases iteration 163/400 : Query Acc = 88.00, Avg Acc = 98.07% +- 0.51%
CropDiseases iteration 164/400 : Query Acc = 96.00, Avg Acc = 98.06% +- 0.50%
CropDiseases iteration 165/400 : Query Acc = 100.00, Avg Acc = 98.07% +- 0.50%
CropDiseases iteration 166/400 : Query Acc = 100.00, Avg Acc = 98.08% +- 0.50%
CropDiseases iteration 167/400 : Query Acc = 98.67, Avg Acc = 98.09% +- 0.49%
CropDiseases iteration 168/400 : Query Acc = 100.00, Avg Acc = 98.10% +- 0.49%
CropDiseases iteration 169/400 : Query Acc = 100.00, Avg Acc = 98.11% +- 0.49%
CropDiseases iteration 170/400 : Query Acc = 93.33, Avg Acc = 98.08% +- 0.49%
CropDiseases iteration 171/400 : Query Acc = 98.67, Avg Acc = 98.09% +- 0.49%
CropDiseases iteration 172/400 : Query Acc = 100.00, Avg Acc = 98.10% +- 0.48%
CropDiseases iteration 173/400 : Query Acc = 100.00, Avg Acc = 98.11% +- 0.48%
CropDiseases iteration 174/400 : Query Acc = 100.00, Avg Acc = 98.12% +- 0.48%
CropDiseases iteration 175/400 : Query Acc = 98.67, Avg Acc = 98.12% +- 0.48%
CropDiseases iteration 176/400 : Query Acc = 82.67, Avg Acc = 98.03% +- 0.50%
CropDiseases iteration 177/400 : Query Acc = 97.33, Avg Acc = 98.03% +- 0.50%
CropDiseases iteration 178/400 : Query Acc = 92.00, Avg Acc = 98.00% +- 0.50%
CropDiseases iteration 179/400 : Query Acc = 100.00, Avg Acc = 98.01% +- 0.50%
CropDiseases iteration 180/400 : Query Acc = 100.00, Avg Acc = 98.02% +- 0.50%
CropDiseases iteration 181/400 : Query Acc = 100.00, Avg Acc = 98.03% +- 0.50%
CropDiseases iteration 182/400 : Query Acc = 100.00, Avg Acc = 98.04% +- 0.49%
CropDiseases iteration 183/400 : Query Acc = 100.00, Avg Acc = 98.05% +- 0.49%
CropDiseases iteration 184/400 : Query Acc = 100.00, Avg Acc = 98.06% +- 0.49%
CropDiseases iteration 185/400 : Query Acc = 100.00, Avg Acc = 98.07% +- 0.49%
CropDiseases iteration 186/400 : Query Acc = 100.00, Avg Acc = 98.08% +- 0.49%
CropDiseases iteration 187/400 : Query Acc = 100.00, Avg Acc = 98.09% +- 0.48%
CropDiseases iteration 188/400 : Query Acc = 94.67, Avg Acc = 98.07% +- 0.48%
CropDiseases iteration 189/400 : Query Acc = 100.00, Avg Acc = 98.08% +- 0.48%
CropDiseases iteration 190/400 : Query Acc = 98.67, Avg Acc = 98.09% +- 0.48%
CropDiseases iteration 191/400 : Query Acc = 98.67, Avg Acc = 98.09% +- 0.47%
CropDiseases iteration 192/400 : Query Acc = 100.00, Avg Acc = 98.10% +- 0.47%
CropDiseases iteration 193/400 : Query Acc = 100.00, Avg Acc = 98.11% +- 0.47%
CropDiseases iteration 194/400 : Query Acc = 100.00, Avg Acc = 98.12% +- 0.47%
CropDiseases iteration 195/400 : Query Acc = 96.00, Avg Acc = 98.11% +- 0.47%
CropDiseases iteration 196/400 : Query Acc = 100.00, Avg Acc = 98.12% +- 0.46%
CropDiseases iteration 197/400 : Query Acc = 100.00, Avg Acc = 98.13% +- 0.46%
CropDiseases iteration 198/400 : Query Acc = 97.33, Avg Acc = 98.12% +- 0.46%
CropDiseases iteration 199/400 : Query Acc = 92.00, Avg Acc = 98.09% +- 0.46%
CropDiseases iteration 200/400 : Query Acc = 100.00, Avg Acc = 98.10% +- 0.46%
CropDiseases | 200 / 400 Acc = 98.10% +- 0.46%
CropDiseases iteration 201/400 : Query Acc = 96.00, Avg Acc = 98.09% +- 0.46%
CropDiseases iteration 202/400 : Query Acc = 100.00, Avg Acc = 98.10% +- 0.46%
CropDiseases iteration 203/400 : Query Acc = 98.67, Avg Acc = 98.10% +- 0.45%
CropDiseases iteration 204/400 : Query Acc = 100.00, Avg Acc = 98.11% +- 0.45%
CropDiseases iteration 205/400 : Query Acc = 100.00, Avg Acc = 98.12% +- 0.45%
CropDiseases iteration 206/400 : Query Acc = 100.00, Avg Acc = 98.13% +- 0.45%
CropDiseases iteration 207/400 : Query Acc = 89.33, Avg Acc = 98.09% +- 0.45%
CropDiseases iteration 208/400 : Query Acc = 98.67, Avg Acc = 98.09% +- 0.45%
CropDiseases iteration 209/400 : Query Acc = 100.00, Avg Acc = 98.10% +- 0.45%
CropDiseases iteration 210/400 : Query Acc = 100.00, Avg Acc = 98.11% +- 0.45%
CropDiseases iteration 211/400 : Query Acc = 98.67, Avg Acc = 98.11% +- 0.45%
CropDiseases iteration 212/400 : Query Acc = 100.00, Avg Acc = 98.12% +- 0.44%
CropDiseases iteration 213/400 : Query Acc = 100.00, Avg Acc = 98.13% +- 0.44%
CropDiseases iteration 214/400 : Query Acc = 100.00, Avg Acc = 98.14% +- 0.44%
CropDiseases iteration 215/400 : Query Acc = 98.67, Avg Acc = 98.14% +- 0.44%
CropDiseases iteration 216/400 : Query Acc = 98.67, Avg Acc = 98.14% +- 0.44%
CropDiseases iteration 217/400 : Query Acc = 97.33, Avg Acc = 98.14% +- 0.44%
CropDiseases iteration 218/400 : Query Acc = 100.00, Avg Acc = 98.15% +- 0.43%
CropDiseases iteration 219/400 : Query Acc = 100.00, Avg Acc = 98.16% +- 0.43%
CropDiseases iteration 220/400 : Query Acc = 96.00, Avg Acc = 98.15% +- 0.43%
CropDiseases iteration 221/400 : Query Acc = 98.67, Avg Acc = 98.15% +- 0.43%
CropDiseases iteration 222/400 : Query Acc = 100.00, Avg Acc = 98.16% +- 0.43%
CropDiseases iteration 223/400 : Query Acc = 100.00, Avg Acc = 98.17% +- 0.43%
CropDiseases iteration 224/400 : Query Acc = 100.00, Avg Acc = 98.17% +- 0.42%
CropDiseases iteration 225/400 : Query Acc = 89.33, Avg Acc = 98.14% +- 0.43%
CropDiseases iteration 226/400 : Query Acc = 100.00, Avg Acc = 98.14% +- 0.43%
CropDiseases iteration 227/400 : Query Acc = 98.67, Avg Acc = 98.15% +- 0.43%
CropDiseases iteration 228/400 : Query Acc = 100.00, Avg Acc = 98.15% +- 0.42%
CropDiseases iteration 229/400 : Query Acc = 90.67, Avg Acc = 98.12% +- 0.43%
CropDiseases iteration 230/400 : Query Acc = 97.33, Avg Acc = 98.12% +- 0.42%
CropDiseases iteration 231/400 : Query Acc = 100.00, Avg Acc = 98.13% +- 0.42%
CropDiseases iteration 232/400 : Query Acc = 100.00, Avg Acc = 98.13% +- 0.42%
CropDiseases iteration 233/400 : Query Acc = 100.00, Avg Acc = 98.14% +- 0.42%
CropDiseases iteration 234/400 : Query Acc = 98.67, Avg Acc = 98.14% +- 0.42%
CropDiseases iteration 235/400 : Query Acc = 100.00, Avg Acc = 98.15% +- 0.42%
CropDiseases iteration 236/400 : Query Acc = 97.33, Avg Acc = 98.15% +- 0.42%
CropDiseases iteration 237/400 : Query Acc = 100.00, Avg Acc = 98.16% +- 0.41%
CropDiseases iteration 238/400 : Query Acc = 100.00, Avg Acc = 98.16% +- 0.41%
CropDiseases iteration 239/400 : Query Acc = 100.00, Avg Acc = 98.17% +- 0.41%
CropDiseases iteration 240/400 : Query Acc = 98.67, Avg Acc = 98.17% +- 0.41%
CropDiseases iteration 241/400 : Query Acc = 100.00, Avg Acc = 98.18% +- 0.41%
CropDiseases iteration 242/400 : Query Acc = 100.00, Avg Acc = 98.19% +- 0.41%
CropDiseases iteration 243/400 : Query Acc = 100.00, Avg Acc = 98.20% +- 0.40%
CropDiseases iteration 244/400 : Query Acc = 98.67, Avg Acc = 98.20% +- 0.40%
CropDiseases iteration 245/400 : Query Acc = 97.33, Avg Acc = 98.20% +- 0.40%
CropDiseases iteration 246/400 : Query Acc = 100.00, Avg Acc = 98.20% +- 0.40%
CropDiseases iteration 247/400 : Query Acc = 92.00, Avg Acc = 98.18% +- 0.40%
CropDiseases iteration 248/400 : Query Acc = 100.00, Avg Acc = 98.18% +- 0.40%
CropDiseases iteration 249/400 : Query Acc = 88.00, Avg Acc = 98.14% +- 0.41%
CropDiseases iteration 250/400 : Query Acc = 98.67, Avg Acc = 98.15% +- 0.41%
CropDiseases iteration 251/400 : Query Acc = 100.00, Avg Acc = 98.15% +- 0.40%
CropDiseases iteration 252/400 : Query Acc = 100.00, Avg Acc = 98.16% +- 0.40%
CropDiseases iteration 253/400 : Query Acc = 100.00, Avg Acc = 98.17% +- 0.40%
CropDiseases iteration 254/400 : Query Acc = 93.33, Avg Acc = 98.15% +- 0.40%
CropDiseases iteration 255/400 : Query Acc = 92.00, Avg Acc = 98.12% +- 0.40%
CropDiseases iteration 256/400 : Query Acc = 97.33, Avg Acc = 98.12% +- 0.40%
CropDiseases iteration 257/400 : Query Acc = 97.33, Avg Acc = 98.12% +- 0.40%
CropDiseases iteration 258/400 : Query Acc = 100.00, Avg Acc = 98.13% +- 0.40%
CropDiseases iteration 259/400 : Query Acc = 97.33, Avg Acc = 98.12% +- 0.40%
CropDiseases iteration 260/400 : Query Acc = 100.00, Avg Acc = 98.13% +- 0.40%
CropDiseases iteration 261/400 : Query Acc = 100.00, Avg Acc = 98.14% +- 0.39%
CropDiseases iteration 262/400 : Query Acc = 100.00, Avg Acc = 98.14% +- 0.39%
CropDiseases iteration 263/400 : Query Acc = 88.00, Avg Acc = 98.11% +- 0.40%
CropDiseases iteration 264/400 : Query Acc = 100.00, Avg Acc = 98.11% +- 0.40%
CropDiseases iteration 265/400 : Query Acc = 100.00, Avg Acc = 98.12% +- 0.40%
CropDiseases iteration 266/400 : Query Acc = 100.00, Avg Acc = 98.13% +- 0.39%
CropDiseases iteration 267/400 : Query Acc = 100.00, Avg Acc = 98.13% +- 0.39%
CropDiseases iteration 268/400 : Query Acc = 100.00, Avg Acc = 98.14% +- 0.39%
CropDiseases iteration 269/400 : Query Acc = 100.00, Avg Acc = 98.15% +- 0.39%
CropDiseases iteration 270/400 : Query Acc = 97.33, Avg Acc = 98.15% +- 0.39%
CropDiseases iteration 271/400 : Query Acc = 98.67, Avg Acc = 98.15% +- 0.39%
CropDiseases iteration 272/400 : Query Acc = 100.00, Avg Acc = 98.15% +- 0.39%
CropDiseases iteration 273/400 : Query Acc = 100.00, Avg Acc = 98.16% +- 0.39%
CropDiseases iteration 274/400 : Query Acc = 100.00, Avg Acc = 98.17% +- 0.38%
CropDiseases iteration 275/400 : Query Acc = 100.00, Avg Acc = 98.17% +- 0.38%
CropDiseases iteration 276/400 : Query Acc = 100.00, Avg Acc = 98.18% +- 0.38%
CropDiseases iteration 277/400 : Query Acc = 92.00, Avg Acc = 98.16% +- 0.38%
CropDiseases iteration 278/400 : Query Acc = 100.00, Avg Acc = 98.16% +- 0.38%
CropDiseases iteration 279/400 : Query Acc = 100.00, Avg Acc = 98.17% +- 0.38%
CropDiseases iteration 280/400 : Query Acc = 97.33, Avg Acc = 98.17% +- 0.38%
CropDiseases iteration 281/400 : Query Acc = 84.00, Avg Acc = 98.12% +- 0.39%
CropDiseases iteration 282/400 : Query Acc = 98.67, Avg Acc = 98.12% +- 0.39%
CropDiseases iteration 283/400 : Query Acc = 100.00, Avg Acc = 98.13% +- 0.39%
CropDiseases iteration 284/400 : Query Acc = 100.00, Avg Acc = 98.13% +- 0.39%
CropDiseases iteration 285/400 : Query Acc = 97.33, Avg Acc = 98.13% +- 0.39%
CropDiseases iteration 286/400 : Query Acc = 97.33, Avg Acc = 98.13% +- 0.38%
CropDiseases iteration 287/400 : Query Acc = 85.33, Avg Acc = 98.08% +- 0.39%
CropDiseases iteration 288/400 : Query Acc = 100.00, Avg Acc = 98.09% +- 0.39%
CropDiseases iteration 289/400 : Query Acc = 100.00, Avg Acc = 98.10% +- 0.39%
CropDiseases iteration 290/400 : Query Acc = 85.33, Avg Acc = 98.05% +- 0.40%
CropDiseases iteration 291/400 : Query Acc = 100.00, Avg Acc = 98.06% +- 0.40%
CropDiseases iteration 292/400 : Query Acc = 100.00, Avg Acc = 98.07% +- 0.40%
CropDiseases iteration 293/400 : Query Acc = 100.00, Avg Acc = 98.07% +- 0.40%
CropDiseases iteration 294/400 : Query Acc = 100.00, Avg Acc = 98.08% +- 0.39%
CropDiseases iteration 295/400 : Query Acc = 97.33, Avg Acc = 98.08% +- 0.39%
CropDiseases iteration 296/400 : Query Acc = 100.00, Avg Acc = 98.08% +- 0.39%
CropDiseases iteration 297/400 : Query Acc = 100.00, Avg Acc = 98.09% +- 0.39%
CropDiseases iteration 298/400 : Query Acc = 100.00, Avg Acc = 98.10% +- 0.39%
CropDiseases iteration 299/400 : Query Acc = 100.00, Avg Acc = 98.10% +- 0.39%
CropDiseases iteration 300/400 : Query Acc = 100.00, Avg Acc = 98.11% +- 0.39%
CropDiseases | 300 / 400 Acc = 98.11% +- 0.39%
CropDiseases iteration 301/400 : Query Acc = 100.00, Avg Acc = 98.11% +- 0.39%
CropDiseases iteration 302/400 : Query Acc = 82.67, Avg Acc = 98.06% +- 0.40%
CropDiseases iteration 303/400 : Query Acc = 100.00, Avg Acc = 98.07% +- 0.40%
CropDiseases iteration 304/400 : Query Acc = 98.67, Avg Acc = 98.07% +- 0.40%
CropDiseases iteration 305/400 : Query Acc = 98.67, Avg Acc = 98.07% +- 0.39%
CropDiseases iteration 306/400 : Query Acc = 100.00, Avg Acc = 98.08% +- 0.39%
CropDiseases iteration 307/400 : Query Acc = 98.67, Avg Acc = 98.08% +- 0.39%
CropDiseases iteration 308/400 : Query Acc = 100.00, Avg Acc = 98.09% +- 0.39%
CropDiseases iteration 309/400 : Query Acc = 100.00, Avg Acc = 98.09% +- 0.39%
CropDiseases iteration 310/400 : Query Acc = 100.00, Avg Acc = 98.10% +- 0.39%
CropDiseases iteration 311/400 : Query Acc = 98.67, Avg Acc = 98.10% +- 0.39%
CropDiseases iteration 312/400 : Query Acc = 93.33, Avg Acc = 98.09% +- 0.39%
CropDiseases iteration 313/400 : Query Acc = 100.00, Avg Acc = 98.09% +- 0.39%
CropDiseases iteration 314/400 : Query Acc = 100.00, Avg Acc = 98.10% +- 0.39%
CropDiseases iteration 315/400 : Query Acc = 97.33, Avg Acc = 98.10% +- 0.38%
CropDiseases iteration 316/400 : Query Acc = 100.00, Avg Acc = 98.10% +- 0.38%
CropDiseases iteration 317/400 : Query Acc = 98.67, Avg Acc = 98.10% +- 0.38%
CropDiseases iteration 318/400 : Query Acc = 97.33, Avg Acc = 98.10% +- 0.38%
CropDiseases iteration 319/400 : Query Acc = 98.67, Avg Acc = 98.10% +- 0.38%
CropDiseases iteration 320/400 : Query Acc = 98.67, Avg Acc = 98.11% +- 0.38%
CropDiseases iteration 321/400 : Query Acc = 97.33, Avg Acc = 98.10% +- 0.38%
CropDiseases iteration 322/400 : Query Acc = 98.67, Avg Acc = 98.11% +- 0.38%
CropDiseases iteration 323/400 : Query Acc = 100.00, Avg Acc = 98.11% +- 0.37%
CropDiseases iteration 324/400 : Query Acc = 96.00, Avg Acc = 98.10% +- 0.37%
CropDiseases iteration 325/400 : Query Acc = 97.33, Avg Acc = 98.10% +- 0.37%
CropDiseases iteration 326/400 : Query Acc = 100.00, Avg Acc = 98.11% +- 0.37%
CropDiseases iteration 327/400 : Query Acc = 100.00, Avg Acc = 98.11% +- 0.37%
CropDiseases iteration 328/400 : Query Acc = 100.00, Avg Acc = 98.12% +- 0.37%
CropDiseases iteration 329/400 : Query Acc = 97.33, Avg Acc = 98.12% +- 0.37%
CropDiseases iteration 330/400 : Query Acc = 97.33, Avg Acc = 98.11% +- 0.37%
CropDiseases iteration 331/400 : Query Acc = 100.00, Avg Acc = 98.12% +- 0.37%
CropDiseases iteration 332/400 : Query Acc = 96.00, Avg Acc = 98.11% +- 0.37%
CropDiseases iteration 333/400 : Query Acc = 98.67, Avg Acc = 98.12% +- 0.36%
CropDiseases iteration 334/400 : Query Acc = 98.67, Avg Acc = 98.12% +- 0.36%
CropDiseases iteration 335/400 : Query Acc = 90.67, Avg Acc = 98.10% +- 0.37%
CropDiseases iteration 336/400 : Query Acc = 100.00, Avg Acc = 98.10% +- 0.36%
CropDiseases iteration 337/400 : Query Acc = 100.00, Avg Acc = 98.11% +- 0.36%
CropDiseases iteration 338/400 : Query Acc = 100.00, Avg Acc = 98.11% +- 0.36%
CropDiseases iteration 339/400 : Query Acc = 100.00, Avg Acc = 98.12% +- 0.36%
CropDiseases iteration 340/400 : Query Acc = 100.00, Avg Acc = 98.12% +- 0.36%
CropDiseases iteration 341/400 : Query Acc = 98.67, Avg Acc = 98.12% +- 0.36%
CropDiseases iteration 342/400 : Query Acc = 100.00, Avg Acc = 98.13% +- 0.36%
CropDiseases iteration 343/400 : Query Acc = 100.00, Avg Acc = 98.14% +- 0.36%
CropDiseases iteration 344/400 : Query Acc = 100.00, Avg Acc = 98.14% +- 0.36%
CropDiseases iteration 345/400 : Query Acc = 100.00, Avg Acc = 98.15% +- 0.36%
CropDiseases iteration 346/400 : Query Acc = 92.00, Avg Acc = 98.13% +- 0.36%
CropDiseases iteration 347/400 : Query Acc = 100.00, Avg Acc = 98.13% +- 0.36%
CropDiseases iteration 348/400 : Query Acc = 100.00, Avg Acc = 98.14% +- 0.36%
CropDiseases iteration 349/400 : Query Acc = 100.00, Avg Acc = 98.14% +- 0.35%
CropDiseases iteration 350/400 : Query Acc = 88.00, Avg Acc = 98.12% +- 0.36%
CropDiseases iteration 351/400 : Query Acc = 97.33, Avg Acc = 98.11% +- 0.36%
CropDiseases iteration 352/400 : Query Acc = 100.00, Avg Acc = 98.12% +- 0.36%
CropDiseases iteration 353/400 : Query Acc = 100.00, Avg Acc = 98.12% +- 0.36%
CropDiseases iteration 354/400 : Query Acc = 82.67, Avg Acc = 98.08% +- 0.36%
CropDiseases iteration 355/400 : Query Acc = 98.67, Avg Acc = 98.08% +- 0.36%
CropDiseases iteration 356/400 : Query Acc = 86.67, Avg Acc = 98.05% +- 0.37%
CropDiseases iteration 357/400 : Query Acc = 100.00, Avg Acc = 98.06% +- 0.37%
CropDiseases iteration 358/400 : Query Acc = 100.00, Avg Acc = 98.06% +- 0.37%
CropDiseases iteration 359/400 : Query Acc = 98.67, Avg Acc = 98.06% +- 0.36%
CropDiseases iteration 360/400 : Query Acc = 96.00, Avg Acc = 98.06% +- 0.36%
CropDiseases iteration 361/400 : Query Acc = 100.00, Avg Acc = 98.06% +- 0.36%
CropDiseases iteration 362/400 : Query Acc = 100.00, Avg Acc = 98.07% +- 0.36%
CropDiseases iteration 363/400 : Query Acc = 97.33, Avg Acc = 98.07% +- 0.36%
CropDiseases iteration 364/400 : Query Acc = 97.33, Avg Acc = 98.06% +- 0.36%
CropDiseases iteration 365/400 : Query Acc = 100.00, Avg Acc = 98.07% +- 0.36%
CropDiseases iteration 366/400 : Query Acc = 100.00, Avg Acc = 98.07% +- 0.36%
CropDiseases iteration 367/400 : Query Acc = 100.00, Avg Acc = 98.08% +- 0.36%
CropDiseases iteration 368/400 : Query Acc = 100.00, Avg Acc = 98.08% +- 0.36%
CropDiseases iteration 369/400 : Query Acc = 96.00, Avg Acc = 98.08% +- 0.36%
CropDiseases iteration 370/400 : Query Acc = 94.67, Avg Acc = 98.07% +- 0.36%
CropDiseases iteration 371/400 : Query Acc = 100.00, Avg Acc = 98.08% +- 0.35%
CropDiseases iteration 372/400 : Query Acc = 98.67, Avg Acc = 98.08% +- 0.35%
CropDiseases iteration 373/400 : Query Acc = 100.00, Avg Acc = 98.08% +- 0.35%
CropDiseases iteration 374/400 : Query Acc = 98.67, Avg Acc = 98.08% +- 0.35%
CropDiseases iteration 375/400 : Query Acc = 100.00, Avg Acc = 98.09% +- 0.35%
CropDiseases iteration 376/400 : Query Acc = 100.00, Avg Acc = 98.09% +- 0.35%
CropDiseases iteration 377/400 : Query Acc = 90.67, Avg Acc = 98.07% +- 0.35%
CropDiseases iteration 378/400 : Query Acc = 100.00, Avg Acc = 98.08% +- 0.35%
CropDiseases iteration 379/400 : Query Acc = 94.67, Avg Acc = 98.07% +- 0.35%
CropDiseases iteration 380/400 : Query Acc = 98.67, Avg Acc = 98.07% +- 0.35%
CropDiseases iteration 381/400 : Query Acc = 100.00, Avg Acc = 98.08% +- 0.35%
CropDiseases iteration 382/400 : Query Acc = 96.00, Avg Acc = 98.07% +- 0.35%
CropDiseases iteration 383/400 : Query Acc = 100.00, Avg Acc = 98.08% +- 0.35%
CropDiseases iteration 384/400 : Query Acc = 96.00, Avg Acc = 98.07% +- 0.35%
CropDiseases iteration 385/400 : Query Acc = 97.33, Avg Acc = 98.07% +- 0.35%
CropDiseases iteration 386/400 : Query Acc = 100.00, Avg Acc = 98.07% +- 0.34%
CropDiseases iteration 387/400 : Query Acc = 100.00, Avg Acc = 98.08% +- 0.34%
CropDiseases iteration 388/400 : Query Acc = 100.00, Avg Acc = 98.08% +- 0.34%
CropDiseases iteration 389/400 : Query Acc = 98.67, Avg Acc = 98.09% +- 0.34%
CropDiseases iteration 390/400 : Query Acc = 82.67, Avg Acc = 98.05% +- 0.35%
CropDiseases iteration 391/400 : Query Acc = 92.00, Avg Acc = 98.03% +- 0.35%
CropDiseases iteration 392/400 : Query Acc = 94.67, Avg Acc = 98.02% +- 0.35%
CropDiseases iteration 393/400 : Query Acc = 100.00, Avg Acc = 98.03% +- 0.35%
CropDiseases iteration 394/400 : Query Acc = 98.67, Avg Acc = 98.03% +- 0.35%
CropDiseases iteration 395/400 : Query Acc = 98.67, Avg Acc = 98.03% +- 0.35%
CropDiseases iteration 396/400 : Query Acc = 100.00, Avg Acc = 98.04% +- 0.35%
CropDiseases iteration 397/400 : Query Acc = 100.00, Avg Acc = 98.04% +- 0.35%
CropDiseases iteration 398/400 : Query Acc = 100.00, Avg Acc = 98.05% +- 0.35%
CropDiseases iteration 399/400 : Query Acc = 100.00, Avg Acc = 98.05% +- 0.34%
Crop 400 Test Acc = 98.05% +- 0.34%
