set seed = 2
FineTune! 5 shots on ISIC dataset
ISIC iteration 0/100 : Query Acc = 33.33, Avg Acc = 33.33% +- 0.00%
ISIC | 0 / 100 Acc = 33.33% +- 0.00%
ISIC iteration 1/100 : Query Acc = 33.33, Avg Acc = 33.33% +- 0.00%
ISIC iteration 2/100 : Query Acc = 30.67, Avg Acc = 32.44% +- 1.42%
ISIC iteration 3/100 : Query Acc = 32.00, Avg Acc = 32.33% +- 1.08%
ISIC iteration 4/100 : Query Acc = 45.33, Avg Acc = 34.93% +- 4.64%
ISIC iteration 5/100 : Query Acc = 33.33, Avg Acc = 34.67% +- 3.90%
ISIC iteration 6/100 : Query Acc = 32.00, Avg Acc = 34.29% +- 3.41%
ISIC iteration 7/100 : Query Acc = 36.00, Avg Acc = 34.50% +- 3.01%
ISIC iteration 8/100 : Query Acc = 24.00, Avg Acc = 33.33% +- 3.44%
ISIC iteration 9/100 : Query Acc = 29.33, Avg Acc = 32.93% +- 3.18%
ISIC iteration 10/100 : Query Acc = 33.33, Avg Acc = 32.97% +- 2.89%
ISIC iteration 11/100 : Query Acc = 33.33, Avg Acc = 33.00% +- 2.65%
ISIC iteration 12/100 : Query Acc = 30.67, Avg Acc = 32.82% +- 2.47%
ISIC iteration 13/100 : Query Acc = 44.00, Avg Acc = 33.62% +- 2.75%
ISIC iteration 14/100 : Query Acc = 37.33, Avg Acc = 33.87% +- 2.61%
ISIC iteration 15/100 : Query Acc = 25.33, Avg Acc = 33.33% +- 2.64%
ISIC iteration 16/100 : Query Acc = 33.33, Avg Acc = 33.33% +- 2.49%
ISIC iteration 17/100 : Query Acc = 36.00, Avg Acc = 33.48% +- 2.37%
ISIC iteration 18/100 : Query Acc = 40.00, Avg Acc = 33.82% +- 2.34%
ISIC iteration 19/100 : Query Acc = 36.00, Avg Acc = 33.93% +- 2.23%
ISIC iteration 20/100 : Query Acc = 25.33, Avg Acc = 33.52% +- 2.26%
ISIC iteration 21/100 : Query Acc = 41.33, Avg Acc = 33.88% +- 2.26%
ISIC iteration 22/100 : Query Acc = 45.33, Avg Acc = 34.38% +- 2.37%
ISIC iteration 23/100 : Query Acc = 26.67, Avg Acc = 34.06% +- 2.35%
ISIC iteration 24/100 : Query Acc = 38.67, Avg Acc = 34.24% +- 2.28%
ISIC iteration 25/100 : Query Acc = 41.33, Avg Acc = 34.51% +- 2.26%
ISIC iteration 26/100 : Query Acc = 38.67, Avg Acc = 34.67% +- 2.19%
ISIC iteration 27/100 : Query Acc = 36.00, Avg Acc = 34.71% +- 2.12%
ISIC iteration 28/100 : Query Acc = 42.67, Avg Acc = 34.99% +- 2.11%
ISIC iteration 29/100 : Query Acc = 30.67, Avg Acc = 34.84% +- 2.06%
ISIC iteration 30/100 : Query Acc = 36.00, Avg Acc = 34.88% +- 2.00%
ISIC iteration 31/100 : Query Acc = 41.33, Avg Acc = 35.08% +- 1.97%
ISIC iteration 32/100 : Query Acc = 37.33, Avg Acc = 35.15% +- 1.92%
ISIC iteration 33/100 : Query Acc = 40.00, Avg Acc = 35.29% +- 1.88%
ISIC iteration 34/100 : Query Acc = 32.00, Avg Acc = 35.20% +- 1.84%
ISIC iteration 35/100 : Query Acc = 30.67, Avg Acc = 35.07% +- 1.80%
ISIC iteration 36/100 : Query Acc = 50.67, Avg Acc = 35.50% +- 1.93%
ISIC iteration 37/100 : Query Acc = 34.67, Avg Acc = 35.47% +- 1.88%
ISIC iteration 38/100 : Query Acc = 33.33, Avg Acc = 35.42% +- 1.84%
ISIC iteration 39/100 : Query Acc = 29.33, Avg Acc = 35.27% +- 1.82%
ISIC iteration 40/100 : Query Acc = 44.00, Avg Acc = 35.48% +- 1.82%
ISIC iteration 41/100 : Query Acc = 36.00, Avg Acc = 35.49% +- 1.78%
ISIC iteration 42/100 : Query Acc = 25.33, Avg Acc = 35.26% +- 1.79%
ISIC iteration 43/100 : Query Acc = 30.67, Avg Acc = 35.15% +- 1.76%
ISIC iteration 44/100 : Query Acc = 41.33, Avg Acc = 35.29% +- 1.75%
ISIC iteration 45/100 : Query Acc = 46.67, Avg Acc = 35.54% +- 1.77%
ISIC iteration 46/100 : Query Acc = 29.33, Avg Acc = 35.40% +- 1.75%
ISIC iteration 47/100 : Query Acc = 36.00, Avg Acc = 35.42% +- 1.72%
ISIC iteration 48/100 : Query Acc = 34.67, Avg Acc = 35.40% +- 1.68%
ISIC iteration 49/100 : Query Acc = 30.67, Avg Acc = 35.31% +- 1.66%
ISIC iteration 50/100 : Query Acc = 30.67, Avg Acc = 35.22% +- 1.64%
ISIC iteration 51/100 : Query Acc = 33.33, Avg Acc = 35.18% +- 1.61%
ISIC iteration 52/100 : Query Acc = 30.67, Avg Acc = 35.09% +- 1.59%
ISIC iteration 53/100 : Query Acc = 22.67, Avg Acc = 34.86% +- 1.62%
ISIC iteration 54/100 : Query Acc = 34.67, Avg Acc = 34.86% +- 1.59%
ISIC iteration 55/100 : Query Acc = 37.33, Avg Acc = 34.90% +- 1.56%
ISIC iteration 56/100 : Query Acc = 48.00, Avg Acc = 35.13% +- 1.60%
ISIC iteration 57/100 : Query Acc = 36.00, Avg Acc = 35.15% +- 1.57%
ISIC iteration 58/100 : Query Acc = 32.00, Avg Acc = 35.10% +- 1.55%
ISIC iteration 59/100 : Query Acc = 44.00, Avg Acc = 35.24% +- 1.55%
ISIC iteration 60/100 : Query Acc = 34.67, Avg Acc = 35.23% +- 1.52%
ISIC iteration 61/100 : Query Acc = 26.67, Avg Acc = 35.10% +- 1.52%
ISIC iteration 62/100 : Query Acc = 37.33, Avg Acc = 35.13% +- 1.50%
ISIC iteration 63/100 : Query Acc = 26.67, Avg Acc = 35.00% +- 1.50%
ISIC iteration 64/100 : Query Acc = 42.67, Avg Acc = 35.12% +- 1.49%
ISIC iteration 65/100 : Query Acc = 30.67, Avg Acc = 35.05% +- 1.48%
ISIC iteration 66/100 : Query Acc = 18.67, Avg Acc = 34.81% +- 1.53%
ISIC iteration 67/100 : Query Acc = 44.00, Avg Acc = 34.94% +- 1.53%
ISIC iteration 68/100 : Query Acc = 42.67, Avg Acc = 35.05% +- 1.53%
ISIC iteration 69/100 : Query Acc = 33.33, Avg Acc = 35.03% +- 1.50%
ISIC iteration 70/100 : Query Acc = 33.33, Avg Acc = 35.00% +- 1.48%
ISIC iteration 71/100 : Query Acc = 37.33, Avg Acc = 35.04% +- 1.46%
ISIC iteration 72/100 : Query Acc = 42.67, Avg Acc = 35.14% +- 1.46%
ISIC iteration 73/100 : Query Acc = 40.00, Avg Acc = 35.21% +- 1.44%
ISIC iteration 74/100 : Query Acc = 26.67, Avg Acc = 35.09% +- 1.44%
ISIC iteration 75/100 : Query Acc = 46.67, Avg Acc = 35.25% +- 1.45%
ISIC iteration 76/100 : Query Acc = 42.67, Avg Acc = 35.34% +- 1.45%
ISIC iteration 77/100 : Query Acc = 26.67, Avg Acc = 35.23% +- 1.45%
ISIC iteration 78/100 : Query Acc = 48.00, Avg Acc = 35.39% +- 1.46%
ISIC iteration 79/100 : Query Acc = 37.33, Avg Acc = 35.42% +- 1.44%
ISIC iteration 80/100 : Query Acc = 28.00, Avg Acc = 35.33% +- 1.44%
ISIC iteration 81/100 : Query Acc = 41.33, Avg Acc = 35.40% +- 1.43%
ISIC iteration 82/100 : Query Acc = 37.33, Avg Acc = 35.42% +- 1.41%
ISIC iteration 83/100 : Query Acc = 29.33, Avg Acc = 35.35% +- 1.40%
ISIC iteration 84/100 : Query Acc = 34.67, Avg Acc = 35.34% +- 1.38%
ISIC iteration 85/100 : Query Acc = 33.33, Avg Acc = 35.32% +- 1.37%
ISIC iteration 86/100 : Query Acc = 38.67, Avg Acc = 35.36% +- 1.36%
ISIC iteration 87/100 : Query Acc = 33.33, Avg Acc = 35.33% +- 1.34%
ISIC iteration 88/100 : Query Acc = 37.33, Avg Acc = 35.36% +- 1.33%
ISIC iteration 89/100 : Query Acc = 37.33, Avg Acc = 35.38% +- 1.31%
ISIC iteration 90/100 : Query Acc = 37.33, Avg Acc = 35.40% +- 1.30%
ISIC iteration 91/100 : Query Acc = 36.00, Avg Acc = 35.41% +- 1.28%
ISIC iteration 92/100 : Query Acc = 36.00, Avg Acc = 35.41% +- 1.27%
ISIC iteration 93/100 : Query Acc = 30.67, Avg Acc = 35.36% +- 1.26%
ISIC iteration 94/100 : Query Acc = 36.00, Avg Acc = 35.37% +- 1.25%
ISIC iteration 95/100 : Query Acc = 40.00, Avg Acc = 35.42% +- 1.24%
ISIC iteration 96/100 : Query Acc = 41.33, Avg Acc = 35.48% +- 1.23%
ISIC iteration 97/100 : Query Acc = 20.00, Avg Acc = 35.32% +- 1.26%
ISIC iteration 98/100 : Query Acc = 28.00, Avg Acc = 35.25% +- 1.25%
ISIC iteration 99/100 : Query Acc = 33.33, Avg Acc = 35.23% +- 1.24%
ISIC 100 Test Acc = 35.23% +- 1.24%
