[14:00:17 INFO] Device: cuda
[14:00:17 INFO] ============================================================
[14:00:17 INFO] Dataset: isic, n_shot=5, Mode: Baseline (14x14)
[14:00:17 INFO] ============================================================
[14:00:17 INFO] Train: ISICDataset(split=train, n_classes=7, n_samples=35)
[14:00:17 INFO] Test:  ISICDataset(split=test, n_classes=7, n_samples=2003)
[14:00:17 INFO] Loading CLIP ViT-B/16...
[14:00:20 INFO] Applying LoRA (r=4, alpha=1.0)...
[14:00:20 INFO] Trainable parameters: 221,184
[14:00:20 INFO] LR Schedule: Linear warmup (5 epochs) + Cosine decay
/var/tmp/cc-cdfsl/train.py:457: FutureWarning: `torch.cuda.amp.GradScaler(args...)` is deprecated. Please use `torch.amp.GradScaler('cuda', args...)` instead.
  scaler = torch.cuda.amp.GradScaler() if device == "cuda" else None
[14:00:20 INFO] FP16 Automatic Mixed Precision (AMP) enabled.
[14:00:20 INFO] Initial evaluation (before training)...
[14:01:27 INFO]   Baseline: 20.53 ± 0.56%
/var/tmp/cc-cdfsl/train.py:213: FutureWarning: `torch.cuda.amp.autocast(args...)` is deprecated. Please use `torch.amp.autocast('cuda', args...)` instead.
  with torch.cuda.amp.autocast(enabled=(scaler is not None)):
[14:04:20 INFO] Epoch [  1/100] Loss: 2.5164 (CE:1.6222, TIT:0.0603, ITI:0.3566) Acc: 24.12%
[14:30:06 INFO] Epoch [ 10/100] Loss: 0.5337 (CE:0.0148, TIT:0.0336, ITI:0.2091) Acc: 44.47%
[14:37:52 INFO]   [Eval] Epoch 10: 44.44 ± 0.68% ✓ NEW BEST!
[14:37:54 INFO]   Saved best checkpoint: checkpoints_ensemble/isic_5shot_best.pth
[15:06:35 INFO] Epoch [ 20/100] Loss: 0.2769 (CE:0.0022, TIT:0.0547, ITI:0.0553) Acc: 42.85%
[15:14:22 INFO]   [Eval] Epoch 20: 43.31 ± 0.54%
[15:42:57 INFO] Epoch [ 30/100] Loss: 0.2689 (CE:0.0008, TIT:0.0741, ITI:0.0229) Acc: 40.63%
[15:50:41 INFO]   [Eval] Epoch 30: 42.02 ± 0.56%
[16:19:16 INFO] Epoch [ 40/100] Loss: 0.2466 (CE:0.0004, TIT:0.0735, ITI:0.0128) Acc: 39.68%
[16:27:08 INFO]   [Eval] Epoch 40: 40.08 ± 0.55%
[16:56:13 INFO] Epoch [ 50/100] Loss: 0.2398 (CE:0.0003, TIT:0.0739, ITI:0.0088) Acc: 38.91%
[17:03:56 INFO]   [Eval] Epoch 50: 39.76 ± 0.57%
[17:32:35 INFO] Epoch [ 60/100] Loss: 0.2393 (CE:0.0002, TIT:0.0738, ITI:0.0089) Acc: 39.35%
[17:40:24 INFO]   [Eval] Epoch 60: 40.50 ± 0.56%
[18:08:58 INFO] Epoch [ 70/100] Loss: 0.2331 (CE:0.0002, TIT:0.0724, ITI:0.0078) Acc: 38.99%
[18:16:49 INFO]   [Eval] Epoch 70: 40.07 ± 0.66%
[18:45:41 INFO] Epoch [ 80/100] Loss: 0.2330 (CE:0.0002, TIT:0.0725, ITI:0.0077) Acc: 39.69%
[18:53:29 INFO]   [Eval] Epoch 80: 39.29 ± 0.65%
[19:22:09 INFO] Epoch [ 90/100] Loss: 0.2325 (CE:0.0002, TIT:0.0731, ITI:0.0065) Acc: 38.84%
[19:30:11 INFO]   [Eval] Epoch 90: 38.73 ± 0.63%
[19:58:45 INFO] Epoch [100/100] Loss: 0.2313 (CE:0.0002, TIT:0.0731, ITI:0.0058) Acc: 38.52%
[20:06:31 INFO]   [Eval] Epoch 100: 38.38 ± 0.58%
[20:06:31 INFO] 
Best Acc: 44.44% at Epoch 10
[20:06:33 INFO] Loaded best checkpoint from epoch 10
[20:14:19 INFO] Final (Baseline (14x14)): 44.49 ± 0.61% (n_episodes=400)
[ISICDataset] Strict few-shot training enabled. Total training samples: 35 (n_shot=5)
