set seed = 1
FineTune! 5 shots on ChestX dataset
類別描述：/home/ccoliu/FeatureSR/configs/class_descriptions.json（only）
ChestX iteration 0/400 : Query Acc = 33.33, Avg Acc = 33.33% +- 0.00%
ChestX | 0 / 400 Acc = 33.33% +- 0.00%
ChestX iteration 1/400 : Query Acc = 18.67, Avg Acc = 26.00% +- 10.16%
ChestX iteration 2/400 : Query Acc = 18.67, Avg Acc = 23.56% +- 7.82%
ChestX iteration 3/400 : Query Acc = 21.33, Avg Acc = 23.00% +- 5.94%
ChestX iteration 4/400 : Query Acc = 20.00, Avg Acc = 22.40% +- 4.87%
ChestX iteration 5/400 : Query Acc = 25.33, Avg Acc = 22.89% +- 4.15%
ChestX iteration 6/400 : Query Acc = 32.00, Avg Acc = 24.19% +- 4.27%
ChestX iteration 7/400 : Query Acc = 21.33, Avg Acc = 23.83% +- 3.79%
ChestX iteration 8/400 : Query Acc = 26.67, Avg Acc = 24.15% +- 3.42%
ChestX iteration 9/400 : Query Acc = 28.00, Avg Acc = 24.53% +- 3.16%
ChestX iteration 10/400 : Query Acc = 21.33, Avg Acc = 24.24% +- 2.93%
ChestX iteration 11/400 : Query Acc = 20.00, Avg Acc = 23.89% +- 2.76%
ChestX iteration 12/400 : Query Acc = 22.67, Avg Acc = 23.79% +- 2.56%
ChestX iteration 13/400 : Query Acc = 26.67, Avg Acc = 24.00% +- 2.41%
ChestX iteration 14/400 : Query Acc = 24.00, Avg Acc = 24.00% +- 2.24%
ChestX iteration 15/400 : Query Acc = 22.67, Avg Acc = 23.92% +- 2.11%
ChestX iteration 16/400 : Query Acc = 28.00, Avg Acc = 24.16% +- 2.04%
ChestX iteration 17/400 : Query Acc = 18.67, Avg Acc = 23.85% +- 2.01%
ChestX iteration 18/400 : Query Acc = 29.33, Avg Acc = 24.14% +- 1.98%
ChestX iteration 19/400 : Query Acc = 36.00, Avg Acc = 24.73% +- 2.20%
ChestX iteration 20/400 : Query Acc = 20.00, Avg Acc = 24.51% +- 2.14%
ChestX iteration 21/400 : Query Acc = 28.00, Avg Acc = 24.67% +- 2.06%
ChestX iteration 22/400 : Query Acc = 25.33, Avg Acc = 24.70% +- 1.97%
ChestX iteration 23/400 : Query Acc = 24.00, Avg Acc = 24.67% +- 1.89%
ChestX iteration 24/400 : Query Acc = 21.33, Avg Acc = 24.53% +- 1.83%
ChestX iteration 25/400 : Query Acc = 16.00, Avg Acc = 24.21% +- 1.87%
ChestX iteration 26/400 : Query Acc = 24.00, Avg Acc = 24.20% +- 1.80%
ChestX iteration 27/400 : Query Acc = 22.67, Avg Acc = 24.14% +- 1.74%
ChestX iteration 28/400 : Query Acc = 26.67, Avg Acc = 24.23% +- 1.69%
ChestX iteration 29/400 : Query Acc = 18.67, Avg Acc = 24.04% +- 1.67%
ChestX iteration 30/400 : Query Acc = 32.00, Avg Acc = 24.30% +- 1.69%
ChestX iteration 31/400 : Query Acc = 22.67, Avg Acc = 24.25% +- 1.64%
ChestX iteration 32/400 : Query Acc = 26.67, Avg Acc = 24.32% +- 1.60%
ChestX iteration 33/400 : Query Acc = 28.00, Avg Acc = 24.43% +- 1.57%
ChestX iteration 34/400 : Query Acc = 24.00, Avg Acc = 24.42% +- 1.52%
ChestX iteration 35/400 : Query Acc = 30.67, Avg Acc = 24.59% +- 1.52%
ChestX iteration 36/400 : Query Acc = 26.67, Avg Acc = 24.65% +- 1.48%
ChestX iteration 37/400 : Query Acc = 18.67, Avg Acc = 24.49% +- 1.47%
ChestX iteration 38/400 : Query Acc = 22.67, Avg Acc = 24.44% +- 1.44%
ChestX iteration 39/400 : Query Acc = 33.33, Avg Acc = 24.67% +- 1.47%
ChestX iteration 40/400 : Query Acc = 24.00, Avg Acc = 24.65% +- 1.43%
ChestX iteration 41/400 : Query Acc = 26.67, Avg Acc = 24.70% +- 1.40%
ChestX iteration 42/400 : Query Acc = 28.00, Avg Acc = 24.78% +- 1.38%
ChestX iteration 43/400 : Query Acc = 24.00, Avg Acc = 24.76% +- 1.34%
ChestX iteration 44/400 : Query Acc = 29.33, Avg Acc = 24.86% +- 1.33%
ChestX iteration 45/400 : Query Acc = 25.33, Avg Acc = 24.87% +- 1.30%
ChestX iteration 46/400 : Query Acc = 22.67, Avg Acc = 24.82% +- 1.28%
ChestX iteration 47/400 : Query Acc = 20.00, Avg Acc = 24.72% +- 1.27%
ChestX iteration 48/400 : Query Acc = 24.00, Avg Acc = 24.71% +- 1.24%
ChestX iteration 49/400 : Query Acc = 29.33, Avg Acc = 24.80% +- 1.23%
ChestX iteration 50/400 : Query Acc = 20.00, Avg Acc = 24.71% +- 1.22%
ChestX iteration 51/400 : Query Acc = 24.00, Avg Acc = 24.69% +- 1.19%
ChestX iteration 52/400 : Query Acc = 18.67, Avg Acc = 24.58% +- 1.19%
ChestX iteration 53/400 : Query Acc = 25.33, Avg Acc = 24.59% +- 1.17%
ChestX iteration 54/400 : Query Acc = 22.67, Avg Acc = 24.56% +- 1.15%
ChestX iteration 55/400 : Query Acc = 20.00, Avg Acc = 24.48% +- 1.14%
ChestX iteration 56/400 : Query Acc = 28.00, Avg Acc = 24.54% +- 1.13%
ChestX iteration 57/400 : Query Acc = 26.67, Avg Acc = 24.57% +- 1.11%
ChestX iteration 58/400 : Query Acc = 25.33, Avg Acc = 24.59% +- 1.09%
ChestX iteration 59/400 : Query Acc = 34.67, Avg Acc = 24.76% +- 1.12%
ChestX iteration 60/400 : Query Acc = 24.00, Avg Acc = 24.74% +- 1.10%
ChestX iteration 61/400 : Query Acc = 24.00, Avg Acc = 24.73% +- 1.09%
ChestX iteration 62/400 : Query Acc = 30.67, Avg Acc = 24.83% +- 1.09%
ChestX iteration 63/400 : Query Acc = 29.33, Avg Acc = 24.90% +- 1.08%
ChestX iteration 64/400 : Query Acc = 18.67, Avg Acc = 24.80% +- 1.08%
ChestX iteration 65/400 : Query Acc = 29.33, Avg Acc = 24.87% +- 1.07%
ChestX iteration 66/400 : Query Acc = 21.33, Avg Acc = 24.82% +- 1.06%
ChestX iteration 67/400 : Query Acc = 26.67, Avg Acc = 24.84% +- 1.04%
ChestX iteration 68/400 : Query Acc = 25.33, Avg Acc = 24.85% +- 1.03%
ChestX iteration 69/400 : Query Acc = 13.33, Avg Acc = 24.69% +- 1.06%
ChestX iteration 70/400 : Query Acc = 16.00, Avg Acc = 24.56% +- 1.08%
ChestX iteration 71/400 : Query Acc = 25.33, Avg Acc = 24.57% +- 1.06%
ChestX iteration 72/400 : Query Acc = 32.00, Avg Acc = 24.68% +- 1.06%
ChestX iteration 73/400 : Query Acc = 29.33, Avg Acc = 24.74% +- 1.06%
ChestX iteration 74/400 : Query Acc = 25.33, Avg Acc = 24.75% +- 1.04%
ChestX iteration 75/400 : Query Acc = 22.67, Avg Acc = 24.72% +- 1.03%
ChestX iteration 76/400 : Query Acc = 24.00, Avg Acc = 24.71% +- 1.02%
ChestX iteration 77/400 : Query Acc = 24.00, Avg Acc = 24.70% +- 1.00%
ChestX iteration 78/400 : Query Acc = 25.33, Avg Acc = 24.71% +- 0.99%
ChestX iteration 79/400 : Query Acc = 26.67, Avg Acc = 24.73% +- 0.98%
ChestX iteration 80/400 : Query Acc = 21.33, Avg Acc = 24.69% +- 0.97%
ChestX iteration 81/400 : Query Acc = 24.00, Avg Acc = 24.68% +- 0.96%
ChestX iteration 82/400 : Query Acc = 29.33, Avg Acc = 24.74% +- 0.96%
ChestX iteration 83/400 : Query Acc = 20.00, Avg Acc = 24.68% +- 0.95%
ChestX iteration 84/400 : Query Acc = 26.67, Avg Acc = 24.71% +- 0.94%
ChestX iteration 85/400 : Query Acc = 22.67, Avg Acc = 24.68% +- 0.93%
ChestX iteration 86/400 : Query Acc = 17.33, Avg Acc = 24.60% +- 0.93%
ChestX iteration 87/400 : Query Acc = 21.33, Avg Acc = 24.56% +- 0.93%
ChestX iteration 88/400 : Query Acc = 25.33, Avg Acc = 24.57% +- 0.92%
ChestX iteration 89/400 : Query Acc = 24.00, Avg Acc = 24.56% +- 0.91%
ChestX iteration 90/400 : Query Acc = 28.00, Avg Acc = 24.60% +- 0.90%
ChestX iteration 91/400 : Query Acc = 32.00, Avg Acc = 24.68% +- 0.90%
ChestX iteration 92/400 : Query Acc = 25.33, Avg Acc = 24.69% +- 0.89%
ChestX iteration 93/400 : Query Acc = 33.33, Avg Acc = 24.78% +- 0.90%
ChestX iteration 94/400 : Query Acc = 29.33, Avg Acc = 24.83% +- 0.90%
ChestX iteration 95/400 : Query Acc = 24.00, Avg Acc = 24.82% +- 0.89%
ChestX iteration 96/400 : Query Acc = 28.00, Avg Acc = 24.85% +- 0.88%
ChestX iteration 97/400 : Query Acc = 24.00, Avg Acc = 24.84% +- 0.87%
ChestX iteration 98/400 : Query Acc = 28.00, Avg Acc = 24.88% +- 0.87%
ChestX iteration 99/400 : Query Acc = 16.00, Avg Acc = 24.79% +- 0.87%
ChestX iteration 100/400 : Query Acc = 29.33, Avg Acc = 24.83% +- 0.87%
ChestX | 100 / 400 Acc = 24.83% +- 0.87%
ChestX iteration 101/400 : Query Acc = 22.67, Avg Acc = 24.81% +- 0.86%
ChestX iteration 102/400 : Query Acc = 22.67, Avg Acc = 24.79% +- 0.86%
ChestX iteration 103/400 : Query Acc = 29.33, Avg Acc = 24.83% +- 0.85%
ChestX iteration 104/400 : Query Acc = 32.00, Avg Acc = 24.90% +- 0.85%
ChestX iteration 105/400 : Query Acc = 18.67, Avg Acc = 24.84% +- 0.85%
ChestX iteration 106/400 : Query Acc = 28.00, Avg Acc = 24.87% +- 0.85%
ChestX iteration 107/400 : Query Acc = 26.67, Avg Acc = 24.89% +- 0.84%
ChestX iteration 108/400 : Query Acc = 30.67, Avg Acc = 24.94% +- 0.84%
ChestX iteration 109/400 : Query Acc = 36.00, Avg Acc = 25.04% +- 0.85%
ChestX iteration 110/400 : Query Acc = 32.00, Avg Acc = 25.11% +- 0.86%
ChestX iteration 111/400 : Query Acc = 25.33, Avg Acc = 25.11% +- 0.85%
ChestX iteration 112/400 : Query Acc = 17.33, Avg Acc = 25.04% +- 0.85%
ChestX iteration 113/400 : Query Acc = 26.67, Avg Acc = 25.05% +- 0.84%
ChestX iteration 114/400 : Query Acc = 32.00, Avg Acc = 25.11% +- 0.84%
ChestX iteration 115/400 : Query Acc = 17.33, Avg Acc = 25.05% +- 0.85%
ChestX iteration 116/400 : Query Acc = 34.67, Avg Acc = 25.13% +- 0.86%
ChestX iteration 117/400 : Query Acc = 26.67, Avg Acc = 25.14% +- 0.85%
ChestX iteration 118/400 : Query Acc = 25.33, Avg Acc = 25.14% +- 0.84%
ChestX iteration 119/400 : Query Acc = 24.00, Avg Acc = 25.13% +- 0.83%
ChestX iteration 120/400 : Query Acc = 30.67, Avg Acc = 25.18% +- 0.83%
ChestX iteration 121/400 : Query Acc = 24.00, Avg Acc = 25.17% +- 0.83%
ChestX iteration 122/400 : Query Acc = 26.67, Avg Acc = 25.18% +- 0.82%
ChestX iteration 123/400 : Query Acc = 28.00, Avg Acc = 25.20% +- 0.81%
ChestX iteration 124/400 : Query Acc = 28.00, Avg Acc = 25.23% +- 0.81%
ChestX iteration 125/400 : Query Acc = 36.00, Avg Acc = 25.31% +- 0.82%
ChestX iteration 126/400 : Query Acc = 26.67, Avg Acc = 25.32% +- 0.81%
ChestX iteration 127/400 : Query Acc = 32.00, Avg Acc = 25.38% +- 0.81%
ChestX iteration 128/400 : Query Acc = 12.00, Avg Acc = 25.27% +- 0.83%
ChestX iteration 129/400 : Query Acc = 22.67, Avg Acc = 25.25% +- 0.83%
ChestX iteration 130/400 : Query Acc = 26.67, Avg Acc = 25.26% +- 0.82%
ChestX iteration 131/400 : Query Acc = 33.33, Avg Acc = 25.32% +- 0.82%
ChestX iteration 132/400 : Query Acc = 30.67, Avg Acc = 25.36% +- 0.82%
ChestX iteration 133/400 : Query Acc = 22.67, Avg Acc = 25.34% +- 0.82%
ChestX iteration 134/400 : Query Acc = 36.00, Avg Acc = 25.42% +- 0.82%
ChestX iteration 135/400 : Query Acc = 20.00, Avg Acc = 25.38% +- 0.82%
ChestX iteration 136/400 : Query Acc = 22.67, Avg Acc = 25.36% +- 0.82%
ChestX iteration 137/400 : Query Acc = 32.00, Avg Acc = 25.41% +- 0.82%
ChestX iteration 138/400 : Query Acc = 20.00, Avg Acc = 25.37% +- 0.81%
ChestX iteration 139/400 : Query Acc = 36.00, Avg Acc = 25.45% +- 0.82%
ChestX iteration 140/400 : Query Acc = 21.33, Avg Acc = 25.42% +- 0.82%
ChestX iteration 141/400 : Query Acc = 14.67, Avg Acc = 25.34% +- 0.83%
ChestX iteration 142/400 : Query Acc = 18.67, Avg Acc = 25.30% +- 0.82%
ChestX iteration 143/400 : Query Acc = 17.33, Avg Acc = 25.24% +- 0.83%
ChestX iteration 144/400 : Query Acc = 24.00, Avg Acc = 25.23% +- 0.82%
ChestX iteration 145/400 : Query Acc = 26.67, Avg Acc = 25.24% +- 0.82%
ChestX iteration 146/400 : Query Acc = 33.33, Avg Acc = 25.30% +- 0.82%
ChestX iteration 147/400 : Query Acc = 18.67, Avg Acc = 25.25% +- 0.82%
ChestX iteration 148/400 : Query Acc = 30.67, Avg Acc = 25.29% +- 0.81%
ChestX iteration 149/400 : Query Acc = 21.33, Avg Acc = 25.26% +- 0.81%
ChestX iteration 150/400 : Query Acc = 20.00, Avg Acc = 25.23% +- 0.81%
ChestX iteration 151/400 : Query Acc = 22.67, Avg Acc = 25.21% +- 0.80%
ChestX iteration 152/400 : Query Acc = 32.00, Avg Acc = 25.25% +- 0.80%
ChestX iteration 153/400 : Query Acc = 20.00, Avg Acc = 25.22% +- 0.80%
ChestX iteration 154/400 : Query Acc = 26.67, Avg Acc = 25.23% +- 0.79%
ChestX iteration 155/400 : Query Acc = 21.33, Avg Acc = 25.21% +- 0.79%
ChestX iteration 156/400 : Query Acc = 24.00, Avg Acc = 25.20% +- 0.79%
ChestX iteration 157/400 : Query Acc = 25.33, Avg Acc = 25.20% +- 0.78%
ChestX iteration 158/400 : Query Acc = 25.33, Avg Acc = 25.20% +- 0.78%
ChestX iteration 159/400 : Query Acc = 26.67, Avg Acc = 25.21% +- 0.77%
ChestX iteration 160/400 : Query Acc = 21.33, Avg Acc = 25.18% +- 0.77%
ChestX iteration 161/400 : Query Acc = 29.33, Avg Acc = 25.21% +- 0.77%
ChestX iteration 162/400 : Query Acc = 30.67, Avg Acc = 25.24% +- 0.76%
ChestX iteration 163/400 : Query Acc = 28.00, Avg Acc = 25.26% +- 0.76%
ChestX iteration 164/400 : Query Acc = 16.00, Avg Acc = 25.20% +- 0.76%
ChestX iteration 165/400 : Query Acc = 26.67, Avg Acc = 25.21% +- 0.76%
ChestX iteration 166/400 : Query Acc = 20.00, Avg Acc = 25.18% +- 0.76%
ChestX iteration 167/400 : Query Acc = 24.00, Avg Acc = 25.17% +- 0.75%
ChestX iteration 168/400 : Query Acc = 29.33, Avg Acc = 25.20% +- 0.75%
ChestX iteration 169/400 : Query Acc = 25.33, Avg Acc = 25.20% +- 0.74%
ChestX iteration 170/400 : Query Acc = 34.67, Avg Acc = 25.26% +- 0.75%
ChestX iteration 171/400 : Query Acc = 26.67, Avg Acc = 25.26% +- 0.74%
ChestX iteration 172/400 : Query Acc = 20.00, Avg Acc = 25.23% +- 0.74%
ChestX iteration 173/400 : Query Acc = 26.67, Avg Acc = 25.24% +- 0.74%
ChestX iteration 174/400 : Query Acc = 16.00, Avg Acc = 25.19% +- 0.74%
ChestX iteration 175/400 : Query Acc = 32.00, Avg Acc = 25.23% +- 0.74%
ChestX iteration 176/400 : Query Acc = 16.00, Avg Acc = 25.18% +- 0.74%
ChestX iteration 177/400 : Query Acc = 21.33, Avg Acc = 25.15% +- 0.74%
ChestX iteration 178/400 : Query Acc = 32.00, Avg Acc = 25.19% +- 0.74%
ChestX iteration 179/400 : Query Acc = 17.33, Avg Acc = 25.15% +- 0.74%
ChestX iteration 180/400 : Query Acc = 30.67, Avg Acc = 25.18% +- 0.74%
ChestX iteration 181/400 : Query Acc = 24.00, Avg Acc = 25.17% +- 0.74%
ChestX iteration 182/400 : Query Acc = 26.67, Avg Acc = 25.18% +- 0.73%
ChestX iteration 183/400 : Query Acc = 30.67, Avg Acc = 25.21% +- 0.73%
ChestX iteration 184/400 : Query Acc = 24.00, Avg Acc = 25.20% +- 0.73%
ChestX iteration 185/400 : Query Acc = 21.33, Avg Acc = 25.18% +- 0.72%
ChestX iteration 186/400 : Query Acc = 24.00, Avg Acc = 25.18% +- 0.72%
ChestX iteration 187/400 : Query Acc = 33.33, Avg Acc = 25.22% +- 0.72%
ChestX iteration 188/400 : Query Acc = 26.67, Avg Acc = 25.23% +- 0.72%
ChestX iteration 189/400 : Query Acc = 28.00, Avg Acc = 25.24% +- 0.71%
ChestX iteration 190/400 : Query Acc = 26.67, Avg Acc = 25.25% +- 0.71%
ChestX iteration 191/400 : Query Acc = 28.00, Avg Acc = 25.26% +- 0.71%
ChestX iteration 192/400 : Query Acc = 22.67, Avg Acc = 25.25% +- 0.70%
ChestX iteration 193/400 : Query Acc = 33.33, Avg Acc = 25.29% +- 0.70%
ChestX iteration 194/400 : Query Acc = 28.00, Avg Acc = 25.31% +- 0.70%
ChestX iteration 195/400 : Query Acc = 17.33, Avg Acc = 25.27% +- 0.70%
ChestX iteration 196/400 : Query Acc = 21.33, Avg Acc = 25.25% +- 0.70%
ChestX iteration 197/400 : Query Acc = 20.00, Avg Acc = 25.22% +- 0.70%
ChestX iteration 198/400 : Query Acc = 24.00, Avg Acc = 25.21% +- 0.70%
ChestX iteration 199/400 : Query Acc = 28.00, Avg Acc = 25.23% +- 0.69%
ChestX iteration 200/400 : Query Acc = 24.00, Avg Acc = 25.22% +- 0.69%
ChestX | 200 / 400 Acc = 25.22% +- 0.69%
ChestX iteration 201/400 : Query Acc = 32.00, Avg Acc = 25.25% +- 0.69%
ChestX iteration 202/400 : Query Acc = 28.00, Avg Acc = 25.27% +- 0.69%
ChestX iteration 203/400 : Query Acc = 33.33, Avg Acc = 25.31% +- 0.69%
ChestX iteration 204/400 : Query Acc = 26.67, Avg Acc = 25.31% +- 0.68%
ChestX iteration 205/400 : Query Acc = 30.67, Avg Acc = 25.34% +- 0.68%
ChestX iteration 206/400 : Query Acc = 32.00, Avg Acc = 25.37% +- 0.68%
ChestX iteration 207/400 : Query Acc = 21.33, Avg Acc = 25.35% +- 0.68%
ChestX iteration 208/400 : Query Acc = 26.67, Avg Acc = 25.36% +- 0.68%
ChestX iteration 209/400 : Query Acc = 30.67, Avg Acc = 25.38% +- 0.67%
ChestX iteration 210/400 : Query Acc = 25.33, Avg Acc = 25.38% +- 0.67%
ChestX iteration 211/400 : Query Acc = 34.67, Avg Acc = 25.43% +- 0.67%
ChestX iteration 212/400 : Query Acc = 33.33, Avg Acc = 25.46% +- 0.67%
ChestX iteration 213/400 : Query Acc = 17.33, Avg Acc = 25.43% +- 0.68%
ChestX iteration 214/400 : Query Acc = 28.00, Avg Acc = 25.44% +- 0.67%
ChestX iteration 215/400 : Query Acc = 26.67, Avg Acc = 25.44% +- 0.67%
ChestX iteration 216/400 : Query Acc = 29.33, Avg Acc = 25.46% +- 0.67%
ChestX iteration 217/400 : Query Acc = 24.00, Avg Acc = 25.46% +- 0.66%
ChestX iteration 218/400 : Query Acc = 24.00, Avg Acc = 25.45% +- 0.66%
ChestX iteration 219/400 : Query Acc = 28.00, Avg Acc = 25.46% +- 0.66%
ChestX iteration 220/400 : Query Acc = 29.33, Avg Acc = 25.48% +- 0.66%
ChestX iteration 221/400 : Query Acc = 17.33, Avg Acc = 25.44% +- 0.66%
ChestX iteration 222/400 : Query Acc = 20.00, Avg Acc = 25.42% +- 0.66%
ChestX iteration 223/400 : Query Acc = 20.00, Avg Acc = 25.39% +- 0.66%
ChestX iteration 224/400 : Query Acc = 20.00, Avg Acc = 25.37% +- 0.65%
ChestX iteration 225/400 : Query Acc = 26.67, Avg Acc = 25.37% +- 0.65%
ChestX iteration 226/400 : Query Acc = 30.67, Avg Acc = 25.40% +- 0.65%
ChestX iteration 227/400 : Query Acc = 20.00, Avg Acc = 25.37% +- 0.65%
ChestX iteration 228/400 : Query Acc = 30.67, Avg Acc = 25.40% +- 0.65%
ChestX iteration 229/400 : Query Acc = 18.67, Avg Acc = 25.37% +- 0.65%
ChestX iteration 230/400 : Query Acc = 28.00, Avg Acc = 25.38% +- 0.65%
ChestX iteration 231/400 : Query Acc = 33.33, Avg Acc = 25.41% +- 0.65%
ChestX iteration 232/400 : Query Acc = 26.67, Avg Acc = 25.42% +- 0.64%
ChestX iteration 233/400 : Query Acc = 25.33, Avg Acc = 25.42% +- 0.64%
ChestX iteration 234/400 : Query Acc = 24.00, Avg Acc = 25.41% +- 0.64%
ChestX iteration 235/400 : Query Acc = 16.00, Avg Acc = 25.37% +- 0.64%
ChestX iteration 236/400 : Query Acc = 16.00, Avg Acc = 25.33% +- 0.64%
ChestX iteration 237/400 : Query Acc = 25.33, Avg Acc = 25.33% +- 0.64%
ChestX iteration 238/400 : Query Acc = 24.00, Avg Acc = 25.33% +- 0.64%
ChestX iteration 239/400 : Query Acc = 22.67, Avg Acc = 25.32% +- 0.63%
ChestX iteration 240/400 : Query Acc = 30.67, Avg Acc = 25.34% +- 0.63%
ChestX iteration 241/400 : Query Acc = 22.67, Avg Acc = 25.33% +- 0.63%
ChestX iteration 242/400 : Query Acc = 33.33, Avg Acc = 25.36% +- 0.63%
ChestX iteration 243/400 : Query Acc = 28.00, Avg Acc = 25.37% +- 0.63%
ChestX iteration 244/400 : Query Acc = 17.33, Avg Acc = 25.34% +- 0.63%
ChestX iteration 245/400 : Query Acc = 20.00, Avg Acc = 25.32% +- 0.63%
ChestX iteration 246/400 : Query Acc = 28.00, Avg Acc = 25.33% +- 0.63%
ChestX iteration 247/400 : Query Acc = 29.33, Avg Acc = 25.34% +- 0.63%
ChestX iteration 248/400 : Query Acc = 25.33, Avg Acc = 25.34% +- 0.62%
ChestX iteration 249/400 : Query Acc = 26.67, Avg Acc = 25.35% +- 0.62%
ChestX iteration 250/400 : Query Acc = 36.00, Avg Acc = 25.39% +- 0.62%
ChestX iteration 251/400 : Query Acc = 32.00, Avg Acc = 25.42% +- 0.62%
ChestX iteration 252/400 : Query Acc = 22.67, Avg Acc = 25.41% +- 0.62%
ChestX iteration 253/400 : Query Acc = 20.00, Avg Acc = 25.39% +- 0.62%
ChestX iteration 254/400 : Query Acc = 20.00, Avg Acc = 25.36% +- 0.62%
ChestX iteration 255/400 : Query Acc = 17.33, Avg Acc = 25.33% +- 0.62%
ChestX iteration 256/400 : Query Acc = 24.00, Avg Acc = 25.33% +- 0.62%
ChestX iteration 257/400 : Query Acc = 17.33, Avg Acc = 25.30% +- 0.62%
ChestX iteration 258/400 : Query Acc = 22.67, Avg Acc = 25.29% +- 0.62%
ChestX iteration 259/400 : Query Acc = 32.00, Avg Acc = 25.31% +- 0.62%
ChestX iteration 260/400 : Query Acc = 25.33, Avg Acc = 25.31% +- 0.61%
ChestX iteration 261/400 : Query Acc = 30.67, Avg Acc = 25.33% +- 0.61%
ChestX iteration 262/400 : Query Acc = 25.33, Avg Acc = 25.33% +- 0.61%
ChestX iteration 263/400 : Query Acc = 20.00, Avg Acc = 25.31% +- 0.61%
ChestX iteration 264/400 : Query Acc = 29.33, Avg Acc = 25.33% +- 0.61%
ChestX iteration 265/400 : Query Acc = 30.67, Avg Acc = 25.35% +- 0.61%
ChestX iteration 266/400 : Query Acc = 24.00, Avg Acc = 25.34% +- 0.60%
ChestX iteration 267/400 : Query Acc = 33.33, Avg Acc = 25.37% +- 0.60%
ChestX iteration 268/400 : Query Acc = 14.67, Avg Acc = 25.33% +- 0.61%
ChestX iteration 269/400 : Query Acc = 25.33, Avg Acc = 25.33% +- 0.60%
ChestX iteration 270/400 : Query Acc = 25.33, Avg Acc = 25.33% +- 0.60%
ChestX iteration 271/400 : Query Acc = 17.33, Avg Acc = 25.30% +- 0.60%
ChestX iteration 272/400 : Query Acc = 22.67, Avg Acc = 25.29% +- 0.60%
ChestX iteration 273/400 : Query Acc = 25.33, Avg Acc = 25.29% +- 0.60%
ChestX iteration 274/400 : Query Acc = 26.67, Avg Acc = 25.30% +- 0.60%
ChestX iteration 275/400 : Query Acc = 25.33, Avg Acc = 25.30% +- 0.59%
ChestX iteration 276/400 : Query Acc = 30.67, Avg Acc = 25.32% +- 0.59%
ChestX iteration 277/400 : Query Acc = 28.00, Avg Acc = 25.33% +- 0.59%
ChestX iteration 278/400 : Query Acc = 20.00, Avg Acc = 25.31% +- 0.59%
ChestX iteration 279/400 : Query Acc = 29.33, Avg Acc = 25.32% +- 0.59%
ChestX iteration 280/400 : Query Acc = 25.33, Avg Acc = 25.32% +- 0.59%
ChestX iteration 281/400 : Query Acc = 22.67, Avg Acc = 25.31% +- 0.59%
ChestX iteration 282/400 : Query Acc = 29.33, Avg Acc = 25.33% +- 0.58%
ChestX iteration 283/400 : Query Acc = 18.67, Avg Acc = 25.31% +- 0.58%
ChestX iteration 284/400 : Query Acc = 34.67, Avg Acc = 25.34% +- 0.59%
ChestX iteration 285/400 : Query Acc = 22.67, Avg Acc = 25.33% +- 0.58%
ChestX iteration 286/400 : Query Acc = 26.67, Avg Acc = 25.33% +- 0.58%
ChestX iteration 287/400 : Query Acc = 29.33, Avg Acc = 25.35% +- 0.58%
ChestX iteration 288/400 : Query Acc = 16.00, Avg Acc = 25.31% +- 0.58%
ChestX iteration 289/400 : Query Acc = 21.33, Avg Acc = 25.30% +- 0.58%
ChestX iteration 290/400 : Query Acc = 30.67, Avg Acc = 25.32% +- 0.58%
ChestX iteration 291/400 : Query Acc = 24.00, Avg Acc = 25.32% +- 0.58%
ChestX iteration 292/400 : Query Acc = 24.00, Avg Acc = 25.31% +- 0.58%
ChestX iteration 293/400 : Query Acc = 24.00, Avg Acc = 25.31% +- 0.57%
ChestX iteration 294/400 : Query Acc = 22.67, Avg Acc = 25.30% +- 0.57%
ChestX iteration 295/400 : Query Acc = 20.00, Avg Acc = 25.28% +- 0.57%
ChestX iteration 296/400 : Query Acc = 21.33, Avg Acc = 25.27% +- 0.57%
ChestX iteration 297/400 : Query Acc = 37.33, Avg Acc = 25.31% +- 0.57%
ChestX iteration 298/400 : Query Acc = 17.33, Avg Acc = 25.28% +- 0.57%
ChestX iteration 299/400 : Query Acc = 22.67, Avg Acc = 25.27% +- 0.57%
ChestX iteration 300/400 : Query Acc = 25.33, Avg Acc = 25.27% +- 0.57%
ChestX | 300 / 400 Acc = 25.27% +- 0.57%
ChestX iteration 301/400 : Query Acc = 24.00, Avg Acc = 25.27% +- 0.57%
ChestX iteration 302/400 : Query Acc = 29.33, Avg Acc = 25.28% +- 0.57%
ChestX iteration 303/400 : Query Acc = 29.33, Avg Acc = 25.29% +- 0.57%
ChestX iteration 304/400 : Query Acc = 24.00, Avg Acc = 25.29% +- 0.56%
ChestX iteration 305/400 : Query Acc = 37.33, Avg Acc = 25.33% +- 0.57%
ChestX iteration 306/400 : Query Acc = 29.33, Avg Acc = 25.34% +- 0.57%
ChestX iteration 307/400 : Query Acc = 26.67, Avg Acc = 25.35% +- 0.56%
ChestX iteration 308/400 : Query Acc = 25.33, Avg Acc = 25.35% +- 0.56%
ChestX iteration 309/400 : Query Acc = 22.67, Avg Acc = 25.34% +- 0.56%
ChestX iteration 310/400 : Query Acc = 32.00, Avg Acc = 25.36% +- 0.56%
ChestX iteration 311/400 : Query Acc = 24.00, Avg Acc = 25.35% +- 0.56%
ChestX iteration 312/400 : Query Acc = 18.67, Avg Acc = 25.33% +- 0.56%
ChestX iteration 313/400 : Query Acc = 21.33, Avg Acc = 25.32% +- 0.56%
ChestX iteration 314/400 : Query Acc = 22.67, Avg Acc = 25.31% +- 0.56%
ChestX iteration 315/400 : Query Acc = 29.33, Avg Acc = 25.32% +- 0.56%
ChestX iteration 316/400 : Query Acc = 17.33, Avg Acc = 25.30% +- 0.56%
ChestX iteration 317/400 : Query Acc = 21.33, Avg Acc = 25.29% +- 0.55%
ChestX iteration 318/400 : Query Acc = 22.67, Avg Acc = 25.28% +- 0.55%
ChestX iteration 319/400 : Query Acc = 24.00, Avg Acc = 25.27% +- 0.55%
ChestX iteration 320/400 : Query Acc = 21.33, Avg Acc = 25.26% +- 0.55%
ChestX iteration 321/400 : Query Acc = 22.67, Avg Acc = 25.25% +- 0.55%
ChestX iteration 322/400 : Query Acc = 28.00, Avg Acc = 25.26% +- 0.55%
ChestX iteration 323/400 : Query Acc = 18.67, Avg Acc = 25.24% +- 0.55%
ChestX iteration 324/400 : Query Acc = 21.33, Avg Acc = 25.23% +- 0.55%
ChestX iteration 325/400 : Query Acc = 24.00, Avg Acc = 25.23% +- 0.54%
ChestX iteration 326/400 : Query Acc = 29.33, Avg Acc = 25.24% +- 0.54%
ChestX iteration 327/400 : Query Acc = 20.00, Avg Acc = 25.22% +- 0.54%
ChestX iteration 328/400 : Query Acc = 22.67, Avg Acc = 25.22% +- 0.54%
ChestX iteration 329/400 : Query Acc = 21.33, Avg Acc = 25.20% +- 0.54%
ChestX iteration 330/400 : Query Acc = 33.33, Avg Acc = 25.23% +- 0.54%
ChestX iteration 331/400 : Query Acc = 34.67, Avg Acc = 25.26% +- 0.54%
ChestX iteration 332/400 : Query Acc = 24.00, Avg Acc = 25.25% +- 0.54%
ChestX iteration 333/400 : Query Acc = 24.00, Avg Acc = 25.25% +- 0.54%
ChestX iteration 334/400 : Query Acc = 17.33, Avg Acc = 25.23% +- 0.54%
ChestX iteration 335/400 : Query Acc = 20.00, Avg Acc = 25.21% +- 0.54%
ChestX iteration 336/400 : Query Acc = 30.67, Avg Acc = 25.23% +- 0.54%
ChestX iteration 337/400 : Query Acc = 29.33, Avg Acc = 25.24% +- 0.54%
ChestX iteration 338/400 : Query Acc = 20.00, Avg Acc = 25.22% +- 0.54%
ChestX iteration 339/400 : Query Acc = 29.33, Avg Acc = 25.24% +- 0.53%
ChestX iteration 340/400 : Query Acc = 26.67, Avg Acc = 25.24% +- 0.53%
ChestX iteration 341/400 : Query Acc = 18.67, Avg Acc = 25.22% +- 0.53%
ChestX iteration 342/400 : Query Acc = 30.67, Avg Acc = 25.24% +- 0.53%
