set seed = 2
FineTune! 5 shots on ISIC dataset
類別描述：/home/ccoliu/FeatureSR/configs/class_descriptions.json（only）
ISIC iteration 0/100 : Query Acc = 53.33, Avg Acc = 53.33% +- 0.00%
ISIC | 0 / 100 Acc = 53.33% +- 0.00%
ISIC iteration 1/100 : Query Acc = 48.00, Avg Acc = 50.67% +- 3.70%
ISIC iteration 2/100 : Query Acc = 60.00, Avg Acc = 53.78% +- 5.56%
ISIC iteration 3/100 : Query Acc = 53.33, Avg Acc = 53.67% +- 4.17%
ISIC iteration 4/100 : Query Acc = 57.33, Avg Acc = 54.40% +- 3.58%
ISIC iteration 5/100 : Query Acc = 50.67, Avg Acc = 53.78% +- 3.18%
ISIC iteration 6/100 : Query Acc = 46.67, Avg Acc = 52.76% +- 3.29%
ISIC iteration 7/100 : Query Acc = 40.00, Avg Acc = 51.17% +- 4.10%
ISIC iteration 8/100 : Query Acc = 52.00, Avg Acc = 51.26% +- 3.65%
ISIC iteration 9/100 : Query Acc = 50.67, Avg Acc = 51.20% +- 3.29%
ISIC iteration 10/100 : Query Acc = 48.00, Avg Acc = 50.91% +- 3.04%
ISIC iteration 11/100 : Query Acc = 56.00, Avg Acc = 51.33% +- 2.90%
ISIC iteration 12/100 : Query Acc = 45.33, Avg Acc = 50.87% +- 2.81%
ISIC iteration 13/100 : Query Acc = 58.67, Avg Acc = 51.43% +- 2.82%
ISIC iteration 14/100 : Query Acc = 46.67, Avg Acc = 51.11% +- 2.70%
ISIC iteration 15/100 : Query Acc = 76.00, Avg Acc = 52.67% +- 3.89%
ISIC iteration 16/100 : Query Acc = 61.33, Avg Acc = 53.18% +- 3.78%
ISIC iteration 17/100 : Query Acc = 54.67, Avg Acc = 53.26% +- 3.58%
ISIC iteration 18/100 : Query Acc = 48.00, Avg Acc = 52.98% +- 3.43%
ISIC iteration 19/100 : Query Acc = 49.33, Avg Acc = 52.80% +- 3.28%
ISIC iteration 20/100 : Query Acc = 48.00, Avg Acc = 52.57% +- 3.15%
ISIC iteration 21/100 : Query Acc = 58.67, Avg Acc = 52.85% +- 3.05%
ISIC iteration 22/100 : Query Acc = 68.00, Avg Acc = 53.51% +- 3.18%
ISIC iteration 23/100 : Query Acc = 44.00, Avg Acc = 53.11% +- 3.14%
ISIC iteration 24/100 : Query Acc = 68.00, Avg Acc = 53.71% +- 3.23%
ISIC iteration 25/100 : Query Acc = 41.33, Avg Acc = 53.23% +- 3.23%
ISIC iteration 26/100 : Query Acc = 60.00, Avg Acc = 53.48% +- 3.15%
ISIC iteration 27/100 : Query Acc = 45.33, Avg Acc = 53.19% +- 3.09%
ISIC iteration 28/100 : Query Acc = 65.33, Avg Acc = 53.61% +- 3.09%
ISIC iteration 29/100 : Query Acc = 58.67, Avg Acc = 53.78% +- 3.01%
ISIC iteration 30/100 : Query Acc = 54.67, Avg Acc = 53.81% +- 2.91%
ISIC iteration 31/100 : Query Acc = 60.00, Avg Acc = 54.00% +- 2.84%
ISIC iteration 32/100 : Query Acc = 42.67, Avg Acc = 53.66% +- 2.84%
ISIC iteration 33/100 : Query Acc = 65.33, Avg Acc = 54.00% +- 2.83%
ISIC iteration 34/100 : Query Acc = 65.33, Avg Acc = 54.32% +- 2.82%
ISIC iteration 35/100 : Query Acc = 68.00, Avg Acc = 54.70% +- 2.84%
ISIC iteration 36/100 : Query Acc = 49.33, Avg Acc = 54.56% +- 2.78%
ISIC iteration 37/100 : Query Acc = 54.67, Avg Acc = 54.56% +- 2.70%
ISIC iteration 38/100 : Query Acc = 49.33, Avg Acc = 54.43% +- 2.65%
ISIC iteration 39/100 : Query Acc = 69.33, Avg Acc = 54.80% +- 2.68%
ISIC iteration 40/100 : Query Acc = 49.33, Avg Acc = 54.67% +- 2.63%
ISIC iteration 41/100 : Query Acc = 70.67, Avg Acc = 55.05% +- 2.67%
ISIC iteration 42/100 : Query Acc = 48.00, Avg Acc = 54.88% +- 2.63%
ISIC iteration 43/100 : Query Acc = 56.00, Avg Acc = 54.91% +- 2.57%
ISIC iteration 44/100 : Query Acc = 53.33, Avg Acc = 54.87% +- 2.51%
ISIC iteration 45/100 : Query Acc = 69.33, Avg Acc = 55.19% +- 2.53%
ISIC iteration 46/100 : Query Acc = 53.33, Avg Acc = 55.15% +- 2.48%
ISIC iteration 47/100 : Query Acc = 68.00, Avg Acc = 55.42% +- 2.48%
ISIC iteration 48/100 : Query Acc = 53.33, Avg Acc = 55.37% +- 2.43%
ISIC iteration 49/100 : Query Acc = 54.67, Avg Acc = 55.36% +- 2.38%
ISIC iteration 50/100 : Query Acc = 42.67, Avg Acc = 55.11% +- 2.39%
ISIC iteration 51/100 : Query Acc = 49.33, Avg Acc = 55.00% +- 2.35%
ISIC iteration 52/100 : Query Acc = 56.00, Avg Acc = 55.02% +- 2.31%
ISIC iteration 53/100 : Query Acc = 41.33, Avg Acc = 54.77% +- 2.32%
ISIC iteration 54/100 : Query Acc = 56.00, Avg Acc = 54.79% +- 2.27%
ISIC iteration 55/100 : Query Acc = 46.67, Avg Acc = 54.64% +- 2.25%
ISIC iteration 56/100 : Query Acc = 68.00, Avg Acc = 54.88% +- 2.26%
ISIC iteration 57/100 : Query Acc = 42.67, Avg Acc = 54.67% +- 2.26%
ISIC iteration 58/100 : Query Acc = 48.00, Avg Acc = 54.55% +- 2.23%
ISIC iteration 59/100 : Query Acc = 52.00, Avg Acc = 54.51% +- 2.19%
ISIC iteration 60/100 : Query Acc = 53.33, Avg Acc = 54.49% +- 2.16%
ISIC iteration 61/100 : Query Acc = 60.00, Avg Acc = 54.58% +- 2.13%
ISIC iteration 62/100 : Query Acc = 56.00, Avg Acc = 54.60% +- 2.10%
ISIC iteration 63/100 : Query Acc = 57.33, Avg Acc = 54.65% +- 2.07%
ISIC iteration 64/100 : Query Acc = 38.67, Avg Acc = 54.40% +- 2.09%
ISIC iteration 65/100 : Query Acc = 61.33, Avg Acc = 54.51% +- 2.07%
ISIC iteration 66/100 : Query Acc = 62.67, Avg Acc = 54.63% +- 2.05%
ISIC iteration 67/100 : Query Acc = 61.33, Avg Acc = 54.73% +- 2.03%
ISIC iteration 68/100 : Query Acc = 64.00, Avg Acc = 54.86% +- 2.02%
ISIC iteration 69/100 : Query Acc = 49.33, Avg Acc = 54.78% +- 1.99%
ISIC iteration 70/100 : Query Acc = 58.67, Avg Acc = 54.84% +- 1.97%
ISIC iteration 71/100 : Query Acc = 65.33, Avg Acc = 54.98% +- 1.96%
ISIC iteration 72/100 : Query Acc = 56.00, Avg Acc = 55.00% +- 1.94%
ISIC iteration 73/100 : Query Acc = 57.33, Avg Acc = 55.03% +- 1.91%
ISIC iteration 74/100 : Query Acc = 44.00, Avg Acc = 54.88% +- 1.91%
ISIC iteration 75/100 : Query Acc = 53.33, Avg Acc = 54.86% +- 1.88%
ISIC iteration 76/100 : Query Acc = 62.67, Avg Acc = 54.96% +- 1.87%
ISIC iteration 77/100 : Query Acc = 49.33, Avg Acc = 54.89% +- 1.85%
ISIC iteration 78/100 : Query Acc = 52.00, Avg Acc = 54.85% +- 1.83%
ISIC iteration 79/100 : Query Acc = 53.33, Avg Acc = 54.83% +- 1.80%
ISIC iteration 80/100 : Query Acc = 52.00, Avg Acc = 54.80% +- 1.78%
ISIC iteration 81/100 : Query Acc = 57.33, Avg Acc = 54.83% +- 1.76%
ISIC iteration 82/100 : Query Acc = 48.00, Avg Acc = 54.75% +- 1.75%
ISIC iteration 83/100 : Query Acc = 56.00, Avg Acc = 54.76% +- 1.73%
ISIC iteration 84/100 : Query Acc = 66.67, Avg Acc = 54.90% +- 1.73%
ISIC iteration 85/100 : Query Acc = 48.00, Avg Acc = 54.82% +- 1.72%
ISIC iteration 86/100 : Query Acc = 58.67, Avg Acc = 54.87% +- 1.70%
ISIC iteration 87/100 : Query Acc = 61.33, Avg Acc = 54.94% +- 1.69%
ISIC iteration 88/100 : Query Acc = 64.00, Avg Acc = 55.04% +- 1.68%
ISIC iteration 89/100 : Query Acc = 57.33, Avg Acc = 55.07% +- 1.66%
ISIC iteration 90/100 : Query Acc = 62.67, Avg Acc = 55.15% +- 1.65%
ISIC iteration 91/100 : Query Acc = 60.00, Avg Acc = 55.20% +- 1.64%
ISIC iteration 92/100 : Query Acc = 53.33, Avg Acc = 55.18% +- 1.62%
ISIC iteration 93/100 : Query Acc = 57.33, Avg Acc = 55.21% +- 1.60%
ISIC iteration 94/100 : Query Acc = 56.00, Avg Acc = 55.21% +- 1.59%
ISIC iteration 95/100 : Query Acc = 46.67, Avg Acc = 55.12% +- 1.58%
ISIC iteration 96/100 : Query Acc = 52.00, Avg Acc = 55.09% +- 1.56%
ISIC iteration 97/100 : Query Acc = 46.67, Avg Acc = 55.01% +- 1.56%
ISIC iteration 98/100 : Query Acc = 57.33, Avg Acc = 55.03% +- 1.54%
ISIC iteration 99/100 : Query Acc = 46.67, Avg Acc = 54.95% +- 1.54%
ISIC 100 Test Acc = 54.95% +- 1.54%
