set seed = 2
FineTune! 1 shots on ISIC dataset
類別描述：/home/ccoliu/FeatureSR/configs/class_descriptions.json（cat）
ISIC iteration 0/100 : Query Acc = 37.33, Avg Acc = 37.33% +- 0.00%
ISIC | 0 / 100 Acc = 37.33% +- 0.00%
ISIC iteration 1/100 : Query Acc = 33.33, Avg Acc = 35.33% +- 2.77%
ISIC iteration 2/100 : Query Acc = 50.67, Avg Acc = 40.44% +- 8.39%
ISIC iteration 3/100 : Query Acc = 37.33, Avg Acc = 39.67% +- 6.43%
ISIC iteration 4/100 : Query Acc = 32.00, Avg Acc = 38.13% +- 5.80%
ISIC iteration 5/100 : Query Acc = 49.33, Avg Acc = 40.00% +- 5.88%
ISIC iteration 6/100 : Query Acc = 26.67, Avg Acc = 38.10% +- 6.11%
ISIC iteration 7/100 : Query Acc = 41.33, Avg Acc = 38.50% +- 5.40%
ISIC iteration 8/100 : Query Acc = 36.00, Avg Acc = 38.22% +- 4.82%
ISIC iteration 9/100 : Query Acc = 38.67, Avg Acc = 38.27% +- 4.34%
ISIC iteration 10/100 : Query Acc = 36.00, Avg Acc = 38.06% +- 3.97%
ISIC iteration 11/100 : Query Acc = 40.00, Avg Acc = 38.22% +- 3.65%
ISIC iteration 12/100 : Query Acc = 42.67, Avg Acc = 38.56% +- 3.43%
ISIC iteration 13/100 : Query Acc = 53.33, Avg Acc = 39.62% +- 3.76%
ISIC iteration 14/100 : Query Acc = 33.33, Avg Acc = 39.20% +- 3.59%
ISIC iteration 15/100 : Query Acc = 42.67, Avg Acc = 39.42% +- 3.39%
ISIC iteration 16/100 : Query Acc = 44.00, Avg Acc = 39.69% +- 3.24%
ISIC iteration 17/100 : Query Acc = 37.33, Avg Acc = 39.56% +- 3.07%
ISIC iteration 18/100 : Query Acc = 49.33, Avg Acc = 40.07% +- 3.07%
ISIC iteration 19/100 : Query Acc = 41.33, Avg Acc = 40.13% +- 2.92%
ISIC iteration 20/100 : Query Acc = 40.00, Avg Acc = 40.13% +- 2.78%
ISIC iteration 21/100 : Query Acc = 48.00, Avg Acc = 40.48% +- 2.74%
ISIC iteration 22/100 : Query Acc = 37.33, Avg Acc = 40.35% +- 2.63%
ISIC iteration 23/100 : Query Acc = 33.33, Avg Acc = 40.06% +- 2.58%
ISIC iteration 24/100 : Query Acc = 40.00, Avg Acc = 40.05% +- 2.48%
ISIC iteration 25/100 : Query Acc = 44.00, Avg Acc = 40.21% +- 2.40%
ISIC iteration 26/100 : Query Acc = 50.67, Avg Acc = 40.59% +- 2.43%
ISIC iteration 27/100 : Query Acc = 22.67, Avg Acc = 39.95% +- 2.65%
ISIC iteration 28/100 : Query Acc = 40.00, Avg Acc = 39.95% +- 2.56%
ISIC iteration 29/100 : Query Acc = 34.67, Avg Acc = 39.78% +- 2.49%
ISIC iteration 30/100 : Query Acc = 38.67, Avg Acc = 39.74% +- 2.42%
ISIC iteration 31/100 : Query Acc = 40.00, Avg Acc = 39.75% +- 2.34%
ISIC iteration 32/100 : Query Acc = 42.67, Avg Acc = 39.84% +- 2.28%
ISIC iteration 33/100 : Query Acc = 40.00, Avg Acc = 39.84% +- 2.21%
ISIC iteration 34/100 : Query Acc = 53.33, Avg Acc = 40.23% +- 2.27%
ISIC iteration 35/100 : Query Acc = 42.67, Avg Acc = 40.30% +- 2.21%
ISIC iteration 36/100 : Query Acc = 30.67, Avg Acc = 40.04% +- 2.21%
ISIC iteration 37/100 : Query Acc = 42.67, Avg Acc = 40.11% +- 2.16%
ISIC iteration 38/100 : Query Acc = 42.67, Avg Acc = 40.17% +- 2.10%
ISIC iteration 39/100 : Query Acc = 45.33, Avg Acc = 40.30% +- 2.07%
ISIC iteration 40/100 : Query Acc = 26.67, Avg Acc = 39.97% +- 2.12%
ISIC iteration 41/100 : Query Acc = 56.00, Avg Acc = 40.35% +- 2.19%
ISIC iteration 42/100 : Query Acc = 34.67, Avg Acc = 40.22% +- 2.16%
ISIC iteration 43/100 : Query Acc = 42.67, Avg Acc = 40.27% +- 2.11%
ISIC iteration 44/100 : Query Acc = 37.33, Avg Acc = 40.21% +- 2.07%
ISIC iteration 45/100 : Query Acc = 38.67, Avg Acc = 40.17% +- 2.03%
ISIC iteration 46/100 : Query Acc = 36.00, Avg Acc = 40.09% +- 1.99%
ISIC iteration 47/100 : Query Acc = 42.67, Avg Acc = 40.14% +- 1.95%
ISIC iteration 48/100 : Query Acc = 53.33, Avg Acc = 40.41% +- 1.98%
ISIC iteration 49/100 : Query Acc = 57.33, Avg Acc = 40.75% +- 2.05%
ISIC iteration 50/100 : Query Acc = 36.00, Avg Acc = 40.65% +- 2.02%
ISIC iteration 51/100 : Query Acc = 26.67, Avg Acc = 40.38% +- 2.05%
ISIC iteration 52/100 : Query Acc = 41.33, Avg Acc = 40.40% +- 2.01%
ISIC iteration 53/100 : Query Acc = 30.67, Avg Acc = 40.22% +- 2.00%
ISIC iteration 54/100 : Query Acc = 34.67, Avg Acc = 40.12% +- 1.98%
ISIC iteration 55/100 : Query Acc = 33.33, Avg Acc = 40.00% +- 1.95%
ISIC iteration 56/100 : Query Acc = 49.33, Avg Acc = 40.16% +- 1.95%
ISIC iteration 57/100 : Query Acc = 37.33, Avg Acc = 40.11% +- 1.92%
ISIC iteration 58/100 : Query Acc = 36.00, Avg Acc = 40.05% +- 1.89%
ISIC iteration 59/100 : Query Acc = 30.67, Avg Acc = 39.89% +- 1.88%
ISIC iteration 60/100 : Query Acc = 40.00, Avg Acc = 39.89% +- 1.85%
ISIC iteration 61/100 : Query Acc = 40.00, Avg Acc = 39.89% +- 1.82%
ISIC iteration 62/100 : Query Acc = 38.67, Avg Acc = 39.87% +- 1.79%
ISIC iteration 63/100 : Query Acc = 29.33, Avg Acc = 39.71% +- 1.79%
ISIC iteration 64/100 : Query Acc = 42.67, Avg Acc = 39.75% +- 1.77%
ISIC iteration 65/100 : Query Acc = 38.67, Avg Acc = 39.74% +- 1.74%
ISIC iteration 66/100 : Query Acc = 44.00, Avg Acc = 39.80% +- 1.72%
ISIC iteration 67/100 : Query Acc = 38.67, Avg Acc = 39.78% +- 1.69%
ISIC iteration 68/100 : Query Acc = 48.00, Avg Acc = 39.90% +- 1.69%
ISIC iteration 69/100 : Query Acc = 33.33, Avg Acc = 39.81% +- 1.67%
ISIC iteration 70/100 : Query Acc = 26.67, Avg Acc = 39.62% +- 1.69%
ISIC iteration 71/100 : Query Acc = 37.33, Avg Acc = 39.59% +- 1.66%
ISIC iteration 72/100 : Query Acc = 25.33, Avg Acc = 39.40% +- 1.69%
ISIC iteration 73/100 : Query Acc = 49.33, Avg Acc = 39.53% +- 1.68%
ISIC iteration 74/100 : Query Acc = 34.67, Avg Acc = 39.47% +- 1.67%
ISIC iteration 75/100 : Query Acc = 42.67, Avg Acc = 39.51% +- 1.65%
ISIC iteration 76/100 : Query Acc = 33.33, Avg Acc = 39.43% +- 1.63%
ISIC iteration 77/100 : Query Acc = 42.67, Avg Acc = 39.47% +- 1.61%
ISIC iteration 78/100 : Query Acc = 42.67, Avg Acc = 39.51% +- 1.59%
ISIC iteration 79/100 : Query Acc = 37.33, Avg Acc = 39.48% +- 1.58%
ISIC iteration 80/100 : Query Acc = 38.67, Avg Acc = 39.47% +- 1.56%
ISIC iteration 81/100 : Query Acc = 40.00, Avg Acc = 39.48% +- 1.54%
ISIC iteration 82/100 : Query Acc = 34.67, Avg Acc = 39.42% +- 1.52%
ISIC iteration 83/100 : Query Acc = 53.33, Avg Acc = 39.59% +- 1.54%
ISIC iteration 84/100 : Query Acc = 37.33, Avg Acc = 39.56% +- 1.52%
ISIC iteration 85/100 : Query Acc = 40.00, Avg Acc = 39.57% +- 1.50%
ISIC iteration 86/100 : Query Acc = 50.67, Avg Acc = 39.69% +- 1.51%
ISIC iteration 87/100 : Query Acc = 44.00, Avg Acc = 39.74% +- 1.49%
ISIC iteration 88/100 : Query Acc = 44.00, Avg Acc = 39.79% +- 1.48%
ISIC iteration 89/100 : Query Acc = 48.00, Avg Acc = 39.88% +- 1.47%
ISIC iteration 90/100 : Query Acc = 45.33, Avg Acc = 39.94% +- 1.46%
ISIC iteration 91/100 : Query Acc = 50.67, Avg Acc = 40.06% +- 1.46%
ISIC iteration 92/100 : Query Acc = 48.00, Avg Acc = 40.14% +- 1.46%
ISIC iteration 93/100 : Query Acc = 41.33, Avg Acc = 40.16% +- 1.44%
ISIC iteration 94/100 : Query Acc = 38.67, Avg Acc = 40.14% +- 1.43%
ISIC iteration 95/100 : Query Acc = 42.67, Avg Acc = 40.17% +- 1.41%
ISIC iteration 96/100 : Query Acc = 38.67, Avg Acc = 40.15% +- 1.40%
ISIC iteration 97/100 : Query Acc = 30.67, Avg Acc = 40.05% +- 1.40%
ISIC iteration 98/100 : Query Acc = 48.00, Avg Acc = 40.13% +- 1.39%
ISIC iteration 99/100 : Query Acc = 41.33, Avg Acc = 40.15% +- 1.38%
ISIC 100 Test Acc = 40.15% +- 1.38%
