set seed = 1
FineTune! 5 shots on ISIC dataset
類別描述：/home/ccoliu/FeatureSR/configs/class_descriptions.json（only）
ISIC iteration 0/400 : Query Acc = 65.33, Avg Acc = 65.33% +- 0.00%
ISIC | 0 / 400 Acc = 65.33% +- 0.00%
ISIC iteration 1/400 : Query Acc = 62.67, Avg Acc = 64.00% +- 1.85%
ISIC iteration 2/400 : Query Acc = 64.00, Avg Acc = 64.00% +- 1.23%
ISIC iteration 3/400 : Query Acc = 48.00, Avg Acc = 60.00% +- 6.85%
ISIC iteration 4/400 : Query Acc = 60.00, Avg Acc = 60.00% +- 5.48%
ISIC iteration 5/400 : Query Acc = 57.33, Avg Acc = 59.56% +- 4.64%
ISIC iteration 6/400 : Query Acc = 45.33, Avg Acc = 57.52% +- 5.42%
ISIC iteration 7/400 : Query Acc = 65.33, Avg Acc = 58.50% +- 5.07%
ISIC iteration 8/400 : Query Acc = 70.67, Avg Acc = 59.85% +- 5.15%
ISIC iteration 9/400 : Query Acc = 33.33, Avg Acc = 57.20% +- 6.77%
ISIC iteration 10/400 : Query Acc = 62.67, Avg Acc = 57.70% +- 6.22%
ISIC iteration 11/400 : Query Acc = 69.33, Avg Acc = 58.67% +- 5.99%
ISIC iteration 12/400 : Query Acc = 65.33, Avg Acc = 59.18% +- 5.61%
ISIC iteration 13/400 : Query Acc = 54.67, Avg Acc = 58.86% +- 5.25%
ISIC iteration 14/400 : Query Acc = 54.67, Avg Acc = 58.58% +- 4.92%
ISIC iteration 15/400 : Query Acc = 64.00, Avg Acc = 58.92% +- 4.66%
ISIC iteration 16/400 : Query Acc = 52.00, Avg Acc = 58.51% +- 4.45%
ISIC iteration 17/400 : Query Acc = 60.00, Avg Acc = 58.59% +- 4.21%
ISIC iteration 18/400 : Query Acc = 54.67, Avg Acc = 58.39% +- 4.01%
ISIC iteration 19/400 : Query Acc = 66.67, Avg Acc = 58.80% +- 3.89%
ISIC iteration 20/400 : Query Acc = 54.67, Avg Acc = 58.60% +- 3.72%
ISIC iteration 21/400 : Query Acc = 38.67, Avg Acc = 57.70% +- 3.95%
ISIC iteration 22/400 : Query Acc = 48.00, Avg Acc = 57.28% +- 3.87%
ISIC iteration 23/400 : Query Acc = 58.67, Avg Acc = 57.33% +- 3.71%
ISIC iteration 24/400 : Query Acc = 54.67, Avg Acc = 57.23% +- 3.57%
ISIC iteration 25/400 : Query Acc = 61.33, Avg Acc = 57.38% +- 3.44%
ISIC iteration 26/400 : Query Acc = 48.00, Avg Acc = 57.04% +- 3.38%
ISIC iteration 27/400 : Query Acc = 61.33, Avg Acc = 57.19% +- 3.27%
ISIC iteration 28/400 : Query Acc = 60.00, Avg Acc = 57.29% +- 3.17%
ISIC iteration 29/400 : Query Acc = 58.67, Avg Acc = 57.33% +- 3.06%
ISIC iteration 30/400 : Query Acc = 62.67, Avg Acc = 57.51% +- 2.98%
ISIC iteration 31/400 : Query Acc = 49.33, Avg Acc = 57.25% +- 2.93%
ISIC iteration 32/400 : Query Acc = 57.33, Avg Acc = 57.25% +- 2.84%
ISIC iteration 33/400 : Query Acc = 53.33, Avg Acc = 57.14% +- 2.77%
ISIC iteration 34/400 : Query Acc = 74.67, Avg Acc = 57.64% +- 2.86%
ISIC iteration 35/400 : Query Acc = 53.33, Avg Acc = 57.52% +- 2.79%
ISIC iteration 36/400 : Query Acc = 58.67, Avg Acc = 57.55% +- 2.71%
ISIC iteration 37/400 : Query Acc = 42.67, Avg Acc = 57.16% +- 2.75%
ISIC iteration 38/400 : Query Acc = 64.00, Avg Acc = 57.33% +- 2.70%
ISIC iteration 39/400 : Query Acc = 66.67, Avg Acc = 57.57% +- 2.67%
ISIC iteration 40/400 : Query Acc = 36.00, Avg Acc = 57.04% +- 2.80%
ISIC iteration 41/400 : Query Acc = 53.33, Avg Acc = 56.95% +- 2.74%
ISIC iteration 42/400 : Query Acc = 70.67, Avg Acc = 57.27% +- 2.74%
ISIC iteration 43/400 : Query Acc = 68.00, Avg Acc = 57.52% +- 2.72%
ISIC iteration 44/400 : Query Acc = 57.33, Avg Acc = 57.51% +- 2.66%
ISIC iteration 45/400 : Query Acc = 48.00, Avg Acc = 57.30% +- 2.63%
ISIC iteration 46/400 : Query Acc = 68.00, Avg Acc = 57.53% +- 2.62%
ISIC iteration 47/400 : Query Acc = 62.67, Avg Acc = 57.64% +- 2.57%
ISIC iteration 48/400 : Query Acc = 56.00, Avg Acc = 57.61% +- 2.52%
ISIC iteration 49/400 : Query Acc = 58.67, Avg Acc = 57.63% +- 2.47%
ISIC iteration 50/400 : Query Acc = 58.67, Avg Acc = 57.65% +- 2.42%
ISIC iteration 51/400 : Query Acc = 57.33, Avg Acc = 57.64% +- 2.37%
ISIC iteration 52/400 : Query Acc = 62.67, Avg Acc = 57.74% +- 2.34%
ISIC iteration 53/400 : Query Acc = 50.67, Avg Acc = 57.60% +- 2.31%
ISIC iteration 54/400 : Query Acc = 60.00, Avg Acc = 57.65% +- 2.27%
ISIC iteration 55/400 : Query Acc = 60.00, Avg Acc = 57.69% +- 2.23%
ISIC iteration 56/400 : Query Acc = 62.67, Avg Acc = 57.78% +- 2.19%
ISIC iteration 57/400 : Query Acc = 44.00, Avg Acc = 57.54% +- 2.21%
ISIC iteration 58/400 : Query Acc = 54.67, Avg Acc = 57.49% +- 2.17%
ISIC iteration 59/400 : Query Acc = 58.67, Avg Acc = 57.51% +- 2.13%
ISIC iteration 60/400 : Query Acc = 61.33, Avg Acc = 57.57% +- 2.10%
ISIC iteration 61/400 : Query Acc = 57.33, Avg Acc = 57.57% +- 2.07%
ISIC iteration 62/400 : Query Acc = 52.00, Avg Acc = 57.48% +- 2.04%
ISIC iteration 63/400 : Query Acc = 57.33, Avg Acc = 57.48% +- 2.01%
ISIC iteration 64/400 : Query Acc = 66.67, Avg Acc = 57.62% +- 2.00%
ISIC iteration 65/400 : Query Acc = 44.00, Avg Acc = 57.41% +- 2.01%
ISIC iteration 66/400 : Query Acc = 61.33, Avg Acc = 57.47% +- 1.98%
ISIC iteration 67/400 : Query Acc = 70.67, Avg Acc = 57.67% +- 1.99%
ISIC iteration 68/400 : Query Acc = 57.33, Avg Acc = 57.66% +- 1.96%
ISIC iteration 69/400 : Query Acc = 58.67, Avg Acc = 57.68% +- 1.93%
ISIC iteration 70/400 : Query Acc = 62.67, Avg Acc = 57.75% +- 1.91%
ISIC iteration 71/400 : Query Acc = 60.00, Avg Acc = 57.78% +- 1.89%
ISIC iteration 72/400 : Query Acc = 48.00, Avg Acc = 57.64% +- 1.88%
ISIC iteration 73/400 : Query Acc = 41.33, Avg Acc = 57.42% +- 1.90%
ISIC iteration 74/400 : Query Acc = 69.33, Avg Acc = 57.58% +- 1.90%
ISIC iteration 75/400 : Query Acc = 64.00, Avg Acc = 57.67% +- 1.88%
ISIC iteration 76/400 : Query Acc = 48.00, Avg Acc = 57.54% +- 1.88%
ISIC iteration 77/400 : Query Acc = 69.33, Avg Acc = 57.69% +- 1.87%
ISIC iteration 78/400 : Query Acc = 40.00, Avg Acc = 57.47% +- 1.90%
ISIC iteration 79/400 : Query Acc = 50.67, Avg Acc = 57.38% +- 1.88%
ISIC iteration 80/400 : Query Acc = 40.00, Avg Acc = 57.17% +- 1.91%
ISIC iteration 81/400 : Query Acc = 49.33, Avg Acc = 57.07% +- 1.89%
ISIC iteration 82/400 : Query Acc = 52.00, Avg Acc = 57.01% +- 1.87%
ISIC iteration 83/400 : Query Acc = 48.00, Avg Acc = 56.90% +- 1.86%
ISIC iteration 84/400 : Query Acc = 60.00, Avg Acc = 56.94% +- 1.84%
ISIC iteration 85/400 : Query Acc = 41.33, Avg Acc = 56.76% +- 1.86%
ISIC iteration 86/400 : Query Acc = 56.00, Avg Acc = 56.75% +- 1.83%
ISIC iteration 87/400 : Query Acc = 42.67, Avg Acc = 56.59% +- 1.84%
ISIC iteration 88/400 : Query Acc = 60.00, Avg Acc = 56.63% +- 1.82%
ISIC iteration 89/400 : Query Acc = 68.00, Avg Acc = 56.76% +- 1.82%
ISIC iteration 90/400 : Query Acc = 65.33, Avg Acc = 56.85% +- 1.81%
ISIC iteration 91/400 : Query Acc = 56.00, Avg Acc = 56.84% +- 1.79%
ISIC iteration 92/400 : Query Acc = 44.00, Avg Acc = 56.70% +- 1.79%
ISIC iteration 93/400 : Query Acc = 58.67, Avg Acc = 56.72% +- 1.77%
ISIC iteration 94/400 : Query Acc = 52.00, Avg Acc = 56.67% +- 1.75%
ISIC iteration 95/400 : Query Acc = 61.33, Avg Acc = 56.72% +- 1.74%
ISIC iteration 96/400 : Query Acc = 56.00, Avg Acc = 56.71% +- 1.72%
ISIC iteration 97/400 : Query Acc = 58.67, Avg Acc = 56.73% +- 1.70%
ISIC iteration 98/400 : Query Acc = 69.33, Avg Acc = 56.86% +- 1.70%
ISIC iteration 99/400 : Query Acc = 61.33, Avg Acc = 56.91% +- 1.69%
ISIC iteration 100/400 : Query Acc = 64.00, Avg Acc = 56.98% +- 1.68%
ISIC | 100 / 400 Acc = 56.98% +- 1.68%
ISIC iteration 101/400 : Query Acc = 65.33, Avg Acc = 57.06% +- 1.67%
ISIC iteration 102/400 : Query Acc = 53.33, Avg Acc = 57.02% +- 1.66%
ISIC iteration 103/400 : Query Acc = 42.67, Avg Acc = 56.88% +- 1.66%
ISIC iteration 104/400 : Query Acc = 64.00, Avg Acc = 56.95% +- 1.65%
ISIC iteration 105/400 : Query Acc = 53.33, Avg Acc = 56.92% +- 1.64%
ISIC iteration 106/400 : Query Acc = 58.67, Avg Acc = 56.93% +- 1.62%
ISIC iteration 107/400 : Query Acc = 53.33, Avg Acc = 56.90% +- 1.61%
ISIC iteration 108/400 : Query Acc = 48.00, Avg Acc = 56.82% +- 1.60%
ISIC iteration 109/400 : Query Acc = 56.00, Avg Acc = 56.81% +- 1.59%
ISIC iteration 110/400 : Query Acc = 48.00, Avg Acc = 56.73% +- 1.58%
ISIC iteration 111/400 : Query Acc = 53.33, Avg Acc = 56.70% +- 1.57%
ISIC iteration 112/400 : Query Acc = 40.00, Avg Acc = 56.55% +- 1.58%
ISIC iteration 113/400 : Query Acc = 53.33, Avg Acc = 56.53% +- 1.57%
ISIC iteration 114/400 : Query Acc = 61.33, Avg Acc = 56.57% +- 1.56%
ISIC iteration 115/400 : Query Acc = 48.00, Avg Acc = 56.49% +- 1.55%
ISIC iteration 116/400 : Query Acc = 58.67, Avg Acc = 56.51% +- 1.54%
ISIC iteration 117/400 : Query Acc = 42.67, Avg Acc = 56.40% +- 1.54%
ISIC iteration 118/400 : Query Acc = 62.67, Avg Acc = 56.45% +- 1.53%
ISIC iteration 119/400 : Query Acc = 70.67, Avg Acc = 56.57% +- 1.54%
ISIC iteration 120/400 : Query Acc = 62.67, Avg Acc = 56.62% +- 1.53%
ISIC iteration 121/400 : Query Acc = 64.00, Avg Acc = 56.68% +- 1.52%
ISIC iteration 122/400 : Query Acc = 42.67, Avg Acc = 56.56% +- 1.52%
ISIC iteration 123/400 : Query Acc = 57.33, Avg Acc = 56.57% +- 1.51%
ISIC iteration 124/400 : Query Acc = 52.00, Avg Acc = 56.53% +- 1.50%
ISIC iteration 125/400 : Query Acc = 60.00, Avg Acc = 56.56% +- 1.49%
ISIC iteration 126/400 : Query Acc = 58.67, Avg Acc = 56.58% +- 1.48%
ISIC iteration 127/400 : Query Acc = 54.67, Avg Acc = 56.56% +- 1.47%
ISIC iteration 128/400 : Query Acc = 56.00, Avg Acc = 56.56% +- 1.45%
ISIC iteration 129/400 : Query Acc = 62.67, Avg Acc = 56.61% +- 1.45%
ISIC iteration 130/400 : Query Acc = 53.33, Avg Acc = 56.58% +- 1.44%
ISIC iteration 131/400 : Query Acc = 61.33, Avg Acc = 56.62% +- 1.43%
ISIC iteration 132/400 : Query Acc = 50.67, Avg Acc = 56.57% +- 1.42%
ISIC iteration 133/400 : Query Acc = 57.33, Avg Acc = 56.58% +- 1.41%
ISIC iteration 134/400 : Query Acc = 54.67, Avg Acc = 56.56% +- 1.40%
ISIC iteration 135/400 : Query Acc = 65.33, Avg Acc = 56.63% +- 1.39%
ISIC iteration 136/400 : Query Acc = 64.00, Avg Acc = 56.68% +- 1.39%
ISIC iteration 137/400 : Query Acc = 58.67, Avg Acc = 56.70% +- 1.38%
ISIC iteration 138/400 : Query Acc = 49.33, Avg Acc = 56.64% +- 1.37%
ISIC iteration 139/400 : Query Acc = 53.33, Avg Acc = 56.62% +- 1.36%
ISIC iteration 140/400 : Query Acc = 46.67, Avg Acc = 56.55% +- 1.36%
ISIC iteration 141/400 : Query Acc = 65.33, Avg Acc = 56.61% +- 1.36%
ISIC iteration 142/400 : Query Acc = 50.67, Avg Acc = 56.57% +- 1.35%
ISIC iteration 143/400 : Query Acc = 64.00, Avg Acc = 56.62% +- 1.34%
ISIC iteration 144/400 : Query Acc = 58.67, Avg Acc = 56.63% +- 1.33%
ISIC iteration 145/400 : Query Acc = 53.33, Avg Acc = 56.61% +- 1.33%
ISIC iteration 146/400 : Query Acc = 54.67, Avg Acc = 56.60% +- 1.32%
ISIC iteration 147/400 : Query Acc = 40.00, Avg Acc = 56.49% +- 1.33%
ISIC iteration 148/400 : Query Acc = 53.33, Avg Acc = 56.47% +- 1.32%
ISIC iteration 149/400 : Query Acc = 56.00, Avg Acc = 56.46% +- 1.31%
ISIC iteration 150/400 : Query Acc = 48.00, Avg Acc = 56.41% +- 1.31%
ISIC iteration 151/400 : Query Acc = 54.67, Avg Acc = 56.39% +- 1.30%
ISIC iteration 152/400 : Query Acc = 64.00, Avg Acc = 56.44% +- 1.29%
ISIC iteration 153/400 : Query Acc = 41.33, Avg Acc = 56.35% +- 1.30%
ISIC iteration 154/400 : Query Acc = 52.00, Avg Acc = 56.32% +- 1.29%
ISIC iteration 155/400 : Query Acc = 62.67, Avg Acc = 56.36% +- 1.28%
ISIC iteration 156/400 : Query Acc = 50.67, Avg Acc = 56.32% +- 1.28%
ISIC iteration 157/400 : Query Acc = 66.67, Avg Acc = 56.39% +- 1.28%
ISIC iteration 158/400 : Query Acc = 65.33, Avg Acc = 56.44% +- 1.27%
ISIC iteration 159/400 : Query Acc = 46.67, Avg Acc = 56.38% +- 1.27%
ISIC iteration 160/400 : Query Acc = 53.33, Avg Acc = 56.36% +- 1.26%
ISIC iteration 161/400 : Query Acc = 52.00, Avg Acc = 56.34% +- 1.26%
ISIC iteration 162/400 : Query Acc = 69.33, Avg Acc = 56.42% +- 1.26%
ISIC iteration 163/400 : Query Acc = 52.00, Avg Acc = 56.39% +- 1.25%
ISIC iteration 164/400 : Query Acc = 36.00, Avg Acc = 56.27% +- 1.27%
ISIC iteration 165/400 : Query Acc = 44.00, Avg Acc = 56.19% +- 1.27%
ISIC iteration 166/400 : Query Acc = 65.33, Avg Acc = 56.25% +- 1.27%
ISIC iteration 167/400 : Query Acc = 68.00, Avg Acc = 56.32% +- 1.27%
ISIC iteration 168/400 : Query Acc = 45.33, Avg Acc = 56.25% +- 1.26%
ISIC iteration 169/400 : Query Acc = 50.67, Avg Acc = 56.22% +- 1.26%
ISIC iteration 170/400 : Query Acc = 50.67, Avg Acc = 56.19% +- 1.25%
ISIC iteration 171/400 : Query Acc = 56.00, Avg Acc = 56.19% +- 1.25%
ISIC iteration 172/400 : Query Acc = 62.67, Avg Acc = 56.22% +- 1.24%
ISIC iteration 173/400 : Query Acc = 64.00, Avg Acc = 56.27% +- 1.24%
ISIC iteration 174/400 : Query Acc = 53.33, Avg Acc = 56.25% +- 1.23%
ISIC iteration 175/400 : Query Acc = 62.67, Avg Acc = 56.29% +- 1.22%
ISIC iteration 176/400 : Query Acc = 48.00, Avg Acc = 56.24% +- 1.22%
ISIC iteration 177/400 : Query Acc = 54.67, Avg Acc = 56.23% +- 1.21%
ISIC iteration 178/400 : Query Acc = 58.67, Avg Acc = 56.25% +- 1.21%
ISIC iteration 179/400 : Query Acc = 56.00, Avg Acc = 56.24% +- 1.20%
ISIC iteration 180/400 : Query Acc = 52.00, Avg Acc = 56.22% +- 1.20%
ISIC iteration 181/400 : Query Acc = 64.00, Avg Acc = 56.26% +- 1.19%
ISIC iteration 182/400 : Query Acc = 65.33, Avg Acc = 56.31% +- 1.19%
ISIC iteration 183/400 : Query Acc = 58.67, Avg Acc = 56.33% +- 1.18%
ISIC iteration 184/400 : Query Acc = 41.33, Avg Acc = 56.25% +- 1.19%
ISIC iteration 185/400 : Query Acc = 69.33, Avg Acc = 56.32% +- 1.19%
ISIC iteration 186/400 : Query Acc = 45.33, Avg Acc = 56.26% +- 1.19%
ISIC iteration 187/400 : Query Acc = 48.00, Avg Acc = 56.21% +- 1.19%
ISIC iteration 188/400 : Query Acc = 48.00, Avg Acc = 56.17% +- 1.18%
ISIC iteration 189/400 : Query Acc = 64.00, Avg Acc = 56.21% +- 1.18%
ISIC iteration 190/400 : Query Acc = 60.00, Avg Acc = 56.23% +- 1.17%
ISIC iteration 191/400 : Query Acc = 65.33, Avg Acc = 56.28% +- 1.17%
ISIC iteration 192/400 : Query Acc = 60.00, Avg Acc = 56.30% +- 1.17%
ISIC iteration 193/400 : Query Acc = 56.00, Avg Acc = 56.30% +- 1.16%
ISIC iteration 194/400 : Query Acc = 42.67, Avg Acc = 56.23% +- 1.16%
ISIC iteration 195/400 : Query Acc = 58.67, Avg Acc = 56.24% +- 1.16%
ISIC iteration 196/400 : Query Acc = 58.67, Avg Acc = 56.25% +- 1.15%
ISIC iteration 197/400 : Query Acc = 38.67, Avg Acc = 56.16% +- 1.16%
ISIC iteration 198/400 : Query Acc = 69.33, Avg Acc = 56.23% +- 1.16%
ISIC iteration 199/400 : Query Acc = 62.67, Avg Acc = 56.26% +- 1.15%
ISIC iteration 200/400 : Query Acc = 53.33, Avg Acc = 56.25% +- 1.15%
ISIC | 200 / 400 Acc = 56.25% +- 1.15%
ISIC iteration 201/400 : Query Acc = 50.67, Avg Acc = 56.22% +- 1.14%
ISIC iteration 202/400 : Query Acc = 60.00, Avg Acc = 56.24% +- 1.14%
ISIC iteration 203/400 : Query Acc = 69.33, Avg Acc = 56.30% +- 1.14%
ISIC iteration 204/400 : Query Acc = 54.67, Avg Acc = 56.29% +- 1.14%
ISIC iteration 205/400 : Query Acc = 62.67, Avg Acc = 56.32% +- 1.13%
ISIC iteration 206/400 : Query Acc = 73.33, Avg Acc = 56.41% +- 1.14%
ISIC iteration 207/400 : Query Acc = 52.00, Avg Acc = 56.38% +- 1.13%
ISIC iteration 208/400 : Query Acc = 48.00, Avg Acc = 56.34% +- 1.13%
ISIC iteration 209/400 : Query Acc = 61.33, Avg Acc = 56.37% +- 1.13%
ISIC iteration 210/400 : Query Acc = 45.33, Avg Acc = 56.32% +- 1.13%
ISIC iteration 211/400 : Query Acc = 68.00, Avg Acc = 56.37% +- 1.12%
ISIC iteration 212/400 : Query Acc = 66.67, Avg Acc = 56.42% +- 1.12%
ISIC iteration 213/400 : Query Acc = 66.67, Avg Acc = 56.47% +- 1.12%
ISIC iteration 214/400 : Query Acc = 61.33, Avg Acc = 56.49% +- 1.12%
ISIC iteration 215/400 : Query Acc = 58.67, Avg Acc = 56.50% +- 1.11%
ISIC iteration 216/400 : Query Acc = 62.67, Avg Acc = 56.53% +- 1.11%
ISIC iteration 217/400 : Query Acc = 50.67, Avg Acc = 56.50% +- 1.11%
ISIC iteration 218/400 : Query Acc = 62.67, Avg Acc = 56.53% +- 1.10%
ISIC iteration 219/400 : Query Acc = 54.67, Avg Acc = 56.52% +- 1.10%
ISIC iteration 220/400 : Query Acc = 57.33, Avg Acc = 56.52% +- 1.09%
ISIC iteration 221/400 : Query Acc = 49.33, Avg Acc = 56.49% +- 1.09%
ISIC iteration 222/400 : Query Acc = 52.00, Avg Acc = 56.47% +- 1.08%
ISIC iteration 223/400 : Query Acc = 73.33, Avg Acc = 56.55% +- 1.09%
ISIC iteration 224/400 : Query Acc = 53.33, Avg Acc = 56.53% +- 1.09%
ISIC iteration 225/400 : Query Acc = 66.67, Avg Acc = 56.58% +- 1.08%
ISIC iteration 226/400 : Query Acc = 61.33, Avg Acc = 56.60% +- 1.08%
ISIC iteration 227/400 : Query Acc = 74.67, Avg Acc = 56.68% +- 1.09%
ISIC iteration 228/400 : Query Acc = 62.67, Avg Acc = 56.70% +- 1.08%
ISIC iteration 229/400 : Query Acc = 52.00, Avg Acc = 56.68% +- 1.08%
ISIC iteration 230/400 : Query Acc = 61.33, Avg Acc = 56.70% +- 1.08%
ISIC iteration 231/400 : Query Acc = 62.67, Avg Acc = 56.73% +- 1.07%
ISIC iteration 232/400 : Query Acc = 69.33, Avg Acc = 56.78% +- 1.07%
ISIC iteration 233/400 : Query Acc = 37.33, Avg Acc = 56.70% +- 1.08%
ISIC iteration 234/400 : Query Acc = 54.67, Avg Acc = 56.69% +- 1.08%
ISIC iteration 235/400 : Query Acc = 64.00, Avg Acc = 56.72% +- 1.07%
ISIC iteration 236/400 : Query Acc = 56.00, Avg Acc = 56.72% +- 1.07%
ISIC iteration 237/400 : Query Acc = 42.67, Avg Acc = 56.66% +- 1.07%
ISIC iteration 238/400 : Query Acc = 69.33, Avg Acc = 56.71% +- 1.07%
ISIC iteration 239/400 : Query Acc = 56.00, Avg Acc = 56.71% +- 1.07%
ISIC iteration 240/400 : Query Acc = 65.33, Avg Acc = 56.75% +- 1.06%
ISIC iteration 241/400 : Query Acc = 54.67, Avg Acc = 56.74% +- 1.06%
ISIC iteration 242/400 : Query Acc = 64.00, Avg Acc = 56.77% +- 1.06%
ISIC iteration 243/400 : Query Acc = 54.67, Avg Acc = 56.76% +- 1.05%
ISIC iteration 244/400 : Query Acc = 62.67, Avg Acc = 56.78% +- 1.05%
ISIC iteration 245/400 : Query Acc = 44.00, Avg Acc = 56.73% +- 1.05%
ISIC iteration 246/400 : Query Acc = 41.33, Avg Acc = 56.67% +- 1.05%
ISIC iteration 247/400 : Query Acc = 58.67, Avg Acc = 56.68% +- 1.05%
ISIC iteration 248/400 : Query Acc = 65.33, Avg Acc = 56.71% +- 1.05%
ISIC iteration 249/400 : Query Acc = 61.33, Avg Acc = 56.73% +- 1.04%
ISIC iteration 250/400 : Query Acc = 56.00, Avg Acc = 56.73% +- 1.04%
ISIC iteration 251/400 : Query Acc = 48.00, Avg Acc = 56.69% +- 1.04%
ISIC iteration 252/400 : Query Acc = 54.67, Avg Acc = 56.69% +- 1.03%
ISIC iteration 253/400 : Query Acc = 70.67, Avg Acc = 56.74% +- 1.03%
ISIC iteration 254/400 : Query Acc = 56.00, Avg Acc = 56.74% +- 1.03%
ISIC iteration 255/400 : Query Acc = 72.00, Avg Acc = 56.80% +- 1.03%
ISIC iteration 256/400 : Query Acc = 58.67, Avg Acc = 56.80% +- 1.03%
ISIC iteration 257/400 : Query Acc = 54.67, Avg Acc = 56.80% +- 1.03%
ISIC iteration 258/400 : Query Acc = 64.00, Avg Acc = 56.82% +- 1.02%
ISIC iteration 259/400 : Query Acc = 73.33, Avg Acc = 56.89% +- 1.03%
ISIC iteration 260/400 : Query Acc = 60.00, Avg Acc = 56.90% +- 1.02%
ISIC iteration 261/400 : Query Acc = 58.67, Avg Acc = 56.91% +- 1.02%
ISIC iteration 262/400 : Query Acc = 56.00, Avg Acc = 56.90% +- 1.02%
ISIC iteration 263/400 : Query Acc = 52.00, Avg Acc = 56.88% +- 1.01%
ISIC iteration 264/400 : Query Acc = 52.00, Avg Acc = 56.87% +- 1.01%
ISIC iteration 265/400 : Query Acc = 40.00, Avg Acc = 56.80% +- 1.01%
ISIC iteration 266/400 : Query Acc = 64.00, Avg Acc = 56.83% +- 1.01%
ISIC iteration 267/400 : Query Acc = 57.33, Avg Acc = 56.83% +- 1.01%
ISIC iteration 268/400 : Query Acc = 54.67, Avg Acc = 56.82% +- 1.00%
ISIC iteration 269/400 : Query Acc = 52.00, Avg Acc = 56.80% +- 1.00%
ISIC iteration 270/400 : Query Acc = 52.00, Avg Acc = 56.79% +- 1.00%
ISIC iteration 271/400 : Query Acc = 62.67, Avg Acc = 56.81% +- 0.99%
ISIC iteration 272/400 : Query Acc = 58.67, Avg Acc = 56.82% +- 0.99%
ISIC iteration 273/400 : Query Acc = 45.33, Avg Acc = 56.77% +- 0.99%
ISIC iteration 274/400 : Query Acc = 49.33, Avg Acc = 56.75% +- 0.99%
ISIC iteration 275/400 : Query Acc = 50.67, Avg Acc = 56.72% +- 0.99%
ISIC iteration 276/400 : Query Acc = 42.67, Avg Acc = 56.67% +- 0.99%
ISIC iteration 277/400 : Query Acc = 60.00, Avg Acc = 56.69% +- 0.98%
ISIC iteration 278/400 : Query Acc = 70.67, Avg Acc = 56.74% +- 0.98%
ISIC iteration 279/400 : Query Acc = 69.33, Avg Acc = 56.78% +- 0.99%
ISIC iteration 280/400 : Query Acc = 45.33, Avg Acc = 56.74% +- 0.99%
ISIC iteration 281/400 : Query Acc = 49.33, Avg Acc = 56.71% +- 0.98%
ISIC iteration 282/400 : Query Acc = 66.67, Avg Acc = 56.75% +- 0.98%
ISIC iteration 283/400 : Query Acc = 54.67, Avg Acc = 56.74% +- 0.98%
ISIC iteration 284/400 : Query Acc = 37.33, Avg Acc = 56.67% +- 0.98%
ISIC iteration 285/400 : Query Acc = 64.00, Avg Acc = 56.70% +- 0.98%
ISIC iteration 286/400 : Query Acc = 68.00, Avg Acc = 56.74% +- 0.98%
ISIC iteration 287/400 : Query Acc = 40.00, Avg Acc = 56.68% +- 0.98%
ISIC iteration 288/400 : Query Acc = 65.33, Avg Acc = 56.71% +- 0.98%
ISIC iteration 289/400 : Query Acc = 58.67, Avg Acc = 56.72% +- 0.98%
ISIC iteration 290/400 : Query Acc = 53.33, Avg Acc = 56.71% +- 0.98%
ISIC iteration 291/400 : Query Acc = 56.00, Avg Acc = 56.70% +- 0.97%
ISIC iteration 292/400 : Query Acc = 57.33, Avg Acc = 56.71% +- 0.97%
ISIC iteration 293/400 : Query Acc = 66.67, Avg Acc = 56.74% +- 0.97%
ISIC iteration 294/400 : Query Acc = 50.67, Avg Acc = 56.72% +- 0.97%
ISIC iteration 295/400 : Query Acc = 52.00, Avg Acc = 56.70% +- 0.96%
ISIC iteration 296/400 : Query Acc = 45.33, Avg Acc = 56.66% +- 0.96%
ISIC iteration 297/400 : Query Acc = 60.00, Avg Acc = 56.68% +- 0.96%
ISIC iteration 298/400 : Query Acc = 44.00, Avg Acc = 56.63% +- 0.96%
ISIC iteration 299/400 : Query Acc = 45.33, Avg Acc = 56.60% +- 0.96%
ISIC iteration 300/400 : Query Acc = 60.00, Avg Acc = 56.61% +- 0.96%
ISIC | 300 / 400 Acc = 56.61% +- 0.96%
ISIC iteration 301/400 : Query Acc = 53.33, Avg Acc = 56.60% +- 0.95%
ISIC iteration 302/400 : Query Acc = 61.33, Avg Acc = 56.61% +- 0.95%
ISIC iteration 303/400 : Query Acc = 53.33, Avg Acc = 56.60% +- 0.95%
ISIC iteration 304/400 : Query Acc = 57.33, Avg Acc = 56.60% +- 0.95%
ISIC iteration 305/400 : Query Acc = 62.67, Avg Acc = 56.62% +- 0.94%
ISIC iteration 306/400 : Query Acc = 60.00, Avg Acc = 56.63% +- 0.94%
ISIC iteration 307/400 : Query Acc = 54.67, Avg Acc = 56.63% +- 0.94%
ISIC iteration 308/400 : Query Acc = 66.67, Avg Acc = 56.66% +- 0.94%
ISIC iteration 309/400 : Query Acc = 74.67, Avg Acc = 56.72% +- 0.94%
ISIC iteration 310/400 : Query Acc = 56.00, Avg Acc = 56.72% +- 0.94%
ISIC iteration 311/400 : Query Acc = 52.00, Avg Acc = 56.70% +- 0.94%
ISIC iteration 312/400 : Query Acc = 54.67, Avg Acc = 56.69% +- 0.93%
ISIC iteration 313/400 : Query Acc = 44.00, Avg Acc = 56.65% +- 0.93%
ISIC iteration 314/400 : Query Acc = 64.00, Avg Acc = 56.68% +- 0.93%
ISIC iteration 315/400 : Query Acc = 64.00, Avg Acc = 56.70% +- 0.93%
ISIC iteration 316/400 : Query Acc = 60.00, Avg Acc = 56.71% +- 0.93%
ISIC iteration 317/400 : Query Acc = 57.33, Avg Acc = 56.71% +- 0.92%
ISIC iteration 318/400 : Query Acc = 60.00, Avg Acc = 56.72% +- 0.92%
ISIC iteration 319/400 : Query Acc = 40.00, Avg Acc = 56.67% +- 0.92%
ISIC iteration 320/400 : Query Acc = 46.67, Avg Acc = 56.64% +- 0.92%
ISIC iteration 321/400 : Query Acc = 57.33, Avg Acc = 56.64% +- 0.92%
ISIC iteration 322/400 : Query Acc = 46.67, Avg Acc = 56.61% +- 0.92%
ISIC iteration 323/400 : Query Acc = 61.33, Avg Acc = 56.63% +- 0.92%
ISIC iteration 324/400 : Query Acc = 57.33, Avg Acc = 56.63% +- 0.91%
ISIC iteration 325/400 : Query Acc = 52.00, Avg Acc = 56.61% +- 0.91%
ISIC iteration 326/400 : Query Acc = 68.00, Avg Acc = 56.65% +- 0.91%
ISIC iteration 327/400 : Query Acc = 56.00, Avg Acc = 56.65% +- 0.91%
ISIC iteration 328/400 : Query Acc = 45.33, Avg Acc = 56.61% +- 0.91%
ISIC iteration 329/400 : Query Acc = 52.00, Avg Acc = 56.60% +- 0.91%
ISIC iteration 330/400 : Query Acc = 48.00, Avg Acc = 56.57% +- 0.90%
ISIC iteration 331/400 : Query Acc = 66.67, Avg Acc = 56.60% +- 0.90%
ISIC iteration 332/400 : Query Acc = 61.33, Avg Acc = 56.62% +- 0.90%
ISIC iteration 333/400 : Query Acc = 57.33, Avg Acc = 56.62% +- 0.90%
ISIC iteration 334/400 : Query Acc = 41.33, Avg Acc = 56.57% +- 0.90%
ISIC iteration 335/400 : Query Acc = 50.67, Avg Acc = 56.56% +- 0.90%
ISIC iteration 336/400 : Query Acc = 40.00, Avg Acc = 56.51% +- 0.90%
ISIC iteration 337/400 : Query Acc = 52.00, Avg Acc = 56.49% +- 0.90%
ISIC iteration 338/400 : Query Acc = 42.67, Avg Acc = 56.45% +- 0.90%
ISIC iteration 339/400 : Query Acc = 65.33, Avg Acc = 56.48% +- 0.90%
ISIC iteration 340/400 : Query Acc = 61.33, Avg Acc = 56.49% +- 0.90%
ISIC iteration 341/400 : Query Acc = 57.33, Avg Acc = 56.50% +- 0.89%
ISIC iteration 342/400 : Query Acc = 56.00, Avg Acc = 56.49% +- 0.89%
ISIC iteration 343/400 : Query Acc = 61.33, Avg Acc = 56.51% +- 0.89%
ISIC iteration 344/400 : Query Acc = 60.00, Avg Acc = 56.52% +- 0.89%
ISIC iteration 345/400 : Query Acc = 54.67, Avg Acc = 56.51% +- 0.88%
ISIC iteration 346/400 : Query Acc = 62.67, Avg Acc = 56.53% +- 0.88%
ISIC iteration 347/400 : Query Acc = 48.00, Avg Acc = 56.51% +- 0.88%
ISIC iteration 348/400 : Query Acc = 45.33, Avg Acc = 56.47% +- 0.88%
ISIC iteration 349/400 : Query Acc = 68.00, Avg Acc = 56.51% +- 0.88%
ISIC iteration 350/400 : Query Acc = 56.00, Avg Acc = 56.51% +- 0.88%
ISIC iteration 351/400 : Query Acc = 44.00, Avg Acc = 56.47% +- 0.88%
ISIC iteration 352/400 : Query Acc = 60.00, Avg Acc = 56.48% +- 0.88%
ISIC iteration 353/400 : Query Acc = 65.33, Avg Acc = 56.50% +- 0.87%
ISIC iteration 354/400 : Query Acc = 40.00, Avg Acc = 56.46% +- 0.88%
ISIC iteration 355/400 : Query Acc = 44.00, Avg Acc = 56.42% +- 0.88%
ISIC iteration 356/400 : Query Acc = 56.00, Avg Acc = 56.42% +- 0.87%
ISIC iteration 357/400 : Query Acc = 48.00, Avg Acc = 56.40% +- 0.87%
ISIC iteration 358/400 : Query Acc = 49.33, Avg Acc = 56.38% +- 0.87%
ISIC iteration 359/400 : Query Acc = 65.33, Avg Acc = 56.40% +- 0.87%
ISIC iteration 360/400 : Query Acc = 56.00, Avg Acc = 56.40% +- 0.87%
ISIC iteration 361/400 : Query Acc = 44.00, Avg Acc = 56.37% +- 0.87%
ISIC iteration 362/400 : Query Acc = 50.67, Avg Acc = 56.35% +- 0.87%
ISIC iteration 363/400 : Query Acc = 37.33, Avg Acc = 56.30% +- 0.87%
ISIC iteration 364/400 : Query Acc = 65.33, Avg Acc = 56.33% +- 0.87%
ISIC iteration 365/400 : Query Acc = 65.33, Avg Acc = 56.35% +- 0.87%
ISIC iteration 366/400 : Query Acc = 45.33, Avg Acc = 56.32% +- 0.87%
ISIC iteration 367/400 : Query Acc = 52.00, Avg Acc = 56.31% +- 0.87%
ISIC iteration 368/400 : Query Acc = 56.00, Avg Acc = 56.31% +- 0.86%
ISIC iteration 369/400 : Query Acc = 60.00, Avg Acc = 56.32% +- 0.86%
ISIC iteration 370/400 : Query Acc = 53.33, Avg Acc = 56.31% +- 0.86%
ISIC iteration 371/400 : Query Acc = 57.33, Avg Acc = 56.31% +- 0.86%
ISIC iteration 372/400 : Query Acc = 57.33, Avg Acc = 56.31% +- 0.85%
ISIC iteration 373/400 : Query Acc = 52.00, Avg Acc = 56.30% +- 0.85%
ISIC iteration 374/400 : Query Acc = 56.00, Avg Acc = 56.30% +- 0.85%
ISIC iteration 375/400 : Query Acc = 61.33, Avg Acc = 56.32% +- 0.85%
ISIC iteration 376/400 : Query Acc = 66.67, Avg Acc = 56.34% +- 0.85%
ISIC iteration 377/400 : Query Acc = 69.33, Avg Acc = 56.38% +- 0.85%
ISIC iteration 378/400 : Query Acc = 72.00, Avg Acc = 56.42% +- 0.85%
ISIC iteration 379/400 : Query Acc = 50.67, Avg Acc = 56.40% +- 0.85%
ISIC iteration 380/400 : Query Acc = 58.67, Avg Acc = 56.41% +- 0.85%
ISIC iteration 381/400 : Query Acc = 54.67, Avg Acc = 56.40% +- 0.84%
ISIC iteration 382/400 : Query Acc = 56.00, Avg Acc = 56.40% +- 0.84%
ISIC iteration 383/400 : Query Acc = 34.67, Avg Acc = 56.35% +- 0.85%
ISIC iteration 384/400 : Query Acc = 62.67, Avg Acc = 56.36% +- 0.85%
ISIC iteration 385/400 : Query Acc = 57.33, Avg Acc = 56.37% +- 0.84%
ISIC iteration 386/400 : Query Acc = 44.00, Avg Acc = 56.33% +- 0.84%
ISIC iteration 387/400 : Query Acc = 61.33, Avg Acc = 56.35% +- 0.84%
ISIC iteration 388/400 : Query Acc = 58.67, Avg Acc = 56.35% +- 0.84%
ISIC iteration 389/400 : Query Acc = 52.00, Avg Acc = 56.34% +- 0.84%
ISIC iteration 390/400 : Query Acc = 54.67, Avg Acc = 56.34% +- 0.84%
ISIC iteration 391/400 : Query Acc = 61.33, Avg Acc = 56.35% +- 0.83%
ISIC iteration 392/400 : Query Acc = 64.00, Avg Acc = 56.37% +- 0.83%
ISIC iteration 393/400 : Query Acc = 54.67, Avg Acc = 56.37% +- 0.83%
ISIC iteration 394/400 : Query Acc = 76.00, Avg Acc = 56.42% +- 0.83%
ISIC iteration 395/400 : Query Acc = 58.67, Avg Acc = 56.42% +- 0.83%
ISIC iteration 396/400 : Query Acc = 38.67, Avg Acc = 56.38% +- 0.83%
ISIC iteration 397/400 : Query Acc = 60.00, Avg Acc = 56.39% +- 0.83%
ISIC iteration 398/400 : Query Acc = 52.00, Avg Acc = 56.37% +- 0.83%
ISIC iteration 399/400 : Query Acc = 38.67, Avg Acc = 56.33% +- 0.83%
ISIC 400 Test Acc = 56.33% +- 0.83%
