set seed = 2
FineTune! 5 shots on ISIC dataset
類別描述：/home/ccoliu/FeatureSR/configs/class_descriptions.json（cat）
ISIC iteration 0/100 : Query Acc = 56.00, Avg Acc = 56.00% +- 0.00%
ISIC | 0 / 100 Acc = 56.00% +- 0.00%
ISIC iteration 1/100 : Query Acc = 53.33, Avg Acc = 54.67% +- 1.85%
ISIC iteration 2/100 : Query Acc = 66.67, Avg Acc = 58.67% +- 6.52%
ISIC iteration 3/100 : Query Acc = 52.00, Avg Acc = 57.00% +- 5.65%
ISIC iteration 4/100 : Query Acc = 54.67, Avg Acc = 56.53% +- 4.59%
ISIC iteration 5/100 : Query Acc = 48.00, Avg Acc = 55.11% +- 4.60%
ISIC iteration 6/100 : Query Acc = 34.67, Avg Acc = 52.19% +- 6.60%
ISIC iteration 7/100 : Query Acc = 52.00, Avg Acc = 52.17% +- 5.78%
ISIC iteration 8/100 : Query Acc = 50.67, Avg Acc = 52.00% +- 5.15%
ISIC iteration 9/100 : Query Acc = 53.33, Avg Acc = 52.13% +- 4.64%
ISIC iteration 10/100 : Query Acc = 46.67, Avg Acc = 51.64% +- 4.32%
ISIC iteration 11/100 : Query Acc = 56.00, Avg Acc = 52.00% +- 4.02%
ISIC iteration 12/100 : Query Acc = 45.33, Avg Acc = 51.49% +- 3.83%
ISIC iteration 13/100 : Query Acc = 62.67, Avg Acc = 52.29% +- 3.86%
ISIC iteration 14/100 : Query Acc = 52.00, Avg Acc = 52.27% +- 3.61%
ISIC iteration 15/100 : Query Acc = 76.00, Avg Acc = 53.75% +- 4.40%
ISIC iteration 16/100 : Query Acc = 60.00, Avg Acc = 54.12% +- 4.20%
ISIC iteration 17/100 : Query Acc = 52.00, Avg Acc = 54.00% +- 3.97%
ISIC iteration 18/100 : Query Acc = 45.33, Avg Acc = 53.54% +- 3.86%
ISIC iteration 19/100 : Query Acc = 49.33, Avg Acc = 53.33% +- 3.69%
ISIC iteration 20/100 : Query Acc = 44.00, Avg Acc = 52.89% +- 3.62%
ISIC iteration 21/100 : Query Acc = 61.33, Avg Acc = 53.27% +- 3.53%
ISIC iteration 22/100 : Query Acc = 62.67, Avg Acc = 53.68% +- 3.47%
ISIC iteration 23/100 : Query Acc = 57.33, Avg Acc = 53.83% +- 3.33%
ISIC iteration 24/100 : Query Acc = 62.67, Avg Acc = 54.19% +- 3.27%
ISIC iteration 25/100 : Query Acc = 42.67, Avg Acc = 53.74% +- 3.26%
ISIC iteration 26/100 : Query Acc = 65.33, Avg Acc = 54.17% +- 3.25%
ISIC iteration 27/100 : Query Acc = 40.00, Avg Acc = 53.67% +- 3.28%
ISIC iteration 28/100 : Query Acc = 60.00, Avg Acc = 53.89% +- 3.19%
ISIC iteration 29/100 : Query Acc = 54.67, Avg Acc = 53.91% +- 3.09%
ISIC iteration 30/100 : Query Acc = 58.67, Avg Acc = 54.06% +- 3.00%
ISIC iteration 31/100 : Query Acc = 53.33, Avg Acc = 54.04% +- 2.91%
ISIC iteration 32/100 : Query Acc = 37.33, Avg Acc = 53.54% +- 2.98%
ISIC iteration 33/100 : Query Acc = 58.67, Avg Acc = 53.69% +- 2.91%
ISIC iteration 34/100 : Query Acc = 56.00, Avg Acc = 53.75% +- 2.83%
ISIC iteration 35/100 : Query Acc = 64.00, Avg Acc = 54.04% +- 2.81%
ISIC iteration 36/100 : Query Acc = 56.00, Avg Acc = 54.09% +- 2.73%
ISIC iteration 37/100 : Query Acc = 56.00, Avg Acc = 54.14% +- 2.66%
ISIC iteration 38/100 : Query Acc = 54.67, Avg Acc = 54.15% +- 2.59%
ISIC iteration 39/100 : Query Acc = 65.33, Avg Acc = 54.43% +- 2.59%
ISIC iteration 40/100 : Query Acc = 56.00, Avg Acc = 54.47% +- 2.52%
ISIC iteration 41/100 : Query Acc = 58.67, Avg Acc = 54.57% +- 2.47%
ISIC iteration 42/100 : Query Acc = 50.67, Avg Acc = 54.48% +- 2.42%
ISIC iteration 43/100 : Query Acc = 52.00, Avg Acc = 54.42% +- 2.37%
ISIC iteration 44/100 : Query Acc = 50.67, Avg Acc = 54.34% +- 2.32%
ISIC iteration 45/100 : Query Acc = 72.00, Avg Acc = 54.72% +- 2.39%
ISIC iteration 46/100 : Query Acc = 54.67, Avg Acc = 54.72% +- 2.34%
ISIC iteration 47/100 : Query Acc = 69.33, Avg Acc = 55.03% +- 2.37%
ISIC iteration 48/100 : Query Acc = 53.33, Avg Acc = 54.99% +- 2.32%
ISIC iteration 49/100 : Query Acc = 61.33, Avg Acc = 55.12% +- 2.28%
ISIC iteration 50/100 : Query Acc = 50.67, Avg Acc = 55.03% +- 2.25%
ISIC iteration 51/100 : Query Acc = 53.33, Avg Acc = 55.00% +- 2.20%
ISIC iteration 52/100 : Query Acc = 61.33, Avg Acc = 55.12% +- 2.18%
ISIC iteration 53/100 : Query Acc = 42.67, Avg Acc = 54.89% +- 2.18%
ISIC iteration 54/100 : Query Acc = 56.00, Avg Acc = 54.91% +- 2.14%
ISIC iteration 55/100 : Query Acc = 46.67, Avg Acc = 54.76% +- 2.12%
ISIC iteration 56/100 : Query Acc = 68.00, Avg Acc = 54.99% +- 2.13%
ISIC iteration 57/100 : Query Acc = 38.67, Avg Acc = 54.71% +- 2.17%
ISIC iteration 58/100 : Query Acc = 42.67, Avg Acc = 54.51% +- 2.17%
ISIC iteration 59/100 : Query Acc = 52.00, Avg Acc = 54.47% +- 2.13%
ISIC iteration 60/100 : Query Acc = 56.00, Avg Acc = 54.49% +- 2.10%
ISIC iteration 61/100 : Query Acc = 54.67, Avg Acc = 54.49% +- 2.06%
ISIC iteration 62/100 : Query Acc = 54.67, Avg Acc = 54.50% +- 2.03%
ISIC iteration 63/100 : Query Acc = 52.00, Avg Acc = 54.46% +- 2.00%
ISIC iteration 64/100 : Query Acc = 41.33, Avg Acc = 54.26% +- 2.01%
ISIC iteration 65/100 : Query Acc = 54.67, Avg Acc = 54.26% +- 1.98%
ISIC iteration 66/100 : Query Acc = 58.67, Avg Acc = 54.33% +- 1.95%
ISIC iteration 67/100 : Query Acc = 56.00, Avg Acc = 54.35% +- 1.93%
ISIC iteration 68/100 : Query Acc = 56.00, Avg Acc = 54.38% +- 1.90%
ISIC iteration 69/100 : Query Acc = 45.33, Avg Acc = 54.25% +- 1.89%
ISIC iteration 70/100 : Query Acc = 46.67, Avg Acc = 54.14% +- 1.87%
ISIC iteration 71/100 : Query Acc = 61.33, Avg Acc = 54.24% +- 1.86%
ISIC iteration 72/100 : Query Acc = 57.33, Avg Acc = 54.28% +- 1.83%
ISIC iteration 73/100 : Query Acc = 56.00, Avg Acc = 54.31% +- 1.81%
ISIC iteration 74/100 : Query Acc = 52.00, Avg Acc = 54.28% +- 1.79%
ISIC iteration 75/100 : Query Acc = 62.67, Avg Acc = 54.39% +- 1.78%
ISIC iteration 76/100 : Query Acc = 60.00, Avg Acc = 54.46% +- 1.76%
ISIC iteration 77/100 : Query Acc = 50.67, Avg Acc = 54.41% +- 1.74%
ISIC iteration 78/100 : Query Acc = 54.67, Avg Acc = 54.41% +- 1.72%
ISIC iteration 79/100 : Query Acc = 54.67, Avg Acc = 54.42% +- 1.69%
ISIC iteration 80/100 : Query Acc = 56.00, Avg Acc = 54.44% +- 1.67%
ISIC iteration 81/100 : Query Acc = 65.33, Avg Acc = 54.57% +- 1.67%
ISIC iteration 82/100 : Query Acc = 41.33, Avg Acc = 54.41% +- 1.68%
ISIC iteration 83/100 : Query Acc = 54.67, Avg Acc = 54.41% +- 1.66%
ISIC iteration 84/100 : Query Acc = 62.67, Avg Acc = 54.51% +- 1.65%
ISIC iteration 85/100 : Query Acc = 54.67, Avg Acc = 54.51% +- 1.63%
ISIC iteration 86/100 : Query Acc = 61.33, Avg Acc = 54.59% +- 1.62%
ISIC iteration 87/100 : Query Acc = 58.67, Avg Acc = 54.64% +- 1.61%
ISIC iteration 88/100 : Query Acc = 69.33, Avg Acc = 54.80% +- 1.62%
ISIC iteration 89/100 : Query Acc = 57.33, Avg Acc = 54.83% +- 1.60%
ISIC iteration 90/100 : Query Acc = 66.67, Avg Acc = 54.96% +- 1.61%
ISIC iteration 91/100 : Query Acc = 58.67, Avg Acc = 55.00% +- 1.59%
ISIC iteration 92/100 : Query Acc = 57.33, Avg Acc = 55.03% +- 1.58%
ISIC iteration 93/100 : Query Acc = 61.33, Avg Acc = 55.09% +- 1.56%
ISIC iteration 94/100 : Query Acc = 56.00, Avg Acc = 55.10% +- 1.55%
ISIC iteration 95/100 : Query Acc = 42.67, Avg Acc = 54.97% +- 1.55%
ISIC iteration 96/100 : Query Acc = 52.00, Avg Acc = 54.94% +- 1.54%
ISIC iteration 97/100 : Query Acc = 42.67, Avg Acc = 54.82% +- 1.54%
ISIC iteration 98/100 : Query Acc = 61.33, Avg Acc = 54.88% +- 1.53%
ISIC iteration 99/100 : Query Acc = 42.67, Avg Acc = 54.76% +- 1.53%
ISIC 100 Test Acc = 54.76% +- 1.53%
