set seed = 2
FineTune! 1 shots on ISIC dataset
類別描述：/home/ccoliu/FeatureSR/configs/class_descriptions.json（only）
ISIC iteration 0/100 : Query Acc = 45.33, Avg Acc = 45.33% +- 0.00%
ISIC | 0 / 100 Acc = 45.33% +- 0.00%
ISIC iteration 1/100 : Query Acc = 28.00, Avg Acc = 36.67% +- 12.01%
ISIC iteration 2/100 : Query Acc = 49.33, Avg Acc = 40.89% +- 10.48%
ISIC iteration 3/100 : Query Acc = 29.33, Avg Acc = 38.00% +- 9.26%
ISIC iteration 4/100 : Query Acc = 26.67, Avg Acc = 35.73% +- 8.41%
ISIC iteration 5/100 : Query Acc = 44.00, Avg Acc = 37.11% +- 7.43%
ISIC iteration 6/100 : Query Acc = 32.00, Avg Acc = 36.38% +- 6.50%
ISIC iteration 7/100 : Query Acc = 41.33, Avg Acc = 37.00% +- 5.80%
ISIC iteration 8/100 : Query Acc = 40.00, Avg Acc = 37.33% +- 5.19%
ISIC iteration 9/100 : Query Acc = 29.33, Avg Acc = 36.53% +- 4.91%
ISIC iteration 10/100 : Query Acc = 37.33, Avg Acc = 36.61% +- 4.46%
ISIC iteration 11/100 : Query Acc = 42.67, Avg Acc = 37.11% +- 4.20%
ISIC iteration 12/100 : Query Acc = 40.00, Avg Acc = 37.33% +- 3.90%
ISIC iteration 13/100 : Query Acc = 53.33, Avg Acc = 38.48% +- 4.21%
ISIC iteration 14/100 : Query Acc = 33.33, Avg Acc = 38.13% +- 3.99%
ISIC iteration 15/100 : Query Acc = 41.33, Avg Acc = 38.33% +- 3.76%
ISIC iteration 16/100 : Query Acc = 42.67, Avg Acc = 38.59% +- 3.57%
ISIC iteration 17/100 : Query Acc = 37.33, Avg Acc = 38.52% +- 3.37%
ISIC iteration 18/100 : Query Acc = 52.00, Avg Acc = 39.23% +- 3.47%
ISIC iteration 19/100 : Query Acc = 42.67, Avg Acc = 39.40% +- 3.31%
ISIC iteration 20/100 : Query Acc = 37.33, Avg Acc = 39.30% +- 3.16%
ISIC iteration 21/100 : Query Acc = 60.00, Avg Acc = 40.24% +- 3.51%
ISIC iteration 22/100 : Query Acc = 40.00, Avg Acc = 40.23% +- 3.36%
ISIC iteration 23/100 : Query Acc = 36.00, Avg Acc = 40.06% +- 3.24%
ISIC iteration 24/100 : Query Acc = 52.00, Avg Acc = 40.53% +- 3.24%
ISIC iteration 25/100 : Query Acc = 37.33, Avg Acc = 40.41% +- 3.13%
ISIC iteration 26/100 : Query Acc = 54.67, Avg Acc = 40.94% +- 3.18%
ISIC iteration 27/100 : Query Acc = 26.67, Avg Acc = 40.43% +- 3.22%
ISIC iteration 28/100 : Query Acc = 41.33, Avg Acc = 40.46% +- 3.11%
ISIC iteration 29/100 : Query Acc = 49.33, Avg Acc = 40.76% +- 3.06%
ISIC iteration 30/100 : Query Acc = 33.33, Avg Acc = 40.52% +- 2.99%
ISIC iteration 31/100 : Query Acc = 33.33, Avg Acc = 40.29% +- 2.93%
ISIC iteration 32/100 : Query Acc = 32.00, Avg Acc = 40.04% +- 2.88%
ISIC iteration 33/100 : Query Acc = 40.00, Avg Acc = 40.04% +- 2.80%
ISIC iteration 34/100 : Query Acc = 44.00, Avg Acc = 40.15% +- 2.73%
ISIC iteration 35/100 : Query Acc = 49.33, Avg Acc = 40.41% +- 2.70%
ISIC iteration 36/100 : Query Acc = 36.00, Avg Acc = 40.29% +- 2.64%
ISIC iteration 37/100 : Query Acc = 42.67, Avg Acc = 40.35% +- 2.57%
ISIC iteration 38/100 : Query Acc = 42.67, Avg Acc = 40.41% +- 2.51%
ISIC iteration 39/100 : Query Acc = 45.33, Avg Acc = 40.53% +- 2.45%
ISIC iteration 40/100 : Query Acc = 28.00, Avg Acc = 40.23% +- 2.47%
ISIC iteration 41/100 : Query Acc = 45.33, Avg Acc = 40.35% +- 2.42%
ISIC iteration 42/100 : Query Acc = 32.00, Avg Acc = 40.16% +- 2.39%
ISIC iteration 43/100 : Query Acc = 42.67, Avg Acc = 40.21% +- 2.34%
ISIC iteration 44/100 : Query Acc = 32.00, Avg Acc = 40.03% +- 2.32%
ISIC iteration 45/100 : Query Acc = 38.67, Avg Acc = 40.00% +- 2.27%
ISIC iteration 46/100 : Query Acc = 38.67, Avg Acc = 39.97% +- 2.22%
ISIC iteration 47/100 : Query Acc = 45.33, Avg Acc = 40.08% +- 2.18%
ISIC iteration 48/100 : Query Acc = 60.00, Avg Acc = 40.49% +- 2.28%
ISIC iteration 49/100 : Query Acc = 38.67, Avg Acc = 40.45% +- 2.24%
ISIC iteration 50/100 : Query Acc = 28.00, Avg Acc = 40.21% +- 2.24%
ISIC iteration 51/100 : Query Acc = 30.67, Avg Acc = 40.03% +- 2.23%
ISIC iteration 52/100 : Query Acc = 48.00, Avg Acc = 40.18% +- 2.21%
ISIC iteration 53/100 : Query Acc = 36.00, Avg Acc = 40.10% +- 2.17%
ISIC iteration 54/100 : Query Acc = 26.67, Avg Acc = 39.85% +- 2.18%
ISIC iteration 55/100 : Query Acc = 25.33, Avg Acc = 39.60% +- 2.20%
ISIC iteration 56/100 : Query Acc = 52.00, Avg Acc = 39.81% +- 2.20%
ISIC iteration 57/100 : Query Acc = 34.67, Avg Acc = 39.72% +- 2.17%
ISIC iteration 58/100 : Query Acc = 44.00, Avg Acc = 39.80% +- 2.14%
ISIC iteration 59/100 : Query Acc = 32.00, Avg Acc = 39.67% +- 2.12%
ISIC iteration 60/100 : Query Acc = 44.00, Avg Acc = 39.74% +- 2.09%
ISIC iteration 61/100 : Query Acc = 37.33, Avg Acc = 39.70% +- 2.06%
ISIC iteration 62/100 : Query Acc = 45.33, Avg Acc = 39.79% +- 2.03%
ISIC iteration 63/100 : Query Acc = 34.67, Avg Acc = 39.71% +- 2.01%
ISIC iteration 64/100 : Query Acc = 40.00, Avg Acc = 39.71% +- 1.98%
ISIC iteration 65/100 : Query Acc = 44.00, Avg Acc = 39.78% +- 1.95%
ISIC iteration 66/100 : Query Acc = 42.67, Avg Acc = 39.82% +- 1.92%
ISIC iteration 67/100 : Query Acc = 29.33, Avg Acc = 39.67% +- 1.92%
ISIC iteration 68/100 : Query Acc = 48.00, Avg Acc = 39.79% +- 1.90%
ISIC iteration 69/100 : Query Acc = 28.00, Avg Acc = 39.62% +- 1.91%
ISIC iteration 70/100 : Query Acc = 21.33, Avg Acc = 39.36% +- 1.94%
ISIC iteration 71/100 : Query Acc = 42.67, Avg Acc = 39.41% +- 1.92%
ISIC iteration 72/100 : Query Acc = 32.00, Avg Acc = 39.31% +- 1.90%
ISIC iteration 73/100 : Query Acc = 52.00, Avg Acc = 39.48% +- 1.91%
ISIC iteration 74/100 : Query Acc = 28.00, Avg Acc = 39.32% +- 1.91%
ISIC iteration 75/100 : Query Acc = 42.67, Avg Acc = 39.37% +- 1.88%
ISIC iteration 76/100 : Query Acc = 38.67, Avg Acc = 39.36% +- 1.86%
ISIC iteration 77/100 : Query Acc = 44.00, Avg Acc = 39.42% +- 1.84%
ISIC iteration 78/100 : Query Acc = 38.67, Avg Acc = 39.41% +- 1.81%
ISIC iteration 79/100 : Query Acc = 40.00, Avg Acc = 39.42% +- 1.79%
ISIC iteration 80/100 : Query Acc = 40.00, Avg Acc = 39.42% +- 1.77%
ISIC iteration 81/100 : Query Acc = 42.67, Avg Acc = 39.46% +- 1.75%
ISIC iteration 82/100 : Query Acc = 33.33, Avg Acc = 39.39% +- 1.74%
ISIC iteration 83/100 : Query Acc = 40.00, Avg Acc = 39.40% +- 1.71%
ISIC iteration 84/100 : Query Acc = 41.33, Avg Acc = 39.42% +- 1.69%
ISIC iteration 85/100 : Query Acc = 30.67, Avg Acc = 39.32% +- 1.69%
ISIC iteration 86/100 : Query Acc = 44.00, Avg Acc = 39.37% +- 1.67%
ISIC iteration 87/100 : Query Acc = 48.00, Avg Acc = 39.47% +- 1.66%
ISIC iteration 88/100 : Query Acc = 42.67, Avg Acc = 39.51% +- 1.65%
ISIC iteration 89/100 : Query Acc = 45.33, Avg Acc = 39.57% +- 1.63%
ISIC iteration 90/100 : Query Acc = 44.00, Avg Acc = 39.62% +- 1.62%
ISIC iteration 91/100 : Query Acc = 46.67, Avg Acc = 39.70% +- 1.61%
ISIC iteration 92/100 : Query Acc = 44.00, Avg Acc = 39.74% +- 1.59%
ISIC iteration 93/100 : Query Acc = 38.67, Avg Acc = 39.73% +- 1.57%
ISIC iteration 94/100 : Query Acc = 40.00, Avg Acc = 39.73% +- 1.56%
ISIC iteration 95/100 : Query Acc = 42.67, Avg Acc = 39.76% +- 1.54%
ISIC iteration 96/100 : Query Acc = 40.00, Avg Acc = 39.77% +- 1.53%
ISIC iteration 97/100 : Query Acc = 37.33, Avg Acc = 39.74% +- 1.51%
ISIC iteration 98/100 : Query Acc = 44.00, Avg Acc = 39.78% +- 1.50%
ISIC iteration 99/100 : Query Acc = 36.00, Avg Acc = 39.75% +- 1.49%
ISIC 100 Test Acc = 39.75% +- 1.49%
