======================================================
 5-way 1-shot 完整矩陣：Baseline / Ensemble-only / FSR+Ensemble
 開始時間: 2026-09-03 17:38:32
======================================================

>>> [Baseline] eurosat (1-shot, current protocol)
[17:38:35 INFO] Device: cuda
[17:38:35 INFO] ============================================================
[17:38:35 INFO] Dataset: eurosat, n_shot=1, Mode: Baseline (14x14)
[17:38:35 INFO] ============================================================
[17:38:35 INFO] Train: EuroSATDataset(split=train, n_classes=10, n_samples=10)
[17:38:35 INFO] Test:  EuroSATDataset(split=test, n_classes=10, n_samples=5400)
[17:38:35 INFO] Loading CLIP ViT-B/16...
[17:38:38 INFO] Applying LoRA (r=4, alpha=1.0)...
[17:38:38 INFO] Trainable parameters: 221,184
[17:38:38 INFO] LR Schedule: Linear warmup (5 epochs) + Cosine decay
/var/tmp/cc-cdfsl/train.py:457: FutureWarning: `torch.cuda.amp.GradScaler(args...)` is deprecated. Please use `torch.amp.GradScaler('cuda', args...)` instead.
  scaler = torch.cuda.amp.GradScaler() if device == "cuda" else None
[17:38:38 INFO] FP16 Automatic Mixed Precision (AMP) enabled.
[17:38:38 INFO] Initial evaluation (before training)...
[17:39:11 INFO]   Baseline: 52.91 ± 3.46%
/var/tmp/cc-cdfsl/train.py:213: FutureWarning: `torch.cuda.amp.autocast(args...)` is deprecated. Please use `torch.amp.autocast('cuda', args...)` instead.
  with torch.cuda.amp.autocast(enabled=(scaler is not None)):
[17:40:26 INFO] Epoch [  1/100] Loss: 1.2897 (CE:1.1494, TIT:0.0412, ITI:0.3918) Acc: 49.36%
[17:52:08 INFO] Epoch [ 10/100] Loss: 0.0981 (CE:0.0152, TIT:0.0098, ITI:0.3405) Acc: 79.65%
[17:53:14 INFO]   [Eval] Epoch 10: 80.27 ± 1.46% ✓ NEW BEST!
[17:53:14 INFO]   Saved best checkpoint: checkpoints_1shot_baseline/eurosat_1shot_best.pth
[18:06:16 INFO] Epoch [ 20/100] Loss: 0.0788 (CE:0.0016, TIT:0.0089, ITI:0.3195) Acc: 78.95%
[18:07:21 INFO]   [Eval] Epoch 20: 80.36 ± 1.42% ✓ NEW BEST!
[18:07:21 INFO]   Saved best checkpoint: checkpoints_1shot_baseline/eurosat_1shot_best.pth
[18:20:11 INFO] Epoch [ 30/100] Loss: 0.0719 (CE:0.0007, TIT:0.0124, ITI:0.2629) Acc: 77.64%
[18:21:16 INFO]   [Eval] Epoch 30: 80.19 ± 1.39%
[18:34:04 INFO] Epoch [ 40/100] Loss: 0.0621 (CE:0.0004, TIT:0.0124, ITI:0.2157) Acc: 74.68%
[18:35:09 INFO]   [Eval] Epoch 40: 75.63 ± 1.63%
[18:48:00 INFO] Epoch [ 50/100] Loss: 0.0564 (CE:0.0003, TIT:0.0147, ITI:0.1698) Acc: 73.37%
[18:49:05 INFO]   [Eval] Epoch 50: 74.28 ± 1.55%
[19:01:54 INFO] Epoch [ 60/100] Loss: 0.1054 (CE:0.0002, TIT:0.0498, ITI:0.1525) Acc: 70.61%
[19:02:59 INFO]   [Eval] Epoch 60: 70.36 ± 1.58%
[19:15:53 INFO] Epoch [ 70/100] Loss: 0.1139 (CE:0.0002, TIT:0.0585, ITI:0.1298) Acc: 70.19%
[19:16:59 INFO]   [Eval] Epoch 70: 70.28 ± 1.65%
[19:29:52 INFO] Epoch [ 80/100] Loss: 0.1199 (CE:0.0002, TIT:0.0639, ITI:0.1193) Acc: 68.61%
[19:30:56 INFO]   [Eval] Epoch 80: 68.32 ± 1.57%
[19:43:53 INFO] Epoch [ 90/100] Loss: 0.1251 (CE:0.0002, TIT:0.0684, ITI:0.1115) Acc: 67.29%
[19:44:59 INFO]   [Eval] Epoch 90: 67.28 ± 1.73%
[19:57:56 INFO] Epoch [100/100] Loss: 0.1229 (CE:0.0002, TIT:0.0675, ITI:0.1076) Acc: 67.96%
[19:59:01 INFO]   [Eval] Epoch 100: 68.60 ± 1.61%
[19:59:01 INFO] 
Best Acc: 80.36% at Epoch 20
[19:59:01 INFO] Loaded best checkpoint from epoch 20
[20:00:06 INFO] Final (Baseline (14x14)): 81.09 ± 1.34% (n_episodes=100)
[EuroSATDataset] Strict few-shot training enabled. Total training samples: 10 (n_shot=1)

>>> [Ensemble-only] eurosat (1-shot)
[20:00:13 INFO] Device: cuda
[20:00:13 INFO] ============================================================
[20:00:13 INFO] Dataset: eurosat, n_shot=1, Mode: Baseline (14x14)
[20:00:13 INFO] ============================================================
[20:00:13 INFO] Train: EuroSATDataset(split=train, n_classes=10, n_samples=10)
[20:00:13 INFO] Test:  EuroSATDataset(split=test, n_classes=10, n_samples=5400)
[20:00:13 INFO] Loading CLIP ViT-B/16...
[20:00:17 INFO] Applying LoRA (r=4, alpha=1.0)...
[20:00:17 INFO] Trainable parameters: 221,184
[20:00:17 INFO] LR Schedule: Linear warmup (5 epochs) + Cosine decay
/var/tmp/cc-cdfsl/train.py:457: FutureWarning: `torch.cuda.amp.GradScaler(args...)` is deprecated. Please use `torch.amp.GradScaler('cuda', args...)` instead.
  scaler = torch.cuda.amp.GradScaler() if device == "cuda" else None
[20:00:17 INFO] FP16 Automatic Mixed Precision (AMP) enabled.
[20:00:17 INFO] Initial evaluation (before training)...
[20:00:49 INFO]   Baseline: 50.43 ± 3.11%
/var/tmp/cc-cdfsl/train.py:213: FutureWarning: `torch.cuda.amp.autocast(args...)` is deprecated. Please use `torch.amp.autocast('cuda', args...)` instead.
  with torch.cuda.amp.autocast(enabled=(scaler is not None)):
[20:02:13 INFO] Epoch [  1/100] Loss: 0.8553 (CE:0.7438, TIT:0.0259, ITI:0.3637) Acc: 65.45%
[20:14:38 INFO] Epoch [ 10/100] Loss: 0.0730 (CE:0.0062, TIT:0.0024, ITI:0.3156) Acc: 78.69%
[20:15:48 INFO]   [Eval] Epoch 10: 81.07 ± 1.51% ✓ NEW BEST!
[20:15:48 INFO]   Saved best checkpoint: checkpoints_1shot_ensemble/eurosat_1shot_best.pth
[20:29:37 INFO] Epoch [ 20/100] Loss: 0.0568 (CE:0.0009, TIT:0.0004, ITI:0.2768) Acc: 80.00%
[20:30:47 INFO]   [Eval] Epoch 20: 79.24 ± 1.69%
[20:45:06 INFO] Epoch [ 30/100] Loss: 0.0502 (CE:0.0005, TIT:0.0038, ITI:0.2198) Acc: 78.61%
[20:46:22 INFO]   [Eval] Epoch 30: 78.29 ± 1.50%
[21:00:47 INFO] Epoch [ 40/100] Loss: 0.0624 (CE:0.0003, TIT:0.0203, ITI:0.1577) Acc: 75.72%
[21:02:00 INFO]   [Eval] Epoch 40: 74.56 ± 1.59%
[21:15:58 INFO] Epoch [ 50/100] Loss: 0.0825 (CE:0.0002, TIT:0.0394, ITI:0.1160) Acc: 75.03%
[21:17:10 INFO]   [Eval] Epoch 50: 74.09 ± 1.50%
[21:31:07 INFO] Epoch [ 60/100] Loss: 0.0899 (CE:0.0002, TIT:0.0477, ITI:0.0902) Acc: 72.21%
[21:32:18 INFO]   [Eval] Epoch 60: 73.19 ± 1.77%
[21:46:18 INFO] Epoch [ 70/100] Loss: 0.0957 (CE:0.0002, TIT:0.0540, ITI:0.0725) Acc: 73.24%
[21:47:28 INFO]   [Eval] Epoch 70: 73.32 ± 1.77%
[22:01:28 INFO] Epoch [ 80/100] Loss: 0.0964 (CE:0.0001, TIT:0.0557, ITI:0.0630) Acc: 75.24%
[22:02:39 INFO]   [Eval] Epoch 80: 74.20 ± 1.69%
[22:16:42 INFO] Epoch [ 90/100] Loss: 0.1004 (CE:0.0001, TIT:0.0589, ITI:0.0593) Acc: 74.52%
[22:17:55 INFO]   [Eval] Epoch 90: 72.03 ± 1.46%
[22:31:53 INFO] Epoch [100/100] Loss: 0.0994 (CE:0.0001, TIT:0.0582, ITI:0.0595) Acc: 73.33%
[22:33:05 INFO]   [Eval] Epoch 100: 71.17 ± 1.62%
[22:33:05 INFO] 
Best Acc: 81.07% at Epoch 10
[22:33:09 INFO] Loaded best checkpoint from epoch 10
[22:34:19 INFO] Final (Baseline (14x14)): 79.83 ± 1.54% (n_episodes=100)
[EuroSATDataset] Strict few-shot training enabled. Total training samples: 10 (n_shot=1)

>>> [Feature-SR + Ensemble] eurosat (1-shot)
[22:34:29 INFO] Device: cuda
[22:34:30 INFO] ============================================================
[22:34:30 INFO] Dataset: eurosat, n_shot=1, Mode: Feature-SR (28x28)
[22:34:30 INFO] ============================================================
[22:34:30 INFO] Train: EuroSATDataset(split=train, n_classes=10, n_samples=10)
[22:34:30 INFO] Test:  EuroSATDataset(split=test, n_classes=10, n_samples=5400)
[22:34:30 INFO] Loading CLIP ViT-B/16...
[22:34:36 INFO] Applying LoRA (r=4, alpha=1.0)...
[22:34:36 INFO] Initializing Feature SR Module (scale=2, 14x14 -> 28x28)...
[22:34:36 INFO] Trainable parameters: 10,350,592
[22:34:36 INFO] LR Schedule: Linear warmup (5 epochs) + Cosine decay
/var/tmp/cc-cdfsl/train.py:457: FutureWarning: `torch.cuda.amp.GradScaler(args...)` is deprecated. Please use `torch.amp.GradScaler('cuda', args...)` instead.
  scaler = torch.cuda.amp.GradScaler() if device == "cuda" else None
[22:34:36 INFO] FP16 Automatic Mixed Precision (AMP) enabled.
[22:34:36 INFO] Initial evaluation (before training)...
[22:35:08 INFO]   Baseline: 48.69 ± 3.11%
/var/tmp/cc-cdfsl/train.py:213: FutureWarning: `torch.cuda.amp.autocast(args...)` is deprecated. Please use `torch.amp.autocast('cuda', args...)` instead.
  with torch.cuda.amp.autocast(enabled=(scaler is not None)):
[22:36:40 INFO] Epoch [  1/100] Loss: 1.2757 (CE:0.7379, TIT:0.1309, ITI:0.2608, CR:0.9644) Acc: 65.37%
[22:50:20 INFO] Epoch [ 10/100] Loss: 0.1503 (CE:0.0056, TIT:0.0729, ITI:0.0704, CR:0.0708) Acc: 80.45%
[22:51:32 INFO]   [Eval] Epoch 10: 80.01 ± 1.48% ✓ NEW BEST!
[22:51:32 INFO]   Saved best checkpoint: checkpoints_1shot_fsr_ensemble/eurosat_1shot_fsr_best.pth
[23:06:44 INFO] Epoch [ 20/100] Loss: 0.1726 (CE:0.0012, TIT:0.1061, ITI:0.0296, CR:0.0209) Acc: 75.37%
[23:07:55 INFO]   [Eval] Epoch 20: 75.65 ± 1.65%
[23:23:08 INFO] Epoch [ 30/100] Loss: 0.2210 (CE:0.0005, TIT:0.1424, ITI:0.0210, CR:0.0090) Acc: 73.92%
[23:24:19 INFO]   [Eval] Epoch 30: 76.48 ± 1.53%
[23:39:31 INFO] Epoch [ 40/100] Loss: 0.2187 (CE:0.0003, TIT:0.1429, ITI:0.0138, CR:0.0045) Acc: 76.40%
[23:40:43 INFO]   [Eval] Epoch 40: 77.09 ± 1.39%
[23:55:57 INFO] Epoch [ 50/100] Loss: 0.2147 (CE:0.0002, TIT:0.1408, ITI:0.0112, CR:0.0033) Acc: 77.39%
[23:57:09 INFO]   [Eval] Epoch 50: 78.65 ± 1.59%
[00:12:23 INFO] Epoch [ 60/100] Loss: 0.2224 (CE:0.0002, TIT:0.1463, ITI:0.0097, CR:0.0025) Acc: 78.23%
[00:13:34 INFO]   [Eval] Epoch 60: 76.33 ± 1.66%
[00:28:47 INFO] Epoch [ 70/100] Loss: 0.2213 (CE:0.0002, TIT:0.1459, ITI:0.0083, CR:0.0021) Acc: 77.65%
[00:29:58 INFO]   [Eval] Epoch 70: 80.25 ± 1.88% ✓ NEW BEST!
[00:29:58 INFO]   Saved best checkpoint: checkpoints_1shot_fsr_ensemble/eurosat_1shot_fsr_best.pth
[00:45:09 INFO] Epoch [ 80/100] Loss: 0.2272 (CE:0.0001, TIT:0.1500, ITI:0.0075, CR:0.0019) Acc: 78.35%
[00:46:22 INFO]   [Eval] Epoch 80: 79.69 ± 1.69%
[01:01:36 INFO] Epoch [ 90/100] Loss: 0.2284 (CE:0.0001, TIT:0.1509, ITI:0.0075, CR:0.0017) Acc: 77.09%
[01:02:47 INFO]   [Eval] Epoch 90: 77.63 ± 1.47%
[01:18:01 INFO] Epoch [100/100] Loss: 0.2184 (CE:0.0001, TIT:0.1443, ITI:0.0068, CR:0.0016) Acc: 78.25%
[01:19:12 INFO]   [Eval] Epoch 100: 79.24 ± 1.61%
[01:19:12 INFO] 
Best Acc: 80.25% at Epoch 70
[01:19:12 INFO] Loaded best checkpoint from epoch 70
[01:20:23 INFO] Final (Feature-SR (28x28)): 78.91 ± 1.52% (n_episodes=100)
[EuroSATDataset] Strict few-shot training enabled. Total training samples: 10 (n_shot=1)

>>> [Baseline] crop_disease (1-shot, current protocol)
[01:20:31 INFO] Device: cuda
[01:20:31 INFO] ============================================================
[01:20:31 INFO] Dataset: crop_disease, n_shot=1, Mode: Baseline (14x14)
[01:20:31 INFO] ============================================================
[01:20:32 INFO] Train: CropDiseaseDataset(split=train, n_classes=38, n_samples=38)
[01:20:32 INFO] Test:  CropDiseaseDataset(split=test, n_classes=38, n_samples=14059)
[01:20:32 INFO] Loading CLIP ViT-B/16...
[01:20:39 INFO] Applying LoRA (r=4, alpha=1.0)...
[01:20:39 INFO] Trainable parameters: 221,184
[01:20:39 INFO] LR Schedule: Linear warmup (5 epochs) + Cosine decay
/var/tmp/cc-cdfsl/train.py:457: FutureWarning: `torch.cuda.amp.GradScaler(args...)` is deprecated. Please use `torch.amp.GradScaler('cuda', args...)` instead.
  scaler = torch.cuda.amp.GradScaler() if device == "cuda" else None
[01:20:39 INFO] FP16 Automatic Mixed Precision (AMP) enabled.
[01:20:39 INFO] Initial evaluation (before training)...
[01:21:15 INFO]   Baseline: 38.69 ± 3.98%
/var/tmp/cc-cdfsl/train.py:213: FutureWarning: `torch.cuda.amp.autocast(args...)` is deprecated. Please use `torch.amp.autocast('cuda', args...)` instead.
  with torch.cuda.amp.autocast(enabled=(scaler is not None)):
[01:22:40 INFO] Epoch [  1/100] Loss: 3.0468 (CE:2.5021, TIT:0.0717, ITI:0.3153) Acc: 38.37%
[01:35:09 INFO] Epoch [ 10/100] Loss: 0.6713 (CE:0.1705, TIT:0.0501, ITI:0.3004) Acc: 71.71%
[01:36:19 INFO]   [Eval] Epoch 10: 71.85 ± 2.43% ✓ NEW BEST!
[01:36:19 INFO]   Saved best checkpoint: checkpoints_1shot_baseline/crop_disease_1shot_best.pth
[01:50:06 INFO] Epoch [ 20/100] Loss: 0.4215 (CE:0.0227, TIT:0.0493, ITI:0.2330) Acc: 77.25%
[01:51:15 INFO]   [Eval] Epoch 20: 77.21 ± 1.98% ✓ NEW BEST!
[01:51:15 INFO]   Saved best checkpoint: checkpoints_1shot_baseline/crop_disease_1shot_best.pth
[02:05:03 INFO] Epoch [ 30/100] Loss: 0.2838 (CE:0.0035, TIT:0.0872, ITI:0.1287) Acc: 75.87%
[02:06:13 INFO]   [Eval] Epoch 30: 77.64 ± 2.24% ✓ NEW BEST!
[02:06:13 INFO]   Saved best checkpoint: checkpoints_1shot_baseline/crop_disease_1shot_best.pth
[02:19:59 INFO] Epoch [ 40/100] Loss: 0.2504 (CE:0.0023, TIT:0.1185, ITI:0.0864) Acc: 77.27%
[02:21:09 INFO]   [Eval] Epoch 40: 76.36 ± 2.10%
[02:34:54 INFO] Epoch [ 50/100] Loss: 0.2261 (CE:0.0016, TIT:0.1514, ITI:0.0487) Acc: 74.68%
[02:36:05 INFO]   [Eval] Epoch 50: 75.08 ± 2.24%
[02:49:52 INFO] Epoch [ 60/100] Loss: 0.2245 (CE:0.0010, TIT:0.1707, ITI:0.0351) Acc: 75.23%
[02:51:02 INFO]   [Eval] Epoch 60: 74.28 ± 2.29%
[03:04:47 INFO] Epoch [ 70/100] Loss: 0.2207 (CE:0.0013, TIT:0.1716, ITI:0.0319) Acc: 74.21%
[03:05:58 INFO]   [Eval] Epoch 70: 73.45 ± 2.02%
[03:19:44 INFO] Epoch [ 80/100] Loss: 0.2187 (CE:0.0008, TIT:0.1841, ITI:0.0225) Acc: 73.01%
[03:20:53 INFO]   [Eval] Epoch 80: 75.24 ± 2.11%
[03:34:39 INFO] Epoch [ 90/100] Loss: 0.2311 (CE:0.0010, TIT:0.1973, ITI:0.0219) Acc: 73.05%
[03:35:48 INFO]   [Eval] Epoch 90: 74.32 ± 2.07%
[03:49:36 INFO] Epoch [100/100] Loss: 0.2337 (CE:0.0006, TIT:0.1984, ITI:0.0231) Acc: 73.95%
[03:50:46 INFO]   [Eval] Epoch 100: 73.11 ± 2.14%
[03:50:46 INFO] 
Best Acc: 77.64% at Epoch 30
[03:50:46 INFO] Loaded best checkpoint from epoch 30
[03:51:55 INFO] Final (Baseline (14x14)): 77.89 ± 1.90% (n_episodes=100)
[CropDiseases] 使用路徑：data/CropDiseases/New Plant Diseases Dataset(Augmented)/New Plant Diseases Dataset(Augmented)/train
[CropDiseaseDataset] Strict few-shot training enabled. Total training samples: 38 (n_shot=1)
[CropDiseases] 使用路徑：data/CropDiseases/New Plant Diseases Dataset(Augmented)/New Plant Diseases Dataset(Augmented)/train

>>> [Ensemble-only] crop_disease (1-shot)
[03:52:02 INFO] Device: cuda
[03:52:02 INFO] ============================================================
[03:52:02 INFO] Dataset: crop_disease, n_shot=1, Mode: Baseline (14x14)
[03:52:02 INFO] ============================================================
[03:52:02 INFO] Train: CropDiseaseDataset(split=train, n_classes=38, n_samples=38)
[03:52:02 INFO] Test:  CropDiseaseDataset(split=test, n_classes=38, n_samples=14059)
[03:52:02 INFO] Loading CLIP ViT-B/16...
[03:52:05 INFO] Applying LoRA (r=4, alpha=1.0)...
[03:52:05 INFO] Trainable parameters: 221,184
[03:52:05 INFO] LR Schedule: Linear warmup (5 epochs) + Cosine decay
/var/tmp/cc-cdfsl/train.py:457: FutureWarning: `torch.cuda.amp.GradScaler(args...)` is deprecated. Please use `torch.amp.GradScaler('cuda', args...)` instead.
  scaler = torch.cuda.amp.GradScaler() if device == "cuda" else None
[03:52:05 INFO] FP16 Automatic Mixed Precision (AMP) enabled.
[03:52:05 INFO] Initial evaluation (before training)...
[03:52:39 INFO]   Baseline: 42.75 ± 4.19%
/var/tmp/cc-cdfsl/train.py:213: FutureWarning: `torch.cuda.amp.autocast(args...)` is deprecated. Please use `torch.amp.autocast('cuda', args...)` instead.
  with torch.cuda.amp.autocast(enabled=(scaler is not None)):
[03:54:08 INFO] Epoch [  1/100] Loss: 1.5703 (CE:1.0263, TIT:0.0579, ITI:0.3241) Acc: 58.39%
[04:07:20 INFO] Epoch [ 10/100] Loss: 0.5507 (CE:0.1204, TIT:0.0232, ITI:0.2714) Acc: 78.11%
[04:08:36 INFO]   [Eval] Epoch 10: 80.05 ± 2.19% ✓ NEW BEST!
[04:08:36 INFO]   Saved best checkpoint: checkpoints_1shot_ensemble/crop_disease_1shot_best.pth
[04:23:18 INFO] Epoch [ 20/100] Loss: 0.2965 (CE:0.0206, TIT:0.0215, ITI:0.1696) Acc: 78.76%
[04:24:33 INFO]   [Eval] Epoch 20: 77.23 ± 1.95%
[04:39:14 INFO] Epoch [ 30/100] Loss: 0.2012 (CE:0.0119, TIT:0.0436, ITI:0.0972) Acc: 78.49%
[04:40:29 INFO]   [Eval] Epoch 30: 76.96 ± 2.26%
[04:55:11 INFO] Epoch [ 40/100] Loss: 0.1681 (CE:0.0070, TIT:0.0622, ITI:0.0659) Acc: 76.93%
[04:56:27 INFO]   [Eval] Epoch 40: 74.65 ± 2.07%
[05:11:08 INFO] Epoch [ 50/100] Loss: 0.1479 (CE:0.0033, TIT:0.0764, ITI:0.0455) Acc: 74.68%
[05:12:22 INFO]   [Eval] Epoch 50: 74.56 ± 2.24%
[05:27:03 INFO] Epoch [ 60/100] Loss: 0.1313 (CE:0.0033, TIT:0.0803, ITI:0.0318) Acc: 76.25%
[05:28:17 INFO]   [Eval] Epoch 60: 75.84 ± 2.30%
[05:42:58 INFO] Epoch [ 70/100] Loss: 0.1107 (CE:0.0024, TIT:0.0711, ITI:0.0248) Acc: 74.63%
[05:44:14 INFO]   [Eval] Epoch 70: 74.09 ± 2.16%
[05:58:55 INFO] Epoch [ 80/100] Loss: 0.1107 (CE:0.0019, TIT:0.0786, ITI:0.0202) Acc: 73.68%
[06:00:09 INFO]   [Eval] Epoch 80: 74.20 ± 2.26%
[06:14:50 INFO] Epoch [ 90/100] Loss: 0.1172 (CE:0.0021, TIT:0.0837, ITI:0.0209) Acc: 73.80%
[06:16:05 INFO]   [Eval] Epoch 90: 72.83 ± 2.07%
[06:30:47 INFO] Epoch [100/100] Loss: 0.1167 (CE:0.0008, TIT:0.0859, ITI:0.0200) Acc: 74.52%
[06:32:03 INFO]   [Eval] Epoch 100: 75.32 ± 2.13%
[06:32:03 INFO] 
Best Acc: 80.05% at Epoch 10
[06:32:04 INFO] Loaded best checkpoint from epoch 10
[06:33:18 INFO] Final (Baseline (14x14)): 78.64 ± 2.27% (n_episodes=100)
[CropDiseases] 使用路徑：data/CropDiseases/New Plant Diseases Dataset(Augmented)/New Plant Diseases Dataset(Augmented)/train
[CropDiseaseDataset] Strict few-shot training enabled. Total training samples: 38 (n_shot=1)
[CropDiseases] 使用路徑：data/CropDiseases/New Plant Diseases Dataset(Augmented)/New Plant Diseases Dataset(Augmented)/train

>>> [Feature-SR + Ensemble] crop_disease (1-shot)
[06:33:26 INFO] Device: cuda
[06:33:26 INFO] ============================================================
[06:33:26 INFO] Dataset: crop_disease, n_shot=1, Mode: Feature-SR (28x28)
[06:33:26 INFO] ============================================================
[06:33:27 INFO] Train: CropDiseaseDataset(split=train, n_classes=38, n_samples=38)
[06:33:27 INFO] Test:  CropDiseaseDataset(split=test, n_classes=38, n_samples=14059)
[06:33:27 INFO] Loading CLIP ViT-B/16...
[06:33:35 INFO] Applying LoRA (r=4, alpha=1.0)...
[06:33:35 INFO] Initializing Feature SR Module (scale=2, 14x14 -> 28x28)...
[06:33:35 INFO] Trainable parameters: 10,350,592
[06:33:35 INFO] LR Schedule: Linear warmup (5 epochs) + Cosine decay
/var/tmp/cc-cdfsl/train.py:457: FutureWarning: `torch.cuda.amp.GradScaler(args...)` is deprecated. Please use `torch.amp.GradScaler('cuda', args...)` instead.
  scaler = torch.cuda.amp.GradScaler() if device == "cuda" else None
[06:33:35 INFO] FP16 Automatic Mixed Precision (AMP) enabled.
[06:33:35 INFO] Initial evaluation (before training)...
[06:34:11 INFO]   Baseline: 39.52 ± 3.51%
/var/tmp/cc-cdfsl/train.py:213: FutureWarning: `torch.cuda.amp.autocast(args...)` is deprecated. Please use `torch.amp.autocast('cuda', args...)` instead.
  with torch.cuda.amp.autocast(enabled=(scaler is not None)):
[06:35:47 INFO] Epoch [  1/100] Loss: 1.7136 (CE:1.0212, TIT:0.0969, ITI:0.2049, CR:0.9602) Acc: 55.89%
[06:50:04 INFO] Epoch [ 10/100] Loss: 0.2916 (CE:0.1319, TIT:0.1164, ITI:0.0073, CR:0.1075) Acc: 78.97%
[06:51:19 INFO]   [Eval] Epoch 10: 79.40 ± 2.36% ✓ NEW BEST!
[06:51:20 INFO]   Saved best checkpoint: checkpoints_1shot_fsr_ensemble/crop_disease_1shot_fsr_best.pth
[07:07:11 INFO] Epoch [ 20/100] Loss: 0.1569 (CE:0.0299, TIT:0.1133, ITI:0.0021, CR:0.0354) Acc: 80.71%
[07:08:28 INFO]   [Eval] Epoch 20: 78.25 ± 2.15%
[07:24:21 INFO] Epoch [ 30/100] Loss: 0.1357 (CE:0.0145, TIT:0.1147, ITI:0.0014, CR:0.0147) Acc: 78.05%
[07:25:36 INFO]   [Eval] Epoch 30: 77.35 ± 2.35%
[07:41:29 INFO] Epoch [ 40/100] Loss: 0.1220 (CE:0.0038, TIT:0.1140, ITI:0.0009, CR:0.0094) Acc: 76.08%
[07:42:46 INFO]   [Eval] Epoch 40: 76.77 ± 2.31%
[07:58:39 INFO] Epoch [ 50/100] Loss: 0.1275 (CE:0.0070, TIT:0.1182, ITI:0.0007, CR:0.0042) Acc: 75.13%
[07:59:53 INFO]   [Eval] Epoch 50: 76.95 ± 2.25%
[08:15:47 INFO] Epoch [ 60/100] Loss: 0.1224 (CE:0.0036, TIT:0.1170, ITI:0.0006, CR:0.0030) Acc: 74.76%
[08:17:02 INFO]   [Eval] Epoch 60: 76.71 ± 2.27%
[08:32:54 INFO] Epoch [ 70/100] Loss: 0.1200 (CE:0.0031, TIT:0.1152, ITI:0.0006, CR:0.0024) Acc: 76.04%
[08:34:09 INFO]   [Eval] Epoch 70: 75.87 ± 1.92%
[08:50:02 INFO] Epoch [ 80/100] Loss: 0.1205 (CE:0.0013, TIT:0.1177, ITI:0.0006, CR:0.0021) Acc: 75.51%
[08:51:17 INFO]   [Eval] Epoch 80: 75.79 ± 2.18%
[09:07:10 INFO] Epoch [ 90/100] Loss: 0.1207 (CE:0.0017, TIT:0.1176, ITI:0.0006, CR:0.0019) Acc: 74.87%
[09:08:27 INFO]   [Eval] Epoch 90: 74.40 ± 2.13%
[09:24:20 INFO] Epoch [100/100] Loss: 0.1207 (CE:0.0013, TIT:0.1179, ITI:0.0006, CR:0.0018) Acc: 76.04%
[09:25:35 INFO]   [Eval] Epoch 100: 75.47 ± 2.13%
[09:25:35 INFO] 
Best Acc: 79.40% at Epoch 10
[09:25:35 INFO] Loaded best checkpoint from epoch 10
[09:26:51 INFO] Final (Feature-SR (28x28)): 80.75 ± 2.20% (n_episodes=100)
[CropDiseases] 使用路徑：data/CropDiseases/New Plant Diseases Dataset(Augmented)/New Plant Diseases Dataset(Augmented)/train
[CropDiseaseDataset] Strict few-shot training enabled. Total training samples: 38 (n_shot=1)
[CropDiseases] 使用路徑：data/CropDiseases/New Plant Diseases Dataset(Augmented)/New Plant Diseases Dataset(Augmented)/train

>>> [Baseline] isic (1-shot, current protocol)
[09:26:59 INFO] Device: cuda
[09:26:59 INFO] ============================================================
[09:26:59 INFO] Dataset: isic, n_shot=1, Mode: Baseline (14x14)
[09:26:59 INFO] ============================================================
[09:26:59 INFO] Train: ISICDataset(split=train, n_classes=7, n_samples=7)
[09:26:59 INFO] Test:  ISICDataset(split=test, n_classes=7, n_samples=2003)
[09:26:59 INFO] Loading CLIP ViT-B/16...
[09:27:10 INFO] Applying LoRA (r=4, alpha=1.0)...
[09:27:10 INFO] Trainable parameters: 221,184
[09:27:10 INFO] LR Schedule: Linear warmup (5 epochs) + Cosine decay
/var/tmp/cc-cdfsl/train.py:457: FutureWarning: `torch.cuda.amp.GradScaler(args...)` is deprecated. Please use `torch.amp.GradScaler('cuda', args...)` instead.
  scaler = torch.cuda.amp.GradScaler() if device == "cuda" else None
[09:27:10 INFO] FP16 Automatic Mixed Precision (AMP) enabled.
[09:27:10 INFO] Initial evaluation (before training)...
[09:28:03 INFO]   Baseline: 20.67 ± 0.66%
/var/tmp/cc-cdfsl/train.py:213: FutureWarning: `torch.cuda.amp.autocast(args...)` is deprecated. Please use `torch.amp.autocast('cuda', args...)` instead.
  with torch.cuda.amp.autocast(enabled=(scaler is not None)):
[09:29:55 INFO] Epoch [  1/100] Loss: 3.8937 (CE:3.4094, TIT:0.0493, ITI:0.1682) Acc: 20.59%
[09:46:52 INFO] Epoch [ 10/100] Loss: 0.4178 (CE:0.0092, TIT:0.0393, ITI:0.1454) Acc: 28.01%
[09:48:32 INFO]   [Eval] Epoch 10: 29.03 ± 1.29% ✓ NEW BEST!
[09:48:32 INFO]   Saved best checkpoint: checkpoints_1shot_baseline/isic_1shot_best.pth
[10:07:19 INFO] Epoch [ 20/100] Loss: 0.2471 (CE:0.0011, TIT:0.0384, ITI:0.0653) Acc: 28.40%
[10:09:01 INFO]   [Eval] Epoch 20: 29.09 ± 1.01% ✓ NEW BEST!
[10:09:01 INFO]   Saved best checkpoint: checkpoints_1shot_baseline/isic_1shot_best.pth
[10:27:52 INFO] Epoch [ 30/100] Loss: 0.2722 (CE:0.0004, TIT:0.0607, ITI:0.0449) Acc: 28.89%
[10:29:35 INFO]   [Eval] Epoch 30: 29.17 ± 1.09% ✓ NEW BEST!
[10:29:35 INFO]   Saved best checkpoint: checkpoints_1shot_baseline/isic_1shot_best.pth
[10:48:24 INFO] Epoch [ 40/100] Loss: 0.2739 (CE:0.0003, TIT:0.0642, ITI:0.0405) Acc: 27.97%
[10:50:07 INFO]   [Eval] Epoch 40: 28.16 ± 1.06%
[11:08:53 INFO] Epoch [ 50/100] Loss: 0.3601 (CE:0.0003, TIT:0.0936, ITI:0.0395) Acc: 28.31%
[11:10:33 INFO]   [Eval] Epoch 50: 28.81 ± 1.02%
[11:29:23 INFO] Epoch [ 60/100] Loss: 0.3406 (CE:0.0002, TIT:0.0962, ITI:0.0260) Acc: 31.49%
[11:31:04 INFO]   [Eval] Epoch 60: 30.36 ± 1.00% ✓ NEW BEST!
[11:31:04 INFO]   Saved best checkpoint: checkpoints_1shot_baseline/isic_1shot_best.pth
[11:49:51 INFO] Epoch [ 70/100] Loss: 0.3386 (CE:0.0002, TIT:0.0989, ITI:0.0208) Acc: 31.79%
[11:51:31 INFO]   [Eval] Epoch 70: 32.56 ± 1.11% ✓ NEW BEST!
[11:51:31 INFO]   Saved best checkpoint: checkpoints_1shot_baseline/isic_1shot_best.pth
[12:10:16 INFO] Epoch [ 80/100] Loss: 0.3348 (CE:0.0001, TIT:0.0994, ITI:0.0183) Acc: 31.31%
[12:11:57 INFO]   [Eval] Epoch 80: 30.73 ± 1.03%
[12:30:43 INFO] Epoch [ 90/100] Loss: 0.3298 (CE:0.0001, TIT:0.0983, ITI:0.0174) Acc: 31.37%
[12:32:24 INFO]   [Eval] Epoch 90: 31.44 ± 1.03%
[12:51:10 INFO] Epoch [100/100] Loss: 0.3325 (CE:0.0001, TIT:0.0990, ITI:0.0177) Acc: 31.93%
[12:52:49 INFO]   [Eval] Epoch 100: 31.63 ± 1.04%
[12:52:49 INFO] 
Best Acc: 32.56% at Epoch 70
[12:52:49 INFO] Loaded best checkpoint from epoch 70
[12:54:29 INFO] Final (Baseline (14x14)): 32.79 ± 0.98% (n_episodes=100)
[ISICDataset] Strict few-shot training enabled. Total training samples: 7 (n_shot=1)

>>> [Ensemble-only] isic (1-shot)
[12:54:43 INFO] Device: cuda
[12:54:43 INFO] ============================================================
[12:54:43 INFO] Dataset: isic, n_shot=1, Mode: Baseline (14x14)
[12:54:43 INFO] ============================================================
[12:54:43 INFO] Train: ISICDataset(split=train, n_classes=7, n_samples=7)
[12:54:43 INFO] Test:  ISICDataset(split=test, n_classes=7, n_samples=2003)
[12:54:43 INFO] Loading CLIP ViT-B/16...
[12:54:52 INFO] Applying LoRA (r=4, alpha=1.0)...
[12:54:52 INFO] Trainable parameters: 221,184
[12:54:52 INFO] LR Schedule: Linear warmup (5 epochs) + Cosine decay
/var/tmp/cc-cdfsl/train.py:457: FutureWarning: `torch.cuda.amp.GradScaler(args...)` is deprecated. Please use `torch.amp.GradScaler('cuda', args...)` instead.
  scaler = torch.cuda.amp.GradScaler() if device == "cuda" else None
[12:54:52 INFO] FP16 Automatic Mixed Precision (AMP) enabled.
[12:54:52 INFO] Initial evaluation (before training)...
[12:55:43 INFO]   Baseline: 20.91 ± 0.58%
/var/tmp/cc-cdfsl/train.py:213: FutureWarning: `torch.cuda.amp.autocast(args...)` is deprecated. Please use `torch.amp.autocast('cuda', args...)` instead.
  with torch.cuda.amp.autocast(enabled=(scaler is not None)):
[12:57:40 INFO] Epoch [  1/100] Loss: 2.3285 (CE:1.4488, TIT:0.0604, ITI:0.3493) Acc: 24.64%
[13:15:30 INFO] Epoch [ 10/100] Loss: 0.6643 (CE:0.0133, TIT:0.0464, ITI:0.2559) Acc: 33.73%
[13:17:17 INFO]   [Eval] Epoch 10: 33.09 ± 1.19% ✓ NEW BEST!
[13:17:17 INFO]   Saved best checkpoint: checkpoints_1shot_ensemble/isic_1shot_best.pth
[13:36:56 INFO] Epoch [ 20/100] Loss: 0.2752 (CE:0.0028, TIT:0.0374, ITI:0.0801) Acc: 32.92%
[13:38:41 INFO]   [Eval] Epoch 20: 33.08 ± 1.03%
[13:58:19 INFO] Epoch [ 30/100] Loss: 0.2122 (CE:0.0010, TIT:0.0462, ITI:0.0363) Acc: 32.72%
[14:00:06 INFO]   [Eval] Epoch 30: 32.95 ± 1.23%
[14:19:41 INFO] Epoch [ 40/100] Loss: 0.1885 (CE:0.0005, TIT:0.0477, ITI:0.0225) Acc: 31.84%
[14:21:26 INFO]   [Eval] Epoch 40: 32.60 ± 1.06%
[14:41:02 INFO] Epoch [ 50/100] Loss: 0.2058 (CE:0.0004, TIT:0.0586, ITI:0.0148) Acc: 33.77%
[14:42:48 INFO]   [Eval] Epoch 50: 32.79 ± 1.24%
[15:02:25 INFO] Epoch [ 60/100] Loss: 0.2115 (CE:0.0002, TIT:0.0635, ITI:0.0104) Acc: 34.95%
[15:04:09 INFO]   [Eval] Epoch 60: 34.77 ± 1.06% ✓ NEW BEST!
[15:04:09 INFO]   Saved best checkpoint: checkpoints_1shot_ensemble/isic_1shot_best.pth
[15:23:43 INFO] Epoch [ 70/100] Loss: 0.2242 (CE:0.0002, TIT:0.0687, ITI:0.0090) Acc: 35.61%
[15:25:27 INFO]   [Eval] Epoch 70: 35.01 ± 1.20% ✓ NEW BEST!
[15:25:28 INFO]   Saved best checkpoint: checkpoints_1shot_ensemble/isic_1shot_best.pth
[15:45:05 INFO] Epoch [ 80/100] Loss: 0.2242 (CE:0.0002, TIT:0.0693, ITI:0.0080) Acc: 34.80%
[15:46:50 INFO]   [Eval] Epoch 80: 35.32 ± 1.24% ✓ NEW BEST!
[15:46:50 INFO]   Saved best checkpoint: checkpoints_1shot_ensemble/isic_1shot_best.pth
[16:06:36 INFO] Epoch [ 90/100] Loss: 0.2240 (CE:0.0002, TIT:0.0690, ITI:0.0084) Acc: 36.19%
[16:08:25 INFO]   [Eval] Epoch 90: 35.77 ± 1.13% ✓ NEW BEST!
[16:08:26 INFO]   Saved best checkpoint: checkpoints_1shot_ensemble/isic_1shot_best.pth
[16:28:35 INFO] Epoch [100/100] Loss: 0.2222 (CE:0.0002, TIT:0.0685, ITI:0.0082) Acc: 35.40%
[16:30:21 INFO]   [Eval] Epoch 100: 36.07 ± 1.37% ✓ NEW BEST!
[16:30:22 INFO]   Saved best checkpoint: checkpoints_1shot_ensemble/isic_1shot_best.pth
[16:30:22 INFO] 
Best Acc: 36.07% at Epoch 100
[16:30:22 INFO] Loaded best checkpoint from epoch 100
[16:32:10 INFO] Final (Baseline (14x14)): 34.73 ± 1.10% (n_episodes=100)
[ISICDataset] Strict few-shot training enabled. Total training samples: 7 (n_shot=1)

>>> [Feature-SR + Ensemble] isic (1-shot)
[16:32:25 INFO] Device: cuda
[16:32:25 INFO] ============================================================
[16:32:25 INFO] Dataset: isic, n_shot=1, Mode: Feature-SR (28x28)
[16:32:25 INFO] ============================================================
[16:32:25 INFO] Train: ISICDataset(split=train, n_classes=7, n_samples=7)
[16:32:25 INFO] Test:  ISICDataset(split=test, n_classes=7, n_samples=2003)
[16:32:25 INFO] Loading CLIP ViT-B/16...
[16:32:40 INFO] Applying LoRA (r=4, alpha=1.0)...
[16:32:40 INFO] Initializing Feature SR Module (scale=2, 14x14 -> 28x28)...
[16:32:40 INFO] Trainable parameters: 10,350,592
[16:32:40 INFO] LR Schedule: Linear warmup (5 epochs) + Cosine decay
/var/tmp/cc-cdfsl/train.py:457: FutureWarning: `torch.cuda.amp.GradScaler(args...)` is deprecated. Please use `torch.amp.GradScaler('cuda', args...)` instead.
  scaler = torch.cuda.amp.GradScaler() if device == "cuda" else None
[16:32:40 INFO] FP16 Automatic Mixed Precision (AMP) enabled.
[16:32:40 INFO] Initial evaluation (before training)...
[16:33:36 INFO]   Baseline: 20.27 ± 0.63%
/var/tmp/cc-cdfsl/train.py:213: FutureWarning: `torch.cuda.amp.autocast(args...)` is deprecated. Please use `torch.amp.autocast('cuda', args...)` instead.
  with torch.cuda.amp.autocast(enabled=(scaler is not None)):
[16:35:53 INFO] Epoch [  1/100] Loss: 2.3810 (CE:1.4689, TIT:0.0654, ITI:0.2120, CR:0.9731) Acc: 24.76%
[16:54:43 INFO] Epoch [ 10/100] Loss: 0.2817 (CE:0.0108, TIT:0.0766, ITI:0.0076, CR:0.0861) Acc: 34.01%
[16:56:29 INFO]   [Eval] Epoch 10: 33.92 ± 1.15% ✓ NEW BEST!
[16:56:30 INFO]   Saved best checkpoint: checkpoints_1shot_fsr_ensemble/isic_1shot_fsr_best.pth
[17:17:12 INFO] Epoch [ 20/100] Loss: 0.2456 (CE:0.0015, TIT:0.0786, ITI:0.0016, CR:0.0173) Acc: 32.65%
[17:19:00 INFO]   [Eval] Epoch 20: 32.28 ± 0.89%
[17:40:24 INFO] Epoch [ 30/100] Loss: 0.2361 (CE:0.0006, TIT:0.0773, ITI:0.0008, CR:0.0069) Acc: 32.88%
[17:42:10 INFO]   [Eval] Epoch 30: 33.93 ± 1.13% ✓ NEW BEST!
[17:42:12 INFO]   Saved best checkpoint: checkpoints_1shot_fsr_ensemble/isic_1shot_fsr_best.pth
[18:02:57 INFO] Epoch [ 40/100] Loss: 0.2373 (CE:0.0003, TIT:0.0782, ITI:0.0006, CR:0.0038) Acc: 33.29%
[18:04:44 INFO]   [Eval] Epoch 40: 33.12 ± 1.01%
[18:25:49 INFO] Epoch [ 50/100] Loss: 0.2258 (CE:0.0002, TIT:0.0746, ITI:0.0005, CR:0.0025) Acc: 32.69%
[18:27:41 INFO]   [Eval] Epoch 50: 32.51 ± 1.10%
[18:48:35 INFO] Epoch [ 60/100] Loss: 0.2256 (CE:0.0002, TIT:0.0747, ITI:0.0004, CR:0.0018) Acc: 32.97%
[18:50:20 INFO]   [Eval] Epoch 60: 32.67 ± 1.18%
[19:11:07 INFO] Epoch [ 70/100] Loss: 0.2243 (CE:0.0002, TIT:0.0743, ITI:0.0004, CR:0.0014) Acc: 33.35%
[19:12:55 INFO]   [Eval] Epoch 70: 32.40 ± 1.12%
[19:33:45 INFO] Epoch [ 80/100] Loss: 0.2277 (CE:0.0001, TIT:0.0755, ITI:0.0004, CR:0.0012) Acc: 34.45%
[19:35:30 INFO]   [Eval] Epoch 80: 33.44 ± 1.23%
[19:56:21 INFO] Epoch [ 90/100] Loss: 0.2259 (CE:0.0001, TIT:0.0749, ITI:0.0004, CR:0.0011) Acc: 34.09%
[19:58:06 INFO]   [Eval] Epoch 90: 33.55 ± 1.28%
[20:19:00 INFO] Epoch [100/100] Loss: 0.2228 (CE:0.0001, TIT:0.0738, ITI:0.0004, CR:0.0011) Acc: 35.31%
[20:20:46 INFO]   [Eval] Epoch 100: 34.11 ± 1.20% ✓ NEW BEST!
[20:20:48 INFO]   Saved best checkpoint: checkpoints_1shot_fsr_ensemble/isic_1shot_fsr_best.pth
[20:20:48 INFO] 
Best Acc: 34.11% at Epoch 100
[20:20:48 INFO] Loaded best checkpoint from epoch 100
[20:22:34 INFO] Final (Feature-SR (28x28)): 34.59 ± 1.11% (n_episodes=100)
[ISICDataset] Strict few-shot training enabled. Total training samples: 7 (n_shot=1)

>>> [Baseline] chestx (1-shot, current protocol)
[20:22:53 INFO] Device: cuda
[20:22:53 INFO] ============================================================
[20:22:53 INFO] Dataset: chestx, n_shot=1, Mode: Baseline (14x14)
[20:22:53 INFO] ============================================================
[20:22:58 INFO] Train: ChestXDataset(split=train, n_classes=7, n_samples=7)
[20:22:58 INFO] Test:  ChestXDataset(split=test, n_classes=7, n_samples=6268)
[20:22:58 INFO] Loading CLIP ViT-B/16...
[20:23:13 INFO] Applying LoRA (r=4, alpha=1.0)...
[20:23:13 INFO] Trainable parameters: 221,184
[20:23:13 INFO] LR Schedule: Linear warmup (5 epochs) + Cosine decay
/var/tmp/cc-cdfsl/train.py:457: FutureWarning: `torch.cuda.amp.GradScaler(args...)` is deprecated. Please use `torch.amp.GradScaler('cuda', args...)` instead.
  scaler = torch.cuda.amp.GradScaler() if device == "cuda" else None
[20:23:13 INFO] FP16 Automatic Mixed Precision (AMP) enabled.
[20:23:13 INFO] Initial evaluation (before training)...
[20:24:41 INFO]   Baseline: 21.20 ± 0.76%
/var/tmp/cc-cdfsl/train.py:213: FutureWarning: `torch.cuda.amp.autocast(args...)` is deprecated. Please use `torch.amp.autocast('cuda', args...)` instead.
  with torch.cuda.amp.autocast(enabled=(scaler is not None)):
[20:27:59 INFO] Epoch [  1/100] Loss: 5.8250 (CE:5.4820, TIT:0.0861, ITI:0.1698) Acc: 21.15%
[20:55:45 INFO] Epoch [ 10/100] Loss: 0.3075 (CE:0.0057, TIT:0.0549, ITI:0.2740) Acc: 21.49%
[20:58:40 INFO]   [Eval] Epoch 10: 21.11 ± 0.85% ✓ NEW BEST!
[20:58:40 INFO]   Saved best checkpoint: checkpoints_1shot_baseline/chestx_1shot_best.pth
[21:29:30 INFO] Epoch [ 20/100] Loss: 0.2770 (CE:0.0014, TIT:0.0627, ITI:0.1750) Acc: 20.55%
[21:32:23 INFO]   [Eval] Epoch 20: 20.64 ± 0.78%
[22:03:15 INFO] Epoch [ 30/100] Loss: 0.2480 (CE:0.0006, TIT:0.0642, ITI:0.1097) Acc: 20.69%
[22:06:08 INFO]   [Eval] Epoch 30: 20.15 ± 0.82%
[22:37:25 INFO] Epoch [ 40/100] Loss: 0.3274 (CE:0.0004, TIT:0.0950, ITI:0.0841) Acc: 20.47%
[22:40:28 INFO]   [Eval] Epoch 40: 21.28 ± 0.81% ✓ NEW BEST!
[22:40:29 INFO]   Saved best checkpoint: checkpoints_1shot_baseline/chestx_1shot_best.pth
[23:12:10 INFO] Epoch [ 50/100] Loss: 0.5268 (CE:0.0002, TIT:0.1650, ITI:0.0633) Acc: 20.77%
[23:15:03 INFO]   [Eval] Epoch 50: 20.60 ± 0.71%
[23:45:55 INFO] Epoch [ 60/100] Loss: 0.5040 (CE:0.0002, TIT:0.1600, ITI:0.0477) Acc: 19.75%
[23:48:49 INFO]   [Eval] Epoch 60: 21.43 ± 0.73% ✓ NEW BEST!
[23:48:50 INFO]   Saved best checkpoint: checkpoints_1shot_baseline/chestx_1shot_best.pth
[00:19:43 INFO] Epoch [ 70/100] Loss: 0.5258 (CE:0.0002, TIT:0.1667, ITI:0.0507) Acc: 20.32%
[00:22:38 INFO]   [Eval] Epoch 70: 20.69 ± 0.84%
[00:53:28 INFO] Epoch [ 80/100] Loss: 0.5334 (CE:0.0001, TIT:0.1707, ITI:0.0420) Acc: 20.47%
[00:56:21 INFO]   [Eval] Epoch 80: 21.85 ± 0.82% ✓ NEW BEST!
[00:56:21 INFO]   Saved best checkpoint: checkpoints_1shot_baseline/chestx_1shot_best.pth
[01:27:20 INFO] Epoch [ 90/100] Loss: 0.5349 (CE:0.0001, TIT:0.1715, ITI:0.0405) Acc: 20.55%
[01:30:13 INFO]   [Eval] Epoch 90: 21.03 ± 0.89%
[02:01:04 INFO] Epoch [100/100] Loss: 0.5294 (CE:0.0001, TIT:0.1695, ITI:0.0416) Acc: 20.56%
[02:03:59 INFO]   [Eval] Epoch 100: 20.96 ± 0.80%
[02:03:59 INFO] 
Best Acc: 21.85% at Epoch 80
[02:03:59 INFO] Loaded best checkpoint from epoch 80
[02:06:52 INFO] Final (Baseline (14x14)): 20.81 ± 0.96% (n_episodes=100)
[ChestXDataset] Strict few-shot training enabled. Total training samples: 7 (n_shot=1)

>>> [Ensemble-only] chestx (1-shot)
[02:07:12 INFO] Device: cuda
[02:07:12 INFO] ============================================================
[02:07:12 INFO] Dataset: chestx, n_shot=1, Mode: Baseline (14x14)
[02:07:12 INFO] ============================================================
[02:07:14 INFO] Train: ChestXDataset(split=train, n_classes=7, n_samples=7)
[02:07:14 INFO] Test:  ChestXDataset(split=test, n_classes=7, n_samples=6268)
[02:07:14 INFO] Loading CLIP ViT-B/16...
[02:07:25 INFO] Applying LoRA (r=4, alpha=1.0)...
[02:07:25 INFO] Trainable parameters: 221,184
[02:07:25 INFO] LR Schedule: Linear warmup (5 epochs) + Cosine decay
/var/tmp/cc-cdfsl/train.py:457: FutureWarning: `torch.cuda.amp.GradScaler(args...)` is deprecated. Please use `torch.amp.GradScaler('cuda', args...)` instead.
  scaler = torch.cuda.amp.GradScaler() if device == "cuda" else None
[02:07:25 INFO] FP16 Automatic Mixed Precision (AMP) enabled.
[02:07:25 INFO] Initial evaluation (before training)...
[02:09:01 INFO]   Baseline: 21.36 ± 0.64%
/var/tmp/cc-cdfsl/train.py:213: FutureWarning: `torch.cuda.amp.autocast(args...)` is deprecated. Please use `torch.amp.autocast('cuda', args...)` instead.
  with torch.cuda.amp.autocast(enabled=(scaler is not None)):
[02:12:21 INFO] Epoch [  1/100] Loss: 1.9440 (CE:1.7209, TIT:0.0407, ITI:0.2017) Acc: 19.93%
[02:41:15 INFO] Epoch [ 10/100] Loss: 0.2840 (CE:0.0082, TIT:0.0486, ITI:0.2601) Acc: 21.39%
[02:44:15 INFO]   [Eval] Epoch 10: 22.81 ± 0.87% ✓ NEW BEST!
[02:44:15 INFO]   Saved best checkpoint: checkpoints_1shot_ensemble/chestx_1shot_best.pth
[03:15:47 INFO] Epoch [ 20/100] Loss: 0.1786 (CE:0.0017, TIT:0.0408, ITI:0.1094) Acc: 21.08%
[03:18:45 INFO]   [Eval] Epoch 20: 21.84 ± 0.77%
[03:50:17 INFO] Epoch [ 30/100] Loss: 0.2023 (CE:0.0007, TIT:0.0568, ITI:0.0624) Acc: 20.25%
[03:53:15 INFO]   [Eval] Epoch 30: 20.41 ± 0.78%
[04:24:53 INFO] Epoch [ 40/100] Loss: 0.2055 (CE:0.0004, TIT:0.0609, ITI:0.0448) Acc: 19.97%
[04:27:49 INFO]   [Eval] Epoch 40: 20.08 ± 0.85%
[04:59:23 INFO] Epoch [ 50/100] Loss: 0.2059 (CE:0.0003, TIT:0.0622, ITI:0.0381) Acc: 20.73%
[05:02:19 INFO]   [Eval] Epoch 50: 20.24 ± 0.84%
[05:33:54 INFO] Epoch [ 60/100] Loss: 0.2206 (CE:0.0003, TIT:0.0684, ITI:0.0304) Acc: 19.69%
[05:36:51 INFO]   [Eval] Epoch 60: 19.96 ± 0.92%
[06:08:27 INFO] Epoch [ 70/100] Loss: 0.2223 (CE:0.0002, TIT:0.0693, ITI:0.0285) Acc: 19.83%
[06:11:25 INFO]   [Eval] Epoch 70: 20.15 ± 0.83%
[06:42:59 INFO] Epoch [ 80/100] Loss: 0.2211 (CE:0.0002, TIT:0.0691, ITI:0.0274) Acc: 20.13%
[06:45:57 INFO]   [Eval] Epoch 80: 19.83 ± 0.87%
[07:17:37 INFO] Epoch [ 90/100] Loss: 0.2178 (CE:0.0002, TIT:0.0680, ITI:0.0272) Acc: 21.13%
[07:20:36 INFO]   [Eval] Epoch 90: 20.33 ± 0.90%
[07:52:10 INFO] Epoch [100/100] Loss: 0.2214 (CE:0.0002, TIT:0.0696, ITI:0.0251) Acc: 20.16%
[07:55:08 INFO]   [Eval] Epoch 100: 20.33 ± 0.86%
[07:55:08 INFO] 
Best Acc: 22.81% at Epoch 10
[07:55:10 INFO] Loaded best checkpoint from epoch 10
[07:58:08 INFO] Final (Baseline (14x14)): 22.21 ± 0.99% (n_episodes=100)
[ChestXDataset] Strict few-shot training enabled. Total training samples: 7 (n_shot=1)

>>> [Feature-SR + Ensemble] chestx (1-shot)
[07:58:27 INFO] Device: cuda
[07:58:27 INFO] ============================================================
[07:58:27 INFO] Dataset: chestx, n_shot=1, Mode: Feature-SR (28x28)
[07:58:27 INFO] ============================================================
[07:58:29 INFO] Train: ChestXDataset(split=train, n_classes=7, n_samples=7)
[07:58:29 INFO] Test:  ChestXDataset(split=test, n_classes=7, n_samples=6268)
[07:58:29 INFO] Loading CLIP ViT-B/16...
[07:58:42 INFO] Applying LoRA (r=4, alpha=1.0)...
[07:58:42 INFO] Initializing Feature SR Module (scale=2, 14x14 -> 28x28)...
[07:58:43 INFO] Trainable parameters: 10,350,592
[07:58:43 INFO] LR Schedule: Linear warmup (5 epochs) + Cosine decay
/var/tmp/cc-cdfsl/train.py:457: FutureWarning: `torch.cuda.amp.GradScaler(args...)` is deprecated. Please use `torch.amp.GradScaler('cuda', args...)` instead.
  scaler = torch.cuda.amp.GradScaler() if device == "cuda" else None
[07:58:43 INFO] FP16 Automatic Mixed Precision (AMP) enabled.
[07:58:43 INFO] Initial evaluation (before training)...
[08:00:27 INFO]   Baseline: 20.64 ± 0.66%
/var/tmp/cc-cdfsl/train.py:213: FutureWarning: `torch.cuda.amp.autocast(args...)` is deprecated. Please use `torch.amp.autocast('cuda', args...)` instead.
  with torch.cuda.amp.autocast(enabled=(scaler is not None)):
[08:04:02 INFO] Epoch [  1/100] Loss: 2.2839 (CE:1.7201, TIT:0.0709, ITI:0.1378, CR:0.9406) Acc: 20.37%
[08:33:45 INFO] Epoch [ 10/100] Loss: 0.2250 (CE:0.0083, TIT:0.0661, ITI:0.0103, CR:0.0437) Acc: 21.55%
[08:36:42 INFO]   [Eval] Epoch 10: 21.17 ± 0.94% ✓ NEW BEST!
[08:36:42 INFO]   Saved best checkpoint: checkpoints_1shot_fsr_ensemble/chestx_1shot_fsr_best.pth
[09:09:32 INFO] Epoch [ 20/100] Loss: 0.2095 (CE:0.0014, TIT:0.0677, ITI:0.0034, CR:0.0114) Acc: 21.21%
[09:12:32 INFO]   [Eval] Epoch 20: 21.83 ± 0.94% ✓ NEW BEST!
[09:12:33 INFO]   Saved best checkpoint: checkpoints_1shot_fsr_ensemble/chestx_1shot_fsr_best.pth
[09:45:20 INFO] Epoch [ 30/100] Loss: 0.2068 (CE:0.0006, TIT:0.0678, ITI:0.0021, CR:0.0055) Acc: 20.05%
[09:48:19 INFO]   [Eval] Epoch 30: 20.77 ± 1.01%
[10:21:13 INFO] Epoch [ 40/100] Loss: 0.2081 (CE:0.0004, TIT:0.0687, ITI:0.0016, CR:0.0034) Acc: 21.51%
[10:24:13 INFO]   [Eval] Epoch 40: 20.07 ± 0.94%
[10:56:59 INFO] Epoch [ 50/100] Loss: 0.2083 (CE:0.0003, TIT:0.0689, ITI:0.0012, CR:0.0021) Acc: 20.80%
[10:59:59 INFO]   [Eval] Epoch 50: 20.77 ± 0.86%
[11:32:50 INFO] Epoch [ 60/100] Loss: 0.2108 (CE:0.0002, TIT:0.0699, ITI:0.0012, CR:0.0016) Acc: 20.25%
[11:35:47 INFO]   [Eval] Epoch 60: 20.87 ± 0.94%
[12:08:42 INFO] Epoch [ 70/100] Loss: 0.2100 (CE:0.0002, TIT:0.0696, ITI:0.0011, CR:0.0012) Acc: 20.67%
[12:11:42 INFO]   [Eval] Epoch 70: 21.12 ± 0.97%
[12:44:35 INFO] Epoch [ 80/100] Loss: 0.2066 (CE:0.0002, TIT:0.0685, ITI:0.0010, CR:0.0010) Acc: 19.43%
[12:47:33 INFO]   [Eval] Epoch 80: 20.53 ± 0.94%
[13:21:49 INFO] Epoch [ 90/100] Loss: 0.2157 (CE:0.0002, TIT:0.0716, ITI:0.0010, CR:0.0010) Acc: 20.56%
[13:24:52 INFO]   [Eval] Epoch 90: 21.19 ± 0.86%
[14:00:35 INFO] Epoch [100/100] Loss: 0.2128 (CE:0.0002, TIT:0.0706, ITI:0.0009, CR:0.0009) Acc: 20.25%
[14:03:53 INFO]   [Eval] Epoch 100: 20.44 ± 1.04%
[14:03:53 INFO] 
Best Acc: 21.83% at Epoch 20
[14:03:56 INFO] Loaded best checkpoint from epoch 20
[14:07:10 INFO] Final (Feature-SR (28x28)): 20.99 ± 0.90% (n_episodes=100)
[ChestXDataset] Strict few-shot training enabled. Total training samples: 7 (n_shot=1)

======================================================
 全部完成！結束時間: 2026-09-05 14:07:21
======================================================
