======================================================
 56x56 Feature-SR 解析度實驗（4 資料集）
 開始時間: 2026-09-11 15:03:30
======================================================

>>> [56x56] eurosat
[15:03:32 INFO] Device: cuda
[15:03:32 INFO] ============================================================
[15:03:32 INFO] Dataset: eurosat, n_shot=5, Mode: Feature-SR (56x56)
[15:03:32 INFO] ============================================================
[15:03:32 INFO] Train: EuroSATDataset(split=train, n_classes=10, n_samples=50)
[15:03:32 INFO] Test:  EuroSATDataset(split=test, n_classes=10, n_samples=5400)
[15:03:32 INFO] Loading CLIP ViT-B/16...
[15:03:33 INFO] Applying LoRA (r=4, alpha=1.0)...
[15:03:33 INFO] Initializing Feature SR Module (scale=4, 14x14 -> 56x56)...
[15:03:33 INFO] Trainable parameters: 9,757,696
[15:03:33 INFO] LR Schedule: Cosine decay (no warmup)
/home/ccoliu/FeatureSR/train.py:458: FutureWarning: `torch.cuda.amp.GradScaler(args...)` is deprecated. Please use `torch.amp.GradScaler('cuda', args...)` instead.
  scaler = torch.cuda.amp.GradScaler() if device == "cuda" else None
[15:03:33 INFO] FP16 Automatic Mixed Precision (AMP) enabled.
[15:03:33 INFO] Initial evaluation (before training)...
[15:03:42 INFO]   Baseline: 51.15 ± 3.60%
/home/ccoliu/FeatureSR/train.py:213: FutureWarning: `torch.cuda.amp.autocast(args...)` is deprecated. Please use `torch.amp.autocast('cuda', args...)` instead.
  with torch.cuda.amp.autocast(enabled=(scaler is not None)):
[15:04:21 INFO] Epoch [  1/100] Loss: 0.7901 (CE:0.5843, TIT:0.0743, ITI:0.1471, CR:0.2165) Acc: 68.40%
[15:10:06 INFO] Epoch [ 10/100] Loss: 0.2133 (CE:0.0005, TIT:0.1381, ITI:0.0136, CR:0.0094) Acc: 90.36%
[15:11:20 INFO]   [Eval] Epoch 10: 90.10 ± 0.43% ✓ NEW BEST!
[15:11:20 INFO]   Saved best checkpoint: checkpoints_56x56/eurosat/eurosat_5shot_fsr_best.pth
[15:17:46 INFO] Epoch [ 20/100] Loss: 0.2131 (CE:0.0002, TIT:0.1410, ITI:0.0034, CR:0.0025) Acc: 89.73%
[15:19:00 INFO]   [Eval] Epoch 20: 89.96 ± 0.39%
[15:25:26 INFO] Epoch [ 30/100] Loss: 0.2113 (CE:0.0001, TIT:0.1402, ITI:0.0016, CR:0.0014) Acc: 89.81%
[15:26:40 INFO]   [Eval] Epoch 30: 88.62 ± 0.45%
[15:33:06 INFO] Epoch [ 40/100] Loss: 0.2156 (CE:0.0001, TIT:0.1433, ITI:0.0010, CR:0.0010) Acc: 89.07%
[15:34:20 INFO]   [Eval] Epoch 40: 88.86 ± 0.41%
[15:40:47 INFO] Epoch [ 50/100] Loss: 0.2112 (CE:0.0001, TIT:0.1405, ITI:0.0008, CR:0.0008) Acc: 89.32%
[15:42:00 INFO]   [Eval] Epoch 50: 88.62 ± 0.45%
[15:48:28 INFO] Epoch [ 60/100] Loss: 0.2099 (CE:0.0001, TIT:0.1396, ITI:0.0006, CR:0.0007) Acc: 88.87%
[15:49:40 INFO]   [Eval] Epoch 60: 88.52 ± 0.43%
[15:56:06 INFO] Epoch [ 70/100] Loss: 0.2108 (CE:0.0001, TIT:0.1403, ITI:0.0005, CR:0.0006) Acc: 88.31%
[15:57:19 INFO]   [Eval] Epoch 70: 88.53 ± 0.41%
[16:03:45 INFO] Epoch [ 80/100] Loss: 0.2120 (CE:0.0001, TIT:0.1411, ITI:0.0005, CR:0.0005) Acc: 88.24%
[16:04:58 INFO]   [Eval] Epoch 80: 88.38 ± 0.43%
[16:11:25 INFO] Epoch [ 90/100] Loss: 0.2100 (CE:0.0001, TIT:0.1398, ITI:0.0005, CR:0.0005) Acc: 88.45%
[16:12:38 INFO]   [Eval] Epoch 90: 88.16 ± 0.45%
[16:19:04 INFO] Epoch [100/100] Loss: 0.2128 (CE:0.0001, TIT:0.1416, ITI:0.0005, CR:0.0005) Acc: 88.09%
[16:20:18 INFO]   [Eval] Epoch 100: 88.48 ± 0.41%
[16:20:18 INFO] 
Best Acc: 90.10% at Epoch 10
/home/ccoliu/FeatureSR/train.py:556: FutureWarning: You are using `torch.load` with `weights_only=False` (the current default value), which uses the default pickle module implicitly. It is possible to construct malicious pickle data which will execute arbitrary code during unpickling (See https://github.com/pytorch/pytorch/blob/main/SECURITY.md#untrusted-models for more details). In a future release, the default value for `weights_only` will be flipped to `True`. This limits the functions that could be executed during unpickling. Arbitrary objects will no longer be allowed to be loaded via this mode unless they are explicitly allowlisted by the user via `torch.serialization.add_safe_globals`. We recommend you start setting `weights_only=True` for any use case where you don't have full control of the loaded file. Please open an issue on GitHub for any issues related to this experimental feature.
  ckpt = torch.load(final_ckpt, map_location=device)
[16:20:19 INFO] Loaded best checkpoint from epoch 10
[16:21:31 INFO] Final (Feature-SR (56x56)): 90.54 ± 0.42% (n_episodes=400)
[EuroSATDataset] Strict few-shot training enabled. Total training samples: 50 (n_shot=5)

>>> [56x56] crop_disease
[16:21:32 INFO] Device: cuda
[16:21:32 INFO] ============================================================
[16:21:32 INFO] Dataset: crop_disease, n_shot=5, Mode: Feature-SR (56x56)
[16:21:32 INFO] ============================================================
[16:21:33 INFO] Train: CropDiseaseDataset(split=train, n_classes=38, n_samples=190)
[16:21:33 INFO] Test:  CropDiseaseDataset(split=test, n_classes=38, n_samples=14059)
[16:21:33 INFO] Loading CLIP ViT-B/16...
[16:21:34 INFO] Applying LoRA (r=4, alpha=1.0)...
[16:21:34 INFO] Initializing Feature SR Module (scale=4, 14x14 -> 56x56)...
[16:21:34 INFO] Trainable parameters: 9,757,696
[16:21:34 INFO] LR Schedule: Cosine decay (no warmup)
/home/ccoliu/FeatureSR/train.py:458: FutureWarning: `torch.cuda.amp.GradScaler(args...)` is deprecated. Please use `torch.amp.GradScaler('cuda', args...)` instead.
  scaler = torch.cuda.amp.GradScaler() if device == "cuda" else None
[16:21:34 INFO] FP16 Automatic Mixed Precision (AMP) enabled.
[16:21:34 INFO] Initial evaluation (before training)...
[16:21:45 INFO]   Baseline: 40.53 ± 3.61%
/home/ccoliu/FeatureSR/train.py:213: FutureWarning: `torch.cuda.amp.autocast(args...)` is deprecated. Please use `torch.amp.autocast('cuda', args...)` instead.
  with torch.cuda.amp.autocast(enabled=(scaler is not None)):
[16:22:28 INFO] Epoch [  1/100] Loss: 1.8427 (CE:1.4969, TIT:0.1928, ITI:0.0527, CR:0.2462) Acc: 49.43%
[16:28:53 INFO] Epoch [ 10/100] Loss: 0.2437 (CE:0.0172, TIT:0.2122, ITI:0.0062, CR:0.0162) Acc: 88.85%
[16:30:23 INFO]   [Eval] Epoch 10: 89.35 ± 0.76% ✓ NEW BEST!
[16:30:23 INFO]   Saved best checkpoint: checkpoints_56x56/crop_disease/crop_disease_5shot_fsr_best.pth
[16:37:35 INFO] Epoch [ 20/100] Loss: 0.2262 (CE:0.0038, TIT:0.2182, ITI:0.0013, CR:0.0075) Acc: 90.53%
[16:39:06 INFO]   [Eval] Epoch 20: 90.19 ± 0.63% ✓ NEW BEST!
[16:39:06 INFO]   Saved best checkpoint: checkpoints_56x56/crop_disease/crop_disease_5shot_fsr_best.pth
[16:46:17 INFO] Epoch [ 30/100] Loss: 0.2238 (CE:0.0016, TIT:0.2206, ITI:0.0004, CR:0.0030) Acc: 90.11%
[16:47:45 INFO]   [Eval] Epoch 30: 89.55 ± 0.64%
[16:54:58 INFO] Epoch [ 40/100] Loss: 0.2272 (CE:0.0009, TIT:0.2254, ITI:0.0004, CR:0.0015) Acc: 88.52%
[16:56:33 INFO]   [Eval] Epoch 40: 88.87 ± 0.65%
[17:03:52 INFO] Epoch [ 50/100] Loss: 0.2313 (CE:0.0008, TIT:0.2293, ITI:0.0005, CR:0.0013) Acc: 88.35%
[17:05:24 INFO]   [Eval] Epoch 50: 89.10 ± 0.67%
[17:12:34 INFO] Epoch [ 60/100] Loss: 0.2345 (CE:0.0005, TIT:0.2334, ITI:0.0002, CR:0.0010) Acc: 88.44%
[17:14:06 INFO]   [Eval] Epoch 60: 88.35 ± 0.67%
[17:21:14 INFO] Epoch [ 70/100] Loss: 0.2366 (CE:0.0004, TIT:0.2357, ITI:0.0002, CR:0.0009) Acc: 88.47%
[17:22:44 INFO]   [Eval] Epoch 70: 88.31 ± 0.67%
[17:29:56 INFO] Epoch [ 80/100] Loss: 0.2306 (CE:0.0005, TIT:0.2296, ITI:0.0001, CR:0.0008) Acc: 87.45%
[17:31:25 INFO]   [Eval] Epoch 80: 87.71 ± 0.68%
[17:38:39 INFO] Epoch [ 90/100] Loss: 0.2274 (CE:0.0004, TIT:0.2265, ITI:0.0001, CR:0.0008) Acc: 88.13%
[17:40:11 INFO]   [Eval] Epoch 90: 87.66 ± 0.69%
[17:47:24 INFO] Epoch [100/100] Loss: 0.2281 (CE:0.0004, TIT:0.2273, ITI:0.0001, CR:0.0008) Acc: 86.99%
[17:48:53 INFO]   [Eval] Epoch 100: 88.01 ± 0.69%
[17:48:53 INFO] 
Best Acc: 90.19% at Epoch 20
/home/ccoliu/FeatureSR/train.py:556: FutureWarning: You are using `torch.load` with `weights_only=False` (the current default value), which uses the default pickle module implicitly. It is possible to construct malicious pickle data which will execute arbitrary code during unpickling (See https://github.com/pytorch/pytorch/blob/main/SECURITY.md#untrusted-models for more details). In a future release, the default value for `weights_only` will be flipped to `True`. This limits the functions that could be executed during unpickling. Arbitrary objects will no longer be allowed to be loaded via this mode unless they are explicitly allowlisted by the user via `torch.serialization.add_safe_globals`. We recommend you start setting `weights_only=True` for any use case where you don't have full control of the loaded file. Please open an issue on GitHub for any issues related to this experimental feature.
  ckpt = torch.load(final_ckpt, map_location=device)
[17:48:53 INFO] Loaded best checkpoint from epoch 20
[17:50:22 INFO] Final (Feature-SR (56x56)): 89.99 ± 0.66% (n_episodes=400)
[CropDiseases] 使用路徑：data/CropDiseases/New Plant Diseases Dataset(Augmented)/New Plant Diseases Dataset(Augmented)/train
[CropDiseaseDataset] Strict few-shot training enabled. Total training samples: 190 (n_shot=5)
[CropDiseases] 使用路徑：data/CropDiseases/New Plant Diseases Dataset(Augmented)/New Plant Diseases Dataset(Augmented)/train

>>> [56x56] isic
[17:50:24 INFO] Device: cuda
[17:50:24 INFO] ============================================================
[17:50:24 INFO] Dataset: isic, n_shot=5, Mode: Feature-SR (56x56)
[17:50:24 INFO] ============================================================
[17:50:24 INFO] Train: ISICDataset(split=train, n_classes=7, n_samples=35)
[17:50:24 INFO] Test:  ISICDataset(split=test, n_classes=7, n_samples=2003)
[17:50:24 INFO] Loading CLIP ViT-B/16...
[17:50:25 INFO] Applying LoRA (r=4, alpha=1.0)...
[17:50:25 INFO] Initializing Feature SR Module (scale=4, 14x14 -> 56x56)...
[17:50:25 INFO] Trainable parameters: 9,757,696
[17:50:25 INFO] LR Schedule: Cosine decay (no warmup)
/home/ccoliu/FeatureSR/train.py:458: FutureWarning: `torch.cuda.amp.GradScaler(args...)` is deprecated. Please use `torch.amp.GradScaler('cuda', args...)` instead.
  scaler = torch.cuda.amp.GradScaler() if device == "cuda" else None
[17:50:25 INFO] FP16 Automatic Mixed Precision (AMP) enabled.
[17:50:25 INFO] Initial evaluation (before training)...
[17:51:00 INFO]   Baseline: 20.43 ± 0.52%
/home/ccoliu/FeatureSR/train.py:213: FutureWarning: `torch.cuda.amp.autocast(args...)` is deprecated. Please use `torch.amp.autocast('cuda', args...)` instead.
  with torch.cuda.amp.autocast(enabled=(scaler is not None)):
[17:52:22 INFO] Epoch [  1/100] Loss: 2.4084 (CE:1.9122, TIT:0.1010, ITI:0.0504, CR:0.3079) Acc: 26.59%
[18:03:58 INFO] Epoch [ 10/100] Loss: 0.3242 (CE:0.0008, TIT:0.1059, ITI:0.0016, CR:0.0083) Acc: 41.09%
[18:07:40 INFO]   [Eval] Epoch 10: 42.31 ± 0.63% ✓ NEW BEST!
[18:07:40 INFO]   Saved best checkpoint: checkpoints_56x56/isic/isic_5shot_fsr_best.pth
[18:20:18 INFO] Epoch [ 20/100] Loss: 0.3179 (CE:0.0003, TIT:0.1053, ITI:0.0005, CR:0.0031) Acc: 40.97%
[18:23:58 INFO]   [Eval] Epoch 20: 40.10 ± 0.63%
[18:36:33 INFO] Epoch [ 30/100] Loss: 0.3178 (CE:0.0002, TIT:0.1056, ITI:0.0002, CR:0.0015) Acc: 39.71%
[18:40:11 INFO]   [Eval] Epoch 30: 39.28 ± 0.61%
[18:52:49 INFO] Epoch [ 40/100] Loss: 0.3192 (CE:0.0001, TIT:0.1059, ITI:0.0002, CR:0.0030) Acc: 37.65%
[18:56:24 INFO]   [Eval] Epoch 40: 36.98 ± 0.59%
[19:08:56 INFO] Epoch [ 50/100] Loss: 0.3258 (CE:0.0001, TIT:0.1084, ITI:0.0001, CR:0.0008) Acc: 37.39%
[19:12:30 INFO]   [Eval] Epoch 50: 37.23 ± 0.62%
[19:25:09 INFO] Epoch [ 60/100] Loss: 0.3188 (CE:0.0001, TIT:0.1061, ITI:0.0001, CR:0.0007) Acc: 35.12%
[19:28:51 INFO]   [Eval] Epoch 60: 35.52 ± 0.63%
[19:41:32 INFO] Epoch [ 70/100] Loss: 0.3196 (CE:0.0001, TIT:0.1064, ITI:0.0001, CR:0.0006) Acc: 35.47%
[19:45:17 INFO]   [Eval] Epoch 70: 36.88 ± 0.65%
[19:58:00 INFO] Epoch [ 80/100] Loss: 0.3176 (CE:0.0001, TIT:0.1058, ITI:0.0001, CR:0.0005) Acc: 37.49%
[20:01:35 INFO]   [Eval] Epoch 80: 37.72 ± 0.68%
[20:14:23 INFO] Epoch [ 90/100] Loss: 0.3185 (CE:0.0001, TIT:0.1061, ITI:0.0001, CR:0.0005) Acc: 35.69%
[20:17:55 INFO]   [Eval] Epoch 90: 36.38 ± 0.65%
[20:30:31 INFO] Epoch [100/100] Loss: 0.3126 (CE:0.0001, TIT:0.1041, ITI:0.0001, CR:0.0005) Acc: 35.49%
[20:34:09 INFO]   [Eval] Epoch 100: 36.86 ± 0.69%
[20:34:09 INFO] 
Best Acc: 42.31% at Epoch 10
/home/ccoliu/FeatureSR/train.py:556: FutureWarning: You are using `torch.load` with `weights_only=False` (the current default value), which uses the default pickle module implicitly. It is possible to construct malicious pickle data which will execute arbitrary code during unpickling (See https://github.com/pytorch/pytorch/blob/main/SECURITY.md#untrusted-models for more details). In a future release, the default value for `weights_only` will be flipped to `True`. This limits the functions that could be executed during unpickling. Arbitrary objects will no longer be allowed to be loaded via this mode unless they are explicitly allowlisted by the user via `torch.serialization.add_safe_globals`. We recommend you start setting `weights_only=True` for any use case where you don't have full control of the loaded file. Please open an issue on GitHub for any issues related to this experimental feature.
  ckpt = torch.load(final_ckpt, map_location=device)
[20:34:09 INFO] Loaded best checkpoint from epoch 10
[20:38:13 INFO] Final (Feature-SR (56x56)): 42.17 ± 0.59% (n_episodes=400)
[ISICDataset] Strict few-shot training enabled. Total training samples: 35 (n_shot=5)

>>> [56x56] chestx
[20:38:15 INFO] Device: cuda
[20:38:15 INFO] ============================================================
[20:38:15 INFO] Dataset: chestx, n_shot=5, Mode: Feature-SR (56x56)
[20:38:15 INFO] ============================================================
[20:38:16 INFO] Train: ChestXDataset(split=train, n_classes=7, n_samples=35)
[20:38:16 INFO] Test:  ChestXDataset(split=test, n_classes=7, n_samples=6268)
[20:38:16 INFO] Loading CLIP ViT-B/16...
[20:38:17 INFO] Applying LoRA (r=4, alpha=1.0)...
[20:38:17 INFO] Initializing Feature SR Module (scale=4, 14x14 -> 56x56)...
[20:38:17 INFO] Trainable parameters: 9,757,696
[20:38:17 INFO] LR Schedule: Cosine decay (no warmup)
/home/ccoliu/FeatureSR/train.py:458: FutureWarning: `torch.cuda.amp.GradScaler(args...)` is deprecated. Please use `torch.amp.GradScaler('cuda', args...)` instead.
  scaler = torch.cuda.amp.GradScaler() if device == "cuda" else None
[20:38:17 INFO] FP16 Automatic Mixed Precision (AMP) enabled.
[20:38:17 INFO] Initial evaluation (before training)...
[20:39:21 INFO]   Baseline: 20.88 ± 0.67%
/home/ccoliu/FeatureSR/train.py:213: FutureWarning: `torch.cuda.amp.autocast(args...)` is deprecated. Please use `torch.amp.autocast('cuda', args...)` instead.
  with torch.cuda.amp.autocast(enabled=(scaler is not None)):
[20:41:49 INFO] Epoch [  1/100] Loss: 3.4673 (CE:2.9559, TIT:0.1450, ITI:0.0633, CR:0.1494) Acc: 21.15%
[21:03:56 INFO] Epoch [ 10/100] Loss: 0.5751 (CE:0.0008, TIT:0.1900, ITI:0.0040, CR:0.0078) Acc: 22.76%
[21:12:27 INFO]   [Eval] Epoch 10: 21.89 ± 0.47% ✓ NEW BEST!
[21:12:27 INFO]   Saved best checkpoint: checkpoints_56x56/chestx/chestx_5shot_fsr_best.pth
[21:37:02 INFO] Epoch [ 20/100] Loss: 0.5804 (CE:0.0003, TIT:0.1929, ITI:0.0010, CR:0.0029) Acc: 22.68%
[21:45:34 INFO]   [Eval] Epoch 20: 22.04 ± 0.44% ✓ NEW BEST!
[21:45:34 INFO]   Saved best checkpoint: checkpoints_56x56/chestx/chestx_5shot_fsr_best.pth
[22:10:08 INFO] Epoch [ 30/100] Loss: 0.5797 (CE:0.0002, TIT:0.1929, ITI:0.0007, CR:0.0015) Acc: 21.69%
[22:18:37 INFO]   [Eval] Epoch 30: 21.99 ± 0.43%
[22:43:13 INFO] Epoch [ 40/100] Loss: 0.5847 (CE:0.0002, TIT:0.1942, ITI:0.0010, CR:0.0048) Acc: 21.76%
[22:51:44 INFO]   [Eval] Epoch 40: 22.04 ± 0.44%
[23:16:20 INFO] Epoch [ 50/100] Loss: 0.5856 (CE:0.0001, TIT:0.1950, ITI:0.0006, CR:0.0008) Acc: 21.41%
[23:24:48 INFO]   [Eval] Epoch 50: 22.33 ± 0.46% ✓ NEW BEST!
[23:24:48 INFO]   Saved best checkpoint: checkpoints_56x56/chestx/chestx_5shot_fsr_best.pth
[23:49:22 INFO] Epoch [ 60/100] Loss: 0.5826 (CE:0.0001, TIT:0.1940, ITI:0.0009, CR:0.0007) Acc: 23.05%
[23:57:50 INFO]   [Eval] Epoch 60: 22.19 ± 0.43%
[00:22:26 INFO] Epoch [ 70/100] Loss: 0.5831 (CE:0.0001, TIT:0.1942, ITI:0.0006, CR:0.0006) Acc: 22.95%
[00:30:53 INFO]   [Eval] Epoch 70: 22.57 ± 0.46% ✓ NEW BEST!
[00:30:53 INFO]   Saved best checkpoint: checkpoints_56x56/chestx/chestx_5shot_fsr_best.pth
[00:55:28 INFO] Epoch [ 80/100] Loss: 0.5785 (CE:0.0001, TIT:0.1927, ITI:0.0004, CR:0.0006) Acc: 23.57%
[01:03:59 INFO]   [Eval] Epoch 80: 22.90 ± 0.47% ✓ NEW BEST!
[01:03:59 INFO]   Saved best checkpoint: checkpoints_56x56/chestx/chestx_5shot_fsr_best.pth
[01:28:35 INFO] Epoch [ 90/100] Loss: 0.5914 (CE:0.0001, TIT:0.1970, ITI:0.0003, CR:0.0005) Acc: 22.88%
[01:37:06 INFO]   [Eval] Epoch 90: 22.96 ± 0.45% ✓ NEW BEST!
[01:37:06 INFO]   Saved best checkpoint: checkpoints_56x56/chestx/chestx_5shot_fsr_best.pth
[02:01:43 INFO] Epoch [100/100] Loss: 0.5930 (CE:0.0001, TIT:0.1975, ITI:0.0002, CR:0.0005) Acc: 22.55%
[02:10:11 INFO]   [Eval] Epoch 100: 22.61 ± 0.47%
[02:10:11 INFO] 
Best Acc: 22.96% at Epoch 90
/home/ccoliu/FeatureSR/train.py:556: FutureWarning: You are using `torch.load` with `weights_only=False` (the current default value), which uses the default pickle module implicitly. It is possible to construct malicious pickle data which will execute arbitrary code during unpickling (See https://github.com/pytorch/pytorch/blob/main/SECURITY.md#untrusted-models for more details). In a future release, the default value for `weights_only` will be flipped to `True`. This limits the functions that could be executed during unpickling. Arbitrary objects will no longer be allowed to be loaded via this mode unless they are explicitly allowlisted by the user via `torch.serialization.add_safe_globals`. We recommend you start setting `weights_only=True` for any use case where you don't have full control of the loaded file. Please open an issue on GitHub for any issues related to this experimental feature.
  ckpt = torch.load(final_ckpt, map_location=device)
[02:10:11 INFO] Loaded best checkpoint from epoch 90
[02:18:38 INFO] Final (Feature-SR (56x56)): 22.74 ± 0.46% (n_episodes=400)
[ChestXDataset] Strict few-shot training enabled. Total training samples: 35 (n_shot=5)

======================================================
 56x56 實驗全部完成！結束時間: 2026-09-12 02:18:38
======================================================

>>> [對照組 28x28, no_refiner] chestx
[02:18:39 INFO] Device: cuda
[02:18:39 INFO] ============================================================
[02:18:39 INFO] Dataset: chestx, n_shot=5, Mode: Feature-SR (28x28)
[02:18:39 INFO] ============================================================
[02:18:40 INFO] Train: ChestXDataset(split=train, n_classes=7, n_samples=35)
[02:18:40 INFO] Test:  ChestXDataset(split=test, n_classes=7, n_samples=6268)
[02:18:40 INFO] Loading CLIP ViT-B/16...
[02:18:42 INFO] Applying LoRA (r=4, alpha=1.0)...
[02:18:42 INFO] Initializing Feature SR Module (scale=2, 14x14 -> 28x28)...
[02:18:42 INFO] Trainable parameters: 6,145,024
[02:18:42 INFO] LR Schedule: Cosine decay (no warmup)
/home/ccoliu/FeatureSR/train.py:458: FutureWarning: `torch.cuda.amp.GradScaler(args...)` is deprecated. Please use `torch.amp.GradScaler('cuda', args...)` instead.
  scaler = torch.cuda.amp.GradScaler() if device == "cuda" else None
[02:18:42 INFO] FP16 Automatic Mixed Precision (AMP) enabled.
[02:18:42 INFO] Initial evaluation (before training)...
[02:19:45 INFO]   Baseline: 21.15 ± 0.66%
/home/ccoliu/FeatureSR/train.py:213: FutureWarning: `torch.cuda.amp.autocast(args...)` is deprecated. Please use `torch.amp.autocast('cuda', args...)` instead.
  with torch.cuda.amp.autocast(enabled=(scaler is not None)):
[02:22:06 INFO] Epoch [  1/100] Loss: 3.5053 (CE:2.9550, TIT:0.1586, ITI:0.0545, CR:0.1570) Acc: 20.87%
[02:43:14 INFO] Epoch [ 10/100] Loss: 0.5819 (CE:0.0008, TIT:0.1919, ITI:0.0064, CR:0.0068) Acc: 22.64%
[02:51:41 INFO]   [Eval] Epoch 10: 22.31 ± 0.44% ✓ NEW BEST!
[02:51:42 INFO]   Saved best checkpoint: checkpoints_56x56/chestx_28x28_control/chestx_5shot_fsr_best.pth
[03:15:11 INFO] Epoch [ 20/100] Loss: 0.5810 (CE:0.0003, TIT:0.1929, ITI:0.0022, CR:0.0027) Acc: 22.56%
[03:23:39 INFO]   [Eval] Epoch 20: 22.57 ± 0.43% ✓ NEW BEST!
[03:23:39 INFO]   Saved best checkpoint: checkpoints_56x56/chestx_28x28_control/chestx_5shot_fsr_best.pth
[03:47:08 INFO] Epoch [ 30/100] Loss: 0.5793 (CE:0.0002, TIT:0.1927, ITI:0.0012, CR:0.0016) Acc: 21.61%
[03:55:38 INFO]   [Eval] Epoch 30: 21.79 ± 0.47%
[04:19:09 INFO] Epoch [ 40/100] Loss: 0.5930 (CE:0.0001, TIT:0.1973, ITI:0.0013, CR:0.0012) Acc: 22.08%
[04:27:40 INFO]   [Eval] Epoch 40: 21.93 ± 0.43%
[04:51:10 INFO] Epoch [ 50/100] Loss: 0.5808 (CE:0.0001, TIT:0.1933, ITI:0.0009, CR:0.0009) Acc: 21.64%
[04:59:38 INFO]   [Eval] Epoch 50: 21.85 ± 0.50%
[05:23:08 INFO] Epoch [ 60/100] Loss: 0.5793 (CE:0.0001, TIT:0.1929, ITI:0.0004, CR:0.0007) Acc: 20.89%
[05:31:35 INFO]   [Eval] Epoch 60: 21.29 ± 0.46%
[05:55:03 INFO] Epoch [ 70/100] Loss: 0.5860 (CE:0.0001, TIT:0.1952, ITI:0.0004, CR:0.0006) Acc: 21.21%
[06:03:30 INFO]   [Eval] Epoch 70: 21.63 ± 0.46%
[06:27:13 INFO] Epoch [ 80/100] Loss: 0.5812 (CE:0.0001, TIT:0.1936, ITI:0.0004, CR:0.0005) Acc: 21.05%
[06:35:44 INFO]   [Eval] Epoch 80: 21.81 ± 0.46%
[06:59:14 INFO] Epoch [ 90/100] Loss: 0.5795 (CE:0.0001, TIT:0.1930, ITI:0.0003, CR:0.0005) Acc: 21.71%
[07:07:45 INFO]   [Eval] Epoch 90: 22.46 ± 0.47%
[07:31:14 INFO] Epoch [100/100] Loss: 0.5819 (CE:0.0001, TIT:0.1938, ITI:0.0003, CR:0.0005) Acc: 22.77%
[07:39:42 INFO]   [Eval] Epoch 100: 21.74 ± 0.45%
[07:39:42 INFO] 
Best Acc: 22.57% at Epoch 20
/home/ccoliu/FeatureSR/train.py:556: FutureWarning: You are using `torch.load` with `weights_only=False` (the current default value), which uses the default pickle module implicitly. It is possible to construct malicious pickle data which will execute arbitrary code during unpickling (See https://github.com/pytorch/pytorch/blob/main/SECURITY.md#untrusted-models for more details). In a future release, the default value for `weights_only` will be flipped to `True`. This limits the functions that could be executed during unpickling. Arbitrary objects will no longer be allowed to be loaded via this mode unless they are explicitly allowlisted by the user via `torch.serialization.add_safe_globals`. We recommend you start setting `weights_only=True` for any use case where you don't have full control of the loaded file. Please open an issue on GitHub for any issues related to this experimental feature.
  ckpt = torch.load(final_ckpt, map_location=device)
[07:39:42 INFO] Loaded best checkpoint from epoch 20
[07:48:10 INFO] Final (Feature-SR (28x28)): 22.70 ± 0.46% (n_episodes=400)
[ChestXDataset] Strict few-shot training enabled. Total training samples: 35 (n_shot=5)
全部（含對照組）完成！結束時間: 2026-09-12 07:48:11
