>>> [ATHA dump] ISIC 5-shot aug=0 seed=2 n=100  2026-10-02 17:00:29
set seed = 2
FineTune! 5 shots on ISIC dataset
ISIC iteration 0/100 : Query Acc = 54.67, Avg Acc = 54.67% +- 0.00%
ISIC | 0 / 100 Acc = 54.67% +- 0.00%
ISIC iteration 1/100 : Query Acc = 53.33, Avg Acc = 54.00% +- 0.92%
ISIC iteration 2/100 : Query Acc = 65.33, Avg Acc = 57.78% +- 6.08%
ISIC iteration 3/100 : Query Acc = 49.33, Avg Acc = 55.67% +- 5.80%
ISIC iteration 4/100 : Query Acc = 30.67, Avg Acc = 50.67% +- 9.92%
ISIC iteration 5/100 : Query Acc = 45.33, Avg Acc = 49.78% +- 8.42%
ISIC iteration 6/100 : Query Acc = 46.67, Avg Acc = 49.33% +- 7.26%
ISIC iteration 7/100 : Query Acc = 48.00, Avg Acc = 49.17% +- 6.36%
ISIC iteration 8/100 : Query Acc = 40.00, Avg Acc = 48.15% +- 5.96%
ISIC iteration 9/100 : Query Acc = 45.33, Avg Acc = 47.87% +- 5.39%
ISIC iteration 10/100 : Query Acc = 50.67, Avg Acc = 48.12% +- 4.92%
ISIC iteration 11/100 : Query Acc = 50.67, Avg Acc = 48.33% +- 4.53%
ISIC iteration 12/100 : Query Acc = 40.00, Avg Acc = 47.69% +- 4.35%
ISIC iteration 13/100 : Query Acc = 50.67, Avg Acc = 47.90% +- 4.06%
ISIC iteration 14/100 : Query Acc = 33.33, Avg Acc = 46.93% +- 4.21%
ISIC iteration 15/100 : Query Acc = 46.67, Avg Acc = 46.92% +- 3.95%
ISIC iteration 16/100 : Query Acc = 61.33, Avg Acc = 47.76% +- 4.05%
ISIC iteration 17/100 : Query Acc = 48.00, Avg Acc = 47.78% +- 3.83%
ISIC iteration 18/100 : Query Acc = 49.33, Avg Acc = 47.86% +- 3.63%
ISIC iteration 19/100 : Query Acc = 57.33, Avg Acc = 48.33% +- 3.56%
ISIC iteration 20/100 : Query Acc = 54.67, Avg Acc = 48.63% +- 3.44%
ISIC iteration 21/100 : Query Acc = 65.33, Avg Acc = 49.39% +- 3.59%
ISIC iteration 22/100 : Query Acc = 58.67, Avg Acc = 49.80% +- 3.52%
ISIC iteration 23/100 : Query Acc = 49.33, Avg Acc = 49.78% +- 3.38%
ISIC iteration 24/100 : Query Acc = 48.00, Avg Acc = 49.71% +- 3.24%
ISIC iteration 25/100 : Query Acc = 58.67, Avg Acc = 50.05% +- 3.19%
ISIC iteration 26/100 : Query Acc = 57.33, Avg Acc = 50.32% +- 3.11%
ISIC iteration 27/100 : Query Acc = 42.67, Avg Acc = 50.05% +- 3.05%
ISIC iteration 28/100 : Query Acc = 53.33, Avg Acc = 50.16% +- 2.95%
ISIC iteration 29/100 : Query Acc = 50.67, Avg Acc = 50.18% +- 2.85%
ISIC iteration 30/100 : Query Acc = 62.67, Avg Acc = 50.58% +- 2.87%
ISIC iteration 31/100 : Query Acc = 52.00, Avg Acc = 50.62% +- 2.78%
ISIC iteration 32/100 : Query Acc = 46.67, Avg Acc = 50.51% +- 2.71%
ISIC iteration 33/100 : Query Acc = 54.67, Avg Acc = 50.63% +- 2.64%
ISIC iteration 34/100 : Query Acc = 49.33, Avg Acc = 50.59% +- 2.56%
ISIC iteration 35/100 : Query Acc = 53.33, Avg Acc = 50.67% +- 2.50%
ISIC iteration 36/100 : Query Acc = 48.00, Avg Acc = 50.59% +- 2.43%
ISIC iteration 37/100 : Query Acc = 58.67, Avg Acc = 50.81% +- 2.40%
ISIC iteration 38/100 : Query Acc = 53.33, Avg Acc = 50.87% +- 2.35%
ISIC iteration 39/100 : Query Acc = 41.33, Avg Acc = 50.63% +- 2.33%
ISIC iteration 40/100 : Query Acc = 57.33, Avg Acc = 50.80% +- 2.30%
ISIC iteration 41/100 : Query Acc = 68.00, Avg Acc = 51.21% +- 2.38%
ISIC iteration 42/100 : Query Acc = 45.33, Avg Acc = 51.07% +- 2.34%
ISIC iteration 43/100 : Query Acc = 62.67, Avg Acc = 51.33% +- 2.34%
ISIC iteration 44/100 : Query Acc = 49.33, Avg Acc = 51.29% +- 2.29%
ISIC iteration 45/100 : Query Acc = 54.67, Avg Acc = 51.36% +- 2.25%
ISIC iteration 46/100 : Query Acc = 76.00, Avg Acc = 51.89% +- 2.42%
ISIC iteration 47/100 : Query Acc = 69.33, Avg Acc = 52.25% +- 2.47%
ISIC iteration 48/100 : Query Acc = 48.00, Avg Acc = 52.16% +- 2.43%
ISIC iteration 49/100 : Query Acc = 52.00, Avg Acc = 52.16% +- 2.38%
ISIC iteration 50/100 : Query Acc = 42.67, Avg Acc = 51.97% +- 2.36%
ISIC iteration 51/100 : Query Acc = 49.33, Avg Acc = 51.92% +- 2.32%
ISIC iteration 52/100 : Query Acc = 44.00, Avg Acc = 51.77% +- 2.29%
ISIC iteration 53/100 : Query Acc = 41.33, Avg Acc = 51.58% +- 2.28%
ISIC iteration 54/100 : Query Acc = 44.00, Avg Acc = 51.44% +- 2.26%
ISIC iteration 55/100 : Query Acc = 50.67, Avg Acc = 51.43% +- 2.22%
ISIC iteration 56/100 : Query Acc = 53.33, Avg Acc = 51.46% +- 2.18%
ISIC iteration 57/100 : Query Acc = 37.33, Avg Acc = 51.22% +- 2.19%
ISIC iteration 58/100 : Query Acc = 40.00, Avg Acc = 51.03% +- 2.19%
ISIC iteration 59/100 : Query Acc = 46.67, Avg Acc = 50.96% +- 2.16%
ISIC iteration 60/100 : Query Acc = 58.67, Avg Acc = 51.08% +- 2.13%
ISIC iteration 61/100 : Query Acc = 66.67, Avg Acc = 51.33% +- 2.16%
ISIC iteration 62/100 : Query Acc = 48.00, Avg Acc = 51.28% +- 2.12%
ISIC iteration 63/100 : Query Acc = 44.00, Avg Acc = 51.17% +- 2.10%
ISIC iteration 64/100 : Query Acc = 36.00, Avg Acc = 50.93% +- 2.12%
ISIC iteration 65/100 : Query Acc = 58.67, Avg Acc = 51.05% +- 2.10%
ISIC iteration 66/100 : Query Acc = 57.33, Avg Acc = 51.14% +- 2.08%
ISIC iteration 67/100 : Query Acc = 49.33, Avg Acc = 51.12% +- 2.05%
ISIC iteration 68/100 : Query Acc = 58.67, Avg Acc = 51.23% +- 2.03%
ISIC iteration 69/100 : Query Acc = 44.00, Avg Acc = 51.12% +- 2.01%
ISIC iteration 70/100 : Query Acc = 53.33, Avg Acc = 51.15% +- 1.98%
ISIC iteration 71/100 : Query Acc = 66.67, Avg Acc = 51.37% +- 2.00%
ISIC iteration 72/100 : Query Acc = 58.67, Avg Acc = 51.47% +- 1.98%
ISIC iteration 73/100 : Query Acc = 42.67, Avg Acc = 51.35% +- 1.97%
ISIC iteration 74/100 : Query Acc = 54.67, Avg Acc = 51.40% +- 1.94%
ISIC iteration 75/100 : Query Acc = 52.00, Avg Acc = 51.40% +- 1.92%
ISIC iteration 76/100 : Query Acc = 52.00, Avg Acc = 51.41% +- 1.89%
ISIC iteration 77/100 : Query Acc = 37.33, Avg Acc = 51.23% +- 1.90%
ISIC iteration 78/100 : Query Acc = 58.67, Avg Acc = 51.32% +- 1.89%
ISIC iteration 79/100 : Query Acc = 45.33, Avg Acc = 51.25% +- 1.87%
ISIC iteration 80/100 : Query Acc = 54.67, Avg Acc = 51.29% +- 1.85%
ISIC iteration 81/100 : Query Acc = 58.67, Avg Acc = 51.38% +- 1.83%
ISIC iteration 82/100 : Query Acc = 45.33, Avg Acc = 51.31% +- 1.82%
ISIC iteration 83/100 : Query Acc = 41.33, Avg Acc = 51.19% +- 1.81%
ISIC iteration 84/100 : Query Acc = 56.00, Avg Acc = 51.25% +- 1.79%
ISIC iteration 85/100 : Query Acc = 40.00, Avg Acc = 51.12% +- 1.79%
ISIC iteration 86/100 : Query Acc = 52.00, Avg Acc = 51.13% +- 1.77%
ISIC iteration 87/100 : Query Acc = 64.00, Avg Acc = 51.27% +- 1.77%
ISIC iteration 88/100 : Query Acc = 57.33, Avg Acc = 51.34% +- 1.76%
ISIC iteration 89/100 : Query Acc = 70.67, Avg Acc = 51.56% +- 1.79%
ISIC iteration 90/100 : Query Acc = 62.67, Avg Acc = 51.68% +- 1.78%
ISIC iteration 91/100 : Query Acc = 65.33, Avg Acc = 51.83% +- 1.79%
ISIC iteration 92/100 : Query Acc = 58.67, Avg Acc = 51.90% +- 1.77%
ISIC iteration 93/100 : Query Acc = 56.00, Avg Acc = 51.94% +- 1.76%
ISIC iteration 94/100 : Query Acc = 52.00, Avg Acc = 51.94% +- 1.74%
ISIC iteration 95/100 : Query Acc = 52.00, Avg Acc = 51.94% +- 1.72%
ISIC iteration 96/100 : Query Acc = 53.33, Avg Acc = 51.96% +- 1.70%
ISIC iteration 97/100 : Query Acc = 54.67, Avg Acc = 51.99% +- 1.69%
ISIC iteration 98/100 : Query Acc = 50.67, Avg Acc = 51.97% +- 1.67%
ISIC iteration 99/100 : Query Acc = 44.00, Avg Acc = 51.89% +- 1.66%
ISIC 100 Test Acc = 51.89% +- 1.66%
全部完成 2026-10-02 17:17:29
