>>> [ATHA dump] ISIC 5-shot seed=2 n=100  2026-10-02 15:04:05
set seed = 2
FineTune! 5 shots on ISIC dataset
ISIC iteration 0/100 : Query Acc = 54.67, Avg Acc = 54.67% +- 0.00%
ISIC | 0 / 100 Acc = 54.67% +- 0.00%
ISIC iteration 1/100 : Query Acc = 52.00, Avg Acc = 53.33% +- 1.85%
ISIC iteration 2/100 : Query Acc = 62.67, Avg Acc = 56.44% +- 5.13%
ISIC iteration 3/100 : Query Acc = 56.00, Avg Acc = 56.33% +- 3.85%
ISIC iteration 4/100 : Query Acc = 52.00, Avg Acc = 55.47% +- 3.44%
ISIC iteration 5/100 : Query Acc = 58.67, Avg Acc = 56.00% +- 3.02%
ISIC iteration 6/100 : Query Acc = 41.33, Avg Acc = 53.90% +- 4.60%
ISIC iteration 7/100 : Query Acc = 45.33, Avg Acc = 52.83% +- 4.48%
ISIC iteration 8/100 : Query Acc = 46.67, Avg Acc = 52.15% +- 4.18%
ISIC iteration 9/100 : Query Acc = 45.33, Avg Acc = 51.47% +- 3.97%
ISIC iteration 10/100 : Query Acc = 48.00, Avg Acc = 51.15% +- 3.65%
ISIC iteration 11/100 : Query Acc = 56.00, Avg Acc = 51.56% +- 3.43%
ISIC iteration 12/100 : Query Acc = 52.00, Avg Acc = 51.59% +- 3.17%
ISIC iteration 13/100 : Query Acc = 62.67, Avg Acc = 52.38% +- 3.30%
ISIC iteration 14/100 : Query Acc = 53.33, Avg Acc = 52.44% +- 3.08%
ISIC iteration 15/100 : Query Acc = 68.00, Avg Acc = 53.42% +- 3.43%
ISIC iteration 16/100 : Query Acc = 62.67, Avg Acc = 53.96% +- 3.39%
ISIC iteration 17/100 : Query Acc = 48.00, Avg Acc = 53.63% +- 3.26%
ISIC iteration 18/100 : Query Acc = 53.33, Avg Acc = 53.61% +- 3.09%
ISIC iteration 19/100 : Query Acc = 48.00, Avg Acc = 53.33% +- 2.99%
ISIC iteration 20/100 : Query Acc = 50.67, Avg Acc = 53.21% +- 2.85%
ISIC iteration 21/100 : Query Acc = 54.67, Avg Acc = 53.27% +- 2.73%
ISIC iteration 22/100 : Query Acc = 62.67, Avg Acc = 53.68% +- 2.72%
ISIC iteration 23/100 : Query Acc = 58.67, Avg Acc = 53.89% +- 2.64%
ISIC iteration 24/100 : Query Acc = 64.00, Avg Acc = 54.29% +- 2.65%
ISIC iteration 25/100 : Query Acc = 46.67, Avg Acc = 54.00% +- 2.61%
ISIC iteration 26/100 : Query Acc = 58.67, Avg Acc = 54.17% +- 2.54%
ISIC iteration 27/100 : Query Acc = 37.33, Avg Acc = 53.57% +- 2.71%
ISIC iteration 28/100 : Query Acc = 56.00, Avg Acc = 53.66% +- 2.62%
ISIC iteration 29/100 : Query Acc = 46.67, Avg Acc = 53.42% +- 2.57%
ISIC iteration 30/100 : Query Acc = 60.00, Avg Acc = 53.63% +- 2.52%
ISIC iteration 31/100 : Query Acc = 57.33, Avg Acc = 53.75% +- 2.45%
ISIC iteration 32/100 : Query Acc = 41.33, Avg Acc = 53.37% +- 2.49%
ISIC iteration 33/100 : Query Acc = 54.67, Avg Acc = 53.41% +- 2.41%
ISIC iteration 34/100 : Query Acc = 56.00, Avg Acc = 53.49% +- 2.35%
ISIC iteration 35/100 : Query Acc = 65.33, Avg Acc = 53.81% +- 2.37%
ISIC iteration 36/100 : Query Acc = 54.67, Avg Acc = 53.84% +- 2.31%
ISIC iteration 37/100 : Query Acc = 52.00, Avg Acc = 53.79% +- 2.25%
ISIC iteration 38/100 : Query Acc = 44.00, Avg Acc = 53.54% +- 2.24%
ISIC iteration 39/100 : Query Acc = 62.67, Avg Acc = 53.77% +- 2.23%
ISIC iteration 40/100 : Query Acc = 53.33, Avg Acc = 53.76% +- 2.18%
ISIC iteration 41/100 : Query Acc = 56.00, Avg Acc = 53.81% +- 2.13%
ISIC iteration 42/100 : Query Acc = 49.33, Avg Acc = 53.71% +- 2.09%
ISIC iteration 43/100 : Query Acc = 53.33, Avg Acc = 53.70% +- 2.04%
ISIC iteration 44/100 : Query Acc = 48.00, Avg Acc = 53.57% +- 2.01%
ISIC iteration 45/100 : Query Acc = 65.33, Avg Acc = 53.83% +- 2.03%
ISIC iteration 46/100 : Query Acc = 52.00, Avg Acc = 53.79% +- 1.99%
ISIC iteration 47/100 : Query Acc = 70.67, Avg Acc = 54.14% +- 2.06%
ISIC iteration 48/100 : Query Acc = 54.67, Avg Acc = 54.15% +- 2.02%
ISIC iteration 49/100 : Query Acc = 53.33, Avg Acc = 54.13% +- 1.98%
ISIC iteration 50/100 : Query Acc = 49.33, Avg Acc = 54.04% +- 1.95%
ISIC iteration 51/100 : Query Acc = 42.67, Avg Acc = 53.82% +- 1.96%
ISIC iteration 52/100 : Query Acc = 53.33, Avg Acc = 53.81% +- 1.92%
ISIC iteration 53/100 : Query Acc = 46.67, Avg Acc = 53.68% +- 1.90%
ISIC iteration 54/100 : Query Acc = 50.67, Avg Acc = 53.62% +- 1.87%
ISIC iteration 55/100 : Query Acc = 42.67, Avg Acc = 53.43% +- 1.88%
ISIC iteration 56/100 : Query Acc = 65.33, Avg Acc = 53.64% +- 1.89%
ISIC iteration 57/100 : Query Acc = 41.33, Avg Acc = 53.43% +- 1.90%
ISIC iteration 58/100 : Query Acc = 40.00, Avg Acc = 53.20% +- 1.92%
ISIC iteration 59/100 : Query Acc = 45.33, Avg Acc = 53.07% +- 1.91%
ISIC iteration 60/100 : Query Acc = 58.67, Avg Acc = 53.16% +- 1.88%
ISIC iteration 61/100 : Query Acc = 52.00, Avg Acc = 53.14% +- 1.85%
ISIC iteration 62/100 : Query Acc = 50.67, Avg Acc = 53.10% +- 1.82%
ISIC iteration 63/100 : Query Acc = 54.67, Avg Acc = 53.12% +- 1.80%
ISIC iteration 64/100 : Query Acc = 44.00, Avg Acc = 52.98% +- 1.79%
ISIC iteration 65/100 : Query Acc = 66.67, Avg Acc = 53.19% +- 1.81%
ISIC iteration 66/100 : Query Acc = 42.67, Avg Acc = 53.03% +- 1.81%
ISIC iteration 67/100 : Query Acc = 60.00, Avg Acc = 53.14% +- 1.79%
ISIC iteration 68/100 : Query Acc = 61.33, Avg Acc = 53.26% +- 1.78%
ISIC iteration 69/100 : Query Acc = 52.00, Avg Acc = 53.24% +- 1.76%
ISIC iteration 70/100 : Query Acc = 50.67, Avg Acc = 53.20% +- 1.73%
ISIC iteration 71/100 : Query Acc = 62.67, Avg Acc = 53.33% +- 1.73%
ISIC iteration 72/100 : Query Acc = 54.67, Avg Acc = 53.35% +- 1.70%
ISIC iteration 73/100 : Query Acc = 58.67, Avg Acc = 53.42% +- 1.69%
ISIC iteration 74/100 : Query Acc = 50.67, Avg Acc = 53.39% +- 1.67%
ISIC iteration 75/100 : Query Acc = 58.67, Avg Acc = 53.46% +- 1.65%
ISIC iteration 76/100 : Query Acc = 57.33, Avg Acc = 53.51% +- 1.63%
ISIC iteration 77/100 : Query Acc = 48.00, Avg Acc = 53.44% +- 1.62%
ISIC iteration 78/100 : Query Acc = 58.67, Avg Acc = 53.50% +- 1.60%
ISIC iteration 79/100 : Query Acc = 66.67, Avg Acc = 53.67% +- 1.61%
ISIC iteration 80/100 : Query Acc = 61.33, Avg Acc = 53.76% +- 1.60%
ISIC iteration 81/100 : Query Acc = 65.33, Avg Acc = 53.90% +- 1.61%
ISIC iteration 82/100 : Query Acc = 32.00, Avg Acc = 53.64% +- 1.67%
ISIC iteration 83/100 : Query Acc = 48.00, Avg Acc = 53.57% +- 1.66%
ISIC iteration 84/100 : Query Acc = 64.00, Avg Acc = 53.69% +- 1.65%
ISIC iteration 85/100 : Query Acc = 49.33, Avg Acc = 53.64% +- 1.64%
ISIC iteration 86/100 : Query Acc = 66.67, Avg Acc = 53.79% +- 1.64%
ISIC iteration 87/100 : Query Acc = 53.33, Avg Acc = 53.79% +- 1.63%
ISIC iteration 88/100 : Query Acc = 57.33, Avg Acc = 53.83% +- 1.61%
ISIC iteration 89/100 : Query Acc = 52.00, Avg Acc = 53.81% +- 1.59%
ISIC iteration 90/100 : Query Acc = 69.33, Avg Acc = 53.98% +- 1.61%
ISIC iteration 91/100 : Query Acc = 56.00, Avg Acc = 54.00% +- 1.59%
ISIC iteration 92/100 : Query Acc = 46.67, Avg Acc = 53.92% +- 1.58%
ISIC iteration 93/100 : Query Acc = 54.67, Avg Acc = 53.93% +- 1.57%
ISIC iteration 94/100 : Query Acc = 58.67, Avg Acc = 53.98% +- 1.55%
ISIC iteration 95/100 : Query Acc = 41.33, Avg Acc = 53.85% +- 1.56%
ISIC iteration 96/100 : Query Acc = 46.67, Avg Acc = 53.77% +- 1.55%
ISIC iteration 97/100 : Query Acc = 40.00, Avg Acc = 53.63% +- 1.56%
ISIC iteration 98/100 : Query Acc = 54.67, Avg Acc = 53.64% +- 1.54%
ISIC iteration 99/100 : Query Acc = 38.67, Avg Acc = 53.49% +- 1.55%
ISIC 100 Test Acc = 53.49% +- 1.55%
全部完成 2026-10-02 16:00:46
