>>> [ATHA EuroSAT 5-shot] base  2026-10-06 09:40:32
set seed = 2
FineTune! 5 shots on EuroSAT dataset
EuroSAT iteration 0/100 : Query Acc = 94.67, Avg Acc = 94.67% +- 0.00%
EuroSAT | 0 / 100 Acc = 94.67% +- 0.00%
EuroSAT iteration 1/100 : Query Acc = 96.00, Avg Acc = 95.33% +- 0.92%
EuroSAT iteration 2/100 : Query Acc = 97.33, Avg Acc = 96.00% +- 1.23%
EuroSAT iteration 3/100 : Query Acc = 80.00, Avg Acc = 92.00% +- 6.85%
EuroSAT iteration 4/100 : Query Acc = 92.00, Avg Acc = 92.00% +- 5.48%
EuroSAT iteration 5/100 : Query Acc = 96.00, Avg Acc = 92.67% +- 4.72%
EuroSAT iteration 6/100 : Query Acc = 96.00, Avg Acc = 93.14% +- 4.14%
EuroSAT iteration 7/100 : Query Acc = 88.00, Avg Acc = 92.50% +- 3.81%
EuroSAT iteration 8/100 : Query Acc = 92.00, Avg Acc = 92.44% +- 3.39%
EuroSAT iteration 9/100 : Query Acc = 93.33, Avg Acc = 92.53% +- 3.05%
EuroSAT iteration 10/100 : Query Acc = 94.67, Avg Acc = 92.73% +- 2.80%
EuroSAT iteration 11/100 : Query Acc = 96.00, Avg Acc = 93.00% +- 2.62%
EuroSAT iteration 12/100 : Query Acc = 93.33, Avg Acc = 93.03% +- 2.41%
EuroSAT iteration 13/100 : Query Acc = 88.00, Avg Acc = 92.67% +- 2.34%
EuroSAT iteration 14/100 : Query Acc = 94.67, Avg Acc = 92.80% +- 2.20%
EuroSAT iteration 15/100 : Query Acc = 89.33, Avg Acc = 92.58% +- 2.10%
EuroSAT iteration 16/100 : Query Acc = 92.00, Avg Acc = 92.55% +- 1.98%
EuroSAT iteration 17/100 : Query Acc = 97.33, Avg Acc = 92.81% +- 1.94%
EuroSAT iteration 18/100 : Query Acc = 94.67, Avg Acc = 92.91% +- 1.85%
EuroSAT iteration 19/100 : Query Acc = 88.00, Avg Acc = 92.67% +- 1.82%
EuroSAT iteration 20/100 : Query Acc = 93.33, Avg Acc = 92.70% +- 1.73%
EuroSAT iteration 21/100 : Query Acc = 97.33, Avg Acc = 92.91% +- 1.70%
EuroSAT iteration 22/100 : Query Acc = 97.33, Avg Acc = 93.10% +- 1.67%
EuroSAT iteration 23/100 : Query Acc = 90.67, Avg Acc = 93.00% +- 1.61%
EuroSAT iteration 24/100 : Query Acc = 97.33, Avg Acc = 93.17% +- 1.58%
EuroSAT iteration 25/100 : Query Acc = 93.33, Avg Acc = 93.18% +- 1.52%
EuroSAT iteration 26/100 : Query Acc = 86.67, Avg Acc = 92.94% +- 1.54%
EuroSAT iteration 27/100 : Query Acc = 88.00, Avg Acc = 92.76% +- 1.52%
EuroSAT iteration 28/100 : Query Acc = 89.33, Avg Acc = 92.64% +- 1.48%
EuroSAT iteration 29/100 : Query Acc = 96.00, Avg Acc = 92.76% +- 1.45%
EuroSAT iteration 30/100 : Query Acc = 90.67, Avg Acc = 92.69% +- 1.41%
EuroSAT iteration 31/100 : Query Acc = 89.33, Avg Acc = 92.58% +- 1.38%
EuroSAT iteration 32/100 : Query Acc = 90.67, Avg Acc = 92.53% +- 1.34%
EuroSAT iteration 33/100 : Query Acc = 98.67, Avg Acc = 92.71% +- 1.35%
EuroSAT iteration 34/100 : Query Acc = 97.33, Avg Acc = 92.84% +- 1.34%
EuroSAT iteration 35/100 : Query Acc = 92.00, Avg Acc = 92.81% +- 1.30%
EuroSAT iteration 36/100 : Query Acc = 90.67, Avg Acc = 92.76% +- 1.27%
EuroSAT iteration 37/100 : Query Acc = 96.00, Avg Acc = 92.84% +- 1.25%
EuroSAT iteration 38/100 : Query Acc = 96.00, Avg Acc = 92.92% +- 1.23%
EuroSAT iteration 39/100 : Query Acc = 94.67, Avg Acc = 92.97% +- 1.20%
EuroSAT iteration 40/100 : Query Acc = 92.00, Avg Acc = 92.94% +- 1.17%
EuroSAT iteration 41/100 : Query Acc = 88.00, Avg Acc = 92.83% +- 1.16%
EuroSAT iteration 42/100 : Query Acc = 96.00, Avg Acc = 92.90% +- 1.15%
EuroSAT iteration 43/100 : Query Acc = 96.00, Avg Acc = 92.97% +- 1.13%
EuroSAT iteration 44/100 : Query Acc = 98.67, Avg Acc = 93.10% +- 1.13%
EuroSAT iteration 45/100 : Query Acc = 89.33, Avg Acc = 93.01% +- 1.12%
EuroSAT iteration 46/100 : Query Acc = 93.33, Avg Acc = 93.02% +- 1.09%
EuroSAT iteration 47/100 : Query Acc = 93.33, Avg Acc = 93.03% +- 1.07%
EuroSAT iteration 48/100 : Query Acc = 88.00, Avg Acc = 92.93% +- 1.07%
EuroSAT iteration 49/100 : Query Acc = 94.67, Avg Acc = 92.96% +- 1.05%
EuroSAT iteration 50/100 : Query Acc = 94.67, Avg Acc = 92.99% +- 1.03%
EuroSAT iteration 51/100 : Query Acc = 81.33, Avg Acc = 92.77% +- 1.10%
EuroSAT iteration 52/100 : Query Acc = 88.00, Avg Acc = 92.68% +- 1.09%
EuroSAT iteration 53/100 : Query Acc = 92.00, Avg Acc = 92.67% +- 1.07%
EuroSAT iteration 54/100 : Query Acc = 97.33, Avg Acc = 92.75% +- 1.07%
EuroSAT iteration 55/100 : Query Acc = 90.67, Avg Acc = 92.71% +- 1.05%
EuroSAT iteration 56/100 : Query Acc = 90.67, Avg Acc = 92.68% +- 1.03%
EuroSAT iteration 57/100 : Query Acc = 92.00, Avg Acc = 92.67% +- 1.02%
EuroSAT iteration 58/100 : Query Acc = 92.00, Avg Acc = 92.66% +- 1.00%
EuroSAT iteration 59/100 : Query Acc = 88.00, Avg Acc = 92.58% +- 0.99%
EuroSAT iteration 60/100 : Query Acc = 84.00, Avg Acc = 92.44% +- 1.02%
EuroSAT iteration 61/100 : Query Acc = 94.67, Avg Acc = 92.47% +- 1.00%
EuroSAT iteration 62/100 : Query Acc = 93.33, Avg Acc = 92.49% +- 0.99%
EuroSAT iteration 63/100 : Query Acc = 98.67, Avg Acc = 92.58% +- 0.99%
EuroSAT iteration 64/100 : Query Acc = 89.33, Avg Acc = 92.53% +- 0.98%
EuroSAT iteration 65/100 : Query Acc = 92.00, Avg Acc = 92.53% +- 0.96%
EuroSAT iteration 66/100 : Query Acc = 90.67, Avg Acc = 92.50% +- 0.95%
EuroSAT iteration 67/100 : Query Acc = 93.33, Avg Acc = 92.51% +- 0.94%
EuroSAT iteration 68/100 : Query Acc = 97.33, Avg Acc = 92.58% +- 0.93%
EuroSAT iteration 69/100 : Query Acc = 93.33, Avg Acc = 92.59% +- 0.92%
EuroSAT iteration 70/100 : Query Acc = 89.33, Avg Acc = 92.54% +- 0.91%
EuroSAT iteration 71/100 : Query Acc = 92.00, Avg Acc = 92.54% +- 0.90%
EuroSAT iteration 72/100 : Query Acc = 90.67, Avg Acc = 92.51% +- 0.89%
EuroSAT iteration 73/100 : Query Acc = 86.67, Avg Acc = 92.43% +- 0.89%
EuroSAT iteration 74/100 : Query Acc = 90.67, Avg Acc = 92.41% +- 0.88%
EuroSAT iteration 75/100 : Query Acc = 97.33, Avg Acc = 92.47% +- 0.88%
EuroSAT iteration 76/100 : Query Acc = 93.33, Avg Acc = 92.48% +- 0.87%
EuroSAT iteration 77/100 : Query Acc = 93.33, Avg Acc = 92.50% +- 0.85%
EuroSAT iteration 78/100 : Query Acc = 94.67, Avg Acc = 92.52% +- 0.85%
EuroSAT iteration 79/100 : Query Acc = 92.00, Avg Acc = 92.52% +- 0.83%
EuroSAT iteration 80/100 : Query Acc = 94.67, Avg Acc = 92.54% +- 0.83%
EuroSAT iteration 81/100 : Query Acc = 88.00, Avg Acc = 92.49% +- 0.82%
EuroSAT iteration 82/100 : Query Acc = 97.33, Avg Acc = 92.55% +- 0.82%
EuroSAT iteration 83/100 : Query Acc = 96.00, Avg Acc = 92.59% +- 0.82%
EuroSAT iteration 84/100 : Query Acc = 92.00, Avg Acc = 92.58% +- 0.81%
EuroSAT iteration 85/100 : Query Acc = 93.33, Avg Acc = 92.59% +- 0.80%
EuroSAT iteration 86/100 : Query Acc = 93.33, Avg Acc = 92.60% +- 0.79%
EuroSAT iteration 87/100 : Query Acc = 94.67, Avg Acc = 92.62% +- 0.78%
EuroSAT iteration 88/100 : Query Acc = 96.00, Avg Acc = 92.66% +- 0.77%
EuroSAT iteration 89/100 : Query Acc = 94.67, Avg Acc = 92.68% +- 0.77%
EuroSAT iteration 90/100 : Query Acc = 96.00, Avg Acc = 92.72% +- 0.76%
EuroSAT iteration 91/100 : Query Acc = 100.00, Avg Acc = 92.80% +- 0.77%
EuroSAT iteration 92/100 : Query Acc = 85.33, Avg Acc = 92.72% +- 0.78%
EuroSAT iteration 93/100 : Query Acc = 96.00, Avg Acc = 92.75% +- 0.77%
EuroSAT iteration 94/100 : Query Acc = 97.33, Avg Acc = 92.80% +- 0.77%
EuroSAT iteration 95/100 : Query Acc = 84.00, Avg Acc = 92.71% +- 0.78%
EuroSAT iteration 96/100 : Query Acc = 93.33, Avg Acc = 92.71% +- 0.77%
EuroSAT iteration 97/100 : Query Acc = 92.00, Avg Acc = 92.71% +- 0.77%
EuroSAT iteration 98/100 : Query Acc = 93.33, Avg Acc = 92.71% +- 0.76%
EuroSAT iteration 99/100 : Query Acc = 96.00, Avg Acc = 92.75% +- 0.75%
Euro 100 Test Acc = 92.75% +- 0.75%
>>> [ATHA EuroSAT 5-shot] limo_s0  2026-10-06 10:36:57
set seed = 2
FineTune! 5 shots on EuroSAT dataset
EuroSAT iteration 0/100 : Query Acc = 93.33, Avg Acc = 93.33% +- 0.00%
EuroSAT | 0 / 100 Acc = 93.33% +- 0.00%
EuroSAT iteration 1/100 : Query Acc = 98.67, Avg Acc = 96.00% +- 3.70%
EuroSAT iteration 2/100 : Query Acc = 96.00, Avg Acc = 96.00% +- 2.46%
EuroSAT iteration 3/100 : Query Acc = 89.33, Avg Acc = 94.33% +- 3.38%
EuroSAT iteration 4/100 : Query Acc = 93.33, Avg Acc = 94.13% +- 2.73%
EuroSAT iteration 5/100 : Query Acc = 93.33, Avg Acc = 94.00% +- 2.28%
EuroSAT iteration 6/100 : Query Acc = 96.00, Avg Acc = 94.29% +- 2.03%
EuroSAT iteration 7/100 : Query Acc = 97.33, Avg Acc = 94.67% +- 1.90%
EuroSAT iteration 8/100 : Query Acc = 94.67, Avg Acc = 94.67% +- 1.69%
EuroSAT iteration 9/100 : Query Acc = 93.33, Avg Acc = 94.53% +- 1.54%
EuroSAT iteration 10/100 : Query Acc = 94.67, Avg Acc = 94.55% +- 1.40%
EuroSAT iteration 11/100 : Query Acc = 96.00, Avg Acc = 94.67% +- 1.31%
EuroSAT iteration 12/100 : Query Acc = 98.67, Avg Acc = 94.97% +- 1.34%
EuroSAT iteration 13/100 : Query Acc = 90.67, Avg Acc = 94.67% +- 1.37%
EuroSAT iteration 14/100 : Query Acc = 96.00, Avg Acc = 94.76% +- 1.29%
EuroSAT iteration 15/100 : Query Acc = 90.67, Avg Acc = 94.50% +- 1.30%
EuroSAT iteration 16/100 : Query Acc = 96.00, Avg Acc = 94.59% +- 1.24%
EuroSAT iteration 17/100 : Query Acc = 97.33, Avg Acc = 94.74% +- 1.21%
EuroSAT iteration 18/100 : Query Acc = 94.67, Avg Acc = 94.74% +- 1.14%
EuroSAT iteration 19/100 : Query Acc = 96.00, Avg Acc = 94.80% +- 1.09%
EuroSAT iteration 20/100 : Query Acc = 96.00, Avg Acc = 94.86% +- 1.05%
EuroSAT iteration 21/100 : Query Acc = 98.67, Avg Acc = 95.03% +- 1.05%
EuroSAT iteration 22/100 : Query Acc = 100.00, Avg Acc = 95.25% +- 1.09%
EuroSAT iteration 23/100 : Query Acc = 98.67, Avg Acc = 95.39% +- 1.08%
EuroSAT iteration 24/100 : Query Acc = 100.00, Avg Acc = 95.57% +- 1.09%
EuroSAT iteration 25/100 : Query Acc = 96.00, Avg Acc = 95.59% +- 1.05%
EuroSAT iteration 26/100 : Query Acc = 89.33, Avg Acc = 95.36% +- 1.11%
EuroSAT iteration 27/100 : Query Acc = 98.67, Avg Acc = 95.48% +- 1.09%
EuroSAT iteration 28/100 : Query Acc = 100.00, Avg Acc = 95.63% +- 1.10%
EuroSAT iteration 29/100 : Query Acc = 98.67, Avg Acc = 95.73% +- 1.08%
EuroSAT iteration 30/100 : Query Acc = 97.33, Avg Acc = 95.78% +- 1.05%
EuroSAT iteration 31/100 : Query Acc = 93.33, Avg Acc = 95.71% +- 1.02%
EuroSAT iteration 32/100 : Query Acc = 97.33, Avg Acc = 95.76% +- 1.00%
EuroSAT iteration 33/100 : Query Acc = 98.67, Avg Acc = 95.84% +- 0.98%
EuroSAT iteration 34/100 : Query Acc = 98.67, Avg Acc = 95.92% +- 0.97%
EuroSAT iteration 35/100 : Query Acc = 100.00, Avg Acc = 96.04% +- 0.97%
EuroSAT iteration 36/100 : Query Acc = 100.00, Avg Acc = 96.14% +- 0.96%
EuroSAT iteration 37/100 : Query Acc = 94.67, Avg Acc = 96.11% +- 0.94%
EuroSAT iteration 38/100 : Query Acc = 98.67, Avg Acc = 96.17% +- 0.92%
EuroSAT iteration 39/100 : Query Acc = 97.33, Avg Acc = 96.20% +- 0.90%
EuroSAT iteration 40/100 : Query Acc = 97.33, Avg Acc = 96.23% +- 0.88%
EuroSAT iteration 41/100 : Query Acc = 92.00, Avg Acc = 96.13% +- 0.88%
EuroSAT iteration 42/100 : Query Acc = 96.00, Avg Acc = 96.12% +- 0.86%
EuroSAT iteration 43/100 : Query Acc = 100.00, Avg Acc = 96.21% +- 0.86%
EuroSAT iteration 44/100 : Query Acc = 100.00, Avg Acc = 96.30% +- 0.86%
EuroSAT iteration 45/100 : Query Acc = 93.33, Avg Acc = 96.23% +- 0.85%
EuroSAT iteration 46/100 : Query Acc = 98.67, Avg Acc = 96.28% +- 0.84%
EuroSAT iteration 47/100 : Query Acc = 96.00, Avg Acc = 96.28% +- 0.82%
EuroSAT iteration 48/100 : Query Acc = 96.00, Avg Acc = 96.27% +- 0.80%
EuroSAT iteration 49/100 : Query Acc = 94.67, Avg Acc = 96.24% +- 0.79%
EuroSAT iteration 50/100 : Query Acc = 96.00, Avg Acc = 96.24% +- 0.77%
EuroSAT iteration 51/100 : Query Acc = 90.67, Avg Acc = 96.13% +- 0.79%
EuroSAT iteration 52/100 : Query Acc = 86.67, Avg Acc = 95.95% +- 0.85%
EuroSAT iteration 53/100 : Query Acc = 94.67, Avg Acc = 95.93% +- 0.83%
EuroSAT iteration 54/100 : Query Acc = 96.00, Avg Acc = 95.93% +- 0.82%
EuroSAT iteration 55/100 : Query Acc = 90.67, Avg Acc = 95.83% +- 0.82%
EuroSAT iteration 56/100 : Query Acc = 93.33, Avg Acc = 95.79% +- 0.81%
EuroSAT iteration 57/100 : Query Acc = 97.33, Avg Acc = 95.82% +- 0.80%
EuroSAT iteration 58/100 : Query Acc = 100.00, Avg Acc = 95.89% +- 0.80%
EuroSAT iteration 59/100 : Query Acc = 97.33, Avg Acc = 95.91% +- 0.79%
EuroSAT iteration 60/100 : Query Acc = 84.00, Avg Acc = 95.72% +- 0.86%
EuroSAT iteration 61/100 : Query Acc = 97.33, Avg Acc = 95.74% +- 0.85%
EuroSAT iteration 62/100 : Query Acc = 94.67, Avg Acc = 95.72% +- 0.84%
EuroSAT iteration 63/100 : Query Acc = 100.00, Avg Acc = 95.79% +- 0.83%
EuroSAT iteration 64/100 : Query Acc = 92.00, Avg Acc = 95.73% +- 0.83%
EuroSAT iteration 65/100 : Query Acc = 97.33, Avg Acc = 95.76% +- 0.82%
EuroSAT iteration 66/100 : Query Acc = 98.67, Avg Acc = 95.80% +- 0.81%
EuroSAT iteration 67/100 : Query Acc = 97.33, Avg Acc = 95.82% +- 0.80%
EuroSAT iteration 68/100 : Query Acc = 98.67, Avg Acc = 95.86% +- 0.79%
EuroSAT iteration 69/100 : Query Acc = 96.00, Avg Acc = 95.87% +- 0.78%
EuroSAT iteration 70/100 : Query Acc = 97.33, Avg Acc = 95.89% +- 0.77%
EuroSAT iteration 71/100 : Query Acc = 97.33, Avg Acc = 95.91% +- 0.76%
EuroSAT iteration 72/100 : Query Acc = 96.00, Avg Acc = 95.91% +- 0.75%
EuroSAT iteration 73/100 : Query Acc = 92.00, Avg Acc = 95.86% +- 0.75%
EuroSAT iteration 74/100 : Query Acc = 90.67, Avg Acc = 95.79% +- 0.75%
EuroSAT iteration 75/100 : Query Acc = 97.33, Avg Acc = 95.81% +- 0.74%
EuroSAT iteration 76/100 : Query Acc = 98.67, Avg Acc = 95.84% +- 0.73%
EuroSAT iteration 77/100 : Query Acc = 100.00, Avg Acc = 95.90% +- 0.73%
EuroSAT iteration 78/100 : Query Acc = 97.33, Avg Acc = 95.92% +- 0.72%
EuroSAT iteration 79/100 : Query Acc = 98.67, Avg Acc = 95.95% +- 0.72%
EuroSAT iteration 80/100 : Query Acc = 96.00, Avg Acc = 95.95% +- 0.71%
EuroSAT iteration 81/100 : Query Acc = 90.67, Avg Acc = 95.89% +- 0.71%
EuroSAT iteration 82/100 : Query Acc = 98.67, Avg Acc = 95.92% +- 0.71%
EuroSAT iteration 83/100 : Query Acc = 98.67, Avg Acc = 95.95% +- 0.70%
EuroSAT iteration 84/100 : Query Acc = 98.67, Avg Acc = 95.98% +- 0.69%
EuroSAT iteration 85/100 : Query Acc = 97.33, Avg Acc = 96.00% +- 0.69%
EuroSAT iteration 86/100 : Query Acc = 98.67, Avg Acc = 96.03% +- 0.68%
EuroSAT iteration 87/100 : Query Acc = 94.67, Avg Acc = 96.02% +- 0.68%
EuroSAT iteration 88/100 : Query Acc = 98.67, Avg Acc = 96.04% +- 0.67%
EuroSAT iteration 89/100 : Query Acc = 97.33, Avg Acc = 96.06% +- 0.66%
EuroSAT iteration 90/100 : Query Acc = 97.33, Avg Acc = 96.07% +- 0.66%
EuroSAT iteration 91/100 : Query Acc = 100.00, Avg Acc = 96.12% +- 0.65%
EuroSAT iteration 92/100 : Query Acc = 94.67, Avg Acc = 96.10% +- 0.65%
EuroSAT iteration 93/100 : Query Acc = 97.33, Avg Acc = 96.11% +- 0.64%
EuroSAT iteration 94/100 : Query Acc = 98.67, Avg Acc = 96.14% +- 0.64%
EuroSAT iteration 95/100 : Query Acc = 89.33, Avg Acc = 96.07% +- 0.65%
EuroSAT iteration 96/100 : Query Acc = 93.33, Avg Acc = 96.04% +- 0.64%
EuroSAT iteration 97/100 : Query Acc = 97.33, Avg Acc = 96.05% +- 0.64%
EuroSAT iteration 98/100 : Query Acc = 97.33, Avg Acc = 96.07% +- 0.63%
EuroSAT iteration 99/100 : Query Acc = 93.33, Avg Acc = 96.04% +- 0.63%
Euro 100 Test Acc = 96.04% +- 0.63%
[ATHA_LIMO_EUROSAT] n = 100 個共同 episode（A 100、B 100）
[ATHA_LIMO_EUROSAT] A   92.75 ± 0.76   EuroSAT_5shot_base_seed2_n100.jsonl
[ATHA_LIMO_EUROSAT] B   96.04 ± 0.63   EuroSAT_5shot_limo_s0_seed2_n100.jsonl
[ATHA_LIMO_EUROSAT] B − A  +3.29 ± 0.63   CI 不含 0
ATHA_LIMO_EUROSAT_DONE 2026-10-06 12:27:40
