>>> [+CC-CDFSL] isic 1-shot  2026-09-25 15:12:00
[15:12:02 INFO] Episodic protocol | isic 5-way 1-shot | 100 episodes × 500 steps | tag=nofsr_cc_l13_l22_loraboth_r2_steps500
[15:12:02 INFO] Args: {'dataset': 'isic', 'data_root': './data', 'n_way': 5, 'n_shot': 1, 'n_query': 15, 'n_episodes': None, 'backbone': 'ViT-B/16', 'lora_encoder': 'both', 'lora_qkv_mode': 'separate', 'lora_out_proj': False, 'lora_r': 2, 'lora_alpha': 1.0, 'lora_dropout': 0.25, 'steps': 500, 'batch_size': 32, 'lr': 0.0002, 'weight_decay': 0.01, 'no_ce_aug': False, 'lambda1': 3.0, 'lambda2': 2.0, 'top_k': 10, 'n_aug': 4, 'use_feature_sr': False, 'sr_scale': 2, 'sr_refiner_layers': 0, 'sr_refiner_heads': 8, 'lambda3': 0.3, 'seed': 42, 'no_amp': False, 'save_dir': './results_episodic', 'tag': None, 'log_every': 10}
[15:12:02 INFO] Episode pool (BSCD 全量): ISICDataset(split=train, n_classes=7, n_samples=10015)
[15:12:03 INFO] LoRA trainable parameters: 184,320 (encoder=both, qkv=separate, out_proj=False)
/home/ccoliu/FeatureSR/train_episodic.py:146: FutureWarning: `torch.cuda.amp.GradScaler(args...)` is deprecated. Please use `torch.amp.GradScaler('cuda', args...)` instead.
  scaler = torch.cuda.amp.GradScaler(enabled=use_amp)
/home/ccoliu/FeatureSR/.venv/lib/python3.12/site-packages/torch/optim/lr_scheduler.py:224: UserWarning: Detected call of `lr_scheduler.step()` before `optimizer.step()`. In PyTorch 1.1.0 and later, you should call them in the opposite order: `optimizer.step()` before `lr_scheduler.step()`.  Failure to do this will result in PyTorch skipping the first value of the learning rate schedule. See more details at https://pytorch.org/docs/stable/optim.html#how-to-adjust-learning-rate
  warnings.warn(
[15:15:04 INFO]   [10/100] running 33.87 ± 2.84% | last loss 0.5120 (ce 0.0099) | 18.1s/episode, ETA 0.45h
[15:18:05 INFO]   [20/100] running 31.87 ± 2.40% | last loss 0.3344 (ce 0.0195) | 18.1s/episode, ETA 0.40h
[15:21:05 INFO]   [30/100] running 32.04 ± 2.13% | last loss 0.6086 (ce 0.0067) | 18.1s/episode, ETA 0.35h
[15:24:05 INFO]   [40/100] running 32.00 ± 1.86% | last loss 0.3097 (ce 0.0061) | 18.1s/episode, ETA 0.30h
[15:27:06 INFO]   [50/100] running 32.45 ± 1.84% | last loss 0.4514 (ce 0.0066) | 18.1s/episode, ETA 0.25h
[15:30:06 INFO]   [60/100] running 32.40 ± 1.77% | last loss 0.3375 (ce 0.0058) | 18.0s/episode, ETA 0.20h
[15:33:06 INFO]   [70/100] running 32.57 ± 1.58% | last loss 0.3080 (ce 0.0076) | 18.0s/episode, ETA 0.15h
[15:36:06 INFO]   [80/100] running 32.42 ± 1.50% | last loss 0.5354 (ce 0.0023) | 18.0s/episode, ETA 0.10h
[15:39:05 INFO]   [90/100] running 32.52 ± 1.46% | last loss 0.4224 (ce 0.0056) | 18.0s/episode, ETA 0.05h
[15:42:05 INFO]   [100/100] running 32.21 ± 1.36% | last loss 0.6218 (ce 0.0470) | 18.0s/episode, ETA 0.00h
[15:42:05 INFO] Final (episodic, nofsr_cc_l13_l22_loraboth_r2_steps500): 32.21 ± 1.36% (n_episodes=100)
>>> [+CC-CDFSL +FeatureSR] isic 1-shot  2026-09-25 15:42:06
[15:42:07 INFO] Episodic protocol | isic 5-way 1-shot | 100 episodes × 500 steps | tag=fsr_s2_ref0_l30.3_cc_l13_l22_loraboth_r2_steps500
[15:42:07 INFO] Args: {'dataset': 'isic', 'data_root': './data', 'n_way': 5, 'n_shot': 1, 'n_query': 15, 'n_episodes': None, 'backbone': 'ViT-B/16', 'lora_encoder': 'both', 'lora_qkv_mode': 'separate', 'lora_out_proj': False, 'lora_r': 2, 'lora_alpha': 1.0, 'lora_dropout': 0.25, 'steps': 500, 'batch_size': 32, 'lr': 0.0002, 'weight_decay': 0.01, 'no_ce_aug': False, 'lambda1': 3.0, 'lambda2': 2.0, 'top_k': 10, 'n_aug': 4, 'use_feature_sr': True, 'sr_scale': 2, 'sr_refiner_layers': 0, 'sr_refiner_heads': 8, 'lambda3': 0.3, 'seed': 42, 'no_amp': False, 'save_dir': './results_episodic', 'tag': None, 'log_every': 10}
[15:42:07 INFO] Episode pool (BSCD 全量): ISICDataset(split=train, n_classes=7, n_samples=10015)
[15:42:09 INFO] LoRA trainable parameters: 184,320 (encoder=both, qkv=separate, out_proj=False)
/home/ccoliu/FeatureSR/train_episodic.py:146: FutureWarning: `torch.cuda.amp.GradScaler(args...)` is deprecated. Please use `torch.amp.GradScaler('cuda', args...)` instead.
  scaler = torch.cuda.amp.GradScaler(enabled=use_amp)
/home/ccoliu/FeatureSR/.venv/lib/python3.12/site-packages/torch/optim/lr_scheduler.py:224: UserWarning: Detected call of `lr_scheduler.step()` before `optimizer.step()`. In PyTorch 1.1.0 and later, you should call them in the opposite order: `optimizer.step()` before `lr_scheduler.step()`.  Failure to do this will result in PyTorch skipping the first value of the learning rate schedule. See more details at https://pytorch.org/docs/stable/optim.html#how-to-adjust-learning-rate
  warnings.warn(
[15:45:29 INFO]   [10/100] running 34.13 ± 3.62% | last loss 0.2613 (ce 0.1482) | 20.1s/episode, ETA 0.50h
[15:48:49 INFO]   [20/100] running 33.33 ± 2.60% | last loss 0.1169 (ce 0.0260) | 20.0s/episode, ETA 0.45h
[15:52:10 INFO]   [30/100] running 33.51 ± 2.34% | last loss 0.1014 (ce 0.0144) | 20.0s/episode, ETA 0.39h
[15:55:30 INFO]   [40/100] running 33.13 ± 1.98% | last loss 0.1164 (ce 0.0152) | 20.0s/episode, ETA 0.33h
[15:58:51 INFO]   [50/100] running 33.55 ± 1.89% | last loss 0.1099 (ce 0.0198) | 20.0s/episode, ETA 0.28h
[16:02:11 INFO]   [60/100] running 33.33 ± 1.84% | last loss 0.1000 (ce 0.0152) | 20.0s/episode, ETA 0.22h
[16:05:32 INFO]   [70/100] running 33.43 ± 1.61% | last loss 0.0935 (ce 0.0171) | 20.0s/episode, ETA 0.17h
[16:08:52 INFO]   [80/100] running 33.18 ± 1.60% | last loss 0.1068 (ce 0.0243) | 20.0s/episode, ETA 0.11h
[16:12:12 INFO]   [90/100] running 33.05 ± 1.56% | last loss 0.1229 (ce 0.0180) | 20.0s/episode, ETA 0.06h
[16:15:33 INFO]   [100/100] running 32.89 ± 1.42% | last loss 0.1005 (ce 0.0174) | 20.0s/episode, ETA 0.00h
[16:15:33 INFO] Final (episodic, fsr_s2_ref0_l30.3_cc_l13_l22_loraboth_r2_steps500): 32.89 ± 1.42% (n_episodes=100)
>>> [+CC-CDFSL] eurosat 1-shot  2026-09-25 16:15:33
[16:15:35 INFO] Episodic protocol | eurosat 5-way 1-shot | 100 episodes × 500 steps | tag=nofsr_cc_l11.5_l20.2_loraboth_r2_steps500
[16:15:35 INFO] Args: {'dataset': 'eurosat', 'data_root': './data', 'n_way': 5, 'n_shot': 1, 'n_query': 15, 'n_episodes': None, 'backbone': 'ViT-B/16', 'lora_encoder': 'both', 'lora_qkv_mode': 'separate', 'lora_out_proj': False, 'lora_r': 2, 'lora_alpha': 1.0, 'lora_dropout': 0.25, 'steps': 500, 'batch_size': 32, 'lr': 0.0002, 'weight_decay': 0.01, 'no_ce_aug': False, 'lambda1': 1.5, 'lambda2': 0.2, 'top_k': 10, 'n_aug': 4, 'use_feature_sr': False, 'sr_scale': 2, 'sr_refiner_layers': 0, 'sr_refiner_heads': 8, 'lambda3': 0.3, 'seed': 42, 'no_amp': False, 'save_dir': './results_episodic', 'tag': None, 'log_every': 10}
[16:15:35 INFO] Episode pool (BSCD 全量): EuroSATDataset(split=train, n_classes=10, n_samples=27000)
[16:15:36 INFO] LoRA trainable parameters: 184,320 (encoder=both, qkv=separate, out_proj=False)
/home/ccoliu/FeatureSR/train_episodic.py:146: FutureWarning: `torch.cuda.amp.GradScaler(args...)` is deprecated. Please use `torch.amp.GradScaler('cuda', args...)` instead.
  scaler = torch.cuda.amp.GradScaler(enabled=use_amp)
/home/ccoliu/FeatureSR/.venv/lib/python3.12/site-packages/torch/optim/lr_scheduler.py:224: UserWarning: Detected call of `lr_scheduler.step()` before `optimizer.step()`. In PyTorch 1.1.0 and later, you should call them in the opposite order: `optimizer.step()` before `lr_scheduler.step()`.  Failure to do this will result in PyTorch skipping the first value of the learning rate schedule. See more details at https://pytorch.org/docs/stable/optim.html#how-to-adjust-learning-rate
  warnings.warn(
[16:18:32 INFO]   [10/100] running 83.33 ± 7.63% | last loss 0.1021 (ce 0.0084) | 17.6s/episode, ETA 0.44h
[16:21:28 INFO]   [20/100] running 84.87 ± 4.11% | last loss 0.1153 (ce 0.0005) | 17.6s/episode, ETA 0.39h
[16:24:24 INFO]   [30/100] running 84.04 ± 3.46% | last loss 0.0574 (ce 0.0007) | 17.6s/episode, ETA 0.34h
[16:27:20 INFO]   [40/100] running 84.20 ± 2.84% | last loss 0.1112 (ce 0.0023) | 17.6s/episode, ETA 0.29h
[16:30:16 INFO]   [50/100] running 83.52 ± 2.43% | last loss 0.0622 (ce 0.0019) | 17.6s/episode, ETA 0.24h
[16:33:12 INFO]   [60/100] running 83.47 ± 2.10% | last loss 0.0578 (ce 0.0028) | 17.6s/episode, ETA 0.20h
[16:36:08 INFO]   [70/100] running 83.10 ± 2.03% | last loss 0.0712 (ce 0.0034) | 17.6s/episode, ETA 0.15h
[16:39:04 INFO]   [80/100] running 82.77 ± 1.90% | last loss 0.0656 (ce 0.0010) | 17.6s/episode, ETA 0.10h
[16:42:00 INFO]   [90/100] running 82.80 ± 1.76% | last loss 0.0650 (ce 0.0007) | 17.6s/episode, ETA 0.05h
[16:44:55 INFO]   [100/100] running 83.03 ± 1.64% | last loss 0.1003 (ce 0.0047) | 17.6s/episode, ETA 0.00h
[16:44:55 INFO] Final (episodic, nofsr_cc_l11.5_l20.2_loraboth_r2_steps500): 83.03 ± 1.64% (n_episodes=100)
>>> [+CC-CDFSL +FeatureSR] eurosat 1-shot  2026-09-25 16:44:56
[16:44:57 INFO] Episodic protocol | eurosat 5-way 1-shot | 100 episodes × 500 steps | tag=fsr_s2_ref0_l30.3_cc_l11.5_l20.2_loraboth_r2_steps500
[16:44:57 INFO] Args: {'dataset': 'eurosat', 'data_root': './data', 'n_way': 5, 'n_shot': 1, 'n_query': 15, 'n_episodes': None, 'backbone': 'ViT-B/16', 'lora_encoder': 'both', 'lora_qkv_mode': 'separate', 'lora_out_proj': False, 'lora_r': 2, 'lora_alpha': 1.0, 'lora_dropout': 0.25, 'steps': 500, 'batch_size': 32, 'lr': 0.0002, 'weight_decay': 0.01, 'no_ce_aug': False, 'lambda1': 1.5, 'lambda2': 0.2, 'top_k': 10, 'n_aug': 4, 'use_feature_sr': True, 'sr_scale': 2, 'sr_refiner_layers': 0, 'sr_refiner_heads': 8, 'lambda3': 0.3, 'seed': 42, 'no_amp': False, 'save_dir': './results_episodic', 'tag': None, 'log_every': 10}
[16:44:57 INFO] Episode pool (BSCD 全量): EuroSATDataset(split=train, n_classes=10, n_samples=27000)
[16:44:59 INFO] LoRA trainable parameters: 184,320 (encoder=both, qkv=separate, out_proj=False)
/home/ccoliu/FeatureSR/train_episodic.py:146: FutureWarning: `torch.cuda.amp.GradScaler(args...)` is deprecated. Please use `torch.amp.GradScaler('cuda', args...)` instead.
  scaler = torch.cuda.amp.GradScaler(enabled=use_amp)
/home/ccoliu/FeatureSR/.venv/lib/python3.12/site-packages/torch/optim/lr_scheduler.py:224: UserWarning: Detected call of `lr_scheduler.step()` before `optimizer.step()`. In PyTorch 1.1.0 and later, you should call them in the opposite order: `optimizer.step()` before `lr_scheduler.step()`.  Failure to do this will result in PyTorch skipping the first value of the learning rate schedule. See more details at https://pytorch.org/docs/stable/optim.html#how-to-adjust-learning-rate
  warnings.warn(
[16:48:15 INFO]   [10/100] running 83.87 ± 7.26% | last loss 0.2284 (ce 0.1511) | 19.7s/episode, ETA 0.49h
[16:51:32 INFO]   [20/100] running 85.53 ± 4.02% | last loss 0.0688 (ce 0.0052) | 19.7s/episode, ETA 0.44h
[16:54:49 INFO]   [30/100] running 84.27 ± 3.51% | last loss 0.0841 (ce 0.0069) | 19.7s/episode, ETA 0.38h
[16:58:05 INFO]   [40/100] running 84.40 ± 2.91% | last loss 0.1134 (ce 0.0097) | 19.7s/episode, ETA 0.33h
[17:01:22 INFO]   [50/100] running 83.55 ± 2.58% | last loss 0.0813 (ce 0.0054) | 19.7s/episode, ETA 0.27h
[17:04:38 INFO]   [60/100] running 82.82 ± 2.27% | last loss 0.1099 (ce 0.0159) | 19.7s/episode, ETA 0.22h
[17:07:55 INFO]   [70/100] running 82.57 ± 2.17% | last loss 0.1373 (ce 0.0095) | 19.7s/episode, ETA 0.16h
[17:11:12 INFO]   [80/100] running 82.47 ± 2.01% | last loss 0.0586 (ce 0.0123) | 19.7s/episode, ETA 0.11h
[17:14:29 INFO]   [90/100] running 82.47 ± 1.88% | last loss 0.0652 (ce 0.0120) | 19.7s/episode, ETA 0.05h
[17:17:45 INFO]   [100/100] running 82.75 ± 1.73% | last loss 0.1373 (ce 0.0278) | 19.7s/episode, ETA 0.00h
[17:17:45 INFO] Final (episodic, fsr_s2_ref0_l30.3_cc_l11.5_l20.2_loraboth_r2_steps500): 82.75 ± 1.73% (n_episodes=100)
>>> [+CC-CDFSL] crop_disease 1-shot  2026-09-25 17:17:46
[17:17:47 INFO] Episodic protocol | crop_disease 5-way 1-shot | 100 episodes × 500 steps | tag=nofsr_cc_l11_l21.5_loraboth_r2_steps500
[17:17:47 INFO] Args: {'dataset': 'crop_disease', 'data_root': './data', 'n_way': 5, 'n_shot': 1, 'n_query': 15, 'n_episodes': None, 'backbone': 'ViT-B/16', 'lora_encoder': 'both', 'lora_qkv_mode': 'separate', 'lora_out_proj': False, 'lora_r': 2, 'lora_alpha': 1.0, 'lora_dropout': 0.25, 'steps': 500, 'batch_size': 32, 'lr': 0.0002, 'weight_decay': 0.01, 'no_ce_aug': False, 'lambda1': 1.0, 'lambda2': 1.5, 'top_k': 10, 'n_aug': 4, 'use_feature_sr': False, 'sr_scale': 2, 'sr_refiner_layers': 0, 'sr_refiner_heads': 8, 'lambda3': 0.3, 'seed': 42, 'no_amp': False, 'save_dir': './results_episodic', 'tag': None, 'log_every': 10}
[17:17:47 INFO] Episode pool (BSCD 全量): CropDiseaseDataset(split=train, n_classes=38, n_samples=70295)
[17:17:49 INFO] LoRA trainable parameters: 184,320 (encoder=both, qkv=separate, out_proj=False)
/home/ccoliu/FeatureSR/train_episodic.py:146: FutureWarning: `torch.cuda.amp.GradScaler(args...)` is deprecated. Please use `torch.amp.GradScaler('cuda', args...)` instead.
  scaler = torch.cuda.amp.GradScaler(enabled=use_amp)
/home/ccoliu/FeatureSR/.venv/lib/python3.12/site-packages/torch/optim/lr_scheduler.py:224: UserWarning: Detected call of `lr_scheduler.step()` before `optimizer.step()`. In PyTorch 1.1.0 and later, you should call them in the opposite order: `optimizer.step()` before `lr_scheduler.step()`.  Failure to do this will result in PyTorch skipping the first value of the learning rate schedule. See more details at https://pytorch.org/docs/stable/optim.html#how-to-adjust-learning-rate
  warnings.warn(
[17:20:46 INFO]   [10/100] running 80.93 ± 4.20% | last loss 0.4824 (ce 0.0134) | 17.7s/episode, ETA 0.44h
[17:23:43 INFO]   [20/100] running 84.00 ± 3.95% | last loss 0.3533 (ce 0.0006) | 17.7s/episode, ETA 0.39h
[17:26:40 INFO]   [30/100] running 83.24 ± 2.99% | last loss 0.4404 (ce 0.0025) | 17.7s/episode, ETA 0.34h
[17:29:37 INFO]   [40/100] running 82.33 ± 3.15% | last loss 0.3593 (ce 0.0013) | 17.7s/episode, ETA 0.30h
[17:32:34 INFO]   [50/100] running 81.17 ± 2.83% | last loss 0.4758 (ce 0.0053) | 17.7s/episode, ETA 0.25h
[17:35:30 INFO]   [60/100] running 81.47 ± 2.60% | last loss 0.4044 (ce 0.0070) | 17.7s/episode, ETA 0.20h
[17:38:28 INFO]   [70/100] running 81.20 ± 2.50% | last loss 0.4367 (ce 0.0273) | 17.7s/episode, ETA 0.15h
[17:41:25 INFO]   [80/100] running 81.57 ± 2.27% | last loss 0.3904 (ce 0.0015) | 17.7s/episode, ETA 0.10h
[17:44:21 INFO]   [90/100] running 82.18 ± 2.08% | last loss 0.4134 (ce 0.0014) | 17.7s/episode, ETA 0.05h
[17:47:18 INFO]   [100/100] running 81.91 ± 1.97% | last loss 0.5272 (ce 0.0066) | 17.7s/episode, ETA 0.00h
[17:47:18 INFO] Final (episodic, nofsr_cc_l11_l21.5_loraboth_r2_steps500): 81.91 ± 1.97% (n_episodes=100)
[CropDiseases] 使用路徑：data/CropDiseases/New Plant Diseases Dataset(Augmented)/New Plant Diseases Dataset(Augmented)/train
>>> [+CC-CDFSL +FeatureSR] crop_disease 1-shot  2026-09-25 17:47:19
[17:47:20 INFO] Episodic protocol | crop_disease 5-way 1-shot | 100 episodes × 500 steps | tag=fsr_s2_ref0_l30.3_cc_l11_l21.5_loraboth_r2_steps500
[17:47:20 INFO] Args: {'dataset': 'crop_disease', 'data_root': './data', 'n_way': 5, 'n_shot': 1, 'n_query': 15, 'n_episodes': None, 'backbone': 'ViT-B/16', 'lora_encoder': 'both', 'lora_qkv_mode': 'separate', 'lora_out_proj': False, 'lora_r': 2, 'lora_alpha': 1.0, 'lora_dropout': 0.25, 'steps': 500, 'batch_size': 32, 'lr': 0.0002, 'weight_decay': 0.01, 'no_ce_aug': False, 'lambda1': 1.0, 'lambda2': 1.5, 'top_k': 10, 'n_aug': 4, 'use_feature_sr': True, 'sr_scale': 2, 'sr_refiner_layers': 0, 'sr_refiner_heads': 8, 'lambda3': 0.3, 'seed': 42, 'no_amp': False, 'save_dir': './results_episodic', 'tag': None, 'log_every': 10}
[17:47:20 INFO] Episode pool (BSCD 全量): CropDiseaseDataset(split=train, n_classes=38, n_samples=70295)
[17:47:22 INFO] LoRA trainable parameters: 184,320 (encoder=both, qkv=separate, out_proj=False)
/home/ccoliu/FeatureSR/train_episodic.py:146: FutureWarning: `torch.cuda.amp.GradScaler(args...)` is deprecated. Please use `torch.amp.GradScaler('cuda', args...)` instead.
  scaler = torch.cuda.amp.GradScaler(enabled=use_amp)
/home/ccoliu/FeatureSR/.venv/lib/python3.12/site-packages/torch/optim/lr_scheduler.py:224: UserWarning: Detected call of `lr_scheduler.step()` before `optimizer.step()`. In PyTorch 1.1.0 and later, you should call them in the opposite order: `optimizer.step()` before `lr_scheduler.step()`.  Failure to do this will result in PyTorch skipping the first value of the learning rate schedule. See more details at https://pytorch.org/docs/stable/optim.html#how-to-adjust-learning-rate
  warnings.warn(
[17:50:39 INFO]   [10/100] running 80.40 ± 4.21% | last loss 0.4060 (ce 0.1093) | 19.7s/episode, ETA 0.49h
[17:53:56 INFO]   [20/100] running 83.53 ± 3.83% | last loss 0.1003 (ce 0.0064) | 19.7s/episode, ETA 0.44h
[17:57:14 INFO]   [30/100] running 82.84 ± 2.91% | last loss 0.1459 (ce 0.0117) | 19.7s/episode, ETA 0.38h
[18:00:31 INFO]   [40/100] running 81.90 ± 3.03% | last loss 0.1629 (ce 0.0233) | 19.7s/episode, ETA 0.33h
[18:03:48 INFO]   [50/100] running 81.28 ± 2.61% | last loss 0.2598 (ce 0.1547) | 19.7s/episode, ETA 0.27h
[18:07:05 INFO]   [60/100] running 81.76 ± 2.45% | last loss 0.1343 (ce 0.0092) | 19.7s/episode, ETA 0.22h
[18:10:23 INFO]   [70/100] running 81.64 ± 2.34% | last loss 0.1712 (ce 0.0101) | 19.7s/episode, ETA 0.16h
[18:13:40 INFO]   [80/100] running 82.22 ± 2.13% | last loss 0.1254 (ce 0.0159) | 19.7s/episode, ETA 0.11h
[18:16:57 INFO]   [90/100] running 82.43 ± 1.97% | last loss 0.1073 (ce 0.0092) | 19.7s/episode, ETA 0.05h
[18:20:14 INFO]   [100/100] running 82.17 ± 1.88% | last loss 0.2926 (ce 0.0655) | 19.7s/episode, ETA 0.00h
[18:20:14 INFO] Final (episodic, fsr_s2_ref0_l30.3_cc_l11_l21.5_loraboth_r2_steps500): 82.17 ± 1.88% (n_episodes=100)
[CropDiseases] 使用路徑：data/CropDiseases/New Plant Diseases Dataset(Augmented)/New Plant Diseases Dataset(Augmented)/train
>>> [+CC-CDFSL] chestx 1-shot  2026-09-25 18:20:15
[18:20:16 INFO] Episodic protocol | chestx 5-way 1-shot | 100 episodes × 500 steps | tag=nofsr_cc_l13_l20.5_loraboth_r2_steps500
[18:20:16 INFO] Args: {'dataset': 'chestx', 'data_root': './data', 'n_way': 5, 'n_shot': 1, 'n_query': 15, 'n_episodes': None, 'backbone': 'ViT-B/16', 'lora_encoder': 'both', 'lora_qkv_mode': 'separate', 'lora_out_proj': False, 'lora_r': 2, 'lora_alpha': 1.0, 'lora_dropout': 0.25, 'steps': 500, 'batch_size': 32, 'lr': 0.0002, 'weight_decay': 0.01, 'no_ce_aug': False, 'lambda1': 3.0, 'lambda2': 0.5, 'top_k': 10, 'n_aug': 4, 'use_feature_sr': False, 'sr_scale': 2, 'sr_refiner_layers': 0, 'sr_refiner_heads': 8, 'lambda3': 0.3, 'seed': 42, 'no_amp': False, 'save_dir': './results_episodic', 'tag': None, 'log_every': 10}
[18:20:16 INFO] Episode pool (BSCD 全量): ChestXDataset(split=train, n_classes=7, n_samples=31338)
[18:20:18 INFO] LoRA trainable parameters: 184,320 (encoder=both, qkv=separate, out_proj=False)
/home/ccoliu/FeatureSR/train_episodic.py:146: FutureWarning: `torch.cuda.amp.GradScaler(args...)` is deprecated. Please use `torch.amp.GradScaler('cuda', args...)` instead.
  scaler = torch.cuda.amp.GradScaler(enabled=use_amp)
/home/ccoliu/FeatureSR/.venv/lib/python3.12/site-packages/torch/optim/lr_scheduler.py:224: UserWarning: Detected call of `lr_scheduler.step()` before `optimizer.step()`. In PyTorch 1.1.0 and later, you should call them in the opposite order: `optimizer.step()` before `lr_scheduler.step()`.  Failure to do this will result in PyTorch skipping the first value of the learning rate schedule. See more details at https://pytorch.org/docs/stable/optim.html#how-to-adjust-learning-rate
  warnings.warn(
[18:23:23 INFO]   [10/100] running 19.87 ± 2.54% | last loss 0.1927 (ce 0.0564) | 18.5s/episode, ETA 0.46h
[18:26:27 INFO]   [20/100] running 21.80 ± 1.88% | last loss 0.8524 (ce 0.5165) | 18.5s/episode, ETA 0.41h
[18:29:32 INFO]   [30/100] running 22.00 ± 1.56% | last loss 0.2323 (ce 0.0266) | 18.5s/episode, ETA 0.36h
[18:32:37 INFO]   [40/100] running 22.37 ± 1.33% | last loss 0.2340 (ce 0.0158) | 18.5s/episode, ETA 0.31h
[18:35:41 INFO]   [50/100] running 22.45 ± 1.37% | last loss 0.1647 (ce 0.0125) | 18.5s/episode, ETA 0.26h
[18:38:46 INFO]   [60/100] running 22.71 ± 1.21% | last loss 0.3395 (ce 0.0376) | 18.5s/episode, ETA 0.21h
[18:41:51 INFO]   [70/100] running 22.55 ± 1.13% | last loss 0.1619 (ce 0.0411) | 18.5s/episode, ETA 0.15h
[18:44:55 INFO]   [80/100] running 22.45 ± 1.07% | last loss 0.1505 (ce 0.0139) | 18.5s/episode, ETA 0.10h
[18:48:00 INFO]   [90/100] running 22.53 ± 1.04% | last loss 0.2510 (ce 0.0125) | 18.5s/episode, ETA 0.05h
[18:51:05 INFO]   [100/100] running 22.39 ± 0.96% | last loss 0.2209 (ce 0.0168) | 18.5s/episode, ETA 0.00h
[18:51:05 INFO] Final (episodic, nofsr_cc_l13_l20.5_loraboth_r2_steps500): 22.39 ± 0.96% (n_episodes=100)
>>> [+CC-CDFSL +FeatureSR] chestx 1-shot  2026-09-25 18:51:05
[18:51:06 INFO] Episodic protocol | chestx 5-way 1-shot | 100 episodes × 500 steps | tag=fsr_s2_ref0_l30.3_cc_l13_l20.5_loraboth_r2_steps500
[18:51:06 INFO] Args: {'dataset': 'chestx', 'data_root': './data', 'n_way': 5, 'n_shot': 1, 'n_query': 15, 'n_episodes': None, 'backbone': 'ViT-B/16', 'lora_encoder': 'both', 'lora_qkv_mode': 'separate', 'lora_out_proj': False, 'lora_r': 2, 'lora_alpha': 1.0, 'lora_dropout': 0.25, 'steps': 500, 'batch_size': 32, 'lr': 0.0002, 'weight_decay': 0.01, 'no_ce_aug': False, 'lambda1': 3.0, 'lambda2': 0.5, 'top_k': 10, 'n_aug': 4, 'use_feature_sr': True, 'sr_scale': 2, 'sr_refiner_layers': 0, 'sr_refiner_heads': 8, 'lambda3': 0.3, 'seed': 42, 'no_amp': False, 'save_dir': './results_episodic', 'tag': None, 'log_every': 10}
[18:51:06 INFO] Episode pool (BSCD 全量): ChestXDataset(split=train, n_classes=7, n_samples=31338)
[18:51:08 INFO] LoRA trainable parameters: 184,320 (encoder=both, qkv=separate, out_proj=False)
/home/ccoliu/FeatureSR/train_episodic.py:146: FutureWarning: `torch.cuda.amp.GradScaler(args...)` is deprecated. Please use `torch.amp.GradScaler('cuda', args...)` instead.
  scaler = torch.cuda.amp.GradScaler(enabled=use_amp)
/home/ccoliu/FeatureSR/.venv/lib/python3.12/site-packages/torch/optim/lr_scheduler.py:224: UserWarning: Detected call of `lr_scheduler.step()` before `optimizer.step()`. In PyTorch 1.1.0 and later, you should call them in the opposite order: `optimizer.step()` before `lr_scheduler.step()`.  Failure to do this will result in PyTorch skipping the first value of the learning rate schedule. See more details at https://pytorch.org/docs/stable/optim.html#how-to-adjust-learning-rate
  warnings.warn(
[18:54:34 INFO]   [10/100] running 20.53 ± 2.14% | last loss 0.3193 (ce 0.1789) | 20.6s/episode, ETA 0.51h
[18:57:59 INFO]   [20/100] running 20.80 ± 1.82% | last loss 0.2107 (ce 0.0660) | 20.6s/episode, ETA 0.46h
[19:01:25 INFO]   [30/100] running 22.09 ± 1.63% | last loss 0.1590 (ce 0.0393) | 20.6s/episode, ETA 0.40h
[19:04:50 INFO]   [40/100] running 22.70 ± 1.49% | last loss 0.2363 (ce 0.1220) | 20.6s/episode, ETA 0.34h
[19:08:16 INFO]   [50/100] running 22.72 ± 1.58% | last loss 0.4827 (ce 0.3355) | 20.6s/episode, ETA 0.29h
[19:11:41 INFO]   [60/100] running 22.89 ± 1.38% | last loss 0.1963 (ce 0.0833) | 20.6s/episode, ETA 0.23h
[19:15:07 INFO]   [70/100] running 23.10 ± 1.23% | last loss 0.1528 (ce 0.0229) | 20.6s/episode, ETA 0.17h
[19:18:32 INFO]   [80/100] running 23.00 ± 1.13% | last loss 0.2589 (ce 0.1346) | 20.6s/episode, ETA 0.11h
[19:21:58 INFO]   [90/100] running 22.96 ± 1.07% | last loss 0.1684 (ce 0.0274) | 20.6s/episode, ETA 0.06h
[19:25:23 INFO]   [100/100] running 22.80 ± 1.00% | last loss 0.1842 (ce 0.0344) | 20.6s/episode, ETA 0.00h
[19:25:23 INFO] Final (episodic, fsr_s2_ref0_l30.3_cc_l13_l20.5_loraboth_r2_steps500): 22.80 ± 1.00% (n_episodes=100)
>>> [+CC-CDFSL] isic 5-shot  2026-09-25 19:25:24
[19:25:25 INFO] Episodic protocol | isic 5-way 5-shot | 400 episodes × 500 steps | tag=nofsr_cc_l13_l22_loraboth_r2_steps500
[19:25:25 INFO] Args: {'dataset': 'isic', 'data_root': './data', 'n_way': 5, 'n_shot': 5, 'n_query': 15, 'n_episodes': None, 'backbone': 'ViT-B/16', 'lora_encoder': 'both', 'lora_qkv_mode': 'separate', 'lora_out_proj': False, 'lora_r': 2, 'lora_alpha': 1.0, 'lora_dropout': 0.25, 'steps': 500, 'batch_size': 32, 'lr': 0.0002, 'weight_decay': 0.01, 'no_ce_aug': False, 'lambda1': 3.0, 'lambda2': 2.0, 'top_k': 10, 'n_aug': 4, 'use_feature_sr': False, 'sr_scale': 2, 'sr_refiner_layers': 0, 'sr_refiner_heads': 8, 'lambda3': 0.3, 'seed': 42, 'no_amp': False, 'save_dir': './results_episodic', 'tag': None, 'log_every': 10}
[19:25:25 INFO] Episode pool (BSCD 全量): ISICDataset(split=train, n_classes=7, n_samples=10015)
[19:25:27 INFO] LoRA trainable parameters: 184,320 (encoder=both, qkv=separate, out_proj=False)
/home/ccoliu/FeatureSR/train_episodic.py:146: FutureWarning: `torch.cuda.amp.GradScaler(args...)` is deprecated. Please use `torch.amp.GradScaler('cuda', args...)` instead.
  scaler = torch.cuda.amp.GradScaler(enabled=use_amp)
/home/ccoliu/FeatureSR/.venv/lib/python3.12/site-packages/torch/optim/lr_scheduler.py:224: UserWarning: Detected call of `lr_scheduler.step()` before `optimizer.step()`. In PyTorch 1.1.0 and later, you should call them in the opposite order: `optimizer.step()` before `lr_scheduler.step()`.  Failure to do this will result in PyTorch skipping the first value of the learning rate schedule. See more details at https://pytorch.org/docs/stable/optim.html#how-to-adjust-learning-rate
  warnings.warn(
[19:36:17 INFO]   [10/400] running 48.67 ± 3.15% | last loss 0.3366 (ce 0.0081) | 65.0s/episode, ETA 7.04h
[19:47:07 INFO]   [20/400] running 48.00 ± 3.03% | last loss 0.4656 (ce 0.0223) | 65.0s/episode, ETA 6.86h
[19:57:57 INFO]   [30/400] running 47.16 ± 2.81% | last loss 0.3766 (ce 0.0059) | 65.0s/episode, ETA 6.68h
[20:08:47 INFO]   [40/400] running 47.60 ± 2.33% | last loss 0.5745 (ce 0.0427) | 65.0s/episode, ETA 6.50h
[20:19:38 INFO]   [50/400] running 47.71 ± 1.97% | last loss 0.4265 (ce 0.0047) | 65.0s/episode, ETA 6.32h
[20:30:28 INFO]   [60/400] running 47.62 ± 1.82% | last loss 0.6785 (ce 0.0195) | 65.0s/episode, ETA 6.14h
[20:41:17 INFO]   [70/400] running 47.89 ± 1.80% | last loss 0.7073 (ce 0.0081) | 65.0s/episode, ETA 5.96h
[20:52:07 INFO]   [80/400] running 47.88 ± 1.67% | last loss 0.3056 (ce 0.0138) | 65.0s/episode, ETA 5.78h
[21:02:56 INFO]   [90/400] running 48.04 ± 1.56% | last loss 0.2743 (ce 0.0344) | 65.0s/episode, ETA 5.60h
[21:13:46 INFO]   [100/400] running 48.29 ± 1.44% | last loss 0.8776 (ce 0.0907) | 65.0s/episode, ETA 5.42h
[21:24:35 INFO]   [110/400] running 48.57 ± 1.42% | last loss 0.1804 (ce 0.0147) | 65.0s/episode, ETA 5.24h
[21:35:25 INFO]   [120/400] running 48.51 ± 1.34% | last loss 0.3484 (ce 0.0147) | 65.0s/episode, ETA 5.05h
[21:46:15 INFO]   [130/400] running 48.62 ± 1.27% | last loss 0.3256 (ce 0.0133) | 65.0s/episode, ETA 4.87h
[21:57:05 INFO]   [140/400] running 48.59 ± 1.22% | last loss 0.6678 (ce 0.0111) | 65.0s/episode, ETA 4.69h
[22:07:55 INFO]   [150/400] running 48.68 ± 1.21% | last loss 0.3633 (ce 0.0103) | 65.0s/episode, ETA 4.51h
[22:18:44 INFO]   [160/400] running 48.47 ± 1.19% | last loss 0.6768 (ce 0.0073) | 65.0s/episode, ETA 4.33h
[22:29:34 INFO]   [170/400] running 48.51 ± 1.16% | last loss 0.3834 (ce 0.0255) | 65.0s/episode, ETA 4.15h
[22:40:24 INFO]   [180/400] running 48.53 ± 1.10% | last loss 0.4214 (ce 0.0925) | 65.0s/episode, ETA 3.97h
[22:51:14 INFO]   [190/400] running 48.44 ± 1.07% | last loss 0.1806 (ce 0.0814) | 65.0s/episode, ETA 3.79h
[23:02:04 INFO]   [200/400] running 48.50 ± 1.03% | last loss 0.3383 (ce 0.0237) | 65.0s/episode, ETA 3.61h
[23:12:54 INFO]   [210/400] running 48.50 ± 1.02% | last loss 0.3271 (ce 0.0255) | 65.0s/episode, ETA 3.43h
[23:23:44 INFO]   [220/400] running 48.34 ± 1.00% | last loss 0.4352 (ce 0.0256) | 65.0s/episode, ETA 3.25h
[23:34:34 INFO]   [230/400] running 48.41 ± 0.97% | last loss 0.3849 (ce 0.0119) | 65.0s/episode, ETA 3.07h
[23:45:24 INFO]   [240/400] running 48.23 ± 0.95% | last loss 0.4953 (ce 0.0529) | 65.0s/episode, ETA 2.89h
[23:56:14 INFO]   [250/400] running 48.15 ± 0.93% | last loss 0.3419 (ce 0.0273) | 65.0s/episode, ETA 2.71h
[00:07:04 INFO]   [260/400] running 48.18 ± 0.90% | last loss 0.4524 (ce 0.0309) | 65.0s/episode, ETA 2.53h
[00:17:53 INFO]   [270/400] running 48.11 ± 0.88% | last loss 0.3811 (ce 0.0124) | 65.0s/episode, ETA 2.35h
[00:28:42 INFO]   [280/400] running 47.97 ± 0.86% | last loss 0.3801 (ce 0.0111) | 65.0s/episode, ETA 2.17h
[00:39:32 INFO]   [290/400] running 47.95 ± 0.84% | last loss 0.4252 (ce 0.0103) | 65.0s/episode, ETA 1.99h
[00:50:22 INFO]   [300/400] running 47.99 ± 0.82% | last loss 0.5593 (ce 0.0149) | 65.0s/episode, ETA 1.81h
[01:01:12 INFO]   [310/400] running 47.91 ± 0.80% | last loss 0.4400 (ce 0.0083) | 65.0s/episode, ETA 1.62h
[01:12:01 INFO]   [320/400] running 48.02 ± 0.79% | last loss 0.8680 (ce 0.0120) | 65.0s/episode, ETA 1.44h
[01:22:51 INFO]   [330/400] running 47.96 ± 0.77% | last loss 0.4151 (ce 0.0096) | 65.0s/episode, ETA 1.26h
[01:33:40 INFO]   [340/400] running 48.00 ± 0.76% | last loss 0.3343 (ce 0.0165) | 65.0s/episode, ETA 1.08h
[01:44:30 INFO]   [350/400] running 48.02 ± 0.75% | last loss 0.1529 (ce 0.0296) | 65.0s/episode, ETA 0.90h
[01:55:18 INFO]   [360/400] running 47.98 ± 0.74% | last loss 0.2095 (ce 0.0391) | 65.0s/episode, ETA 0.72h
[02:06:08 INFO]   [370/400] running 48.00 ± 0.74% | last loss 0.6600 (ce 0.0746) | 65.0s/episode, ETA 0.54h
[02:16:58 INFO]   [380/400] running 47.96 ± 0.74% | last loss 0.3954 (ce 0.0074) | 65.0s/episode, ETA 0.36h
[02:27:46 INFO]   [390/400] running 47.94 ± 0.73% | last loss 0.2068 (ce 0.0389) | 65.0s/episode, ETA 0.18h
[02:38:35 INFO]   [400/400] running 47.98 ± 0.72% | last loss 0.3671 (ce 0.0108) | 65.0s/episode, ETA 0.00h
[02:38:35 INFO] Final (episodic, nofsr_cc_l13_l22_loraboth_r2_steps500): 47.98 ± 0.72% (n_episodes=400)
>>> [+CC-CDFSL +FeatureSR] isic 5-shot  2026-09-26 02:38:36
[02:38:37 INFO] Episodic protocol | isic 5-way 5-shot | 400 episodes × 500 steps | tag=fsr_s2_ref0_l30.3_cc_l13_l22_loraboth_r2_steps500
[02:38:37 INFO] Args: {'dataset': 'isic', 'data_root': './data', 'n_way': 5, 'n_shot': 5, 'n_query': 15, 'n_episodes': None, 'backbone': 'ViT-B/16', 'lora_encoder': 'both', 'lora_qkv_mode': 'separate', 'lora_out_proj': False, 'lora_r': 2, 'lora_alpha': 1.0, 'lora_dropout': 0.25, 'steps': 500, 'batch_size': 32, 'lr': 0.0002, 'weight_decay': 0.01, 'no_ce_aug': False, 'lambda1': 3.0, 'lambda2': 2.0, 'top_k': 10, 'n_aug': 4, 'use_feature_sr': True, 'sr_scale': 2, 'sr_refiner_layers': 0, 'sr_refiner_heads': 8, 'lambda3': 0.3, 'seed': 42, 'no_amp': False, 'save_dir': './results_episodic', 'tag': None, 'log_every': 10}
[02:38:37 INFO] Episode pool (BSCD 全量): ISICDataset(split=train, n_classes=7, n_samples=10015)
[02:38:39 INFO] LoRA trainable parameters: 184,320 (encoder=both, qkv=separate, out_proj=False)
/home/ccoliu/FeatureSR/train_episodic.py:146: FutureWarning: `torch.cuda.amp.GradScaler(args...)` is deprecated. Please use `torch.amp.GradScaler('cuda', args...)` instead.
  scaler = torch.cuda.amp.GradScaler(enabled=use_amp)
/home/ccoliu/FeatureSR/.venv/lib/python3.12/site-packages/torch/optim/lr_scheduler.py:224: UserWarning: Detected call of `lr_scheduler.step()` before `optimizer.step()`. In PyTorch 1.1.0 and later, you should call them in the opposite order: `optimizer.step()` before `lr_scheduler.step()`.  Failure to do this will result in PyTorch skipping the first value of the learning rate schedule. See more details at https://pytorch.org/docs/stable/optim.html#how-to-adjust-learning-rate
  warnings.warn(
[02:51:05 INFO]   [10/400] running 47.47 ± 4.13% | last loss 0.1208 (ce 0.0210) | 74.6s/episode, ETA 8.09h
[03:03:32 INFO]   [20/400] running 46.87 ± 4.13% | last loss 0.1363 (ce 0.0283) | 74.6s/episode, ETA 7.88h
[03:15:58 INFO]   [30/400] running 46.27 ± 3.08% | last loss 0.0873 (ce 0.0182) | 74.6s/episode, ETA 7.67h
[03:28:24 INFO]   [40/400] running 46.70 ± 2.62% | last loss 0.1549 (ce 0.0572) | 74.6s/episode, ETA 7.46h
[03:40:51 INFO]   [50/400] running 47.04 ± 2.36% | last loss 0.1433 (ce 0.0528) | 74.6s/episode, ETA 7.26h
[03:53:17 INFO]   [60/400] running 46.87 ± 2.08% | last loss 0.1299 (ce 0.0464) | 74.6s/episode, ETA 7.05h
[04:05:43 INFO]   [70/400] running 47.52 ± 1.97% | last loss 0.1353 (ce 0.0303) | 74.6s/episode, ETA 6.84h
[04:18:10 INFO]   [80/400] running 47.62 ± 1.80% | last loss 0.1020 (ce 0.0169) | 74.6s/episode, ETA 6.63h
[04:30:37 INFO]   [90/400] running 47.94 ± 1.66% | last loss 0.1108 (ce 0.0229) | 74.6s/episode, ETA 6.43h
[04:43:03 INFO]   [100/400] running 48.12 ± 1.52% | last loss 0.1332 (ce 0.0433) | 74.6s/episode, ETA 6.22h
[04:55:30 INFO]   [110/400] running 48.34 ± 1.52% | last loss 0.1555 (ce 0.0344) | 74.6s/episode, ETA 6.01h
[05:07:56 INFO]   [120/400] running 48.12 ± 1.43% | last loss 0.1265 (ce 0.0323) | 74.6s/episode, ETA 5.81h
[05:20:22 INFO]   [130/400] running 48.14 ± 1.33% | last loss 0.2805 (ce 0.0409) | 74.6s/episode, ETA 5.60h
[05:32:49 INFO]   [140/400] running 48.15 ± 1.29% | last loss 0.1606 (ce 0.0464) | 74.6s/episode, ETA 5.39h
[05:45:16 INFO]   [150/400] running 48.21 ± 1.25% | last loss 0.1313 (ce 0.0249) | 74.6s/episode, ETA 5.18h
[05:57:42 INFO]   [160/400] running 48.00 ± 1.20% | last loss 0.1207 (ce 0.0239) | 74.6s/episode, ETA 4.98h
[06:10:08 INFO]   [170/400] running 48.09 ± 1.16% | last loss 0.1240 (ce 0.0242) | 74.6s/episode, ETA 4.77h
[06:22:35 INFO]   [180/400] running 48.07 ± 1.12% | last loss 0.1342 (ce 0.0184) | 74.6s/episode, ETA 4.56h
[06:35:02 INFO]   [190/400] running 48.10 ± 1.08% | last loss 0.1470 (ce 0.0493) | 74.7s/episode, ETA 4.35h
[06:47:29 INFO]   [200/400] running 48.28 ± 1.04% | last loss 0.1254 (ce 0.0282) | 74.7s/episode, ETA 4.15h
[06:59:55 INFO]   [210/400] running 48.30 ± 1.03% | last loss 0.1115 (ce 0.0211) | 74.7s/episode, ETA 3.94h
[07:12:22 INFO]   [220/400] running 48.26 ± 1.01% | last loss 0.1587 (ce 0.0573) | 74.7s/episode, ETA 3.73h
[07:24:49 INFO]   [230/400] running 48.47 ± 0.99% | last loss 0.1663 (ce 0.0744) | 74.7s/episode, ETA 3.53h
[07:37:15 INFO]   [240/400] running 48.33 ± 0.97% | last loss 0.1162 (ce 0.0312) | 74.7s/episode, ETA 3.32h
[07:49:42 INFO]   [250/400] running 48.31 ± 0.96% | last loss 0.1143 (ce 0.0269) | 74.7s/episode, ETA 3.11h
[08:02:09 INFO]   [260/400] running 48.37 ± 0.93% | last loss 0.1506 (ce 0.0296) | 74.7s/episode, ETA 2.90h
[08:14:35 INFO]   [270/400] running 48.30 ± 0.90% | last loss 0.1502 (ce 0.0462) | 74.7s/episode, ETA 2.70h
[08:27:02 INFO]   [280/400] running 48.19 ± 0.88% | last loss 0.1275 (ce 0.0397) | 74.7s/episode, ETA 2.49h
[08:39:28 INFO]   [290/400] running 48.10 ± 0.87% | last loss 0.1449 (ce 0.0444) | 74.7s/episode, ETA 2.28h
[08:51:55 INFO]   [300/400] running 48.11 ± 0.85% | last loss 0.1300 (ce 0.0229) | 74.7s/episode, ETA 2.07h
[09:04:21 INFO]   [310/400] running 48.05 ± 0.83% | last loss 0.1074 (ce 0.0333) | 74.7s/episode, ETA 1.87h
[09:16:48 INFO]   [320/400] running 48.18 ± 0.82% | last loss 0.1036 (ce 0.0258) | 74.7s/episode, ETA 1.66h
[09:29:14 INFO]   [330/400] running 48.16 ± 0.80% | last loss 0.1589 (ce 0.0350) | 74.7s/episode, ETA 1.45h
[09:41:40 INFO]   [340/400] running 48.20 ± 0.80% | last loss 0.1519 (ce 0.0495) | 74.7s/episode, ETA 1.24h
[09:54:06 INFO]   [350/400] running 48.27 ± 0.79% | last loss 0.1322 (ce 0.0298) | 74.7s/episode, ETA 1.04h
[10:06:33 INFO]   [360/400] running 48.26 ± 0.78% | last loss 0.1243 (ce 0.0228) | 74.7s/episode, ETA 0.83h
[10:18:59 INFO]   [370/400] running 48.25 ± 0.77% | last loss 0.1334 (ce 0.0200) | 74.7s/episode, ETA 0.62h
[10:31:27 INFO]   [380/400] running 48.19 ± 0.77% | last loss 0.1322 (ce 0.0304) | 74.7s/episode, ETA 0.41h
[10:43:54 INFO]   [390/400] running 48.21 ± 0.76% | last loss 0.1319 (ce 0.0322) | 74.7s/episode, ETA 0.21h
[10:56:21 INFO]   [400/400] running 48.21 ± 0.75% | last loss 0.1467 (ce 0.0659) | 74.7s/episode, ETA 0.00h
[10:56:21 INFO] Final (episodic, fsr_s2_ref0_l30.3_cc_l13_l22_loraboth_r2_steps500): 48.21 ± 0.75% (n_episodes=400)
>>> [+CC-CDFSL] eurosat 5-shot  2026-09-26 10:56:22
[10:56:23 INFO] Episodic protocol | eurosat 5-way 5-shot | 400 episodes × 500 steps | tag=nofsr_cc_l11.5_l20.2_loraboth_r2_steps500
[10:56:23 INFO] Args: {'dataset': 'eurosat', 'data_root': './data', 'n_way': 5, 'n_shot': 5, 'n_query': 15, 'n_episodes': None, 'backbone': 'ViT-B/16', 'lora_encoder': 'both', 'lora_qkv_mode': 'separate', 'lora_out_proj': False, 'lora_r': 2, 'lora_alpha': 1.0, 'lora_dropout': 0.25, 'steps': 500, 'batch_size': 32, 'lr': 0.0002, 'weight_decay': 0.01, 'no_ce_aug': False, 'lambda1': 1.5, 'lambda2': 0.2, 'top_k': 10, 'n_aug': 4, 'use_feature_sr': False, 'sr_scale': 2, 'sr_refiner_layers': 0, 'sr_refiner_heads': 8, 'lambda3': 0.3, 'seed': 42, 'no_amp': False, 'save_dir': './results_episodic', 'tag': None, 'log_every': 10}
[10:56:23 INFO] Episode pool (BSCD 全量): EuroSATDataset(split=train, n_classes=10, n_samples=27000)
[10:56:25 INFO] LoRA trainable parameters: 184,320 (encoder=both, qkv=separate, out_proj=False)
/home/ccoliu/FeatureSR/train_episodic.py:146: FutureWarning: `torch.cuda.amp.GradScaler(args...)` is deprecated. Please use `torch.amp.GradScaler('cuda', args...)` instead.
  scaler = torch.cuda.amp.GradScaler(enabled=use_amp)
/home/ccoliu/FeatureSR/.venv/lib/python3.12/site-packages/torch/optim/lr_scheduler.py:224: UserWarning: Detected call of `lr_scheduler.step()` before `optimizer.step()`. In PyTorch 1.1.0 and later, you should call them in the opposite order: `optimizer.step()` before `lr_scheduler.step()`.  Failure to do this will result in PyTorch skipping the first value of the learning rate schedule. See more details at https://pytorch.org/docs/stable/optim.html#how-to-adjust-learning-rate
  warnings.warn(
[11:07:11 INFO]   [10/400] running 93.07 ± 2.02% | last loss 0.0913 (ce 0.0253) | 64.6s/episode, ETA 7.00h
[11:17:58 INFO]   [20/400] running 93.67 ± 1.23% | last loss 0.0596 (ce 0.0018) | 64.6s/episode, ETA 6.82h
[11:28:44 INFO]   [30/400] running 93.69 ± 1.26% | last loss 0.1393 (ce 0.0738) | 64.6s/episode, ETA 6.64h
[11:39:30 INFO]   [40/400] running 93.03 ± 1.18% | last loss 0.0798 (ce 0.0046) | 64.6s/episode, ETA 6.46h
[11:50:17 INFO]   [50/400] running 92.77 ± 1.03% | last loss 0.0780 (ce 0.0016) | 64.6s/episode, ETA 6.28h
[12:01:03 INFO]   [60/400] running 92.76 ± 0.94% | last loss 0.0768 (ce 0.0186) | 64.6s/episode, ETA 6.10h
[12:11:49 INFO]   [70/400] running 92.74 ± 0.85% | last loss 0.0637 (ce 0.0022) | 64.6s/episode, ETA 5.93h
[12:22:35 INFO]   [80/400] running 92.62 ± 0.79% | last loss 0.0600 (ce 0.0073) | 64.6s/episode, ETA 5.75h
[12:33:22 INFO]   [90/400] running 92.58 ± 0.75% | last loss 0.0626 (ce 0.0022) | 64.6s/episode, ETA 5.57h
[12:44:08 INFO]   [100/400] running 92.47 ± 0.71% | last loss 0.0600 (ce 0.0042) | 64.6s/episode, ETA 5.39h
[12:54:54 INFO]   [110/400] running 92.45 ± 0.69% | last loss 0.0807 (ce 0.0025) | 64.6s/episode, ETA 5.21h
[13:05:41 INFO]   [120/400] running 92.44 ± 0.68% | last loss 0.0552 (ce 0.0055) | 64.6s/episode, ETA 5.03h
[13:16:27 INFO]   [130/400] running 92.33 ± 0.68% | last loss 0.0720 (ce 0.0016) | 64.6s/episode, ETA 4.85h
[13:27:14 INFO]   [140/400] running 92.27 ± 0.64% | last loss 0.0757 (ce 0.0026) | 64.6s/episode, ETA 4.67h
[13:38:00 INFO]   [150/400] running 92.28 ± 0.62% | last loss 0.0878 (ce 0.0048) | 64.6s/episode, ETA 4.49h
[13:48:46 INFO]   [160/400] running 92.28 ± 0.61% | last loss 0.0627 (ce 0.0115) | 64.6s/episode, ETA 4.31h
[13:59:33 INFO]   [170/400] running 92.41 ± 0.60% | last loss 0.1759 (ce 0.0991) | 64.6s/episode, ETA 4.13h
