======================================================
 ISIC lambda3=0 TTA 隔離驗證
 開始時間: 2026-09-13 15:18:19
======================================================

>>> [訓練] ISIC FSR+Ensemble 5-shot, refiner=0, lambda3=0
[15:18:21 INFO] Device: cuda
[15:18:21 INFO] ============================================================
[15:18:21 INFO] Dataset: isic, n_shot=5, Mode: Feature-SR (28x28)
[15:18:21 INFO] ============================================================
[15:18:21 INFO] Train: ISICDataset(split=train, n_classes=7, n_samples=35)
[15:18:21 INFO] Test:  ISICDataset(split=test, n_classes=7, n_samples=2003)
[15:18:21 INFO] Loading CLIP ViT-B/16...
[15:18:23 INFO] Applying LoRA (r=4, alpha=1.0)...
[15:18:23 INFO] Initializing Feature SR Module (scale=2, 14x14 -> 28x28)...
[15:18:23 INFO] Trainable parameters: 6,145,024
[15:18:23 INFO] LR Schedule: Linear warmup (5 epochs) + Cosine decay
/home/ccoliu/FeatureSR/train.py:458: FutureWarning: `torch.cuda.amp.GradScaler(args...)` is deprecated. Please use `torch.amp.GradScaler('cuda', args...)` instead.
  scaler = torch.cuda.amp.GradScaler() if device == "cuda" else None
[15:18:23 INFO] FP16 Automatic Mixed Precision (AMP) enabled.
[15:18:23 INFO] Initial evaluation (before training)...
[15:18:49 INFO]   Baseline: 20.96 ± 0.58%
/home/ccoliu/FeatureSR/train.py:213: FutureWarning: `torch.cuda.amp.autocast(args...)` is deprecated. Please use `torch.amp.autocast('cuda', args...)` instead.
  with torch.cuda.amp.autocast(enabled=(scaler is not None)):
[15:20:00 INFO] Epoch [  1/100] Loss: 2.6378 (CE:1.6367, TIT:0.0544, ITI:0.4189, CR:0.9447) Acc: 23.93%
/home/ccoliu/FeatureSR/.venv/lib/python3.12/site-packages/torch/optim/lr_scheduler.py:240: UserWarning: The epoch parameter in `scheduler.step()` was not necessary and is being deprecated where possible. Please use `scheduler.step()` to step the scheduler. During the deprecation, if epoch is different from None, the closed form is used instead of the new chainable form, where available. Please open an issue if you are unable to replicate your use case: https://github.com/pytorch/pytorch/issues/new/choose.
  warnings.warn(EPOCH_DEPRECATION_WARNING, UserWarning)
[15:30:38 INFO] Epoch [ 10/100] Loss: 0.2390 (CE:0.0086, TIT:0.0747, ITI:0.0031, CR:0.8643) Acc: 44.01%
[15:34:26 INFO]   [Eval] Epoch 10: 44.13 ± 0.67% ✓ NEW BEST!
[15:34:26 INFO]   Saved best checkpoint: checkpoints_refiner0/fsr_ensemble_5shot_lambda3_0/isic_5shot_fsr_best.pth
[15:46:14 INFO] Epoch [ 20/100] Loss: 0.2254 (CE:0.0013, TIT:0.0739, ITI:0.0012, CR:0.8505) Acc: 45.20%
[15:50:00 INFO]   [Eval] Epoch 20: 45.01 ± 0.63% ✓ NEW BEST!
[15:50:00 INFO]   Saved best checkpoint: checkpoints_refiner0/fsr_ensemble_5shot_lambda3_0/isic_5shot_fsr_best.pth
[16:02:00 INFO] Epoch [ 30/100] Loss: 0.2236 (CE:0.0006, TIT:0.0740, ITI:0.0005, CR:0.8415) Acc: 45.48%
[16:05:45 INFO]   [Eval] Epoch 30: 45.43 ± 0.65% ✓ NEW BEST!
[16:05:45 INFO]   Saved best checkpoint: checkpoints_refiner0/fsr_ensemble_5shot_lambda3_0/isic_5shot_fsr_best.pth
[16:17:41 INFO] Epoch [ 40/100] Loss: 0.2225 (CE:0.0004, TIT:0.0738, ITI:0.0003, CR:0.8455) Acc: 44.21%
[16:21:30 INFO]   [Eval] Epoch 40: 43.49 ± 0.61%
[16:33:17 INFO] Epoch [ 50/100] Loss: 0.2246 (CE:0.0003, TIT:0.0745, ITI:0.0004, CR:0.8456) Acc: 43.16%
[16:37:01 INFO]   [Eval] Epoch 50: 43.82 ± 0.63%
[16:48:50 INFO] Epoch [ 60/100] Loss: 0.2220 (CE:0.0003, TIT:0.0737, ITI:0.0004, CR:0.8568) Acc: 42.29%
[16:52:37 INFO]   [Eval] Epoch 60: 42.57 ± 0.66%
[17:04:25 INFO] Epoch [ 70/100] Loss: 0.2227 (CE:0.0003, TIT:0.0739, ITI:0.0003, CR:0.8580) Acc: 42.24%
[17:08:13 INFO]   [Eval] Epoch 70: 42.16 ± 0.61%
[17:20:00 INFO] Epoch [ 80/100] Loss: 0.2252 (CE:0.0002, TIT:0.0747, ITI:0.0003, CR:0.8671) Acc: 43.76%
[17:23:51 INFO]   [Eval] Epoch 80: 43.03 ± 0.59%
[17:35:36 INFO] Epoch [ 90/100] Loss: 0.2219 (CE:0.0002, TIT:0.0737, ITI:0.0003, CR:0.8669) Acc: 41.56%
[17:39:23 INFO]   [Eval] Epoch 90: 42.34 ± 0.61%
[17:51:10 INFO] Epoch [100/100] Loss: 0.2247 (CE:0.0002, TIT:0.0746, ITI:0.0003, CR:0.8683) Acc: 42.00%
[17:54:50 INFO]   [Eval] Epoch 100: 42.78 ± 0.63%
[17:54:50 INFO] 
Best Acc: 45.43% at Epoch 30
/home/ccoliu/FeatureSR/train.py:556: FutureWarning: You are using `torch.load` with `weights_only=False` (the current default value), which uses the default pickle module implicitly. It is possible to construct malicious pickle data which will execute arbitrary code during unpickling (See https://github.com/pytorch/pytorch/blob/main/SECURITY.md#untrusted-models for more details). In a future release, the default value for `weights_only` will be flipped to `True`. This limits the functions that could be executed during unpickling. Arbitrary objects will no longer be allowed to be loaded via this mode unless they are explicitly allowlisted by the user via `torch.serialization.add_safe_globals`. We recommend you start setting `weights_only=True` for any use case where you don't have full control of the loaded file. Please open an issue on GitHub for any issues related to this experimental feature.
  ckpt = torch.load(final_ckpt, map_location=device)
[17:54:50 INFO] Loaded best checkpoint from epoch 30
[17:58:33 INFO] Final (Feature-SR (28x28)): 45.06 ± 0.64% (n_episodes=400)
[ISICDataset] Strict few-shot training enabled. Total training samples: 35 (n_shot=5)

>>> [評估] 無 TTA
>>> [評估] +TTA

======================================================
 完成！結束時間: 2026-09-13 18:06:57
======================================================
