======================================================
 Lambda3 敏感度分析：{0.1, 0.5, 1.0} x {EuroSAT, ISIC}
 （0 與 0.3 兩點已由 run_fsr_ablation.sh 的 B/A 組涵蓋）
 開始時間: 2026-09-09 15:09:51
======================================================

>>> [lambda3=0.1] eurosat
[15:09:58 INFO] Device: cuda
[15:09:58 INFO] ============================================================
[15:09:58 INFO] Dataset: eurosat, n_shot=5, Mode: Feature-SR (28x28)
[15:09:58 INFO] ============================================================
[15:09:59 INFO] Train: EuroSATDataset(split=train, n_classes=10, n_samples=50)
[15:09:59 INFO] Test:  EuroSATDataset(split=test, n_classes=10, n_samples=5400)
[15:09:59 INFO] Loading CLIP ViT-B/16...
[15:10:09 INFO] Applying LoRA (r=4, alpha=1.0)...
[15:10:09 INFO] Initializing Feature SR Module (scale=2, 14x14 -> 28x28)...
[15:10:09 INFO] Trainable parameters: 10,350,592
[15:10:09 INFO] LR Schedule: Cosine decay (no warmup)
/var/tmp/cc-cdfsl/train.py:457: FutureWarning: `torch.cuda.amp.GradScaler(args...)` is deprecated. Please use `torch.amp.GradScaler('cuda', args...)` instead.
  scaler = torch.cuda.amp.GradScaler() if device == "cuda" else None
[15:10:09 INFO] FP16 Automatic Mixed Precision (AMP) enabled.
[15:10:09 INFO] Initial evaluation (before training)...
[15:10:46 INFO]   Baseline: 49.20 ± 3.14%
/var/tmp/cc-cdfsl/train.py:213: FutureWarning: `torch.cuda.amp.autocast(args...)` is deprecated. Please use `torch.amp.autocast('cuda', args...)` instead.
  with torch.cuda.amp.autocast(enabled=(scaler is not None)):
[15:13:40 INFO] Epoch [  1/100] Loss: 0.8032 (CE:0.6075, TIT:0.1064, ITI:0.0451, CR:0.2709) Acc: 68.29%
[EuroSATDataset] Strict few-shot training enabled. Total training samples: 50 (n_shot=5)
Traceback (most recent call last):
  File "/var/tmp/cc-cdfsl/train.py", line 621, in <module>
    main()
  File "/var/tmp/cc-cdfsl/train.py", line 603, in main
    result = train_on_dataset(dataset_name, args, device)
  File "/var/tmp/cc-cdfsl/train.py", line 478, in train_on_dataset
    stats = train_episode(
  File "/var/tmp/cc-cdfsl/train.py", line 273, in train_episode
    scaler.step(optimizer)
  File "/home/user/anaconda3/envs/research/lib/python3.10/site-packages/torch/amp/grad_scaler.py", line 478, in step
    retval = self._maybe_opt_step(optimizer, optimizer_state, *args, **kwargs)
  File "/home/user/anaconda3/envs/research/lib/python3.10/site-packages/torch/amp/grad_scaler.py", line 371, in _maybe_opt_step
    if not sum(v.item() for v in optimizer_state["found_inf_per_device"].values()):
  File "/home/user/anaconda3/envs/research/lib/python3.10/site-packages/torch/amp/grad_scaler.py", line 371, in <genexpr>
    if not sum(v.item() for v in optimizer_state["found_inf_per_device"].values()):
torch.AcceleratorError: CUDA error: unknown error
Search for `cudaErrorUnknown' in https://docs.nvidia.com/cuda/cuda-runtime-api/group__CUDART__TYPES.html for more information.
For more detailed error information, run with CUDA_LOG_FILE=stderr


>>> [lambda3=0.5] eurosat
[15:21:09 INFO] Device: cuda
[15:21:09 INFO] ============================================================
[15:21:09 INFO] Dataset: eurosat, n_shot=5, Mode: Feature-SR (28x28)
[15:21:09 INFO] ============================================================
[15:21:09 INFO] Train: EuroSATDataset(split=train, n_classes=10, n_samples=50)
[15:21:09 INFO] Test:  EuroSATDataset(split=test, n_classes=10, n_samples=5400)
[15:21:09 INFO] Loading CLIP ViT-B/16...
[15:21:19 INFO] Applying LoRA (r=4, alpha=1.0)...
[15:21:19 INFO] Initializing Feature SR Module (scale=2, 14x14 -> 28x28)...
[15:21:20 INFO] Trainable parameters: 10,350,592
[15:21:20 INFO] LR Schedule: Cosine decay (no warmup)
/var/tmp/cc-cdfsl/train.py:457: FutureWarning: `torch.cuda.amp.GradScaler(args...)` is deprecated. Please use `torch.amp.GradScaler('cuda', args...)` instead.
  scaler = torch.cuda.amp.GradScaler() if device == "cuda" else None
[15:21:20 INFO] FP16 Automatic Mixed Precision (AMP) enabled.
[15:21:20 INFO] Initial evaluation (before training)...
[15:21:57 INFO]   Baseline: 48.64 ± 3.40%
/var/tmp/cc-cdfsl/train.py:213: FutureWarning: `torch.cuda.amp.autocast(args...)` is deprecated. Please use `torch.amp.autocast('cuda', args...)` instead.
  with torch.cuda.amp.autocast(enabled=(scaler is not None)):
[15:24:43 INFO] Epoch [  1/100] Loss: 0.8395 (CE:0.5902, TIT:0.0737, ITI:0.0914, CR:0.2410) Acc: 68.29%
[EuroSATDataset] Strict few-shot training enabled. Total training samples: 50 (n_shot=5)
Traceback (most recent call last):
  File "/var/tmp/cc-cdfsl/train.py", line 621, in <module>
    main()
  File "/var/tmp/cc-cdfsl/train.py", line 603, in main
    result = train_on_dataset(dataset_name, args, device)
  File "/var/tmp/cc-cdfsl/train.py", line 478, in train_on_dataset
    stats = train_episode(
  File "/var/tmp/cc-cdfsl/train.py", line 273, in train_episode
    scaler.step(optimizer)
  File "/home/user/anaconda3/envs/research/lib/python3.10/site-packages/torch/amp/grad_scaler.py", line 478, in step
    retval = self._maybe_opt_step(optimizer, optimizer_state, *args, **kwargs)
  File "/home/user/anaconda3/envs/research/lib/python3.10/site-packages/torch/amp/grad_scaler.py", line 371, in _maybe_opt_step
    if not sum(v.item() for v in optimizer_state["found_inf_per_device"].values()):
  File "/home/user/anaconda3/envs/research/lib/python3.10/site-packages/torch/amp/grad_scaler.py", line 371, in <genexpr>
    if not sum(v.item() for v in optimizer_state["found_inf_per_device"].values()):
torch.AcceleratorError: CUDA error: unknown error
Search for `cudaErrorUnknown' in https://docs.nvidia.com/cuda/cuda-runtime-api/group__CUDART__TYPES.html for more information.
For more detailed error information, run with CUDA_LOG_FILE=stderr


>>> [lambda3=1.0] eurosat
[15:42:04 INFO] Device: cuda
[15:42:04 INFO] ============================================================
[15:42:04 INFO] Dataset: eurosat, n_shot=5, Mode: Feature-SR (28x28)
[15:42:04 INFO] ============================================================
[15:42:04 INFO] Train: EuroSATDataset(split=train, n_classes=10, n_samples=50)
[15:42:04 INFO] Test:  EuroSATDataset(split=test, n_classes=10, n_samples=5400)
[15:42:04 INFO] Loading CLIP ViT-B/16...
[15:42:16 INFO] Applying LoRA (r=4, alpha=1.0)...
[15:42:16 INFO] Initializing Feature SR Module (scale=2, 14x14 -> 28x28)...
[15:42:16 INFO] Trainable parameters: 10,350,592
[15:42:16 INFO] LR Schedule: Cosine decay (no warmup)
/var/tmp/cc-cdfsl/train.py:457: FutureWarning: `torch.cuda.amp.GradScaler(args...)` is deprecated. Please use `torch.amp.GradScaler('cuda', args...)` instead.
  scaler = torch.cuda.amp.GradScaler() if device == "cuda" else None
[15:42:16 INFO] FP16 Automatic Mixed Precision (AMP) enabled.
[15:42:16 INFO] Initial evaluation (before training)...
[15:43:04 INFO]   Baseline: 47.76 ± 3.60%
/var/tmp/cc-cdfsl/train.py:213: FutureWarning: `torch.cuda.amp.autocast(args...)` is deprecated. Please use `torch.amp.autocast('cuda', args...)` instead.
  with torch.cuda.amp.autocast(enabled=(scaler is not None)):
[15:46:07 INFO] Epoch [  1/100] Loss: 0.9424 (CE:0.5930, TIT:0.0655, ITI:0.1126, CR:0.2286) Acc: 68.27%
[16:10:27 INFO] Epoch [ 10/100] Loss: 0.2084 (CE:0.0005, TIT:0.1360, ITI:0.0052, CR:0.0028) Acc: 90.85%
[16:15:10 INFO]   [Eval] Epoch 10: 90.26 ± 0.42% ✓ NEW BEST!
[16:15:11 INFO]   Saved best checkpoint: checkpoints_lambda3_sweep/l3_1.0/eurosat_5shot_fsr_best.pth
[16:43:12 INFO] Epoch [ 20/100] Loss: 0.2069 (CE:0.0002, TIT:0.1367, ITI:0.0021, CR:0.0013) Acc: 89.35%
[16:47:42 INFO]   [Eval] Epoch 20: 89.66 ± 0.41%
[17:13:16 INFO] Epoch [ 30/100] Loss: 0.2061 (CE:0.0001, TIT:0.1365, ITI:0.0013, CR:0.0010) Acc: 88.63%
[17:17:54 INFO]   [Eval] Epoch 30: 89.06 ± 0.43%
[17:43:25 INFO] Epoch [ 40/100] Loss: 0.2062 (CE:0.0001, TIT:0.1368, ITI:0.0012, CR:0.0007) Acc: 88.21%
[17:48:04 INFO]   [Eval] Epoch 40: 88.60 ± 0.43%
[18:13:50 INFO] Epoch [ 50/100] Loss: 0.2092 (CE:0.0001, TIT:0.1389, ITI:0.0013, CR:0.0004) Acc: 88.76%
[18:18:24 INFO]   [Eval] Epoch 50: 88.71 ± 0.46%
[18:44:01 INFO] Epoch [ 60/100] Loss: 0.2043 (CE:0.0001, TIT:0.1358, ITI:0.0013, CR:0.0003) Acc: 88.16%
[18:48:34 INFO]   [Eval] Epoch 60: 88.63 ± 0.45%
[19:15:06 INFO] Epoch [ 70/100] Loss: 0.2037 (CE:0.0001, TIT:0.1354, ITI:0.0012, CR:0.0003) Acc: 88.17%
[19:19:44 INFO]   [Eval] Epoch 70: 88.93 ± 0.42%
[19:45:43 INFO] Epoch [ 80/100] Loss: 0.2057 (CE:0.0001, TIT:0.1368, ITI:0.0011, CR:0.0002) Acc: 89.01%
[19:50:18 INFO]   [Eval] Epoch 80: 88.51 ± 0.41%
[20:16:34 INFO] Epoch [ 90/100] Loss: 0.2088 (CE:0.0001, TIT:0.1389, ITI:0.0010, CR:0.0002) Acc: 88.87%
[20:21:07 INFO]   [Eval] Epoch 90: 88.38 ± 0.42%
[20:51:32 INFO] Epoch [100/100] Loss: 0.2081 (CE:0.0001, TIT:0.1384, ITI:0.0009, CR:0.0002) Acc: 88.64%
[20:56:06 INFO]   [Eval] Epoch 100: 88.83 ± 0.40%
[20:56:06 INFO] 
Best Acc: 90.26% at Epoch 10
[20:56:11 INFO] Loaded best checkpoint from epoch 10
[21:00:43 INFO] Final (Feature-SR (28x28)): 90.42 ± 0.41% (n_episodes=400)
[EuroSATDataset] Strict few-shot training enabled. Total training samples: 50 (n_shot=5)

>>> [lambda3=0.1] isic
[21:01:04 INFO] Device: cuda
[21:01:04 INFO] ============================================================
[21:01:04 INFO] Dataset: isic, n_shot=5, Mode: Feature-SR (28x28)
[21:01:04 INFO] ============================================================
[21:01:04 INFO] Train: ISICDataset(split=train, n_classes=7, n_samples=35)
[21:01:04 INFO] Test:  ISICDataset(split=test, n_classes=7, n_samples=2003)
[21:01:04 INFO] Loading CLIP ViT-B/16...
[21:01:17 INFO] Applying LoRA (r=4, alpha=1.0)...
[21:01:17 INFO] Initializing Feature SR Module (scale=2, 14x14 -> 28x28)...
[21:01:17 INFO] Trainable parameters: 10,350,592
[21:01:17 INFO] LR Schedule: Cosine decay (no warmup)
/var/tmp/cc-cdfsl/train.py:457: FutureWarning: `torch.cuda.amp.GradScaler(args...)` is deprecated. Please use `torch.amp.GradScaler('cuda', args...)` instead.
  scaler = torch.cuda.amp.GradScaler() if device == "cuda" else None
[21:01:17 INFO] FP16 Automatic Mixed Precision (AMP) enabled.
[21:01:17 INFO] Initial evaluation (before training)...
[21:02:30 INFO]   Baseline: 20.45 ± 0.78%
/var/tmp/cc-cdfsl/train.py:213: FutureWarning: `torch.cuda.amp.autocast(args...)` is deprecated. Please use `torch.amp.autocast('cuda', args...)` instead.
  with torch.cuda.amp.autocast(enabled=(scaler is not None)):
[21:06:31 INFO] Epoch [  1/100] Loss: 2.3208 (CE:1.9386, TIT:0.1051, ITI:0.0156, CR:0.3574) Acc: 25.41%
[21:42:08 INFO] Epoch [ 10/100] Loss: 0.3223 (CE:0.0007, TIT:0.1059, ITI:0.0011, CR:0.0166) Acc: 43.79%
[21:50:48 INFO]   [Eval] Epoch 10: 42.13 ± 0.68% ✓ NEW BEST!
[21:50:50 INFO]   Saved best checkpoint: checkpoints_lambda3_sweep/l3_0.1/isic_5shot_fsr_best.pth
[22:30:18 INFO] Epoch [ 20/100] Loss: 0.3109 (CE:0.0003, TIT:0.1028, ITI:0.0007, CR:0.0077) Acc: 40.76%
[22:38:56 INFO]   [Eval] Epoch 20: 41.70 ± 0.63%
[23:18:15 INFO] Epoch [ 30/100] Loss: 0.3132 (CE:0.0002, TIT:0.1040, ITI:0.0004, CR:0.0036) Acc: 40.57%
[23:26:58 INFO]   [Eval] Epoch 30: 40.21 ± 0.57%
[00:06:16 INFO] Epoch [ 40/100] Loss: 0.3088 (CE:0.0001, TIT:0.1026, ITI:0.0002, CR:0.0025) Acc: 35.55%
[00:15:04 INFO]   [Eval] Epoch 40: 36.40 ± 0.59%
[ISICDataset] Strict few-shot training enabled. Total training samples: 35 (n_shot=5)
Traceback (most recent call last):
  File "/var/tmp/cc-cdfsl/train.py", line 621, in <module>
    main()
  File "/var/tmp/cc-cdfsl/train.py", line 603, in main
    result = train_on_dataset(dataset_name, args, device)
  File "/var/tmp/cc-cdfsl/train.py", line 478, in train_on_dataset
    stats = train_episode(
  File "/var/tmp/cc-cdfsl/train.py", line 284, in train_episode
    acc = compute_few_shot_accuracy(q_logits, query_labels)
  File "/var/tmp/cc-cdfsl/utils/metrics.py", line 64, in compute_few_shot_accuracy
    return compute_accuracy(preds, query_labels)
  File "/var/tmp/cc-cdfsl/utils/metrics.py", line 13, in compute_accuracy
    correct = (predictions == targets).sum().item()
torch.AcceleratorError: CUDA error: unknown error
Search for `cudaErrorUnknown' in https://docs.nvidia.com/cuda/cuda-runtime-api/group__CUDART__TYPES.html for more information.
For more detailed error information, run with CUDA_LOG_FILE=stderr


>>> [lambda3=0.5] isic
[00:28:41 INFO] Device: cuda
[00:28:41 INFO] ============================================================
[00:28:41 INFO] Dataset: isic, n_shot=5, Mode: Feature-SR (28x28)
[00:28:41 INFO] ============================================================
[00:28:42 INFO] Train: ISICDataset(split=train, n_classes=7, n_samples=35)
[00:28:42 INFO] Test:  ISICDataset(split=test, n_classes=7, n_samples=2003)
[00:28:42 INFO] Loading CLIP ViT-B/16...
[00:28:53 INFO] Applying LoRA (r=4, alpha=1.0)...
[00:28:53 INFO] Initializing Feature SR Module (scale=2, 14x14 -> 28x28)...
[00:28:53 INFO] Trainable parameters: 10,350,592
[00:28:53 INFO] LR Schedule: Cosine decay (no warmup)
/var/tmp/cc-cdfsl/train.py:457: FutureWarning: `torch.cuda.amp.GradScaler(args...)` is deprecated. Please use `torch.amp.GradScaler('cuda', args...)` instead.
  scaler = torch.cuda.amp.GradScaler() if device == "cuda" else None
[00:28:53 INFO] FP16 Automatic Mixed Precision (AMP) enabled.
[00:28:53 INFO] Initial evaluation (before training)...
[00:30:39 INFO]   Baseline: 20.56 ± 0.64%
/var/tmp/cc-cdfsl/train.py:213: FutureWarning: `torch.cuda.amp.autocast(args...)` is deprecated. Please use `torch.amp.autocast('cuda', args...)` instead.
  with torch.cuda.amp.autocast(enabled=(scaler is not None)):
[W910 00:31:08.656173495 CUDACachingAllocator.cpp:3933] memory allocation failed with OOM on device 0 while trying to allocate 1967128576 bytes (free: 0, total: 12884377600).
[W910 00:31:32.729869910 CUDACachingAllocator.cpp:3933] memory allocation failed with OOM on device 0 while trying to allocate 1967128576 bytes (free: 0, total: 12884377600).

>>> [lambda3=1.0] isic
[00:40:47 INFO] Device: cuda
[00:40:47 INFO] ============================================================
[00:40:47 INFO] Dataset: isic, n_shot=5, Mode: Feature-SR (28x28)
[00:40:47 INFO] ============================================================
[00:40:47 INFO] Train: ISICDataset(split=train, n_classes=7, n_samples=35)
[00:40:47 INFO] Test:  ISICDataset(split=test, n_classes=7, n_samples=2003)
[00:40:47 INFO] Loading CLIP ViT-B/16...
[00:40:59 INFO] Applying LoRA (r=4, alpha=1.0)...
[00:40:59 INFO] Initializing Feature SR Module (scale=2, 14x14 -> 28x28)...
[00:40:59 INFO] Trainable parameters: 10,350,592
[00:40:59 INFO] LR Schedule: Cosine decay (no warmup)
/var/tmp/cc-cdfsl/train.py:457: FutureWarning: `torch.cuda.amp.GradScaler(args...)` is deprecated. Please use `torch.amp.GradScaler('cuda', args...)` instead.
  scaler = torch.cuda.amp.GradScaler() if device == "cuda" else None
[00:40:59 INFO] FP16 Automatic Mixed Precision (AMP) enabled.
[00:40:59 INFO] Initial evaluation (before training)...
[00:42:00 INFO]   Baseline: 20.40 ± 0.60%
/var/tmp/cc-cdfsl/train.py:213: FutureWarning: `torch.cuda.amp.autocast(args...)` is deprecated. Please use `torch.amp.autocast('cuda', args...)` instead.
  with torch.cuda.amp.autocast(enabled=(scaler is not None)):
[00:45:26 INFO] Epoch [  1/100] Loss: 2.5307 (CE:1.9011, TIT:0.1019, ITI:0.0323, CR:0.2592) Acc: 26.19%
[01:15:15 INFO] Epoch [ 10/100] Loss: 0.3203 (CE:0.0005, TIT:0.1051, ITI:0.0008, CR:0.0028) Acc: 38.80%
[01:22:46 INFO]   [Eval] Epoch 10: 39.56 ± 0.57% ✓ NEW BEST!
[01:22:47 INFO]   Saved best checkpoint: checkpoints_lambda3_sweep/l3_1.0/isic_5shot_fsr_best.pth
[01:55:15 INFO] Epoch [ 20/100] Loss: 0.3162 (CE:0.0002, TIT:0.1047, ITI:0.0004, CR:0.0013) Acc: 38.91%
[02:02:39 INFO]   [Eval] Epoch 20: 38.25 ± 0.60%
[02:35:04 INFO] Epoch [ 30/100] Loss: 0.3124 (CE:0.0001, TIT:0.1036, ITI:0.0002, CR:0.0009) Acc: 38.47%
[02:42:29 INFO]   [Eval] Epoch 30: 38.46 ± 0.62%
[03:14:56 INFO] Epoch [ 40/100] Loss: 0.3119 (CE:0.0001, TIT:0.1036, ITI:0.0001, CR:0.0007) Acc: 38.39%
[03:22:34 INFO]   [Eval] Epoch 40: 38.71 ± 0.61%
