>>> [LIMO 5-shot] isic n=200  2026-10-05 22:02:48
[22:02:49 INFO] Episodic protocol | isic 5-way 5-shot | 200 episodes × 500 steps | tag=nofsr_nocc_loraboth_r2_steps500_cnfull_limo24
[22:02:49 INFO] Args: {'dataset': 'isic', 'data_root': './data', 'n_way': 5, 'n_shot': 5, 'n_query': 15, 'n_episodes': 200, 'backbone': 'ViT-B/16', 'lora_encoder': 'both', 'lora_qkv_mode': 'separate', 'lora_out_proj': False, 'lora_r': 2, 'lora_alpha': 1.0, 'lora_dropout': 0.25, 'steps': 500, 'batch_size': 32, 'lr': 0.0002, 'weight_decay': 0.01, 'no_ce_aug': False, 'class_names': 'full', 'lambda1': 0.0, 'lambda2': 0.0, 'top_k': 10, 'n_aug': 4, 'cc_impl': 'legacy', 'local_score': False, 'local_k_frac': 0.1, 'local_gamma': 1.0, 'learn_gamma': False, 'local_loss': 'fused', 'local_lambda': 1.0, 'patch_mode': 'plain', 'limo': True, 'limo_unlabeled': 24, 'limo_ent': 1.0, 'limo_text': 0.1, 'limo_marg': 10.0, 'use_feature_sr': False, 'sr_scale': 2, 'sr_refiner_layers': 0, 'sr_refiner_heads': 8, 'lambda3': 0.3, 'patch_smooth': 1, 'eval_anyup': False, 'sr_upsampler': 'learned', 'seed': 42, 'no_amp': False, 'save_dir': './results_episodic', 'tag': None, 'log_every': 10}
[22:02:49 INFO] Episode pool (BSCD 全量): ISICDataset(split=train, n_classes=7, n_samples=10015)
[22:02:51 INFO] LoRA trainable parameters: 184,320 (encoder=both, qkv=separate, out_proj=False)
/home/ccoliu/FeatureSR/train_episodic.py:277: FutureWarning: `torch.cuda.amp.GradScaler(args...)` is deprecated. Please use `torch.amp.GradScaler('cuda', args...)` instead.
  scaler = torch.cuda.amp.GradScaler(enabled=use_amp)
/home/ccoliu/FeatureSR/.venv/lib/python3.12/site-packages/torch/optim/lr_scheduler.py:224: UserWarning: Detected call of `lr_scheduler.step()` before `optimizer.step()`. In PyTorch 1.1.0 and later, you should call them in the opposite order: `optimizer.step()` before `lr_scheduler.step()`.  Failure to do this will result in PyTorch skipping the first value of the learning rate schedule. See more details at https://pytorch.org/docs/stable/optim.html#how-to-adjust-learning-rate
  warnings.warn(
[22:10:57 INFO]   [10/200] running 50.40 ± 4.69% | last loss 0.6454 (ce 0.1030, tit 0.000, iti 0.000, mlp_cos 0.000) | 48.6s/episode, ETA 2.56h
[22:19:02 INFO]   [20/200] running 51.47 ± 4.68% | last loss 0.6800 (ce 0.0219, tit 0.000, iti 0.000, mlp_cos 0.000) | 48.6s/episode, ETA 2.43h
[22:27:08 INFO]   [30/200] running 50.27 ± 3.34% | last loss 0.8034 (ce 0.0184, tit 0.000, iti 0.000, mlp_cos 0.000) | 48.6s/episode, ETA 2.29h
[22:35:13 INFO]   [40/200] running 52.20 ± 2.90% | last loss 0.7054 (ce 0.0528, tit 0.000, iti 0.000, mlp_cos 0.000) | 48.6s/episode, ETA 2.16h
[22:43:18 INFO]   [50/200] running 52.48 ± 2.48% | last loss 0.5885 (ce 0.1056, tit 0.000, iti 0.000, mlp_cos 0.000) | 48.5s/episode, ETA 2.02h
[22:51:24 INFO]   [60/200] running 52.18 ± 2.26% | last loss 0.5742 (ce 0.0063, tit 0.000, iti 0.000, mlp_cos 0.000) | 48.5s/episode, ETA 1.89h
[22:59:30 INFO]   [70/200] running 52.36 ± 2.11% | last loss 0.5815 (ce 0.0240, tit 0.000, iti 0.000, mlp_cos 0.000) | 48.6s/episode, ETA 1.75h
[23:07:35 INFO]   [80/200] running 52.28 ± 1.90% | last loss 0.7086 (ce 0.0119, tit 0.000, iti 0.000, mlp_cos 0.000) | 48.6s/episode, ETA 1.62h
[23:15:41 INFO]   [90/200] running 52.52 ± 1.74% | last loss 1.0538 (ce 0.3758, tit 0.000, iti 0.000, mlp_cos 0.000) | 48.6s/episode, ETA 1.48h
[23:23:47 INFO]   [100/200] running 53.15 ± 1.70% | last loss 0.5473 (ce 0.0210, tit 0.000, iti 0.000, mlp_cos 0.000) | 48.6s/episode, ETA 1.35h
[23:31:52 INFO]   [110/200] running 53.22 ± 1.59% | last loss 0.6594 (ce 0.0132, tit 0.000, iti 0.000, mlp_cos 0.000) | 48.6s/episode, ETA 1.21h
[23:39:57 INFO]   [120/200] running 53.10 ± 1.49% | last loss 0.8412 (ce 0.2363, tit 0.000, iti 0.000, mlp_cos 0.000) | 48.6s/episode, ETA 1.08h
[23:48:03 INFO]   [130/200] running 53.21 ± 1.40% | last loss 0.6815 (ce 0.0972, tit 0.000, iti 0.000, mlp_cos 0.000) | 48.6s/episode, ETA 0.94h
[23:56:09 INFO]   [140/200] running 53.20 ± 1.34% | last loss 0.9740 (ce 0.1159, tit 0.000, iti 0.000, mlp_cos 0.000) | 48.6s/episode, ETA 0.81h
[00:04:15 INFO]   [150/200] running 53.26 ± 1.31% | last loss 0.6392 (ce 0.0606, tit 0.000, iti 0.000, mlp_cos 0.000) | 48.6s/episode, ETA 0.67h
[00:12:21 INFO]   [160/200] running 53.39 ± 1.26% | last loss 0.6817 (ce 0.0060, tit 0.000, iti 0.000, mlp_cos 0.000) | 48.6s/episode, ETA 0.54h
[00:20:27 INFO]   [170/200] running 53.36 ± 1.23% | last loss 0.8695 (ce 0.0207, tit 0.000, iti 0.000, mlp_cos 0.000) | 48.6s/episode, ETA 0.40h
[00:28:33 INFO]   [180/200] running 53.47 ± 1.18% | last loss 0.8687 (ce 0.0360, tit 0.000, iti 0.000, mlp_cos 0.000) | 48.6s/episode, ETA 0.27h
[00:36:39 INFO]   [190/200] running 53.61 ± 1.17% | last loss 0.7139 (ce 0.0455, tit 0.000, iti 0.000, mlp_cos 0.000) | 48.6s/episode, ETA 0.13h
[00:44:45 INFO]   [200/200] running 53.64 ± 1.13% | last loss 0.6714 (ce 0.0391, tit 0.000, iti 0.000, mlp_cos 0.000) | 48.6s/episode, ETA 0.00h
[00:44:45 INFO] Final (episodic, nofsr_nocc_loraboth_r2_steps500_cnfull_limo24): 53.64 ± 1.13% (n_episodes=200)
[LIMO_RESULT isic] n = 200 個共同 episode（A 400、B 200）
[LIMO_RESULT isic] A   50.32 ± 1.12   isic_5shot_nofsr_nocc_loraboth_r2_steps500_cnfull.jsonl
[LIMO_RESULT isic] B   53.64 ± 1.13   isic_5shot_nofsr_nocc_loraboth_r2_steps500_cnfull_limo24.jsonl
[LIMO_RESULT isic] B − A  +3.32 ± 0.85   CI 不含 0
>>> [LIMO 5-shot] eurosat n=200  2026-10-06 00:44:46
[00:44:48 INFO] Episodic protocol | eurosat 5-way 5-shot | 200 episodes × 500 steps | tag=nofsr_nocc_loraboth_r2_steps500_cnfull_limo24
[00:44:48 INFO] Args: {'dataset': 'eurosat', 'data_root': './data', 'n_way': 5, 'n_shot': 5, 'n_query': 15, 'n_episodes': 200, 'backbone': 'ViT-B/16', 'lora_encoder': 'both', 'lora_qkv_mode': 'separate', 'lora_out_proj': False, 'lora_r': 2, 'lora_alpha': 1.0, 'lora_dropout': 0.25, 'steps': 500, 'batch_size': 32, 'lr': 0.0002, 'weight_decay': 0.01, 'no_ce_aug': False, 'class_names': 'full', 'lambda1': 0.0, 'lambda2': 0.0, 'top_k': 10, 'n_aug': 4, 'cc_impl': 'legacy', 'local_score': False, 'local_k_frac': 0.1, 'local_gamma': 1.0, 'learn_gamma': False, 'local_loss': 'fused', 'local_lambda': 1.0, 'patch_mode': 'plain', 'limo': True, 'limo_unlabeled': 24, 'limo_ent': 1.0, 'limo_text': 0.1, 'limo_marg': 10.0, 'use_feature_sr': False, 'sr_scale': 2, 'sr_refiner_layers': 0, 'sr_refiner_heads': 8, 'lambda3': 0.3, 'patch_smooth': 1, 'eval_anyup': False, 'sr_upsampler': 'learned', 'seed': 42, 'no_amp': False, 'save_dir': './results_episodic', 'tag': None, 'log_every': 10}
[00:44:48 INFO] Episode pool (BSCD 全量): EuroSATDataset(split=train, n_classes=10, n_samples=27000)
[00:44:49 INFO] LoRA trainable parameters: 184,320 (encoder=both, qkv=separate, out_proj=False)
/home/ccoliu/FeatureSR/train_episodic.py:277: FutureWarning: `torch.cuda.amp.GradScaler(args...)` is deprecated. Please use `torch.amp.GradScaler('cuda', args...)` instead.
  scaler = torch.cuda.amp.GradScaler(enabled=use_amp)
/home/ccoliu/FeatureSR/.venv/lib/python3.12/site-packages/torch/optim/lr_scheduler.py:224: UserWarning: Detected call of `lr_scheduler.step()` before `optimizer.step()`. In PyTorch 1.1.0 and later, you should call them in the opposite order: `optimizer.step()` before `lr_scheduler.step()`.  Failure to do this will result in PyTorch skipping the first value of the learning rate schedule. See more details at https://pytorch.org/docs/stable/optim.html#how-to-adjust-learning-rate
  warnings.warn(
[00:52:51 INFO]   [10/200] running 95.60 ± 2.24% | last loss 0.7052 (ce 0.2567, tit 0.000, iti 0.000, mlp_cos 0.000) | 48.2s/episode, ETA 2.54h
[01:00:53 INFO]   [20/200] running 96.33 ± 1.38% | last loss 0.4648 (ce 0.0115, tit 0.000, iti 0.000, mlp_cos 0.000) | 48.2s/episode, ETA 2.41h
[01:09:47 INFO]   [30/200] running 95.91 ± 1.25% | last loss 0.5500 (ce 0.0344, tit 0.000, iti 0.000, mlp_cos 0.000) | 49.9s/episode, ETA 2.36h
[01:17:49 INFO]   [40/200] running 95.77 ± 1.08% | last loss 0.6280 (ce 0.0296, tit 0.000, iti 0.000, mlp_cos 0.000) | 49.5s/episode, ETA 2.20h
[01:25:50 INFO]   [50/200] running 95.84 ± 0.90% | last loss 0.4621 (ce 0.0381, tit 0.000, iti 0.000, mlp_cos 0.000) | 49.2s/episode, ETA 2.05h
[01:33:51 INFO]   [60/200] running 95.84 ± 0.81% | last loss 0.4722 (ce 0.0049, tit 0.000, iti 0.000, mlp_cos 0.000) | 49.0s/episode, ETA 1.91h
[01:41:53 INFO]   [70/200] running 95.85 ± 0.73% | last loss 0.5239 (ce 0.1320, tit 0.000, iti 0.000, mlp_cos 0.000) | 48.9s/episode, ETA 1.77h
[01:49:54 INFO]   [80/200] running 95.78 ± 0.66% | last loss 0.7558 (ce 0.0326, tit 0.000, iti 0.000, mlp_cos 0.000) | 48.8s/episode, ETA 1.63h
[01:57:56 INFO]   [90/200] running 95.66 ± 0.61% | last loss 0.4172 (ce 0.0623, tit 0.000, iti 0.000, mlp_cos 0.000) | 48.7s/episode, ETA 1.49h
[02:05:57 INFO]   [100/200] running 95.55 ± 0.60% | last loss 0.5420 (ce 0.0443, tit 0.000, iti 0.000, mlp_cos 0.000) | 48.7s/episode, ETA 1.35h
[02:13:58 INFO]   [110/200] running 95.66 ± 0.56% | last loss 0.4777 (ce 0.0081, tit 0.000, iti 0.000, mlp_cos 0.000) | 48.6s/episode, ETA 1.22h
[02:21:59 INFO]   [120/200] running 95.69 ± 0.52% | last loss 0.6077 (ce 0.0106, tit 0.000, iti 0.000, mlp_cos 0.000) | 48.6s/episode, ETA 1.08h
[02:30:01 INFO]   [130/200] running 95.58 ± 0.52% | last loss 0.5060 (ce 0.0326, tit 0.000, iti 0.000, mlp_cos 0.000) | 48.5s/episode, ETA 0.94h
[02:38:02 INFO]   [140/200] running 95.55 ± 0.51% | last loss 0.6603 (ce 0.2019, tit 0.000, iti 0.000, mlp_cos 0.000) | 48.5s/episode, ETA 0.81h
[02:46:03 INFO]   [150/200] running 95.56 ± 0.48% | last loss 0.5705 (ce 0.0399, tit 0.000, iti 0.000, mlp_cos 0.000) | 48.5s/episode, ETA 0.67h
[02:54:05 INFO]   [160/200] running 95.53 ± 0.47% | last loss 0.5509 (ce 0.0111, tit 0.000, iti 0.000, mlp_cos 0.000) | 48.5s/episode, ETA 0.54h
[03:02:06 INFO]   [170/200] running 95.62 ± 0.45% | last loss 0.3406 (ce 0.0106, tit 0.000, iti 0.000, mlp_cos 0.000) | 48.5s/episode, ETA 0.40h
[03:10:08 INFO]   [180/200] running 95.61 ± 0.44% | last loss 0.5005 (ce 0.0102, tit 0.000, iti 0.000, mlp_cos 0.000) | 48.4s/episode, ETA 0.27h
[03:18:09 INFO]   [190/200] running 95.59 ± 0.43% | last loss 1.5510 (ce 0.0088, tit 0.000, iti 0.000, mlp_cos 0.000) | 48.4s/episode, ETA 0.13h
[03:26:10 INFO]   [200/200] running 95.62 ± 0.41% | last loss 0.5505 (ce 0.0515, tit 0.000, iti 0.000, mlp_cos 0.000) | 48.4s/episode, ETA 0.00h
[03:26:10 INFO] Final (episodic, nofsr_nocc_loraboth_r2_steps500_cnfull_limo24): 95.62 ± 0.41% (n_episodes=200)
[LIMO_RESULT eurosat] n = 200 個共同 episode（A 400、B 200）
[LIMO_RESULT eurosat] A   92.19 ± 0.60   eurosat_5shot_nofsr_nocc_loraboth_r2_steps500_cnfull.jsonl
[LIMO_RESULT eurosat] B   95.62 ± 0.41   eurosat_5shot_nofsr_nocc_loraboth_r2_steps500_cnfull_limo24.jsonl
[LIMO_RESULT eurosat] B − A  +3.43 ± 0.46   CI 不含 0
LIMO_ALL_DONE 2026-10-06 03:26:12
