>>> [步驟 2b 純 bilinear 28×28, separate λ=1, value] isic 5-shot  2026-09-30 16:24:51
[16:24:52 INFO] Episodic protocol | isic 5-way 5-shot | 400 episodes × 500 steps | tag=fsr_s2_bil_nocc_loraboth_r2_steps500_cnfull_loc0.1g1_sep1_pmvalue
[16:24:52 INFO] Args: {'dataset': 'isic', 'data_root': './data', 'n_way': 5, 'n_shot': 5, 'n_query': 15, 'n_episodes': None, 'backbone': 'ViT-B/16', 'lora_encoder': 'both', 'lora_qkv_mode': 'separate', 'lora_out_proj': False, 'lora_r': 2, 'lora_alpha': 1.0, 'lora_dropout': 0.25, 'steps': 500, 'batch_size': 32, 'lr': 0.0002, 'weight_decay': 0.01, 'no_ce_aug': False, 'class_names': 'full', 'lambda1': 0.0, 'lambda2': 0.0, 'top_k': 10, 'n_aug': 4, 'cc_impl': 'legacy', 'local_score': True, 'local_k_frac': 0.1, 'local_gamma': 1.0, 'learn_gamma': False, 'local_loss': 'separate', 'local_lambda': 1.0, 'patch_mode': 'value', 'use_feature_sr': True, 'sr_scale': 2, 'sr_refiner_layers': 0, 'sr_refiner_heads': 8, 'lambda3': 0.0, 'sr_upsampler': 'bilinear', 'seed': 42, 'no_amp': False, 'save_dir': './results_episodic', 'tag': None, 'log_every': 10}
[16:24:52 INFO] Episode pool (BSCD 全量): ISICDataset(split=train, n_classes=7, n_samples=10015)
[16:24:54 INFO] LoRA trainable parameters: 184,320 (encoder=both, qkv=separate, out_proj=False)
/home/ccoliu/FeatureSR/train_episodic.py:197: FutureWarning: `torch.cuda.amp.GradScaler(args...)` is deprecated. Please use `torch.amp.GradScaler('cuda', args...)` instead.
  scaler = torch.cuda.amp.GradScaler(enabled=use_amp)
/home/ccoliu/FeatureSR/.venv/lib/python3.12/site-packages/torch/optim/lr_scheduler.py:224: UserWarning: Detected call of `lr_scheduler.step()` before `optimizer.step()`. In PyTorch 1.1.0 and later, you should call them in the opposite order: `optimizer.step()` before `lr_scheduler.step()`.  Failure to do this will result in PyTorch skipping the first value of the learning rate schedule. See more details at https://pytorch.org/docs/stable/optim.html#how-to-adjust-learning-rate
  warnings.warn(
[16:29:10 INFO]   [10/400] running 52.40 ± 6.02% | last loss 0.0341 (ce 0.0341, tit 0.000, iti 0.000, mlp_cos 0.000) | 25.6s/episode, ETA 2.77h
[16:33:25 INFO]   [20/400] running 51.07 ± 4.76% | last loss 0.0099 (ce 0.0099, tit 0.000, iti 0.000, mlp_cos 0.000) | 25.6s/episode, ETA 2.70h
[16:37:41 INFO]   [30/400] running 50.13 ± 3.57% | last loss 0.0228 (ce 0.0228, tit 0.000, iti 0.000, mlp_cos 0.000) | 25.6s/episode, ETA 2.63h
[16:41:56 INFO]   [40/400] running 51.27 ± 2.98% | last loss 0.0125 (ce 0.0125, tit 0.000, iti 0.000, mlp_cos 0.000) | 25.6s/episode, ETA 2.56h
[16:46:12 INFO]   [50/400] running 51.07 ± 2.51% | last loss 0.0119 (ce 0.0119, tit 0.000, iti 0.000, mlp_cos 0.000) | 25.6s/episode, ETA 2.49h
[16:50:28 INFO]   [60/400] running 51.40 ± 2.26% | last loss 0.0404 (ce 0.0404, tit 0.000, iti 0.000, mlp_cos 0.000) | 25.6s/episode, ETA 2.41h
[16:54:42 INFO]   [70/400] running 51.92 ± 2.14% | last loss 0.0396 (ce 0.0396, tit 0.000, iti 0.000, mlp_cos 0.000) | 25.5s/episode, ETA 2.34h
[16:58:58 INFO]   [80/400] running 51.82 ± 1.95% | last loss 0.0101 (ce 0.0101, tit 0.000, iti 0.000, mlp_cos 0.000) | 25.6s/episode, ETA 2.27h
[17:03:14 INFO]   [90/400] running 51.93 ± 1.80% | last loss 0.0093 (ce 0.0093, tit 0.000, iti 0.000, mlp_cos 0.000) | 25.6s/episode, ETA 2.20h
[17:07:29 INFO]   [100/400] running 52.08 ± 1.70% | last loss 0.0617 (ce 0.0617, tit 0.000, iti 0.000, mlp_cos 0.000) | 25.6s/episode, ETA 2.13h
[17:11:44 INFO]   [110/400] running 52.04 ± 1.60% | last loss 0.0400 (ce 0.0400, tit 0.000, iti 0.000, mlp_cos 0.000) | 25.5s/episode, ETA 2.06h
[17:15:59 INFO]   [120/400] running 51.91 ± 1.52% | last loss 0.0411 (ce 0.0411, tit 0.000, iti 0.000, mlp_cos 0.000) | 25.5s/episode, ETA 1.99h
[17:20:14 INFO]   [130/400] running 52.03 ± 1.44% | last loss 0.0407 (ce 0.0407, tit 0.000, iti 0.000, mlp_cos 0.000) | 25.5s/episode, ETA 1.92h
[17:24:30 INFO]   [140/400] running 51.99 ± 1.38% | last loss 0.0204 (ce 0.0204, tit 0.000, iti 0.000, mlp_cos 0.000) | 25.5s/episode, ETA 1.84h
[17:28:45 INFO]   [150/400] running 52.22 ± 1.34% | last loss 0.0097 (ce 0.0097, tit 0.000, iti 0.000, mlp_cos 0.000) | 25.5s/episode, ETA 1.77h
[17:33:00 INFO]   [160/400] running 52.24 ± 1.30% | last loss 0.0083 (ce 0.0083, tit 0.000, iti 0.000, mlp_cos 0.000) | 25.5s/episode, ETA 1.70h
[17:37:15 INFO]   [170/400] running 52.09 ± 1.27% | last loss 0.0749 (ce 0.0749, tit 0.000, iti 0.000, mlp_cos 0.000) | 25.5s/episode, ETA 1.63h
[17:41:30 INFO]   [180/400] running 52.16 ± 1.23% | last loss 0.0311 (ce 0.0311, tit 0.000, iti 0.000, mlp_cos 0.000) | 25.5s/episode, ETA 1.56h
[17:45:46 INFO]   [190/400] running 52.10 ± 1.18% | last loss 0.0473 (ce 0.0473, tit 0.000, iti 0.000, mlp_cos 0.000) | 25.5s/episode, ETA 1.49h
[17:50:01 INFO]   [200/400] running 51.93 ± 1.15% | last loss 0.0084 (ce 0.0084, tit 0.000, iti 0.000, mlp_cos 0.000) | 25.5s/episode, ETA 1.42h
[17:54:16 INFO]   [210/400] running 51.91 ± 1.12% | last loss 0.1038 (ce 0.1038, tit 0.000, iti 0.000, mlp_cos 0.000) | 25.5s/episode, ETA 1.35h
[17:58:31 INFO]   [220/400] running 51.93 ± 1.10% | last loss 0.0079 (ce 0.0079, tit 0.000, iti 0.000, mlp_cos 0.000) | 25.5s/episode, ETA 1.28h
[18:02:46 INFO]   [230/400] running 51.94 ± 1.08% | last loss 0.0125 (ce 0.0125, tit 0.000, iti 0.000, mlp_cos 0.000) | 25.5s/episode, ETA 1.21h
[18:07:03 INFO]   [240/400] running 51.88 ± 1.05% | last loss 0.0039 (ce 0.0039, tit 0.000, iti 0.000, mlp_cos 0.000) | 25.5s/episode, ETA 1.13h
[18:11:18 INFO]   [250/400] running 51.86 ± 1.02% | last loss 0.0088 (ce 0.0088, tit 0.000, iti 0.000, mlp_cos 0.000) | 25.5s/episode, ETA 1.06h
[18:15:33 INFO]   [260/400] running 51.84 ± 0.99% | last loss 0.0369 (ce 0.0369, tit 0.000, iti 0.000, mlp_cos 0.000) | 25.5s/episode, ETA 0.99h
[18:19:49 INFO]   [270/400] running 51.84 ± 0.96% | last loss 0.0416 (ce 0.0416, tit 0.000, iti 0.000, mlp_cos 0.000) | 25.5s/episode, ETA 0.92h
[18:24:05 INFO]   [280/400] running 51.79 ± 0.93% | last loss 0.0211 (ce 0.0211, tit 0.000, iti 0.000, mlp_cos 0.000) | 25.5s/episode, ETA 0.85h
[18:28:20 INFO]   [290/400] running 51.73 ± 0.91% | last loss 0.0848 (ce 0.0848, tit 0.000, iti 0.000, mlp_cos 0.000) | 25.5s/episode, ETA 0.78h
[18:32:35 INFO]   [300/400] running 51.79 ± 0.89% | last loss 0.0383 (ce 0.0383, tit 0.000, iti 0.000, mlp_cos 0.000) | 25.5s/episode, ETA 0.71h
[18:36:50 INFO]   [310/400] running 51.63 ± 0.88% | last loss 0.0346 (ce 0.0346, tit 0.000, iti 0.000, mlp_cos 0.000) | 25.5s/episode, ETA 0.64h
[18:41:05 INFO]   [320/400] running 51.72 ± 0.87% | last loss 0.0238 (ce 0.0238, tit 0.000, iti 0.000, mlp_cos 0.000) | 25.5s/episode, ETA 0.57h
[18:45:20 INFO]   [330/400] running 51.78 ± 0.84% | last loss 0.0102 (ce 0.0102, tit 0.000, iti 0.000, mlp_cos 0.000) | 25.5s/episode, ETA 0.50h
[18:49:35 INFO]   [340/400] running 51.87 ± 0.83% | last loss 0.0135 (ce 0.0135, tit 0.000, iti 0.000, mlp_cos 0.000) | 25.5s/episode, ETA 0.43h
[18:53:52 INFO]   [350/400] running 51.90 ± 0.82% | last loss 0.0748 (ce 0.0748, tit 0.000, iti 0.000, mlp_cos 0.000) | 25.5s/episode, ETA 0.35h
[18:58:08 INFO]   [360/400] running 51.84 ± 0.81% | last loss 0.0673 (ce 0.0673, tit 0.000, iti 0.000, mlp_cos 0.000) | 25.5s/episode, ETA 0.28h
[19:02:23 INFO]   [370/400] running 51.87 ± 0.80% | last loss 0.0259 (ce 0.0259, tit 0.000, iti 0.000, mlp_cos 0.000) | 25.5s/episode, ETA 0.21h
[19:06:38 INFO]   [380/400] running 51.84 ± 0.80% | last loss 0.0352 (ce 0.0352, tit 0.000, iti 0.000, mlp_cos 0.000) | 25.5s/episode, ETA 0.14h
[19:10:54 INFO]   [390/400] running 51.85 ± 0.78% | last loss 0.0196 (ce 0.0196, tit 0.000, iti 0.000, mlp_cos 0.000) | 25.5s/episode, ETA 0.07h
[19:15:11 INFO]   [400/400] running 51.85 ± 0.78% | last loss 0.0131 (ce 0.0131, tit 0.000, iti 0.000, mlp_cos 0.000) | 25.5s/episode, ETA 0.00h
[19:15:11 INFO] Final (episodic, fsr_s2_bil_nocc_loraboth_r2_steps500_cnfull_loc0.1g1_sep1_pmvalue): 51.85 ± 0.78% (n_episodes=400)
[19:15:11 INFO]   診斷：只用 CLS 51.04、只用 local 51.32、γ 1.000；融合 γ=0.1/0.3/0.5：51.22/51.42/51.56
全部完成 2026-09-30 19:15:11
