>>> [步驟 2c 14×14 + 3×3 平滑] isic 5-shot  2026-09-30 20:35:28
[20:35:29 INFO] Episodic protocol | isic 5-way 5-shot | 400 episodes × 500 steps | tag=nofsr_nocc_loraboth_r2_steps500_cnfull_loc0.1g1_sep1_sm3_pmvalue
[20:35:29 INFO] Args: {'dataset': 'isic', 'data_root': './data', 'n_way': 5, 'n_shot': 5, 'n_query': 15, 'n_episodes': None, 'backbone': 'ViT-B/16', 'lora_encoder': 'both', 'lora_qkv_mode': 'separate', 'lora_out_proj': False, 'lora_r': 2, 'lora_alpha': 1.0, 'lora_dropout': 0.25, 'steps': 500, 'batch_size': 32, 'lr': 0.0002, 'weight_decay': 0.01, 'no_ce_aug': False, 'class_names': 'full', 'lambda1': 0.0, 'lambda2': 0.0, 'top_k': 10, 'n_aug': 4, 'cc_impl': 'legacy', 'local_score': True, 'local_k_frac': 0.1, 'local_gamma': 1.0, 'learn_gamma': False, 'local_loss': 'separate', 'local_lambda': 1.0, 'patch_mode': 'value', 'use_feature_sr': False, 'sr_scale': 2, 'sr_refiner_layers': 0, 'sr_refiner_heads': 8, 'lambda3': 0.3, 'patch_smooth': 3, 'sr_upsampler': 'learned', 'seed': 42, 'no_amp': False, 'save_dir': './results_episodic', 'tag': None, 'log_every': 10}
[20:35:29 INFO] Episode pool (BSCD 全量): ISICDataset(split=train, n_classes=7, n_samples=10015)
[20:35:31 INFO] LoRA trainable parameters: 184,320 (encoder=both, qkv=separate, out_proj=False)
/home/ccoliu/FeatureSR/train_episodic.py:208: FutureWarning: `torch.cuda.amp.GradScaler(args...)` is deprecated. Please use `torch.amp.GradScaler('cuda', args...)` instead.
  scaler = torch.cuda.amp.GradScaler(enabled=use_amp)
/home/ccoliu/FeatureSR/.venv/lib/python3.12/site-packages/torch/optim/lr_scheduler.py:224: UserWarning: Detected call of `lr_scheduler.step()` before `optimizer.step()`. In PyTorch 1.1.0 and later, you should call them in the opposite order: `optimizer.step()` before `lr_scheduler.step()`.  Failure to do this will result in PyTorch skipping the first value of the learning rate schedule. See more details at https://pytorch.org/docs/stable/optim.html#how-to-adjust-learning-rate
  warnings.warn(
[20:39:39 INFO]   [10/400] running 52.13 ± 6.14% | last loss 0.0244 (ce 0.0244, tit 0.000, iti 0.000, mlp_cos 0.000) | 24.8s/episode, ETA 2.69h
[20:43:53 INFO]   [20/400] running 50.87 ± 4.50% | last loss 0.0102 (ce 0.0102, tit 0.000, iti 0.000, mlp_cos 0.000) | 25.1s/episode, ETA 2.65h
[20:48:02 INFO]   [30/400] running 49.96 ± 3.57% | last loss 0.0110 (ce 0.0110, tit 0.000, iti 0.000, mlp_cos 0.000) | 25.0s/episode, ETA 2.57h
[20:52:10 INFO]   [40/400] running 51.17 ± 2.99% | last loss 0.0161 (ce 0.0161, tit 0.000, iti 0.000, mlp_cos 0.000) | 25.0s/episode, ETA 2.50h
[20:56:19 INFO]   [50/400] running 51.41 ± 2.47% | last loss 0.0102 (ce 0.0102, tit 0.000, iti 0.000, mlp_cos 0.000) | 25.0s/episode, ETA 2.43h
[21:00:27 INFO]   [60/400] running 51.60 ± 2.17% | last loss 0.0259 (ce 0.0259, tit 0.000, iti 0.000, mlp_cos 0.000) | 24.9s/episode, ETA 2.36h
[21:04:36 INFO]   [70/400] running 51.83 ± 2.07% | last loss 0.0379 (ce 0.0379, tit 0.000, iti 0.000, mlp_cos 0.000) | 24.9s/episode, ETA 2.29h
[21:08:44 INFO]   [80/400] running 51.82 ± 1.87% | last loss 0.0107 (ce 0.0107, tit 0.000, iti 0.000, mlp_cos 0.000) | 24.9s/episode, ETA 2.21h
[21:12:52 INFO]   [90/400] running 52.16 ± 1.75% | last loss 0.0072 (ce 0.0072, tit 0.000, iti 0.000, mlp_cos 0.000) | 24.9s/episode, ETA 2.14h
[21:17:00 INFO]   [100/400] running 52.28 ± 1.64% | last loss 0.0225 (ce 0.0225, tit 0.000, iti 0.000, mlp_cos 0.000) | 24.9s/episode, ETA 2.07h
[21:21:08 INFO]   [110/400] running 52.22 ± 1.56% | last loss 0.0518 (ce 0.0518, tit 0.000, iti 0.000, mlp_cos 0.000) | 24.9s/episode, ETA 2.00h
[21:25:16 INFO]   [120/400] running 52.08 ± 1.48% | last loss 0.0504 (ce 0.0504, tit 0.000, iti 0.000, mlp_cos 0.000) | 24.9s/episode, ETA 1.93h
[21:29:24 INFO]   [130/400] running 52.23 ± 1.40% | last loss 0.0272 (ce 0.0272, tit 0.000, iti 0.000, mlp_cos 0.000) | 24.9s/episode, ETA 1.87h
[21:33:33 INFO]   [140/400] running 52.05 ± 1.37% | last loss 0.0352 (ce 0.0352, tit 0.000, iti 0.000, mlp_cos 0.000) | 24.9s/episode, ETA 1.80h
[21:37:42 INFO]   [150/400] running 52.23 ± 1.35% | last loss 0.0101 (ce 0.0101, tit 0.000, iti 0.000, mlp_cos 0.000) | 24.9s/episode, ETA 1.73h
[21:41:51 INFO]   [160/400] running 52.27 ± 1.31% | last loss 0.0080 (ce 0.0080, tit 0.000, iti 0.000, mlp_cos 0.000) | 24.9s/episode, ETA 1.66h
[21:45:59 INFO]   [170/400] running 52.13 ± 1.28% | last loss 0.0912 (ce 0.0912, tit 0.000, iti 0.000, mlp_cos 0.000) | 24.9s/episode, ETA 1.59h
[21:50:07 INFO]   [180/400] running 52.29 ± 1.22% | last loss 0.0500 (ce 0.0500, tit 0.000, iti 0.000, mlp_cos 0.000) | 24.9s/episode, ETA 1.52h
[21:54:16 INFO]   [190/400] running 52.35 ± 1.18% | last loss 0.1192 (ce 0.1192, tit 0.000, iti 0.000, mlp_cos 0.000) | 24.9s/episode, ETA 1.45h
[21:58:24 INFO]   [200/400] running 52.16 ± 1.15% | last loss 0.0089 (ce 0.0089, tit 0.000, iti 0.000, mlp_cos 0.000) | 24.9s/episode, ETA 1.38h
[22:02:33 INFO]   [210/400] running 52.11 ± 1.11% | last loss 0.0570 (ce 0.0570, tit 0.000, iti 0.000, mlp_cos 0.000) | 24.9s/episode, ETA 1.31h
[22:06:42 INFO]   [220/400] running 52.10 ± 1.09% | last loss 0.0113 (ce 0.0113, tit 0.000, iti 0.000, mlp_cos 0.000) | 24.9s/episode, ETA 1.24h
[22:10:50 INFO]   [230/400] running 52.06 ± 1.07% | last loss 0.0137 (ce 0.0137, tit 0.000, iti 0.000, mlp_cos 0.000) | 24.9s/episode, ETA 1.17h
[22:14:59 INFO]   [240/400] running 52.00 ± 1.04% | last loss 0.0052 (ce 0.0052, tit 0.000, iti 0.000, mlp_cos 0.000) | 24.9s/episode, ETA 1.11h
[22:19:07 INFO]   [250/400] running 52.01 ± 1.01% | last loss 0.0160 (ce 0.0160, tit 0.000, iti 0.000, mlp_cos 0.000) | 24.9s/episode, ETA 1.04h
[22:23:15 INFO]   [260/400] running 52.02 ± 0.98% | last loss 0.0274 (ce 0.0274, tit 0.000, iti 0.000, mlp_cos 0.000) | 24.9s/episode, ETA 0.97h
[22:27:24 INFO]   [270/400] running 52.03 ± 0.95% | last loss 0.0864 (ce 0.0864, tit 0.000, iti 0.000, mlp_cos 0.000) | 24.9s/episode, ETA 0.90h
[22:31:33 INFO]   [280/400] running 51.96 ± 0.93% | last loss 0.0171 (ce 0.0171, tit 0.000, iti 0.000, mlp_cos 0.000) | 24.9s/episode, ETA 0.83h
[22:35:41 INFO]   [290/400] running 51.93 ± 0.91% | last loss 0.1372 (ce 0.1372, tit 0.000, iti 0.000, mlp_cos 0.000) | 24.9s/episode, ETA 0.76h
[22:39:48 INFO]   [300/400] running 51.99 ± 0.89% | last loss 0.0629 (ce 0.0629, tit 0.000, iti 0.000, mlp_cos 0.000) | 24.9s/episode, ETA 0.69h
[22:43:57 INFO]   [310/400] running 51.82 ± 0.88% | last loss 0.0423 (ce 0.0423, tit 0.000, iti 0.000, mlp_cos 0.000) | 24.9s/episode, ETA 0.62h
[22:48:05 INFO]   [320/400] running 51.94 ± 0.87% | last loss 0.0273 (ce 0.0273, tit 0.000, iti 0.000, mlp_cos 0.000) | 24.9s/episode, ETA 0.55h
[22:52:13 INFO]   [330/400] running 52.01 ± 0.85% | last loss 0.0084 (ce 0.0084, tit 0.000, iti 0.000, mlp_cos 0.000) | 24.9s/episode, ETA 0.48h
[22:56:21 INFO]   [340/400] running 52.11 ± 0.84% | last loss 0.0390 (ce 0.0390, tit 0.000, iti 0.000, mlp_cos 0.000) | 24.9s/episode, ETA 0.41h
[23:00:29 INFO]   [350/400] running 52.10 ± 0.83% | last loss 0.1348 (ce 0.1348, tit 0.000, iti 0.000, mlp_cos 0.000) | 24.9s/episode, ETA 0.35h
[23:04:37 INFO]   [360/400] running 52.02 ± 0.82% | last loss 0.0784 (ce 0.0784, tit 0.000, iti 0.000, mlp_cos 0.000) | 24.9s/episode, ETA 0.28h
[23:08:45 INFO]   [370/400] running 52.07 ± 0.82% | last loss 0.0784 (ce 0.0784, tit 0.000, iti 0.000, mlp_cos 0.000) | 24.8s/episode, ETA 0.21h
[23:12:54 INFO]   [380/400] running 51.98 ± 0.81% | last loss 0.0427 (ce 0.0427, tit 0.000, iti 0.000, mlp_cos 0.000) | 24.8s/episode, ETA 0.14h
[23:17:02 INFO]   [390/400] running 52.00 ± 0.80% | last loss 0.0218 (ce 0.0218, tit 0.000, iti 0.000, mlp_cos 0.000) | 24.8s/episode, ETA 0.07h
[23:21:10 INFO]   [400/400] running 52.00 ± 0.79% | last loss 0.0147 (ce 0.0147, tit 0.000, iti 0.000, mlp_cos 0.000) | 24.8s/episode, ETA 0.00h
[23:21:10 INFO] Final (episodic, nofsr_nocc_loraboth_r2_steps500_cnfull_loc0.1g1_sep1_sm3_pmvalue): 52.00 ± 0.79% (n_episodes=400)
[23:21:10 INFO]   診斷：只用 CLS 51.07、只用 local 51.38、γ 1.000；融合 γ=0.1/0.3/0.5：51.23/51.42/51.72
>>> [步驟 2c 純 bilinear 28×28] chestx 5-shot  2026-09-30 23:21:10
[23:21:12 INFO] Episodic protocol | chestx 5-way 5-shot | 400 episodes × 500 steps | tag=fsr_s2_bil_nocc_loraboth_r2_steps500_cnfull_loc0.1g1_sep1_pmvalue
[23:21:12 INFO] Args: {'dataset': 'chestx', 'data_root': './data', 'n_way': 5, 'n_shot': 5, 'n_query': 15, 'n_episodes': None, 'backbone': 'ViT-B/16', 'lora_encoder': 'both', 'lora_qkv_mode': 'separate', 'lora_out_proj': False, 'lora_r': 2, 'lora_alpha': 1.0, 'lora_dropout': 0.25, 'steps': 500, 'batch_size': 32, 'lr': 0.0002, 'weight_decay': 0.01, 'no_ce_aug': False, 'class_names': 'full', 'lambda1': 0.0, 'lambda2': 0.0, 'top_k': 10, 'n_aug': 4, 'cc_impl': 'legacy', 'local_score': True, 'local_k_frac': 0.1, 'local_gamma': 1.0, 'learn_gamma': False, 'local_loss': 'separate', 'local_lambda': 1.0, 'patch_mode': 'value', 'use_feature_sr': True, 'sr_scale': 2, 'sr_refiner_layers': 0, 'sr_refiner_heads': 8, 'lambda3': 0.0, 'patch_smooth': 1, 'sr_upsampler': 'bilinear', 'seed': 42, 'no_amp': False, 'save_dir': './results_episodic', 'tag': None, 'log_every': 10}
[23:21:12 INFO] Episode pool (BSCD 全量): ChestXDataset(split=train, n_classes=7, n_samples=31338)
[23:21:14 INFO] LoRA trainable parameters: 184,320 (encoder=both, qkv=separate, out_proj=False)
/home/ccoliu/FeatureSR/train_episodic.py:208: FutureWarning: `torch.cuda.amp.GradScaler(args...)` is deprecated. Please use `torch.amp.GradScaler('cuda', args...)` instead.
  scaler = torch.cuda.amp.GradScaler(enabled=use_amp)
/home/ccoliu/FeatureSR/.venv/lib/python3.12/site-packages/torch/optim/lr_scheduler.py:224: UserWarning: Detected call of `lr_scheduler.step()` before `optimizer.step()`. In PyTorch 1.1.0 and later, you should call them in the opposite order: `optimizer.step()` before `lr_scheduler.step()`.  Failure to do this will result in PyTorch skipping the first value of the learning rate schedule. See more details at https://pytorch.org/docs/stable/optim.html#how-to-adjust-learning-rate
  warnings.warn(
[23:25:37 INFO]   [10/400] running 28.00 ± 3.51% | last loss 0.9899 (ce 0.9899, tit 0.000, iti 0.000, mlp_cos 0.000) | 26.3s/episode, ETA 2.85h
[23:29:59 INFO]   [20/400] running 28.87 ± 2.04% | last loss 0.0879 (ce 0.0879, tit 0.000, iti 0.000, mlp_cos 0.000) | 26.3s/episode, ETA 2.77h
[23:34:22 INFO]   [30/400] running 27.47 ± 1.83% | last loss 0.4363 (ce 0.4363, tit 0.000, iti 0.000, mlp_cos 0.000) | 26.3s/episode, ETA 2.70h
[23:38:44 INFO]   [40/400] running 26.63 ± 1.58% | last loss 0.3162 (ce 0.3162, tit 0.000, iti 0.000, mlp_cos 0.000) | 26.3s/episode, ETA 2.63h
[23:43:07 INFO]   [50/400] running 26.27 ± 1.47% | last loss 0.6954 (ce 0.6954, tit 0.000, iti 0.000, mlp_cos 0.000) | 26.3s/episode, ETA 2.55h
[23:47:29 INFO]   [60/400] running 25.53 ± 1.35% | last loss 0.4930 (ce 0.4930, tit 0.000, iti 0.000, mlp_cos 0.000) | 26.3s/episode, ETA 2.48h
[23:51:52 INFO]   [70/400] running 26.21 ± 1.28% | last loss 0.5878 (ce 0.5878, tit 0.000, iti 0.000, mlp_cos 0.000) | 26.3s/episode, ETA 2.41h
[23:56:15 INFO]   [80/400] running 25.97 ± 1.24% | last loss 0.5600 (ce 0.5600, tit 0.000, iti 0.000, mlp_cos 0.000) | 26.3s/episode, ETA 2.33h
[00:00:37 INFO]   [90/400] running 26.00 ± 1.15% | last loss 0.2591 (ce 0.2591, tit 0.000, iti 0.000, mlp_cos 0.000) | 26.3s/episode, ETA 2.26h
[00:05:00 INFO]   [100/400] running 25.89 ± 1.04% | last loss 0.4157 (ce 0.4157, tit 0.000, iti 0.000, mlp_cos 0.000) | 26.3s/episode, ETA 2.19h
[00:09:22 INFO]   [110/400] running 26.07 ± 1.01% | last loss 0.4224 (ce 0.4224, tit 0.000, iti 0.000, mlp_cos 0.000) | 26.3s/episode, ETA 2.12h
[00:13:45 INFO]   [120/400] running 26.02 ± 0.98% | last loss 0.3117 (ce 0.3117, tit 0.000, iti 0.000, mlp_cos 0.000) | 26.3s/episode, ETA 2.04h
[00:18:08 INFO]   [130/400] running 25.95 ± 0.94% | last loss 0.4383 (ce 0.4383, tit 0.000, iti 0.000, mlp_cos 0.000) | 26.3s/episode, ETA 1.97h
[00:22:30 INFO]   [140/400] running 25.96 ± 0.91% | last loss 0.1561 (ce 0.1561, tit 0.000, iti 0.000, mlp_cos 0.000) | 26.3s/episode, ETA 1.90h
[00:26:53 INFO]   [150/400] running 25.87 ± 0.88% | last loss 0.2214 (ce 0.2214, tit 0.000, iti 0.000, mlp_cos 0.000) | 26.3s/episode, ETA 1.82h
[00:31:16 INFO]   [160/400] running 25.78 ± 0.85% | last loss 0.4680 (ce 0.4680, tit 0.000, iti 0.000, mlp_cos 0.000) | 26.3s/episode, ETA 1.75h
[00:35:38 INFO]   [170/400] running 25.73 ± 0.81% | last loss 0.3042 (ce 0.3042, tit 0.000, iti 0.000, mlp_cos 0.000) | 26.3s/episode, ETA 1.68h
[00:40:01 INFO]   [180/400] running 25.61 ± 0.78% | last loss 0.9652 (ce 0.9652, tit 0.000, iti 0.000, mlp_cos 0.000) | 26.3s/episode, ETA 1.60h
[00:44:23 INFO]   [190/400] running 25.56 ± 0.76% | last loss 0.7563 (ce 0.7563, tit 0.000, iti 0.000, mlp_cos 0.000) | 26.3s/episode, ETA 1.53h
[00:48:46 INFO]   [200/400] running 25.61 ± 0.74% | last loss 0.3968 (ce 0.3968, tit 0.000, iti 0.000, mlp_cos 0.000) | 26.3s/episode, ETA 1.46h
[00:53:08 INFO]   [210/400] running 25.47 ± 0.72% | last loss 0.6770 (ce 0.6770, tit 0.000, iti 0.000, mlp_cos 0.000) | 26.3s/episode, ETA 1.39h
[00:57:31 INFO]   [220/400] running 25.45 ± 0.71% | last loss 0.5285 (ce 0.5285, tit 0.000, iti 0.000, mlp_cos 0.000) | 26.3s/episode, ETA 1.31h
[01:01:53 INFO]   [230/400] running 25.44 ± 0.70% | last loss 0.2158 (ce 0.2158, tit 0.000, iti 0.000, mlp_cos 0.000) | 26.3s/episode, ETA 1.24h
[01:06:16 INFO]   [240/400] running 25.54 ± 0.68% | last loss 0.3095 (ce 0.3095, tit 0.000, iti 0.000, mlp_cos 0.000) | 26.3s/episode, ETA 1.17h
[01:10:38 INFO]   [250/400] running 25.49 ± 0.67% | last loss 0.5526 (ce 0.5526, tit 0.000, iti 0.000, mlp_cos 0.000) | 26.3s/episode, ETA 1.09h
[01:15:01 INFO]   [260/400] running 25.56 ± 0.66% | last loss 0.8405 (ce 0.8405, tit 0.000, iti 0.000, mlp_cos 0.000) | 26.3s/episode, ETA 1.02h
[01:19:24 INFO]   [270/400] running 25.53 ± 0.65% | last loss 0.5146 (ce 0.5146, tit 0.000, iti 0.000, mlp_cos 0.000) | 26.3s/episode, ETA 0.95h
[01:23:46 INFO]   [280/400] running 25.59 ± 0.63% | last loss 0.5367 (ce 0.5367, tit 0.000, iti 0.000, mlp_cos 0.000) | 26.3s/episode, ETA 0.88h
[01:28:08 INFO]   [290/400] running 25.55 ± 0.61% | last loss 0.3965 (ce 0.3965, tit 0.000, iti 0.000, mlp_cos 0.000) | 26.3s/episode, ETA 0.80h
[01:32:31 INFO]   [300/400] running 25.55 ± 0.61% | last loss 0.3180 (ce 0.3180, tit 0.000, iti 0.000, mlp_cos 0.000) | 26.3s/episode, ETA 0.73h
[01:36:53 INFO]   [310/400] running 25.48 ± 0.60% | last loss 0.5404 (ce 0.5404, tit 0.000, iti 0.000, mlp_cos 0.000) | 26.3s/episode, ETA 0.66h
[01:41:16 INFO]   [320/400] running 25.47 ± 0.60% | last loss 0.5355 (ce 0.5355, tit 0.000, iti 0.000, mlp_cos 0.000) | 26.3s/episode, ETA 0.58h
[01:45:38 INFO]   [330/400] running 25.44 ± 0.58% | last loss 0.3256 (ce 0.3256, tit 0.000, iti 0.000, mlp_cos 0.000) | 26.3s/episode, ETA 0.51h
[01:50:01 INFO]   [340/400] running 25.45 ± 0.57% | last loss 0.6233 (ce 0.6233, tit 0.000, iti 0.000, mlp_cos 0.000) | 26.3s/episode, ETA 0.44h
[01:54:23 INFO]   [350/400] running 25.42 ± 0.56% | last loss 1.3023 (ce 1.3023, tit 0.000, iti 0.000, mlp_cos 0.000) | 26.3s/episode, ETA 0.36h
[01:58:46 INFO]   [360/400] running 25.47 ± 0.55% | last loss 1.0706 (ce 1.0706, tit 0.000, iti 0.000, mlp_cos 0.000) | 26.3s/episode, ETA 0.29h
[02:03:08 INFO]   [370/400] running 25.47 ± 0.56% | last loss 0.9754 (ce 0.9754, tit 0.000, iti 0.000, mlp_cos 0.000) | 26.3s/episode, ETA 0.22h
[02:07:31 INFO]   [380/400] running 25.53 ± 0.55% | last loss 0.2228 (ce 0.2228, tit 0.000, iti 0.000, mlp_cos 0.000) | 26.3s/episode, ETA 0.15h
[02:11:53 INFO]   [390/400] running 25.49 ± 0.54% | last loss 0.6566 (ce 0.6566, tit 0.000, iti 0.000, mlp_cos 0.000) | 26.3s/episode, ETA 0.07h
[02:16:16 INFO]   [400/400] running 25.53 ± 0.53% | last loss 0.3801 (ce 0.3801, tit 0.000, iti 0.000, mlp_cos 0.000) | 26.3s/episode, ETA 0.00h
[02:16:16 INFO] Final (episodic, fsr_s2_bil_nocc_loraboth_r2_steps500_cnfull_loc0.1g1_sep1_pmvalue): 25.53 ± 0.53% (n_episodes=400)
[02:16:16 INFO]   診斷：只用 CLS 25.26、只用 local 25.55、γ 1.000；融合 γ=0.1/0.3/0.5：25.33/25.44/25.45
>>> [步驟 2c 純 bilinear 28×28] crop_disease 5-shot  2026-10-01 02:16:16
[02:16:17 INFO] Episodic protocol | crop_disease 5-way 5-shot | 400 episodes × 500 steps | tag=fsr_s2_bil_nocc_loraboth_r2_steps500_cnfull_loc0.1g1_sep1_pmvalue
[02:16:17 INFO] Args: {'dataset': 'crop_disease', 'data_root': './data', 'n_way': 5, 'n_shot': 5, 'n_query': 15, 'n_episodes': None, 'backbone': 'ViT-B/16', 'lora_encoder': 'both', 'lora_qkv_mode': 'separate', 'lora_out_proj': False, 'lora_r': 2, 'lora_alpha': 1.0, 'lora_dropout': 0.25, 'steps': 500, 'batch_size': 32, 'lr': 0.0002, 'weight_decay': 0.01, 'no_ce_aug': False, 'class_names': 'full', 'lambda1': 0.0, 'lambda2': 0.0, 'top_k': 10, 'n_aug': 4, 'cc_impl': 'legacy', 'local_score': True, 'local_k_frac': 0.1, 'local_gamma': 1.0, 'learn_gamma': False, 'local_loss': 'separate', 'local_lambda': 1.0, 'patch_mode': 'value', 'use_feature_sr': True, 'sr_scale': 2, 'sr_refiner_layers': 0, 'sr_refiner_heads': 8, 'lambda3': 0.0, 'patch_smooth': 1, 'sr_upsampler': 'bilinear', 'seed': 42, 'no_amp': False, 'save_dir': './results_episodic', 'tag': None, 'log_every': 10}
[02:16:17 INFO] Episode pool (BSCD 全量): CropDiseaseDataset(split=train, n_classes=38, n_samples=70295)
[02:16:19 INFO] LoRA trainable parameters: 184,320 (encoder=both, qkv=separate, out_proj=False)
/home/ccoliu/FeatureSR/train_episodic.py:208: FutureWarning: `torch.cuda.amp.GradScaler(args...)` is deprecated. Please use `torch.amp.GradScaler('cuda', args...)` instead.
  scaler = torch.cuda.amp.GradScaler(enabled=use_amp)
/home/ccoliu/FeatureSR/.venv/lib/python3.12/site-packages/torch/optim/lr_scheduler.py:224: UserWarning: Detected call of `lr_scheduler.step()` before `optimizer.step()`. In PyTorch 1.1.0 and later, you should call them in the opposite order: `optimizer.step()` before `lr_scheduler.step()`.  Failure to do this will result in PyTorch skipping the first value of the learning rate schedule. See more details at https://pytorch.org/docs/stable/optim.html#how-to-adjust-learning-rate
  warnings.warn(
[02:20:32 INFO]   [10/400] running 94.27 ± 3.21% | last loss 0.0643 (ce 0.0643, tit 0.000, iti 0.000, mlp_cos 0.000) | 25.2s/episode, ETA 2.74h
[02:24:44 INFO]   [20/400] running 95.20 ± 1.94% | last loss 0.0086 (ce 0.0086, tit 0.000, iti 0.000, mlp_cos 0.000) | 25.2s/episode, ETA 2.66h
[02:28:56 INFO]   [30/400] running 95.56 ± 1.42% | last loss 0.0029 (ce 0.0029, tit 0.000, iti 0.000, mlp_cos 0.000) | 25.2s/episode, ETA 2.59h
[02:33:09 INFO]   [40/400] running 95.33 ± 1.47% | last loss 0.0062 (ce 0.0062, tit 0.000, iti 0.000, mlp_cos 0.000) | 25.2s/episode, ETA 2.52h
[02:37:21 INFO]   [50/400] running 95.41 ± 1.21% | last loss 0.0071 (ce 0.0071, tit 0.000, iti 0.000, mlp_cos 0.000) | 25.2s/episode, ETA 2.45h
[02:41:33 INFO]   [60/400] running 95.69 ± 1.05% | last loss 0.0642 (ce 0.0642, tit 0.000, iti 0.000, mlp_cos 0.000) | 25.2s/episode, ETA 2.38h
[02:45:45 INFO]   [70/400] running 95.85 ± 0.96% | last loss 0.0121 (ce 0.0121, tit 0.000, iti 0.000, mlp_cos 0.000) | 25.2s/episode, ETA 2.31h
[02:49:58 INFO]   [80/400] running 95.90 ± 0.87% | last loss 0.0086 (ce 0.0086, tit 0.000, iti 0.000, mlp_cos 0.000) | 25.2s/episode, ETA 2.24h
[02:54:10 INFO]   [90/400] running 95.91 ± 0.80% | last loss 0.0266 (ce 0.0266, tit 0.000, iti 0.000, mlp_cos 0.000) | 25.2s/episode, ETA 2.17h
[02:58:23 INFO]   [100/400] running 95.73 ± 0.78% | last loss 0.1439 (ce 0.1439, tit 0.000, iti 0.000, mlp_cos 0.000) | 25.2s/episode, ETA 2.10h
[03:02:35 INFO]   [110/400] running 95.66 ± 0.77% | last loss 0.0342 (ce 0.0342, tit 0.000, iti 0.000, mlp_cos 0.000) | 25.2s/episode, ETA 2.03h
[03:06:48 INFO]   [120/400] running 95.81 ± 0.73% | last loss 0.0122 (ce 0.0122, tit 0.000, iti 0.000, mlp_cos 0.000) | 25.2s/episode, ETA 1.96h
[03:11:00 INFO]   [130/400] running 95.86 ± 0.69% | last loss 0.2297 (ce 0.2297, tit 0.000, iti 0.000, mlp_cos 0.000) | 25.2s/episode, ETA 1.89h
[03:15:12 INFO]   [140/400] running 95.69 ± 0.67% | last loss 0.0794 (ce 0.0794, tit 0.000, iti 0.000, mlp_cos 0.000) | 25.2s/episode, ETA 1.82h
[03:19:25 INFO]   [150/400] running 95.70 ± 0.65% | last loss 0.0086 (ce 0.0086, tit 0.000, iti 0.000, mlp_cos 0.000) | 25.2s/episode, ETA 1.75h
[03:23:37 INFO]   [160/400] running 95.69 ± 0.63% | last loss 0.0226 (ce 0.0226, tit 0.000, iti 0.000, mlp_cos 0.000) | 25.2s/episode, ETA 1.68h
[03:27:50 INFO]   [170/400] running 95.69 ± 0.62% | last loss 0.0059 (ce 0.0059, tit 0.000, iti 0.000, mlp_cos 0.000) | 25.2s/episode, ETA 1.61h
[03:32:02 INFO]   [180/400] running 95.75 ± 0.59% | last loss 0.0343 (ce 0.0343, tit 0.000, iti 0.000, mlp_cos 0.000) | 25.2s/episode, ETA 1.54h
[03:36:14 INFO]   [190/400] running 95.79 ± 0.56% | last loss 0.0061 (ce 0.0061, tit 0.000, iti 0.000, mlp_cos 0.000) | 25.2s/episode, ETA 1.47h
[03:40:27 INFO]   [200/400] running 95.77 ± 0.55% | last loss 0.0463 (ce 0.0463, tit 0.000, iti 0.000, mlp_cos 0.000) | 25.2s/episode, ETA 1.40h
[03:44:39 INFO]   [210/400] running 95.77 ± 0.54% | last loss 0.2237 (ce 0.2237, tit 0.000, iti 0.000, mlp_cos 0.000) | 25.2s/episode, ETA 1.33h
[03:48:52 INFO]   [220/400] running 95.75 ± 0.53% | last loss 0.0028 (ce 0.0028, tit 0.000, iti 0.000, mlp_cos 0.000) | 25.2s/episode, ETA 1.26h
[03:53:04 INFO]   [230/400] running 95.79 ± 0.51% | last loss 0.0050 (ce 0.0050, tit 0.000, iti 0.000, mlp_cos 0.000) | 25.2s/episode, ETA 1.19h
[03:57:17 INFO]   [240/400] running 95.74 ± 0.51% | last loss 0.0055 (ce 0.0055, tit 0.000, iti 0.000, mlp_cos 0.000) | 25.2s/episode, ETA 1.12h
[04:01:29 INFO]   [250/400] running 95.72 ± 0.50% | last loss 0.0302 (ce 0.0302, tit 0.000, iti 0.000, mlp_cos 0.000) | 25.2s/episode, ETA 1.05h
[04:05:41 INFO]   [260/400] running 95.79 ± 0.49% | last loss 0.0261 (ce 0.0261, tit 0.000, iti 0.000, mlp_cos 0.000) | 25.2s/episode, ETA 0.98h
[04:09:54 INFO]   [270/400] running 95.91 ± 0.48% | last loss 0.0110 (ce 0.0110, tit 0.000, iti 0.000, mlp_cos 0.000) | 25.2s/episode, ETA 0.91h
[04:14:06 INFO]   [280/400] running 95.93 ± 0.46% | last loss 0.3791 (ce 0.3791, tit 0.000, iti 0.000, mlp_cos 0.000) | 25.2s/episode, ETA 0.84h
[04:18:18 INFO]   [290/400] running 95.94 ± 0.45% | last loss 0.0173 (ce 0.0173, tit 0.000, iti 0.000, mlp_cos 0.000) | 25.2s/episode, ETA 0.77h
[04:22:31 INFO]   [300/400] running 95.96 ± 0.44% | last loss 0.0192 (ce 0.0192, tit 0.000, iti 0.000, mlp_cos 0.000) | 25.2s/episode, ETA 0.70h
[04:26:43 INFO]   [310/400] running 95.98 ± 0.43% | last loss 0.0160 (ce 0.0160, tit 0.000, iti 0.000, mlp_cos 0.000) | 25.2s/episode, ETA 0.63h
[04:30:55 INFO]   [320/400] running 96.04 ± 0.42% | last loss 0.0109 (ce 0.0109, tit 0.000, iti 0.000, mlp_cos 0.000) | 25.2s/episode, ETA 0.56h
[04:35:08 INFO]   [330/400] running 96.07 ± 0.41% | last loss 0.0194 (ce 0.0194, tit 0.000, iti 0.000, mlp_cos 0.000) | 25.2s/episode, ETA 0.49h
[04:39:20 INFO]   [340/400] running 96.11 ± 0.40% | last loss 0.0590 (ce 0.0590, tit 0.000, iti 0.000, mlp_cos 0.000) | 25.2s/episode, ETA 0.42h
[04:43:32 INFO]   [350/400] running 96.10 ± 0.41% | last loss 0.1292 (ce 0.1292, tit 0.000, iti 0.000, mlp_cos 0.000) | 25.2s/episode, ETA 0.35h
[04:47:44 INFO]   [360/400] running 96.06 ± 0.41% | last loss 0.3111 (ce 0.3111, tit 0.000, iti 0.000, mlp_cos 0.000) | 25.2s/episode, ETA 0.28h
[04:51:56 INFO]   [370/400] running 96.01 ± 0.40% | last loss 0.1906 (ce 0.1906, tit 0.000, iti 0.000, mlp_cos 0.000) | 25.2s/episode, ETA 0.21h
[04:56:09 INFO]   [380/400] running 96.02 ± 0.39% | last loss 0.0099 (ce 0.0099, tit 0.000, iti 0.000, mlp_cos 0.000) | 25.2s/episode, ETA 0.14h
[05:00:21 INFO]   [390/400] running 96.07 ± 0.39% | last loss 0.0098 (ce 0.0098, tit 0.000, iti 0.000, mlp_cos 0.000) | 25.2s/episode, ETA 0.07h
[05:04:33 INFO]   [400/400] running 96.12 ± 0.38% | last loss 0.0086 (ce 0.0086, tit 0.000, iti 0.000, mlp_cos 0.000) | 25.2s/episode, ETA 0.00h
[05:04:33 INFO] Final (episodic, fsr_s2_bil_nocc_loraboth_r2_steps500_cnfull_loc0.1g1_sep1_pmvalue): 96.12 ± 0.38% (n_episodes=400)
[05:04:33 INFO]   診斷：只用 CLS 95.66、只用 local 95.63、γ 1.000；融合 γ=0.1/0.3/0.5：95.79/95.97/96.06
[CropDiseases] 使用路徑：data/CropDiseases/New Plant Diseases Dataset(Augmented)/New Plant Diseases Dataset(Augmented)/train
全部完成 2026-10-01 05:04:33
