>>> [步驟 1 local score, patch=plain] isic 5-shot  2026-09-28 21:04:39
[21:04:40 INFO] Episodic protocol | isic 5-way 5-shot | 400 episodes × 500 steps | tag=nofsr_nocc_loraboth_r2_steps500_cnfull_loc0.1g1
[21:04:40 INFO] Args: {'dataset': 'isic', 'data_root': './data', 'n_way': 5, 'n_shot': 5, 'n_query': 15, 'n_episodes': None, 'backbone': 'ViT-B/16', 'lora_encoder': 'both', 'lora_qkv_mode': 'separate', 'lora_out_proj': False, 'lora_r': 2, 'lora_alpha': 1.0, 'lora_dropout': 0.25, 'steps': 500, 'batch_size': 32, 'lr': 0.0002, 'weight_decay': 0.01, 'no_ce_aug': False, 'class_names': 'full', 'lambda1': 0.0, 'lambda2': 0.0, 'top_k': 10, 'n_aug': 4, 'cc_impl': 'legacy', 'local_score': True, 'local_k_frac': 0.1, 'local_gamma': 1.0, 'learn_gamma': False, 'patch_mode': 'plain', 'use_feature_sr': False, 'sr_scale': 2, 'sr_refiner_layers': 0, 'sr_refiner_heads': 8, 'lambda3': 0.3, 'seed': 42, 'no_amp': False, 'save_dir': './results_episodic', 'tag': None, 'log_every': 10}
[21:04:40 INFO] Episode pool (BSCD 全量): ISICDataset(split=train, n_classes=7, n_samples=10015)
[21:04:42 INFO] LoRA trainable parameters: 184,320 (encoder=both, qkv=separate, out_proj=False)
/home/ccoliu/FeatureSR/train_episodic.py:186: FutureWarning: `torch.cuda.amp.GradScaler(args...)` is deprecated. Please use `torch.amp.GradScaler('cuda', args...)` instead.
  scaler = torch.cuda.amp.GradScaler(enabled=use_amp)
/home/ccoliu/FeatureSR/.venv/lib/python3.12/site-packages/torch/optim/lr_scheduler.py:224: UserWarning: Detected call of `lr_scheduler.step()` before `optimizer.step()`. In PyTorch 1.1.0 and later, you should call them in the opposite order: `optimizer.step()` before `lr_scheduler.step()`.  Failure to do this will result in PyTorch skipping the first value of the learning rate schedule. See more details at https://pytorch.org/docs/stable/optim.html#how-to-adjust-learning-rate
  warnings.warn(
[21:08:45 INFO]   [10/400] running 49.47 ± 4.55% | last loss 0.0825 (ce 0.0825, tit 0.000, iti 0.000, mlp_cos 0.000) | 24.3s/episode, ETA 2.64h
[21:12:49 INFO]   [20/400] running 47.33 ± 3.87% | last loss 0.0058 (ce 0.0058, tit 0.000, iti 0.000, mlp_cos 0.000) | 24.3s/episode, ETA 2.57h
[21:16:52 INFO]   [30/400] running 46.22 ± 3.21% | last loss 0.0035 (ce 0.0035, tit 0.000, iti 0.000, mlp_cos 0.000) | 24.3s/episode, ETA 2.50h
[21:20:56 INFO]   [40/400] running 47.27 ± 2.67% | last loss 0.0044 (ce 0.0044, tit 0.000, iti 0.000, mlp_cos 0.000) | 24.3s/episode, ETA 2.43h
[21:24:59 INFO]   [50/400] running 47.55 ± 2.31% | last loss 0.0041 (ce 0.0041, tit 0.000, iti 0.000, mlp_cos 0.000) | 24.3s/episode, ETA 2.37h
[21:29:02 INFO]   [60/400] running 47.71 ± 2.09% | last loss 0.0412 (ce 0.0412, tit 0.000, iti 0.000, mlp_cos 0.000) | 24.3s/episode, ETA 2.30h
[21:33:06 INFO]   [70/400] running 48.06 ± 1.94% | last loss 0.0200 (ce 0.0200, tit 0.000, iti 0.000, mlp_cos 0.000) | 24.3s/episode, ETA 2.23h
[21:37:10 INFO]   [80/400] running 48.58 ± 1.81% | last loss 0.0017 (ce 0.0017, tit 0.000, iti 0.000, mlp_cos 0.000) | 24.4s/episode, ETA 2.16h
[21:41:13 INFO]   [90/400] running 49.10 ± 1.70% | last loss 0.0047 (ce 0.0047, tit 0.000, iti 0.000, mlp_cos 0.000) | 24.3s/episode, ETA 2.10h
[21:45:16 INFO]   [100/400] running 49.43 ± 1.60% | last loss 0.0156 (ce 0.0156, tit 0.000, iti 0.000, mlp_cos 0.000) | 24.3s/episode, ETA 2.03h
[21:49:20 INFO]   [110/400] running 49.45 ± 1.56% | last loss 0.0176 (ce 0.0176, tit 0.000, iti 0.000, mlp_cos 0.000) | 24.4s/episode, ETA 1.96h
[21:53:24 INFO]   [120/400] running 49.23 ± 1.52% | last loss 0.0320 (ce 0.0320, tit 0.000, iti 0.000, mlp_cos 0.000) | 24.4s/episode, ETA 1.89h
[21:57:28 INFO]   [130/400] running 49.41 ± 1.42% | last loss 0.0254 (ce 0.0254, tit 0.000, iti 0.000, mlp_cos 0.000) | 24.4s/episode, ETA 1.83h
[22:01:33 INFO]   [140/400] running 49.18 ± 1.35% | last loss 0.0097 (ce 0.0097, tit 0.000, iti 0.000, mlp_cos 0.000) | 24.4s/episode, ETA 1.76h
[22:05:36 INFO]   [150/400] running 49.30 ± 1.32% | last loss 0.0026 (ce 0.0026, tit 0.000, iti 0.000, mlp_cos 0.000) | 24.4s/episode, ETA 1.69h
[22:09:40 INFO]   [160/400] running 49.24 ± 1.27% | last loss 0.0117 (ce 0.0117, tit 0.000, iti 0.000, mlp_cos 0.000) | 24.4s/episode, ETA 1.62h
[22:13:45 INFO]   [170/400] running 49.14 ± 1.24% | last loss 0.0176 (ce 0.0176, tit 0.000, iti 0.000, mlp_cos 0.000) | 24.4s/episode, ETA 1.56h
[22:17:48 INFO]   [180/400] running 49.16 ± 1.18% | last loss 0.0831 (ce 0.0831, tit 0.000, iti 0.000, mlp_cos 0.000) | 24.4s/episode, ETA 1.49h
[22:21:51 INFO]   [190/400] running 49.09 ± 1.15% | last loss 0.0552 (ce 0.0552, tit 0.000, iti 0.000, mlp_cos 0.000) | 24.4s/episode, ETA 1.42h
[22:25:55 INFO]   [200/400] running 49.02 ± 1.11% | last loss 0.0242 (ce 0.0242, tit 0.000, iti 0.000, mlp_cos 0.000) | 24.4s/episode, ETA 1.35h
[22:29:59 INFO]   [210/400] running 48.98 ± 1.08% | last loss 0.0286 (ce 0.0286, tit 0.000, iti 0.000, mlp_cos 0.000) | 24.4s/episode, ETA 1.29h
[22:34:03 INFO]   [220/400] running 49.08 ± 1.06% | last loss 0.0113 (ce 0.0113, tit 0.000, iti 0.000, mlp_cos 0.000) | 24.4s/episode, ETA 1.22h
[22:38:06 INFO]   [230/400] running 49.14 ± 1.04% | last loss 0.0303 (ce 0.0303, tit 0.000, iti 0.000, mlp_cos 0.000) | 24.4s/episode, ETA 1.15h
[22:42:09 INFO]   [240/400] running 49.08 ± 1.01% | last loss 0.0080 (ce 0.0080, tit 0.000, iti 0.000, mlp_cos 0.000) | 24.4s/episode, ETA 1.08h
[22:46:13 INFO]   [250/400] running 48.99 ± 1.00% | last loss 0.0051 (ce 0.0051, tit 0.000, iti 0.000, mlp_cos 0.000) | 24.4s/episode, ETA 1.02h
[22:50:17 INFO]   [260/400] running 48.97 ± 0.97% | last loss 0.0238 (ce 0.0238, tit 0.000, iti 0.000, mlp_cos 0.000) | 24.4s/episode, ETA 0.95h
[22:54:21 INFO]   [270/400] running 49.00 ± 0.94% | last loss 0.0048 (ce 0.0048, tit 0.000, iti 0.000, mlp_cos 0.000) | 24.4s/episode, ETA 0.88h
[22:58:25 INFO]   [280/400] running 48.96 ± 0.91% | last loss 0.0068 (ce 0.0068, tit 0.000, iti 0.000, mlp_cos 0.000) | 24.4s/episode, ETA 0.81h
[23:02:28 INFO]   [290/400] running 48.91 ± 0.89% | last loss 0.0043 (ce 0.0043, tit 0.000, iti 0.000, mlp_cos 0.000) | 24.4s/episode, ETA 0.74h
[23:06:32 INFO]   [300/400] running 48.85 ± 0.87% | last loss 0.0073 (ce 0.0073, tit 0.000, iti 0.000, mlp_cos 0.000) | 24.4s/episode, ETA 0.68h
[23:10:37 INFO]   [310/400] running 48.69 ± 0.86% | last loss 0.0335 (ce 0.0335, tit 0.000, iti 0.000, mlp_cos 0.000) | 24.4s/episode, ETA 0.61h
[23:14:40 INFO]   [320/400] running 48.82 ± 0.84% | last loss 0.0082 (ce 0.0082, tit 0.000, iti 0.000, mlp_cos 0.000) | 24.4s/episode, ETA 0.54h
[23:18:44 INFO]   [330/400] running 48.93 ± 0.83% | last loss 0.0030 (ce 0.0030, tit 0.000, iti 0.000, mlp_cos 0.000) | 24.4s/episode, ETA 0.47h
[23:22:47 INFO]   [340/400] running 48.96 ± 0.82% | last loss 0.0393 (ce 0.0393, tit 0.000, iti 0.000, mlp_cos 0.000) | 24.4s/episode, ETA 0.41h
[23:26:51 INFO]   [350/400] running 48.97 ± 0.81% | last loss 0.0078 (ce 0.0078, tit 0.000, iti 0.000, mlp_cos 0.000) | 24.4s/episode, ETA 0.34h
[23:30:54 INFO]   [360/400] running 48.90 ± 0.80% | last loss 0.0809 (ce 0.0809, tit 0.000, iti 0.000, mlp_cos 0.000) | 24.4s/episode, ETA 0.27h
[23:34:58 INFO]   [370/400] running 48.92 ± 0.79% | last loss 0.0035 (ce 0.0035, tit 0.000, iti 0.000, mlp_cos 0.000) | 24.4s/episode, ETA 0.20h
[23:39:02 INFO]   [380/400] running 48.79 ± 0.79% | last loss 0.0139 (ce 0.0139, tit 0.000, iti 0.000, mlp_cos 0.000) | 24.4s/episode, ETA 0.14h
[23:43:05 INFO]   [390/400] running 48.83 ± 0.77% | last loss 0.0139 (ce 0.0139, tit 0.000, iti 0.000, mlp_cos 0.000) | 24.4s/episode, ETA 0.07h
[23:47:09 INFO]   [400/400] running 48.88 ± 0.76% | last loss 0.0677 (ce 0.0677, tit 0.000, iti 0.000, mlp_cos 0.000) | 24.4s/episode, ETA 0.00h
[23:47:09 INFO] Final (episodic, nofsr_nocc_loraboth_r2_steps500_cnfull_loc0.1g1): 48.88 ± 0.76% (n_episodes=400)
[23:47:09 INFO]   診斷：只用 CLS 47.99、只用 local 41.58、γ 1.000
>>> [步驟 1 local score, patch=value] isic 5-shot  2026-09-28 23:47:09
[23:47:10 INFO] Episodic protocol | isic 5-way 5-shot | 400 episodes × 500 steps | tag=nofsr_nocc_loraboth_r2_steps500_cnfull_loc0.1g1_pmvalue
[23:47:10 INFO] Args: {'dataset': 'isic', 'data_root': './data', 'n_way': 5, 'n_shot': 5, 'n_query': 15, 'n_episodes': None, 'backbone': 'ViT-B/16', 'lora_encoder': 'both', 'lora_qkv_mode': 'separate', 'lora_out_proj': False, 'lora_r': 2, 'lora_alpha': 1.0, 'lora_dropout': 0.25, 'steps': 500, 'batch_size': 32, 'lr': 0.0002, 'weight_decay': 0.01, 'no_ce_aug': False, 'class_names': 'full', 'lambda1': 0.0, 'lambda2': 0.0, 'top_k': 10, 'n_aug': 4, 'cc_impl': 'legacy', 'local_score': True, 'local_k_frac': 0.1, 'local_gamma': 1.0, 'learn_gamma': False, 'patch_mode': 'value', 'use_feature_sr': False, 'sr_scale': 2, 'sr_refiner_layers': 0, 'sr_refiner_heads': 8, 'lambda3': 0.3, 'seed': 42, 'no_amp': False, 'save_dir': './results_episodic', 'tag': None, 'log_every': 10}
[23:47:10 INFO] Episode pool (BSCD 全量): ISICDataset(split=train, n_classes=7, n_samples=10015)
[23:47:12 INFO] LoRA trainable parameters: 184,320 (encoder=both, qkv=separate, out_proj=False)
/home/ccoliu/FeatureSR/train_episodic.py:186: FutureWarning: `torch.cuda.amp.GradScaler(args...)` is deprecated. Please use `torch.amp.GradScaler('cuda', args...)` instead.
  scaler = torch.cuda.amp.GradScaler(enabled=use_amp)
/home/ccoliu/FeatureSR/.venv/lib/python3.12/site-packages/torch/optim/lr_scheduler.py:224: UserWarning: Detected call of `lr_scheduler.step()` before `optimizer.step()`. In PyTorch 1.1.0 and later, you should call them in the opposite order: `optimizer.step()` before `lr_scheduler.step()`.  Failure to do this will result in PyTorch skipping the first value of the learning rate schedule. See more details at https://pytorch.org/docs/stable/optim.html#how-to-adjust-learning-rate
  warnings.warn(
[23:51:19 INFO]   [10/400] running 48.53 ± 6.43% | last loss 0.0240 (ce 0.0240, tit 0.000, iti 0.000, mlp_cos 0.000) | 24.7s/episode, ETA 2.68h
[23:55:26 INFO]   [20/400] running 48.80 ± 4.51% | last loss 0.0115 (ce 0.0115, tit 0.000, iti 0.000, mlp_cos 0.000) | 24.7s/episode, ETA 2.61h
[23:59:33 INFO]   [30/400] running 47.78 ± 3.44% | last loss 0.0154 (ce 0.0154, tit 0.000, iti 0.000, mlp_cos 0.000) | 24.7s/episode, ETA 2.54h
[00:03:40 INFO]   [40/400] running 48.70 ± 2.89% | last loss 0.0078 (ce 0.0078, tit 0.000, iti 0.000, mlp_cos 0.000) | 24.7s/episode, ETA 2.47h
[00:07:46 INFO]   [50/400] running 49.12 ± 2.43% | last loss 0.0069 (ce 0.0069, tit 0.000, iti 0.000, mlp_cos 0.000) | 24.7s/episode, ETA 2.40h
[00:11:54 INFO]   [60/400] running 49.16 ± 2.21% | last loss 0.0155 (ce 0.0155, tit 0.000, iti 0.000, mlp_cos 0.000) | 24.7s/episode, ETA 2.33h
[00:16:01 INFO]   [70/400] running 49.47 ± 2.01% | last loss 0.0131 (ce 0.0131, tit 0.000, iti 0.000, mlp_cos 0.000) | 24.7s/episode, ETA 2.26h
[00:20:09 INFO]   [80/400] running 49.80 ± 1.84% | last loss 0.0061 (ce 0.0061, tit 0.000, iti 0.000, mlp_cos 0.000) | 24.7s/episode, ETA 2.20h
[00:24:15 INFO]   [90/400] running 50.03 ± 1.71% | last loss 0.0049 (ce 0.0049, tit 0.000, iti 0.000, mlp_cos 0.000) | 24.7s/episode, ETA 2.13h
[00:28:22 INFO]   [100/400] running 49.96 ± 1.61% | last loss 0.0172 (ce 0.0172, tit 0.000, iti 0.000, mlp_cos 0.000) | 24.7s/episode, ETA 2.06h
[00:32:30 INFO]   [110/400] running 49.96 ± 1.59% | last loss 0.0255 (ce 0.0255, tit 0.000, iti 0.000, mlp_cos 0.000) | 24.7s/episode, ETA 1.99h
[00:36:37 INFO]   [120/400] running 49.73 ± 1.53% | last loss 0.0230 (ce 0.0230, tit 0.000, iti 0.000, mlp_cos 0.000) | 24.7s/episode, ETA 1.92h
[00:40:45 INFO]   [130/400] running 50.09 ± 1.46% | last loss 0.0265 (ce 0.0265, tit 0.000, iti 0.000, mlp_cos 0.000) | 24.7s/episode, ETA 1.85h
[00:44:52 INFO]   [140/400] running 49.95 ± 1.38% | last loss 0.0081 (ce 0.0081, tit 0.000, iti 0.000, mlp_cos 0.000) | 24.7s/episode, ETA 1.79h
[00:48:59 INFO]   [150/400] running 50.11 ± 1.36% | last loss 0.0055 (ce 0.0055, tit 0.000, iti 0.000, mlp_cos 0.000) | 24.7s/episode, ETA 1.72h
[00:53:07 INFO]   [160/400] running 50.06 ± 1.30% | last loss 0.0050 (ce 0.0050, tit 0.000, iti 0.000, mlp_cos 0.000) | 24.7s/episode, ETA 1.65h
[00:57:13 INFO]   [170/400] running 49.84 ± 1.28% | last loss 0.0236 (ce 0.0236, tit 0.000, iti 0.000, mlp_cos 0.000) | 24.7s/episode, ETA 1.58h
[01:01:21 INFO]   [180/400] running 49.97 ± 1.22% | last loss 0.0265 (ce 0.0265, tit 0.000, iti 0.000, mlp_cos 0.000) | 24.7s/episode, ETA 1.51h
[01:05:28 INFO]   [190/400] running 49.97 ± 1.18% | last loss 0.0712 (ce 0.0712, tit 0.000, iti 0.000, mlp_cos 0.000) | 24.7s/episode, ETA 1.44h
[01:09:35 INFO]   [200/400] running 49.93 ± 1.15% | last loss 0.0051 (ce 0.0051, tit 0.000, iti 0.000, mlp_cos 0.000) | 24.7s/episode, ETA 1.37h
[01:13:42 INFO]   [210/400] running 49.87 ± 1.11% | last loss 0.0280 (ce 0.0280, tit 0.000, iti 0.000, mlp_cos 0.000) | 24.7s/episode, ETA 1.30h
[01:17:50 INFO]   [220/400] running 49.90 ± 1.09% | last loss 0.0070 (ce 0.0070, tit 0.000, iti 0.000, mlp_cos 0.000) | 24.7s/episode, ETA 1.24h
[01:21:57 INFO]   [230/400] running 49.81 ± 1.06% | last loss 0.0097 (ce 0.0097, tit 0.000, iti 0.000, mlp_cos 0.000) | 24.7s/episode, ETA 1.17h
[01:26:04 INFO]   [240/400] running 49.80 ± 1.04% | last loss 0.0024 (ce 0.0024, tit 0.000, iti 0.000, mlp_cos 0.000) | 24.7s/episode, ETA 1.10h
[01:30:11 INFO]   [250/400] running 49.73 ± 1.02% | last loss 0.0048 (ce 0.0048, tit 0.000, iti 0.000, mlp_cos 0.000) | 24.7s/episode, ETA 1.03h
[01:34:18 INFO]   [260/400] running 49.70 ± 0.98% | last loss 0.0495 (ce 0.0495, tit 0.000, iti 0.000, mlp_cos 0.000) | 24.7s/episode, ETA 0.96h
[01:38:25 INFO]   [270/400] running 49.69 ± 0.95% | last loss 0.0178 (ce 0.0178, tit 0.000, iti 0.000, mlp_cos 0.000) | 24.7s/episode, ETA 0.89h
[01:42:33 INFO]   [280/400] running 49.64 ± 0.92% | last loss 0.0442 (ce 0.0442, tit 0.000, iti 0.000, mlp_cos 0.000) | 24.7s/episode, ETA 0.82h
[01:46:41 INFO]   [290/400] running 49.60 ± 0.90% | last loss 0.0620 (ce 0.0620, tit 0.000, iti 0.000, mlp_cos 0.000) | 24.7s/episode, ETA 0.76h
[01:50:48 INFO]   [300/400] running 49.64 ± 0.88% | last loss 0.0529 (ce 0.0529, tit 0.000, iti 0.000, mlp_cos 0.000) | 24.7s/episode, ETA 0.69h
[01:54:55 INFO]   [310/400] running 49.47 ± 0.87% | last loss 0.0121 (ce 0.0121, tit 0.000, iti 0.000, mlp_cos 0.000) | 24.7s/episode, ETA 0.62h
[01:59:01 INFO]   [320/400] running 49.64 ± 0.86% | last loss 0.0104 (ce 0.0104, tit 0.000, iti 0.000, mlp_cos 0.000) | 24.7s/episode, ETA 0.55h
[02:03:10 INFO]   [330/400] running 49.62 ± 0.84% | last loss 0.0044 (ce 0.0044, tit 0.000, iti 0.000, mlp_cos 0.000) | 24.7s/episode, ETA 0.48h
[02:07:17 INFO]   [340/400] running 49.71 ± 0.82% | last loss 0.0063 (ce 0.0063, tit 0.000, iti 0.000, mlp_cos 0.000) | 24.7s/episode, ETA 0.41h
[02:11:25 INFO]   [350/400] running 49.75 ± 0.81% | last loss 0.0555 (ce 0.0555, tit 0.000, iti 0.000, mlp_cos 0.000) | 24.7s/episode, ETA 0.34h
[02:15:31 INFO]   [360/400] running 49.63 ± 0.81% | last loss 0.0341 (ce 0.0341, tit 0.000, iti 0.000, mlp_cos 0.000) | 24.7s/episode, ETA 0.27h
[02:19:39 INFO]   [370/400] running 49.65 ± 0.80% | last loss 0.0416 (ce 0.0416, tit 0.000, iti 0.000, mlp_cos 0.000) | 24.7s/episode, ETA 0.21h
[02:23:46 INFO]   [380/400] running 49.55 ± 0.80% | last loss 0.0671 (ce 0.0671, tit 0.000, iti 0.000, mlp_cos 0.000) | 24.7s/episode, ETA 0.14h
[02:27:53 INFO]   [390/400] running 49.60 ± 0.78% | last loss 0.0181 (ce 0.0181, tit 0.000, iti 0.000, mlp_cos 0.000) | 24.7s/episode, ETA 0.07h
[02:32:00 INFO]   [400/400] running 49.64 ± 0.78% | last loss 0.0075 (ce 0.0075, tit 0.000, iti 0.000, mlp_cos 0.000) | 24.7s/episode, ETA 0.00h
[02:32:00 INFO] Final (episodic, nofsr_nocc_loraboth_r2_steps500_cnfull_loc0.1g1_pmvalue): 49.64 ± 0.78% (n_episodes=400)
[02:32:00 INFO]   診斷：只用 CLS 46.34、只用 local 42.07、γ 1.000
>>> [步驟 1 local score, patch=plain] eurosat 5-shot  2026-09-29 02:32:01
[02:32:02 INFO] Episodic protocol | eurosat 5-way 5-shot | 400 episodes × 500 steps | tag=nofsr_nocc_loraboth_r2_steps500_cnfull_loc0.1g1
[02:32:02 INFO] Args: {'dataset': 'eurosat', 'data_root': './data', 'n_way': 5, 'n_shot': 5, 'n_query': 15, 'n_episodes': None, 'backbone': 'ViT-B/16', 'lora_encoder': 'both', 'lora_qkv_mode': 'separate', 'lora_out_proj': False, 'lora_r': 2, 'lora_alpha': 1.0, 'lora_dropout': 0.25, 'steps': 500, 'batch_size': 32, 'lr': 0.0002, 'weight_decay': 0.01, 'no_ce_aug': False, 'class_names': 'full', 'lambda1': 0.0, 'lambda2': 0.0, 'top_k': 10, 'n_aug': 4, 'cc_impl': 'legacy', 'local_score': True, 'local_k_frac': 0.1, 'local_gamma': 1.0, 'learn_gamma': False, 'patch_mode': 'plain', 'use_feature_sr': False, 'sr_scale': 2, 'sr_refiner_layers': 0, 'sr_refiner_heads': 8, 'lambda3': 0.3, 'seed': 42, 'no_amp': False, 'save_dir': './results_episodic', 'tag': None, 'log_every': 10}
[02:32:02 INFO] Episode pool (BSCD 全量): EuroSATDataset(split=train, n_classes=10, n_samples=27000)
[02:32:03 INFO] LoRA trainable parameters: 184,320 (encoder=both, qkv=separate, out_proj=False)
/home/ccoliu/FeatureSR/train_episodic.py:186: FutureWarning: `torch.cuda.amp.GradScaler(args...)` is deprecated. Please use `torch.amp.GradScaler('cuda', args...)` instead.
  scaler = torch.cuda.amp.GradScaler(enabled=use_amp)
/home/ccoliu/FeatureSR/.venv/lib/python3.12/site-packages/torch/optim/lr_scheduler.py:224: UserWarning: Detected call of `lr_scheduler.step()` before `optimizer.step()`. In PyTorch 1.1.0 and later, you should call them in the opposite order: `optimizer.step()` before `lr_scheduler.step()`.  Failure to do this will result in PyTorch skipping the first value of the learning rate schedule. See more details at https://pytorch.org/docs/stable/optim.html#how-to-adjust-learning-rate
  warnings.warn(
[02:36:03 INFO]   [10/400] running 93.47 ± 2.29% | last loss 0.0115 (ce 0.0115, tit 0.000, iti 0.000, mlp_cos 0.000) | 23.9s/episode, ETA 2.59h
[02:40:02 INFO]   [20/400] running 93.80 ± 1.37% | last loss 0.0036 (ce 0.0036, tit 0.000, iti 0.000, mlp_cos 0.000) | 23.9s/episode, ETA 2.52h
[02:44:01 INFO]   [30/400] running 93.51 ± 1.32% | last loss 0.0047 (ce 0.0047, tit 0.000, iti 0.000, mlp_cos 0.000) | 23.9s/episode, ETA 2.46h
[02:48:00 INFO]   [40/400] running 92.97 ± 1.14% | last loss 0.0051 (ce 0.0051, tit 0.000, iti 0.000, mlp_cos 0.000) | 23.9s/episode, ETA 2.39h
[02:51:58 INFO]   [50/400] running 92.29 ± 1.18% | last loss 0.0022 (ce 0.0022, tit 0.000, iti 0.000, mlp_cos 0.000) | 23.9s/episode, ETA 2.32h
[02:55:57 INFO]   [60/400] running 92.20 ± 1.09% | last loss 0.0276 (ce 0.0276, tit 0.000, iti 0.000, mlp_cos 0.000) | 23.9s/episode, ETA 2.26h
[02:59:57 INFO]   [70/400] running 92.15 ± 0.99% | last loss 0.0013 (ce 0.0013, tit 0.000, iti 0.000, mlp_cos 0.000) | 23.9s/episode, ETA 2.19h
[03:03:56 INFO]   [80/400] running 91.97 ± 0.92% | last loss 0.0075 (ce 0.0075, tit 0.000, iti 0.000, mlp_cos 0.000) | 23.9s/episode, ETA 2.12h
[03:07:55 INFO]   [90/400] running 91.87 ± 0.90% | last loss 0.0033 (ce 0.0033, tit 0.000, iti 0.000, mlp_cos 0.000) | 23.9s/episode, ETA 2.06h
[03:11:54 INFO]   [100/400] running 91.81 ± 0.84% | last loss 0.0048 (ce 0.0048, tit 0.000, iti 0.000, mlp_cos 0.000) | 23.9s/episode, ETA 1.99h
[03:15:53 INFO]   [110/400] running 91.95 ± 0.78% | last loss 0.0038 (ce 0.0038, tit 0.000, iti 0.000, mlp_cos 0.000) | 23.9s/episode, ETA 1.93h
[03:19:52 INFO]   [120/400] running 91.96 ± 0.75% | last loss 0.0018 (ce 0.0018, tit 0.000, iti 0.000, mlp_cos 0.000) | 23.9s/episode, ETA 1.86h
[03:23:51 INFO]   [130/400] running 91.88 ± 0.74% | last loss 0.0070 (ce 0.0070, tit 0.000, iti 0.000, mlp_cos 0.000) | 23.9s/episode, ETA 1.79h
[03:27:50 INFO]   [140/400] running 91.72 ± 0.75% | last loss 0.0957 (ce 0.0957, tit 0.000, iti 0.000, mlp_cos 0.000) | 23.9s/episode, ETA 1.73h
[03:31:49 INFO]   [150/400] running 91.58 ± 0.75% | last loss 0.0067 (ce 0.0067, tit 0.000, iti 0.000, mlp_cos 0.000) | 23.9s/episode, ETA 1.66h
[03:35:48 INFO]   [160/400] running 91.61 ± 0.72% | last loss 0.0200 (ce 0.0200, tit 0.000, iti 0.000, mlp_cos 0.000) | 23.9s/episode, ETA 1.59h
[03:39:47 INFO]   [170/400] running 91.77 ± 0.70% | last loss 0.0133 (ce 0.0133, tit 0.000, iti 0.000, mlp_cos 0.000) | 23.9s/episode, ETA 1.53h
[03:43:46 INFO]   [180/400] running 91.77 ± 0.68% | last loss 0.0009 (ce 0.0009, tit 0.000, iti 0.000, mlp_cos 0.000) | 23.9s/episode, ETA 1.46h
[03:47:44 INFO]   [190/400] running 91.73 ± 0.65% | last loss 0.0006 (ce 0.0006, tit 0.000, iti 0.000, mlp_cos 0.000) | 23.9s/episode, ETA 1.39h
[03:51:43 INFO]   [200/400] running 91.74 ± 0.63% | last loss 0.0188 (ce 0.0188, tit 0.000, iti 0.000, mlp_cos 0.000) | 23.9s/episode, ETA 1.33h
[03:55:42 INFO]   [210/400] running 91.79 ± 0.61% | last loss 0.0023 (ce 0.0023, tit 0.000, iti 0.000, mlp_cos 0.000) | 23.9s/episode, ETA 1.26h
[03:59:41 INFO]   [220/400] running 91.80 ± 0.59% | last loss 0.0109 (ce 0.0109, tit 0.000, iti 0.000, mlp_cos 0.000) | 23.9s/episode, ETA 1.20h
[04:03:40 INFO]   [230/400] running 91.79 ± 0.58% | last loss 0.0035 (ce 0.0035, tit 0.000, iti 0.000, mlp_cos 0.000) | 23.9s/episode, ETA 1.13h
[04:07:39 INFO]   [240/400] running 91.82 ± 0.58% | last loss 0.0036 (ce 0.0036, tit 0.000, iti 0.000, mlp_cos 0.000) | 23.9s/episode, ETA 1.06h
[04:11:38 INFO]   [250/400] running 91.74 ± 0.57% | last loss 0.0147 (ce 0.0147, tit 0.000, iti 0.000, mlp_cos 0.000) | 23.9s/episode, ETA 1.00h
[04:15:37 INFO]   [260/400] running 91.81 ± 0.56% | last loss 0.0953 (ce 0.0953, tit 0.000, iti 0.000, mlp_cos 0.000) | 23.9s/episode, ETA 0.93h
[04:19:36 INFO]   [270/400] running 91.83 ± 0.55% | last loss 0.0020 (ce 0.0020, tit 0.000, iti 0.000, mlp_cos 0.000) | 23.9s/episode, ETA 0.86h
[04:23:35 INFO]   [280/400] running 91.84 ± 0.54% | last loss 0.0914 (ce 0.0914, tit 0.000, iti 0.000, mlp_cos 0.000) | 23.9s/episode, ETA 0.80h
[04:27:34 INFO]   [290/400] running 91.86 ± 0.52% | last loss 0.0009 (ce 0.0009, tit 0.000, iti 0.000, mlp_cos 0.000) | 23.9s/episode, ETA 0.73h
[04:31:33 INFO]   [300/400] running 91.84 ± 0.51% | last loss 0.0031 (ce 0.0031, tit 0.000, iti 0.000, mlp_cos 0.000) | 23.9s/episode, ETA 0.66h
[04:35:32 INFO]   [310/400] running 91.95 ± 0.51% | last loss 0.0603 (ce 0.0603, tit 0.000, iti 0.000, mlp_cos 0.000) | 23.9s/episode, ETA 0.60h
[04:39:31 INFO]   [320/400] running 91.83 ± 0.52% | last loss 0.0730 (ce 0.0730, tit 0.000, iti 0.000, mlp_cos 0.000) | 23.9s/episode, ETA 0.53h
[04:43:29 INFO]   [330/400] running 91.90 ± 0.51% | last loss 0.0043 (ce 0.0043, tit 0.000, iti 0.000, mlp_cos 0.000) | 23.9s/episode, ETA 0.46h
[04:47:28 INFO]   [340/400] running 91.91 ± 0.50% | last loss 0.0046 (ce 0.0046, tit 0.000, iti 0.000, mlp_cos 0.000) | 23.9s/episode, ETA 0.40h
[04:51:27 INFO]   [350/400] running 92.01 ± 0.49% | last loss 0.0150 (ce 0.0150, tit 0.000, iti 0.000, mlp_cos 0.000) | 23.9s/episode, ETA 0.33h
[04:55:26 INFO]   [360/400] running 91.94 ± 0.50% | last loss 0.0011 (ce 0.0011, tit 0.000, iti 0.000, mlp_cos 0.000) | 23.9s/episode, ETA 0.27h
[04:59:25 INFO]   [370/400] running 91.93 ± 0.49% | last loss 0.1078 (ce 0.1078, tit 0.000, iti 0.000, mlp_cos 0.000) | 23.9s/episode, ETA 0.20h
[05:03:24 INFO]   [380/400] running 91.96 ± 0.48% | last loss 0.0190 (ce 0.0190, tit 0.000, iti 0.000, mlp_cos 0.000) | 23.9s/episode, ETA 0.13h
[05:07:23 INFO]   [390/400] running 91.95 ± 0.48% | last loss 0.0014 (ce 0.0014, tit 0.000, iti 0.000, mlp_cos 0.000) | 23.9s/episode, ETA 0.07h
[05:11:21 INFO]   [400/400] running 92.00 ± 0.47% | last loss 0.0004 (ce 0.0004, tit 0.000, iti 0.000, mlp_cos 0.000) | 23.9s/episode, ETA 0.00h
[05:11:21 INFO] Final (episodic, nofsr_nocc_loraboth_r2_steps500_cnfull_loc0.1g1): 92.00 ± 0.47% (n_episodes=400)
[05:11:21 INFO]   診斷：只用 CLS 89.06、只用 local 89.42、γ 1.000
>>> [步驟 1 local score, patch=value] eurosat 5-shot  2026-09-29 05:11:22
[05:11:23 INFO] Episodic protocol | eurosat 5-way 5-shot | 400 episodes × 500 steps | tag=nofsr_nocc_loraboth_r2_steps500_cnfull_loc0.1g1_pmvalue
[05:11:23 INFO] Args: {'dataset': 'eurosat', 'data_root': './data', 'n_way': 5, 'n_shot': 5, 'n_query': 15, 'n_episodes': None, 'backbone': 'ViT-B/16', 'lora_encoder': 'both', 'lora_qkv_mode': 'separate', 'lora_out_proj': False, 'lora_r': 2, 'lora_alpha': 1.0, 'lora_dropout': 0.25, 'steps': 500, 'batch_size': 32, 'lr': 0.0002, 'weight_decay': 0.01, 'no_ce_aug': False, 'class_names': 'full', 'lambda1': 0.0, 'lambda2': 0.0, 'top_k': 10, 'n_aug': 4, 'cc_impl': 'legacy', 'local_score': True, 'local_k_frac': 0.1, 'local_gamma': 1.0, 'learn_gamma': False, 'patch_mode': 'value', 'use_feature_sr': False, 'sr_scale': 2, 'sr_refiner_layers': 0, 'sr_refiner_heads': 8, 'lambda3': 0.3, 'seed': 42, 'no_amp': False, 'save_dir': './results_episodic', 'tag': None, 'log_every': 10}
[05:11:23 INFO] Episode pool (BSCD 全量): EuroSATDataset(split=train, n_classes=10, n_samples=27000)
[05:11:25 INFO] LoRA trainable parameters: 184,320 (encoder=both, qkv=separate, out_proj=False)
/home/ccoliu/FeatureSR/train_episodic.py:186: FutureWarning: `torch.cuda.amp.GradScaler(args...)` is deprecated. Please use `torch.amp.GradScaler('cuda', args...)` instead.
  scaler = torch.cuda.amp.GradScaler(enabled=use_amp)
/home/ccoliu/FeatureSR/.venv/lib/python3.12/site-packages/torch/optim/lr_scheduler.py:224: UserWarning: Detected call of `lr_scheduler.step()` before `optimizer.step()`. In PyTorch 1.1.0 and later, you should call them in the opposite order: `optimizer.step()` before `lr_scheduler.step()`.  Failure to do this will result in PyTorch skipping the first value of the learning rate schedule. See more details at https://pytorch.org/docs/stable/optim.html#how-to-adjust-learning-rate
  warnings.warn(
[05:15:28 INFO]   [10/400] running 92.13 ± 2.60% | last loss 0.0108 (ce 0.0108, tit 0.000, iti 0.000, mlp_cos 0.000) | 24.3s/episode, ETA 2.64h
[05:19:31 INFO]   [20/400] running 93.07 ± 1.60% | last loss 0.0049 (ce 0.0049, tit 0.000, iti 0.000, mlp_cos 0.000) | 24.3s/episode, ETA 2.57h
[05:23:34 INFO]   [30/400] running 92.67 ± 1.36% | last loss 0.0021 (ce 0.0021, tit 0.000, iti 0.000, mlp_cos 0.000) | 24.3s/episode, ETA 2.50h
[05:27:38 INFO]   [40/400] running 91.87 ± 1.32% | last loss 0.0143 (ce 0.0143, tit 0.000, iti 0.000, mlp_cos 0.000) | 24.3s/episode, ETA 2.43h
[05:31:41 INFO]   [50/400] running 91.12 ± 1.29% | last loss 0.0075 (ce 0.0075, tit 0.000, iti 0.000, mlp_cos 0.000) | 24.3s/episode, ETA 2.37h
[05:35:45 INFO]   [60/400] running 91.27 ± 1.18% | last loss 0.0129 (ce 0.0129, tit 0.000, iti 0.000, mlp_cos 0.000) | 24.3s/episode, ETA 2.30h
[05:39:48 INFO]   [70/400] running 91.33 ± 1.05% | last loss 0.0112 (ce 0.0112, tit 0.000, iti 0.000, mlp_cos 0.000) | 24.3s/episode, ETA 2.23h
[05:43:51 INFO]   [80/400] running 91.32 ± 0.94% | last loss 0.0119 (ce 0.0119, tit 0.000, iti 0.000, mlp_cos 0.000) | 24.3s/episode, ETA 2.16h
[05:47:54 INFO]   [90/400] running 91.23 ± 0.89% | last loss 0.0020 (ce 0.0020, tit 0.000, iti 0.000, mlp_cos 0.000) | 24.3s/episode, ETA 2.10h
[05:51:58 INFO]   [100/400] running 91.12 ± 0.86% | last loss 0.0078 (ce 0.0078, tit 0.000, iti 0.000, mlp_cos 0.000) | 24.3s/episode, ETA 2.03h
[05:56:01 INFO]   [110/400] running 91.33 ± 0.80% | last loss 0.0076 (ce 0.0076, tit 0.000, iti 0.000, mlp_cos 0.000) | 24.3s/episode, ETA 1.96h
[06:00:04 INFO]   [120/400] running 91.47 ± 0.76% | last loss 0.0185 (ce 0.0185, tit 0.000, iti 0.000, mlp_cos 0.000) | 24.3s/episode, ETA 1.89h
[06:04:07 INFO]   [130/400] running 91.33 ± 0.77% | last loss 0.0055 (ce 0.0055, tit 0.000, iti 0.000, mlp_cos 0.000) | 24.3s/episode, ETA 1.82h
[06:08:13 INFO]   [140/400] running 91.14 ± 0.77% | last loss 0.0235 (ce 0.0235, tit 0.000, iti 0.000, mlp_cos 0.000) | 24.3s/episode, ETA 1.76h
[06:12:16 INFO]   [150/400] running 91.15 ± 0.76% | last loss 0.0073 (ce 0.0073, tit 0.000, iti 0.000, mlp_cos 0.000) | 24.3s/episode, ETA 1.69h
[06:16:19 INFO]   [160/400] running 91.17 ± 0.73% | last loss 0.0025 (ce 0.0025, tit 0.000, iti 0.000, mlp_cos 0.000) | 24.3s/episode, ETA 1.62h
[06:20:22 INFO]   [170/400] running 91.29 ± 0.70% | last loss 0.0027 (ce 0.0027, tit 0.000, iti 0.000, mlp_cos 0.000) | 24.3s/episode, ETA 1.56h
[06:24:26 INFO]   [180/400] running 91.28 ± 0.67% | last loss 0.0030 (ce 0.0030, tit 0.000, iti 0.000, mlp_cos 0.000) | 24.3s/episode, ETA 1.49h
[06:28:29 INFO]   [190/400] running 91.25 ± 0.65% | last loss 0.0037 (ce 0.0037, tit 0.000, iti 0.000, mlp_cos 0.000) | 24.3s/episode, ETA 1.42h
[06:32:32 INFO]   [200/400] running 91.28 ± 0.63% | last loss 0.0090 (ce 0.0090, tit 0.000, iti 0.000, mlp_cos 0.000) | 24.3s/episode, ETA 1.35h
[06:36:36 INFO]   [210/400] running 91.38 ± 0.61% | last loss 0.1065 (ce 0.1065, tit 0.000, iti 0.000, mlp_cos 0.000) | 24.3s/episode, ETA 1.28h
[06:40:39 INFO]   [220/400] running 91.36 ± 0.60% | last loss 0.0289 (ce 0.0289, tit 0.000, iti 0.000, mlp_cos 0.000) | 24.3s/episode, ETA 1.22h
[06:44:42 INFO]   [230/400] running 91.33 ± 0.60% | last loss 0.0034 (ce 0.0034, tit 0.000, iti 0.000, mlp_cos 0.000) | 24.3s/episode, ETA 1.15h
[06:48:45 INFO]   [240/400] running 91.36 ± 0.59% | last loss 0.1349 (ce 0.1349, tit 0.000, iti 0.000, mlp_cos 0.000) | 24.3s/episode, ETA 1.08h
[06:52:49 INFO]   [250/400] running 91.28 ± 0.58% | last loss 0.0891 (ce 0.0891, tit 0.000, iti 0.000, mlp_cos 0.000) | 24.3s/episode, ETA 1.01h
[06:56:52 INFO]   [260/400] running 91.33 ± 0.56% | last loss 0.0030 (ce 0.0030, tit 0.000, iti 0.000, mlp_cos 0.000) | 24.3s/episode, ETA 0.95h
[07:00:55 INFO]   [270/400] running 91.35 ± 0.56% | last loss 0.0057 (ce 0.0057, tit 0.000, iti 0.000, mlp_cos 0.000) | 24.3s/episode, ETA 0.88h
[07:04:59 INFO]   [280/400] running 91.32 ± 0.55% | last loss 0.0052 (ce 0.0052, tit 0.000, iti 0.000, mlp_cos 0.000) | 24.3s/episode, ETA 0.81h
[07:09:02 INFO]   [290/400] running 91.30 ± 0.53% | last loss 0.0013 (ce 0.0013, tit 0.000, iti 0.000, mlp_cos 0.000) | 24.3s/episode, ETA 0.74h
[07:13:06 INFO]   [300/400] running 91.30 ± 0.52% | last loss 0.0044 (ce 0.0044, tit 0.000, iti 0.000, mlp_cos 0.000) | 24.3s/episode, ETA 0.68h
[07:17:09 INFO]   [310/400] running 91.40 ± 0.52% | last loss 0.0081 (ce 0.0081, tit 0.000, iti 0.000, mlp_cos 0.000) | 24.3s/episode, ETA 0.61h
[07:21:12 INFO]   [320/400] running 91.31 ± 0.53% | last loss 0.0122 (ce 0.0122, tit 0.000, iti 0.000, mlp_cos 0.000) | 24.3s/episode, ETA 0.54h
[07:25:15 INFO]   [330/400] running 91.36 ± 0.52% | last loss 0.0013 (ce 0.0013, tit 0.000, iti 0.000, mlp_cos 0.000) | 24.3s/episode, ETA 0.47h
[07:29:19 INFO]   [340/400] running 91.35 ± 0.51% | last loss 0.0189 (ce 0.0189, tit 0.000, iti 0.000, mlp_cos 0.000) | 24.3s/episode, ETA 0.41h
[07:33:22 INFO]   [350/400] running 91.44 ± 0.50% | last loss 0.0068 (ce 0.0068, tit 0.000, iti 0.000, mlp_cos 0.000) | 24.3s/episode, ETA 0.34h
[07:37:25 INFO]   [360/400] running 91.34 ± 0.50% | last loss 0.0019 (ce 0.0019, tit 0.000, iti 0.000, mlp_cos 0.000) | 24.3s/episode, ETA 0.27h
[07:41:29 INFO]   [370/400] running 91.32 ± 0.50% | last loss 0.1212 (ce 0.1212, tit 0.000, iti 0.000, mlp_cos 0.000) | 24.3s/episode, ETA 0.20h
[07:45:32 INFO]   [380/400] running 91.33 ± 0.49% | last loss 0.0024 (ce 0.0024, tit 0.000, iti 0.000, mlp_cos 0.000) | 24.3s/episode, ETA 0.14h
[07:49:35 INFO]   [390/400] running 91.37 ± 0.49% | last loss 0.0030 (ce 0.0030, tit 0.000, iti 0.000, mlp_cos 0.000) | 24.3s/episode, ETA 0.07h
[07:53:39 INFO]   [400/400] running 91.42 ± 0.48% | last loss 0.0011 (ce 0.0011, tit 0.000, iti 0.000, mlp_cos 0.000) | 24.3s/episode, ETA 0.00h
[07:53:39 INFO] Final (episodic, nofsr_nocc_loraboth_r2_steps500_cnfull_loc0.1g1_pmvalue): 91.42 ± 0.48% (n_episodes=400)
[07:53:39 INFO]   診斷：只用 CLS 79.83、只用 local 84.60、γ 1.000
>>> [步驟 1 local score, patch=plain] isic 1-shot  2026-09-29 07:53:39
[07:53:40 INFO] Episodic protocol | isic 5-way 1-shot | 100 episodes × 500 steps | tag=nofsr_nocc_loraboth_r2_steps500_cnfull_loc0.1g1
[07:53:40 INFO] Args: {'dataset': 'isic', 'data_root': './data', 'n_way': 5, 'n_shot': 1, 'n_query': 15, 'n_episodes': None, 'backbone': 'ViT-B/16', 'lora_encoder': 'both', 'lora_qkv_mode': 'separate', 'lora_out_proj': False, 'lora_r': 2, 'lora_alpha': 1.0, 'lora_dropout': 0.25, 'steps': 500, 'batch_size': 32, 'lr': 0.0002, 'weight_decay': 0.01, 'no_ce_aug': False, 'class_names': 'full', 'lambda1': 0.0, 'lambda2': 0.0, 'top_k': 10, 'n_aug': 4, 'cc_impl': 'legacy', 'local_score': True, 'local_k_frac': 0.1, 'local_gamma': 1.0, 'learn_gamma': False, 'patch_mode': 'plain', 'use_feature_sr': False, 'sr_scale': 2, 'sr_refiner_layers': 0, 'sr_refiner_heads': 8, 'lambda3': 0.3, 'seed': 42, 'no_amp': False, 'save_dir': './results_episodic', 'tag': None, 'log_every': 10}
[07:53:40 INFO] Episode pool (BSCD 全量): ISICDataset(split=train, n_classes=7, n_samples=10015)
[07:53:42 INFO] LoRA trainable parameters: 184,320 (encoder=both, qkv=separate, out_proj=False)
/home/ccoliu/FeatureSR/train_episodic.py:186: FutureWarning: `torch.cuda.amp.GradScaler(args...)` is deprecated. Please use `torch.amp.GradScaler('cuda', args...)` instead.
  scaler = torch.cuda.amp.GradScaler(enabled=use_amp)
/home/ccoliu/FeatureSR/.venv/lib/python3.12/site-packages/torch/optim/lr_scheduler.py:224: UserWarning: Detected call of `lr_scheduler.step()` before `optimizer.step()`. In PyTorch 1.1.0 and later, you should call them in the opposite order: `optimizer.step()` before `lr_scheduler.step()`.  Failure to do this will result in PyTorch skipping the first value of the learning rate schedule. See more details at https://pytorch.org/docs/stable/optim.html#how-to-adjust-learning-rate
  warnings.warn(
[07:55:31 INFO]   [10/100] running 35.73 ± 3.23% | last loss 0.0042 (ce 0.0042, tit 0.000, iti 0.000, mlp_cos 0.000) | 10.9s/episode, ETA 0.27h
[07:57:20 INFO]   [20/100] running 32.87 ± 2.76% | last loss 0.0027 (ce 0.0027, tit 0.000, iti 0.000, mlp_cos 0.000) | 10.9s/episode, ETA 0.24h
[07:59:08 INFO]   [30/100] running 33.73 ± 2.51% | last loss 0.0007 (ce 0.0007, tit 0.000, iti 0.000, mlp_cos 0.000) | 10.9s/episode, ETA 0.21h
[08:00:57 INFO]   [40/100] running 33.60 ± 1.98% | last loss 0.0003 (ce 0.0003, tit 0.000, iti 0.000, mlp_cos 0.000) | 10.9s/episode, ETA 0.18h
[08:02:46 INFO]   [50/100] running 33.15 ± 1.80% | last loss 0.0004 (ce 0.0004, tit 0.000, iti 0.000, mlp_cos 0.000) | 10.9s/episode, ETA 0.15h
[08:04:35 INFO]   [60/100] running 33.42 ± 1.70% | last loss 0.0066 (ce 0.0066, tit 0.000, iti 0.000, mlp_cos 0.000) | 10.9s/episode, ETA 0.12h
[08:06:24 INFO]   [70/100] running 33.24 ± 1.57% | last loss 0.0032 (ce 0.0032, tit 0.000, iti 0.000, mlp_cos 0.000) | 10.9s/episode, ETA 0.09h
[08:08:13 INFO]   [80/100] running 32.78 ± 1.49% | last loss 0.0030 (ce 0.0030, tit 0.000, iti 0.000, mlp_cos 0.000) | 10.9s/episode, ETA 0.06h
[08:10:02 INFO]   [90/100] running 32.95 ± 1.41% | last loss 0.0005 (ce 0.0005, tit 0.000, iti 0.000, mlp_cos 0.000) | 10.9s/episode, ETA 0.03h
[08:11:51 INFO]   [100/100] running 32.95 ± 1.35% | last loss 0.0560 (ce 0.0560, tit 0.000, iti 0.000, mlp_cos 0.000) | 10.9s/episode, ETA 0.00h
[08:11:51 INFO] Final (episodic, nofsr_nocc_loraboth_r2_steps500_cnfull_loc0.1g1): 32.95 ± 1.35% (n_episodes=100)
[08:11:51 INFO]   診斷：只用 CLS 33.24、只用 local 28.27、γ 1.000
>>> [步驟 1 local score, patch=value] isic 1-shot  2026-09-29 08:11:51
[08:11:52 INFO] Episodic protocol | isic 5-way 1-shot | 100 episodes × 500 steps | tag=nofsr_nocc_loraboth_r2_steps500_cnfull_loc0.1g1_pmvalue
[08:11:52 INFO] Args: {'dataset': 'isic', 'data_root': './data', 'n_way': 5, 'n_shot': 1, 'n_query': 15, 'n_episodes': None, 'backbone': 'ViT-B/16', 'lora_encoder': 'both', 'lora_qkv_mode': 'separate', 'lora_out_proj': False, 'lora_r': 2, 'lora_alpha': 1.0, 'lora_dropout': 0.25, 'steps': 500, 'batch_size': 32, 'lr': 0.0002, 'weight_decay': 0.01, 'no_ce_aug': False, 'class_names': 'full', 'lambda1': 0.0, 'lambda2': 0.0, 'top_k': 10, 'n_aug': 4, 'cc_impl': 'legacy', 'local_score': True, 'local_k_frac': 0.1, 'local_gamma': 1.0, 'learn_gamma': False, 'patch_mode': 'value', 'use_feature_sr': False, 'sr_scale': 2, 'sr_refiner_layers': 0, 'sr_refiner_heads': 8, 'lambda3': 0.3, 'seed': 42, 'no_amp': False, 'save_dir': './results_episodic', 'tag': None, 'log_every': 10}
[08:11:52 INFO] Episode pool (BSCD 全量): ISICDataset(split=train, n_classes=7, n_samples=10015)
[08:11:54 INFO] LoRA trainable parameters: 184,320 (encoder=both, qkv=separate, out_proj=False)
/home/ccoliu/FeatureSR/train_episodic.py:186: FutureWarning: `torch.cuda.amp.GradScaler(args...)` is deprecated. Please use `torch.amp.GradScaler('cuda', args...)` instead.
  scaler = torch.cuda.amp.GradScaler(enabled=use_amp)
/home/ccoliu/FeatureSR/.venv/lib/python3.12/site-packages/torch/optim/lr_scheduler.py:224: UserWarning: Detected call of `lr_scheduler.step()` before `optimizer.step()`. In PyTorch 1.1.0 and later, you should call them in the opposite order: `optimizer.step()` before `lr_scheduler.step()`.  Failure to do this will result in PyTorch skipping the first value of the learning rate schedule. See more details at https://pytorch.org/docs/stable/optim.html#how-to-adjust-learning-rate
  warnings.warn(
[08:13:45 INFO]   [10/100] running 35.07 ± 4.48% | last loss 0.0009 (ce 0.0009, tit 0.000, iti 0.000, mlp_cos 0.000) | 11.1s/episode, ETA 0.28h
[08:15:36 INFO]   [20/100] running 32.07 ± 3.25% | last loss 0.0152 (ce 0.0152, tit 0.000, iti 0.000, mlp_cos 0.000) | 11.1s/episode, ETA 0.25h
[08:17:27 INFO]   [30/100] running 32.40 ± 3.02% | last loss 0.0007 (ce 0.0007, tit 0.000, iti 0.000, mlp_cos 0.000) | 11.1s/episode, ETA 0.22h
[08:19:18 INFO]   [40/100] running 32.73 ± 2.41% | last loss 0.0004 (ce 0.0004, tit 0.000, iti 0.000, mlp_cos 0.000) | 11.1s/episode, ETA 0.19h
[08:21:09 INFO]   [50/100] running 32.59 ± 2.21% | last loss 0.0011 (ce 0.0011, tit 0.000, iti 0.000, mlp_cos 0.000) | 11.1s/episode, ETA 0.15h
[08:23:00 INFO]   [60/100] running 33.07 ± 2.05% | last loss 0.0104 (ce 0.0104, tit 0.000, iti 0.000, mlp_cos 0.000) | 11.1s/episode, ETA 0.12h
[08:24:51 INFO]   [70/100] running 33.39 ± 1.84% | last loss 0.0037 (ce 0.0037, tit 0.000, iti 0.000, mlp_cos 0.000) | 11.1s/episode, ETA 0.09h
[08:26:42 INFO]   [80/100] running 33.12 ± 1.74% | last loss 0.0004 (ce 0.0004, tit 0.000, iti 0.000, mlp_cos 0.000) | 11.1s/episode, ETA 0.06h
[08:28:33 INFO]   [90/100] running 33.32 ± 1.68% | last loss 0.0013 (ce 0.0013, tit 0.000, iti 0.000, mlp_cos 0.000) | 11.1s/episode, ETA 0.03h
[08:30:25 INFO]   [100/100] running 33.47 ± 1.57% | last loss 0.0063 (ce 0.0063, tit 0.000, iti 0.000, mlp_cos 0.000) | 11.1s/episode, ETA 0.00h
[08:30:25 INFO] Final (episodic, nofsr_nocc_loraboth_r2_steps500_cnfull_loc0.1g1_pmvalue): 33.47 ± 1.57% (n_episodes=100)
[08:30:25 INFO]   診斷：只用 CLS 32.37、只用 local 29.88、γ 1.000
>>> [步驟 1 local score, patch=plain] eurosat 1-shot  2026-09-29 08:30:25
[08:30:26 INFO] Episodic protocol | eurosat 5-way 1-shot | 100 episodes × 500 steps | tag=nofsr_nocc_loraboth_r2_steps500_cnfull_loc0.1g1
[08:30:26 INFO] Args: {'dataset': 'eurosat', 'data_root': './data', 'n_way': 5, 'n_shot': 1, 'n_query': 15, 'n_episodes': None, 'backbone': 'ViT-B/16', 'lora_encoder': 'both', 'lora_qkv_mode': 'separate', 'lora_out_proj': False, 'lora_r': 2, 'lora_alpha': 1.0, 'lora_dropout': 0.25, 'steps': 500, 'batch_size': 32, 'lr': 0.0002, 'weight_decay': 0.01, 'no_ce_aug': False, 'class_names': 'full', 'lambda1': 0.0, 'lambda2': 0.0, 'top_k': 10, 'n_aug': 4, 'cc_impl': 'legacy', 'local_score': True, 'local_k_frac': 0.1, 'local_gamma': 1.0, 'learn_gamma': False, 'patch_mode': 'plain', 'use_feature_sr': False, 'sr_scale': 2, 'sr_refiner_layers': 0, 'sr_refiner_heads': 8, 'lambda3': 0.3, 'seed': 42, 'no_amp': False, 'save_dir': './results_episodic', 'tag': None, 'log_every': 10}
[08:30:26 INFO] Episode pool (BSCD 全量): EuroSATDataset(split=train, n_classes=10, n_samples=27000)
[08:30:28 INFO] LoRA trainable parameters: 184,320 (encoder=both, qkv=separate, out_proj=False)
/home/ccoliu/FeatureSR/train_episodic.py:186: FutureWarning: `torch.cuda.amp.GradScaler(args...)` is deprecated. Please use `torch.amp.GradScaler('cuda', args...)` instead.
  scaler = torch.cuda.amp.GradScaler(enabled=use_amp)
/home/ccoliu/FeatureSR/.venv/lib/python3.12/site-packages/torch/optim/lr_scheduler.py:224: UserWarning: Detected call of `lr_scheduler.step()` before `optimizer.step()`. In PyTorch 1.1.0 and later, you should call them in the opposite order: `optimizer.step()` before `lr_scheduler.step()`.  Failure to do this will result in PyTorch skipping the first value of the learning rate schedule. See more details at https://pytorch.org/docs/stable/optim.html#how-to-adjust-learning-rate
  warnings.warn(
[08:32:14 INFO]   [10/100] running 84.13 ± 6.47% | last loss 0.0037 (ce 0.0037, tit 0.000, iti 0.000, mlp_cos 0.000) | 10.6s/episode, ETA 0.26h
[08:33:59 INFO]   [20/100] running 85.07 ± 3.90% | last loss 0.0005 (ce 0.0005, tit 0.000, iti 0.000, mlp_cos 0.000) | 10.5s/episode, ETA 0.23h
[08:35:44 INFO]   [30/100] running 83.82 ± 3.29% | last loss 0.0004 (ce 0.0004, tit 0.000, iti 0.000, mlp_cos 0.000) | 10.5s/episode, ETA 0.20h
[08:37:30 INFO]   [40/100] running 83.57 ± 3.00% | last loss 0.0020 (ce 0.0020, tit 0.000, iti 0.000, mlp_cos 0.000) | 10.5s/episode, ETA 0.18h
[08:39:15 INFO]   [50/100] running 82.61 ± 2.64% | last loss 0.0006 (ce 0.0006, tit 0.000, iti 0.000, mlp_cos 0.000) | 10.5s/episode, ETA 0.15h
[08:41:00 INFO]   [60/100] running 82.38 ± 2.31% | last loss 0.0018 (ce 0.0018, tit 0.000, iti 0.000, mlp_cos 0.000) | 10.5s/episode, ETA 0.12h
[08:42:46 INFO]   [70/100] running 82.02 ± 2.18% | last loss 0.0003 (ce 0.0003, tit 0.000, iti 0.000, mlp_cos 0.000) | 10.5s/episode, ETA 0.09h
[08:44:31 INFO]   [80/100] running 81.57 ± 2.05% | last loss 0.0006 (ce 0.0006, tit 0.000, iti 0.000, mlp_cos 0.000) | 10.5s/episode, ETA 0.06h
[08:46:16 INFO]   [90/100] running 81.73 ± 1.86% | last loss 0.0009 (ce 0.0009, tit 0.000, iti 0.000, mlp_cos 0.000) | 10.5s/episode, ETA 0.03h
[08:48:02 INFO]   [100/100] running 81.97 ± 1.72% | last loss 0.0250 (ce 0.0250, tit 0.000, iti 0.000, mlp_cos 0.000) | 10.5s/episode, ETA 0.00h
[08:48:02 INFO] Final (episodic, nofsr_nocc_loraboth_r2_steps500_cnfull_loc0.1g1): 81.97 ± 1.72% (n_episodes=100)
[08:48:02 INFO]   診斷：只用 CLS 77.80、只用 local 78.76、γ 1.000
>>> [步驟 1 local score, patch=value] eurosat 1-shot  2026-09-29 08:48:02
[08:48:04 INFO] Episodic protocol | eurosat 5-way 1-shot | 100 episodes × 500 steps | tag=nofsr_nocc_loraboth_r2_steps500_cnfull_loc0.1g1_pmvalue
[08:48:04 INFO] Args: {'dataset': 'eurosat', 'data_root': './data', 'n_way': 5, 'n_shot': 1, 'n_query': 15, 'n_episodes': None, 'backbone': 'ViT-B/16', 'lora_encoder': 'both', 'lora_qkv_mode': 'separate', 'lora_out_proj': False, 'lora_r': 2, 'lora_alpha': 1.0, 'lora_dropout': 0.25, 'steps': 500, 'batch_size': 32, 'lr': 0.0002, 'weight_decay': 0.01, 'no_ce_aug': False, 'class_names': 'full', 'lambda1': 0.0, 'lambda2': 0.0, 'top_k': 10, 'n_aug': 4, 'cc_impl': 'legacy', 'local_score': True, 'local_k_frac': 0.1, 'local_gamma': 1.0, 'learn_gamma': False, 'patch_mode': 'value', 'use_feature_sr': False, 'sr_scale': 2, 'sr_refiner_layers': 0, 'sr_refiner_heads': 8, 'lambda3': 0.3, 'seed': 42, 'no_amp': False, 'save_dir': './results_episodic', 'tag': None, 'log_every': 10}
[08:48:04 INFO] Episode pool (BSCD 全量): EuroSATDataset(split=train, n_classes=10, n_samples=27000)
[08:48:05 INFO] LoRA trainable parameters: 184,320 (encoder=both, qkv=separate, out_proj=False)
/home/ccoliu/FeatureSR/train_episodic.py:186: FutureWarning: `torch.cuda.amp.GradScaler(args...)` is deprecated. Please use `torch.amp.GradScaler('cuda', args...)` instead.
  scaler = torch.cuda.amp.GradScaler(enabled=use_amp)
/home/ccoliu/FeatureSR/.venv/lib/python3.12/site-packages/torch/optim/lr_scheduler.py:224: UserWarning: Detected call of `lr_scheduler.step()` before `optimizer.step()`. In PyTorch 1.1.0 and later, you should call them in the opposite order: `optimizer.step()` before `lr_scheduler.step()`.  Failure to do this will result in PyTorch skipping the first value of the learning rate schedule. See more details at https://pytorch.org/docs/stable/optim.html#how-to-adjust-learning-rate
  warnings.warn(
[08:49:53 INFO]   [10/100] running 79.47 ± 7.38% | last loss 0.0088 (ce 0.0088, tit 0.000, iti 0.000, mlp_cos 0.000) | 10.8s/episode, ETA 0.27h
[08:51:40 INFO]   [20/100] running 83.00 ± 4.51% | last loss 0.0101 (ce 0.0101, tit 0.000, iti 0.000, mlp_cos 0.000) | 10.8s/episode, ETA 0.24h
[08:53:28 INFO]   [30/100] running 82.27 ± 3.55% | last loss 0.0032 (ce 0.0032, tit 0.000, iti 0.000, mlp_cos 0.000) | 10.7s/episode, ETA 0.21h
[08:55:15 INFO]   [40/100] running 82.53 ± 3.12% | last loss 0.0028 (ce 0.0028, tit 0.000, iti 0.000, mlp_cos 0.000) | 10.7s/episode, ETA 0.18h
[08:57:03 INFO]   [50/100] running 82.11 ± 2.69% | last loss 0.0015 (ce 0.0015, tit 0.000, iti 0.000, mlp_cos 0.000) | 10.7s/episode, ETA 0.15h
[08:58:50 INFO]   [60/100] running 81.67 ± 2.39% | last loss 0.0082 (ce 0.0082, tit 0.000, iti 0.000, mlp_cos 0.000) | 10.8s/episode, ETA 0.12h
[09:00:38 INFO]   [70/100] running 81.22 ± 2.23% | last loss 0.0260 (ce 0.0260, tit 0.000, iti 0.000, mlp_cos 0.000) | 10.7s/episode, ETA 0.09h
[09:02:25 INFO]   [80/100] running 80.95 ± 2.08% | last loss 0.0016 (ce 0.0016, tit 0.000, iti 0.000, mlp_cos 0.000) | 10.8s/episode, ETA 0.06h
[09:04:12 INFO]   [90/100] running 81.02 ± 1.93% | last loss 0.0025 (ce 0.0025, tit 0.000, iti 0.000, mlp_cos 0.000) | 10.7s/episode, ETA 0.03h
[09:06:00 INFO]   [100/100] running 81.19 ± 1.78% | last loss 0.0212 (ce 0.0212, tit 0.000, iti 0.000, mlp_cos 0.000) | 10.7s/episode, ETA 0.00h
[09:06:00 INFO] Final (episodic, nofsr_nocc_loraboth_r2_steps500_cnfull_loc0.1g1_pmvalue): 81.19 ± 1.78% (n_episodes=100)
[09:06:00 INFO]   診斷：只用 CLS 70.19、只用 local 73.71、γ 1.000
全部完成 2026-09-29 09:06:00
