[11:59:49 INFO] Episodic protocol | eurosat 5-way 5-shot | 400 episodes × 500 steps | tag=nofsr_nocc_loraboth_r2_steps500_cnfull_loc0.1g1_sep1_pmvalue
[11:59:49 INFO] Args: {'dataset': 'eurosat', 'data_root': './data', 'n_way': 5, 'n_shot': 5, 'n_query': 15, 'n_episodes': None, 'backbone': 'ViT-B/16', 'lora_encoder': 'both', 'lora_qkv_mode': 'separate', 'lora_out_proj': False, 'lora_r': 2, 'lora_alpha': 1.0, 'lora_dropout': 0.25, 'steps': 500, 'batch_size': 32, 'lr': 0.0002, 'weight_decay': 0.01, 'no_ce_aug': False, 'class_names': 'full', 'lambda1': 0.0, 'lambda2': 0.0, 'top_k': 10, 'n_aug': 4, 'cc_impl': 'legacy', 'local_score': True, 'local_k_frac': 0.1, 'local_gamma': 1.0, 'learn_gamma': False, 'local_loss': 'separate', 'local_lambda': 1.0, 'patch_mode': 'value', 'use_feature_sr': False, 'sr_scale': 2, 'sr_refiner_layers': 0, 'sr_refiner_heads': 8, 'lambda3': 0.3, 'seed': 42, 'no_amp': False, 'save_dir': './results_episodic', 'tag': None, 'log_every': 10}
[11:59:49 INFO] Episode pool (BSCD 全量): EuroSATDataset(split=train, n_classes=10, n_samples=27000)
[11:59:51 INFO] LoRA trainable parameters: 184,320 (encoder=both, qkv=separate, out_proj=False)
/home/ccoliu/FeatureSR/train_episodic.py:192: FutureWarning: `torch.cuda.amp.GradScaler(args...)` is deprecated. Please use `torch.amp.GradScaler('cuda', args...)` instead.
  scaler = torch.cuda.amp.GradScaler(enabled=use_amp)
/home/ccoliu/FeatureSR/.venv/lib/python3.12/site-packages/torch/optim/lr_scheduler.py:224: UserWarning: Detected call of `lr_scheduler.step()` before `optimizer.step()`. In PyTorch 1.1.0 and later, you should call them in the opposite order: `optimizer.step()` before `lr_scheduler.step()`.  Failure to do this will result in PyTorch skipping the first value of the learning rate schedule. See more details at https://pytorch.org/docs/stable/optim.html#how-to-adjust-learning-rate
  warnings.warn(
[12:03:55 INFO]   [10/400] running 92.53 ± 2.95% | last loss 0.0190 (ce 0.0190, tit 0.000, iti 0.000, mlp_cos 0.000) | 24.3s/episode, ETA 2.64h
[12:07:58 INFO]   [20/400] running 93.40 ± 1.66% | last loss 0.0121 (ce 0.0121, tit 0.000, iti 0.000, mlp_cos 0.000) | 24.3s/episode, ETA 2.57h
[12:12:01 INFO]   [30/400] running 93.24 ± 1.48% | last loss 0.0043 (ce 0.0043, tit 0.000, iti 0.000, mlp_cos 0.000) | 24.3s/episode, ETA 2.50h
[12:16:04 INFO]   [40/400] running 92.73 ± 1.27% | last loss 0.0090 (ce 0.0090, tit 0.000, iti 0.000, mlp_cos 0.000) | 24.3s/episode, ETA 2.43h
[12:20:07 INFO]   [50/400] running 92.35 ± 1.22% | last loss 0.0355 (ce 0.0355, tit 0.000, iti 0.000, mlp_cos 0.000) | 24.3s/episode, ETA 2.36h
[12:24:10 INFO]   [60/400] running 92.42 ± 1.12% | last loss 0.0618 (ce 0.0618, tit 0.000, iti 0.000, mlp_cos 0.000) | 24.3s/episode, ETA 2.30h
[12:28:14 INFO]   [70/400] running 92.36 ± 1.02% | last loss 0.0269 (ce 0.0269, tit 0.000, iti 0.000, mlp_cos 0.000) | 24.3s/episode, ETA 2.23h
[12:32:17 INFO]   [80/400] running 92.37 ± 0.92% | last loss 0.0217 (ce 0.0217, tit 0.000, iti 0.000, mlp_cos 0.000) | 24.3s/episode, ETA 2.16h
[12:36:20 INFO]   [90/400] running 92.25 ± 0.86% | last loss 0.0025 (ce 0.0025, tit 0.000, iti 0.000, mlp_cos 0.000) | 24.3s/episode, ETA 2.09h
[12:40:23 INFO]   [100/400] running 92.15 ± 0.85% | last loss 0.0055 (ce 0.0055, tit 0.000, iti 0.000, mlp_cos 0.000) | 24.3s/episode, ETA 2.03h
[12:44:26 INFO]   [110/400] running 92.28 ± 0.79% | last loss 0.0044 (ce 0.0044, tit 0.000, iti 0.000, mlp_cos 0.000) | 24.3s/episode, ETA 1.96h
[12:48:29 INFO]   [120/400] running 92.26 ± 0.75% | last loss 0.0061 (ce 0.0061, tit 0.000, iti 0.000, mlp_cos 0.000) | 24.3s/episode, ETA 1.89h
[12:52:32 INFO]   [130/400] running 92.10 ± 0.75% | last loss 0.0084 (ce 0.0084, tit 0.000, iti 0.000, mlp_cos 0.000) | 24.3s/episode, ETA 1.82h
[12:56:35 INFO]   [140/400] running 92.08 ± 0.71% | last loss 0.1020 (ce 0.1020, tit 0.000, iti 0.000, mlp_cos 0.000) | 24.3s/episode, ETA 1.76h
[13:00:38 INFO]   [150/400] running 92.05 ± 0.68% | last loss 0.0062 (ce 0.0062, tit 0.000, iti 0.000, mlp_cos 0.000) | 24.3s/episode, ETA 1.69h
[13:04:41 INFO]   [160/400] running 92.07 ± 0.67% | last loss 0.0034 (ce 0.0034, tit 0.000, iti 0.000, mlp_cos 0.000) | 24.3s/episode, ETA 1.62h
[13:08:44 INFO]   [170/400] running 92.25 ± 0.64% | last loss 0.0045 (ce 0.0045, tit 0.000, iti 0.000, mlp_cos 0.000) | 24.3s/episode, ETA 1.55h
[13:12:47 INFO]   [180/400] running 92.26 ± 0.63% | last loss 0.0030 (ce 0.0030, tit 0.000, iti 0.000, mlp_cos 0.000) | 24.3s/episode, ETA 1.49h
[13:16:50 INFO]   [190/400] running 92.24 ± 0.60% | last loss 0.0045 (ce 0.0045, tit 0.000, iti 0.000, mlp_cos 0.000) | 24.3s/episode, ETA 1.42h
[13:20:53 INFO]   [200/400] running 92.23 ± 0.58% | last loss 0.0072 (ce 0.0072, tit 0.000, iti 0.000, mlp_cos 0.000) | 24.3s/episode, ETA 1.35h
[13:24:56 INFO]   [210/400] running 92.36 ± 0.56% | last loss 0.2358 (ce 0.2358, tit 0.000, iti 0.000, mlp_cos 0.000) | 24.3s/episode, ETA 1.28h
[13:28:59 INFO]   [220/400] running 92.33 ± 0.55% | last loss 0.0488 (ce 0.0488, tit 0.000, iti 0.000, mlp_cos 0.000) | 24.3s/episode, ETA 1.22h
[13:33:02 INFO]   [230/400] running 92.39 ± 0.54% | last loss 0.0045 (ce 0.0045, tit 0.000, iti 0.000, mlp_cos 0.000) | 24.3s/episode, ETA 1.15h
[13:37:05 INFO]   [240/400] running 92.45 ± 0.53% | last loss 0.1881 (ce 0.1881, tit 0.000, iti 0.000, mlp_cos 0.000) | 24.3s/episode, ETA 1.08h
[13:41:08 INFO]   [250/400] running 92.34 ± 0.53% | last loss 0.1254 (ce 0.1254, tit 0.000, iti 0.000, mlp_cos 0.000) | 24.3s/episode, ETA 1.01h
[13:45:11 INFO]   [260/400] running 92.41 ± 0.52% | last loss 0.0042 (ce 0.0042, tit 0.000, iti 0.000, mlp_cos 0.000) | 24.3s/episode, ETA 0.95h
[13:49:14 INFO]   [270/400] running 92.39 ± 0.51% | last loss 0.0039 (ce 0.0039, tit 0.000, iti 0.000, mlp_cos 0.000) | 24.3s/episode, ETA 0.88h
[13:53:17 INFO]   [280/400] running 92.38 ± 0.50% | last loss 0.0096 (ce 0.0096, tit 0.000, iti 0.000, mlp_cos 0.000) | 24.3s/episode, ETA 0.81h
[13:57:20 INFO]   [290/400] running 92.42 ± 0.49% | last loss 0.0020 (ce 0.0020, tit 0.000, iti 0.000, mlp_cos 0.000) | 24.3s/episode, ETA 0.74h
[14:01:23 INFO]   [300/400] running 92.37 ± 0.48% | last loss 0.0063 (ce 0.0063, tit 0.000, iti 0.000, mlp_cos 0.000) | 24.3s/episode, ETA 0.68h
[14:05:26 INFO]   [310/400] running 92.46 ± 0.48% | last loss 0.0041 (ce 0.0041, tit 0.000, iti 0.000, mlp_cos 0.000) | 24.3s/episode, ETA 0.61h
[14:09:29 INFO]   [320/400] running 92.39 ± 0.48% | last loss 0.0249 (ce 0.0249, tit 0.000, iti 0.000, mlp_cos 0.000) | 24.3s/episode, ETA 0.54h
[14:13:32 INFO]   [330/400] running 92.46 ± 0.47% | last loss 0.0027 (ce 0.0027, tit 0.000, iti 0.000, mlp_cos 0.000) | 24.3s/episode, ETA 0.47h
[14:17:35 INFO]   [340/400] running 92.44 ± 0.46% | last loss 0.0880 (ce 0.0880, tit 0.000, iti 0.000, mlp_cos 0.000) | 24.3s/episode, ETA 0.41h
[14:21:38 INFO]   [350/400] running 92.51 ± 0.45% | last loss 0.0243 (ce 0.0243, tit 0.000, iti 0.000, mlp_cos 0.000) | 24.3s/episode, ETA 0.34h
[14:25:41 INFO]   [360/400] running 92.43 ± 0.46% | last loss 0.0052 (ce 0.0052, tit 0.000, iti 0.000, mlp_cos 0.000) | 24.3s/episode, ETA 0.27h
[14:29:44 INFO]   [370/400] running 92.37 ± 0.45% | last loss 0.1471 (ce 0.1471, tit 0.000, iti 0.000, mlp_cos 0.000) | 24.3s/episode, ETA 0.20h
[14:33:47 INFO]   [380/400] running 92.38 ± 0.45% | last loss 0.0052 (ce 0.0052, tit 0.000, iti 0.000, mlp_cos 0.000) | 24.3s/episode, ETA 0.14h
[14:37:51 INFO]   [390/400] running 92.36 ± 0.44% | last loss 0.0080 (ce 0.0080, tit 0.000, iti 0.000, mlp_cos 0.000) | 24.3s/episode, ETA 0.07h
[14:41:54 INFO]   [400/400] running 92.38 ± 0.43% | last loss 0.0031 (ce 0.0031, tit 0.000, iti 0.000, mlp_cos 0.000) | 24.3s/episode, ETA 0.00h
[14:41:54 INFO] Final (episodic, nofsr_nocc_loraboth_r2_steps500_cnfull_loc0.1g1_sep1_pmvalue): 92.38 ± 0.43% (n_episodes=400)
[14:41:54 INFO]   診斷：只用 CLS 92.34、只用 local 91.34、γ 1.000；融合 γ=0.1/0.3/0.5：92.44/92.53/92.53
