[09:14:48 INFO] Episodic protocol | isic 5-way 5-shot | 400 episodes × 500 steps | tag=nofsr_nocc_loraboth_r2_steps500_cnfull_loc0.1g1_sep1_pmvalue
[09:14:48 INFO] Args: {'dataset': 'isic', 'data_root': './data', 'n_way': 5, 'n_shot': 5, 'n_query': 15, 'n_episodes': None, 'backbone': 'ViT-B/16', 'lora_encoder': 'both', 'lora_qkv_mode': 'separate', 'lora_out_proj': False, 'lora_r': 2, 'lora_alpha': 1.0, 'lora_dropout': 0.25, 'steps': 500, 'batch_size': 32, 'lr': 0.0002, 'weight_decay': 0.01, 'no_ce_aug': False, 'class_names': 'full', 'lambda1': 0.0, 'lambda2': 0.0, 'top_k': 10, 'n_aug': 4, 'cc_impl': 'legacy', 'local_score': True, 'local_k_frac': 0.1, 'local_gamma': 1.0, 'learn_gamma': False, 'local_loss': 'separate', 'local_lambda': 1.0, 'patch_mode': 'value', 'use_feature_sr': False, 'sr_scale': 2, 'sr_refiner_layers': 0, 'sr_refiner_heads': 8, 'lambda3': 0.3, 'seed': 42, 'no_amp': False, 'save_dir': './results_episodic', 'tag': None, 'log_every': 10}
[09:14:48 INFO] Episode pool (BSCD 全量): ISICDataset(split=train, n_classes=7, n_samples=10015)
[09:14:49 INFO] LoRA trainable parameters: 184,320 (encoder=both, qkv=separate, out_proj=False)
/home/ccoliu/FeatureSR/train_episodic.py:192: FutureWarning: `torch.cuda.amp.GradScaler(args...)` is deprecated. Please use `torch.amp.GradScaler('cuda', args...)` instead.
  scaler = torch.cuda.amp.GradScaler(enabled=use_amp)
/home/ccoliu/FeatureSR/.venv/lib/python3.12/site-packages/torch/optim/lr_scheduler.py:224: UserWarning: Detected call of `lr_scheduler.step()` before `optimizer.step()`. In PyTorch 1.1.0 and later, you should call them in the opposite order: `optimizer.step()` before `lr_scheduler.step()`.  Failure to do this will result in PyTorch skipping the first value of the learning rate schedule. See more details at https://pytorch.org/docs/stable/optim.html#how-to-adjust-learning-rate
  warnings.warn(
[09:18:57 INFO]   [10/400] running 49.87 ± 5.46% | last loss 0.0395 (ce 0.0395, tit 0.000, iti 0.000, mlp_cos 0.000) | 24.7s/episode, ETA 2.68h
[09:23:05 INFO]   [20/400] running 49.67 ± 4.14% | last loss 0.0137 (ce 0.0137, tit 0.000, iti 0.000, mlp_cos 0.000) | 24.8s/episode, ETA 2.62h
[09:27:12 INFO]   [30/400] running 48.76 ± 3.18% | last loss 0.0268 (ce 0.0268, tit 0.000, iti 0.000, mlp_cos 0.000) | 24.8s/episode, ETA 2.55h
[09:31:20 INFO]   [40/400] running 50.03 ± 2.79% | last loss 0.0157 (ce 0.0157, tit 0.000, iti 0.000, mlp_cos 0.000) | 24.8s/episode, ETA 2.48h
[09:35:28 INFO]   [50/400] running 50.19 ± 2.33% | last loss 0.0133 (ce 0.0133, tit 0.000, iti 0.000, mlp_cos 0.000) | 24.8s/episode, ETA 2.41h
[09:39:36 INFO]   [60/400] running 50.49 ± 2.13% | last loss 0.0371 (ce 0.0371, tit 0.000, iti 0.000, mlp_cos 0.000) | 24.8s/episode, ETA 2.34h
[09:43:43 INFO]   [70/400] running 51.16 ± 2.04% | last loss 0.0233 (ce 0.0233, tit 0.000, iti 0.000, mlp_cos 0.000) | 24.8s/episode, ETA 2.27h
[09:47:50 INFO]   [80/400] running 51.08 ± 1.86% | last loss 0.0152 (ce 0.0152, tit 0.000, iti 0.000, mlp_cos 0.000) | 24.8s/episode, ETA 2.20h
[09:51:58 INFO]   [90/400] running 51.39 ± 1.71% | last loss 0.0115 (ce 0.0115, tit 0.000, iti 0.000, mlp_cos 0.000) | 24.8s/episode, ETA 2.13h
[09:56:05 INFO]   [100/400] running 51.49 ± 1.61% | last loss 0.0501 (ce 0.0501, tit 0.000, iti 0.000, mlp_cos 0.000) | 24.8s/episode, ETA 2.06h
[10:00:12 INFO]   [110/400] running 51.50 ± 1.55% | last loss 0.0534 (ce 0.0534, tit 0.000, iti 0.000, mlp_cos 0.000) | 24.8s/episode, ETA 1.99h
[10:04:19 INFO]   [120/400] running 51.32 ± 1.47% | last loss 0.0456 (ce 0.0456, tit 0.000, iti 0.000, mlp_cos 0.000) | 24.8s/episode, ETA 1.93h
[10:08:27 INFO]   [130/400] running 51.53 ± 1.40% | last loss 0.0516 (ce 0.0516, tit 0.000, iti 0.000, mlp_cos 0.000) | 24.8s/episode, ETA 1.86h
[10:12:34 INFO]   [140/400] running 51.61 ± 1.34% | last loss 0.0209 (ce 0.0209, tit 0.000, iti 0.000, mlp_cos 0.000) | 24.8s/episode, ETA 1.79h
[10:16:42 INFO]   [150/400] running 51.86 ± 1.30% | last loss 0.0095 (ce 0.0095, tit 0.000, iti 0.000, mlp_cos 0.000) | 24.8s/episode, ETA 1.72h
[10:20:51 INFO]   [160/400] running 51.87 ± 1.25% | last loss 0.0073 (ce 0.0073, tit 0.000, iti 0.000, mlp_cos 0.000) | 24.8s/episode, ETA 1.65h
[10:24:58 INFO]   [170/400] running 51.73 ± 1.22% | last loss 0.0407 (ce 0.0407, tit 0.000, iti 0.000, mlp_cos 0.000) | 24.8s/episode, ETA 1.58h
[10:29:06 INFO]   [180/400] running 51.80 ± 1.18% | last loss 0.0422 (ce 0.0422, tit 0.000, iti 0.000, mlp_cos 0.000) | 24.8s/episode, ETA 1.51h
[10:33:13 INFO]   [190/400] running 51.87 ± 1.13% | last loss 0.0527 (ce 0.0527, tit 0.000, iti 0.000, mlp_cos 0.000) | 24.8s/episode, ETA 1.44h
[10:37:20 INFO]   [200/400] running 51.72 ± 1.10% | last loss 0.0098 (ce 0.0098, tit 0.000, iti 0.000, mlp_cos 0.000) | 24.8s/episode, ETA 1.38h
[10:41:27 INFO]   [210/400] running 51.70 ± 1.07% | last loss 0.0987 (ce 0.0987, tit 0.000, iti 0.000, mlp_cos 0.000) | 24.8s/episode, ETA 1.31h
[10:45:35 INFO]   [220/400] running 51.72 ± 1.05% | last loss 0.0075 (ce 0.0075, tit 0.000, iti 0.000, mlp_cos 0.000) | 24.8s/episode, ETA 1.24h
[10:49:42 INFO]   [230/400] running 51.68 ± 1.02% | last loss 0.0111 (ce 0.0111, tit 0.000, iti 0.000, mlp_cos 0.000) | 24.7s/episode, ETA 1.17h
[10:53:50 INFO]   [240/400] running 51.57 ± 1.00% | last loss 0.0047 (ce 0.0047, tit 0.000, iti 0.000, mlp_cos 0.000) | 24.8s/episode, ETA 1.10h
[10:57:57 INFO]   [250/400] running 51.61 ± 0.97% | last loss 0.0074 (ce 0.0074, tit 0.000, iti 0.000, mlp_cos 0.000) | 24.8s/episode, ETA 1.03h
[11:02:04 INFO]   [260/400] running 51.59 ± 0.94% | last loss 0.0466 (ce 0.0466, tit 0.000, iti 0.000, mlp_cos 0.000) | 24.7s/episode, ETA 0.96h
[11:06:12 INFO]   [270/400] running 51.62 ± 0.91% | last loss 0.0425 (ce 0.0425, tit 0.000, iti 0.000, mlp_cos 0.000) | 24.7s/episode, ETA 0.89h
[11:10:18 INFO]   [280/400] running 51.59 ± 0.89% | last loss 0.0237 (ce 0.0237, tit 0.000, iti 0.000, mlp_cos 0.000) | 24.7s/episode, ETA 0.82h
[11:14:25 INFO]   [290/400] running 51.54 ± 0.87% | last loss 0.0804 (ce 0.0804, tit 0.000, iti 0.000, mlp_cos 0.000) | 24.7s/episode, ETA 0.76h
[11:18:33 INFO]   [300/400] running 51.62 ± 0.85% | last loss 0.0394 (ce 0.0394, tit 0.000, iti 0.000, mlp_cos 0.000) | 24.7s/episode, ETA 0.69h
[11:22:40 INFO]   [310/400] running 51.45 ± 0.84% | last loss 0.0399 (ce 0.0399, tit 0.000, iti 0.000, mlp_cos 0.000) | 24.7s/episode, ETA 0.62h
[11:26:47 INFO]   [320/400] running 51.52 ± 0.83% | last loss 0.0352 (ce 0.0352, tit 0.000, iti 0.000, mlp_cos 0.000) | 24.7s/episode, ETA 0.55h
[11:30:55 INFO]   [330/400] running 51.52 ± 0.81% | last loss 0.0105 (ce 0.0105, tit 0.000, iti 0.000, mlp_cos 0.000) | 24.7s/episode, ETA 0.48h
[11:35:02 INFO]   [340/400] running 51.59 ± 0.80% | last loss 0.0133 (ce 0.0133, tit 0.000, iti 0.000, mlp_cos 0.000) | 24.7s/episode, ETA 0.41h
[11:39:10 INFO]   [350/400] running 51.61 ± 0.80% | last loss 0.0680 (ce 0.0680, tit 0.000, iti 0.000, mlp_cos 0.000) | 24.7s/episode, ETA 0.34h
[11:43:18 INFO]   [360/400] running 51.57 ± 0.79% | last loss 0.0492 (ce 0.0492, tit 0.000, iti 0.000, mlp_cos 0.000) | 24.7s/episode, ETA 0.27h
[11:47:25 INFO]   [370/400] running 51.56 ± 0.78% | last loss 0.0309 (ce 0.0309, tit 0.000, iti 0.000, mlp_cos 0.000) | 24.7s/episode, ETA 0.21h
[11:51:33 INFO]   [380/400] running 51.53 ± 0.78% | last loss 0.0525 (ce 0.0525, tit 0.000, iti 0.000, mlp_cos 0.000) | 24.7s/episode, ETA 0.14h
[11:55:40 INFO]   [390/400] running 51.56 ± 0.76% | last loss 0.0208 (ce 0.0208, tit 0.000, iti 0.000, mlp_cos 0.000) | 24.7s/episode, ETA 0.07h
[11:59:48 INFO]   [400/400] running 51.56 ± 0.76% | last loss 0.0120 (ce 0.0120, tit 0.000, iti 0.000, mlp_cos 0.000) | 24.7s/episode, ETA 0.00h
[11:59:48 INFO] Final (episodic, nofsr_nocc_loraboth_r2_steps500_cnfull_loc0.1g1_sep1_pmvalue): 51.56 ± 0.76% (n_episodes=400)
[11:59:48 INFO]   診斷：只用 CLS 50.60、只用 local 50.57、γ 1.000；融合 γ=0.1/0.3/0.5：50.84/51.14/51.26
