set seed = 1
FineTune! 5 shots on ChestX dataset
ChestX iteration 0/400 : Query Acc = 20.00, Avg Acc = 20.00% +- 0.00%
ChestX | 0 / 400 Acc = 20.00% +- 0.00%
ChestX iteration 1/400 : Query Acc = 25.33, Avg Acc = 22.67% +- 3.70%
ChestX iteration 2/400 : Query Acc = 24.00, Avg Acc = 23.11% +- 2.56%
ChestX iteration 3/400 : Query Acc = 16.00, Avg Acc = 21.33% +- 3.58%
ChestX iteration 4/400 : Query Acc = 13.33, Avg Acc = 19.73% +- 4.01%
ChestX iteration 5/400 : Query Acc = 16.00, Avg Acc = 19.11% +- 3.52%
ChestX iteration 6/400 : Query Acc = 25.33, Avg Acc = 20.00% +- 3.42%
ChestX iteration 7/400 : Query Acc = 20.00, Avg Acc = 20.00% +- 2.99%
ChestX iteration 8/400 : Query Acc = 32.00, Avg Acc = 21.33% +- 3.63%
ChestX iteration 9/400 : Query Acc = 17.33, Avg Acc = 20.93% +- 3.35%
ChestX iteration 10/400 : Query Acc = 32.00, Avg Acc = 21.94% +- 3.58%
ChestX iteration 11/400 : Query Acc = 25.33, Avg Acc = 22.22% +- 3.32%
ChestX iteration 12/400 : Query Acc = 18.67, Avg Acc = 21.95% +- 3.11%
ChestX iteration 13/400 : Query Acc = 24.00, Avg Acc = 22.10% +- 2.90%
ChestX iteration 14/400 : Query Acc = 24.00, Avg Acc = 22.22% +- 2.72%
ChestX iteration 15/400 : Query Acc = 24.00, Avg Acc = 22.33% +- 2.56%
ChestX iteration 16/400 : Query Acc = 25.33, Avg Acc = 22.51% +- 2.43%
ChestX iteration 17/400 : Query Acc = 18.67, Avg Acc = 22.30% +- 2.33%
ChestX iteration 18/400 : Query Acc = 26.67, Avg Acc = 22.53% +- 2.25%
ChestX iteration 19/400 : Query Acc = 28.00, Avg Acc = 22.80% +- 2.20%
ChestX iteration 20/400 : Query Acc = 22.67, Avg Acc = 22.79% +- 2.10%
ChestX iteration 21/400 : Query Acc = 29.33, Avg Acc = 23.09% +- 2.08%
ChestX iteration 22/400 : Query Acc = 18.67, Avg Acc = 22.90% +- 2.02%
ChestX iteration 23/400 : Query Acc = 33.33, Avg Acc = 23.33% +- 2.11%
ChestX iteration 24/400 : Query Acc = 18.67, Avg Acc = 23.15% +- 2.06%
ChestX iteration 25/400 : Query Acc = 22.67, Avg Acc = 23.13% +- 1.98%
ChestX iteration 26/400 : Query Acc = 22.67, Avg Acc = 23.11% +- 1.91%
ChestX iteration 27/400 : Query Acc = 25.33, Avg Acc = 23.19% +- 1.84%
ChestX iteration 28/400 : Query Acc = 26.67, Avg Acc = 23.31% +- 1.80%
ChestX iteration 29/400 : Query Acc = 25.33, Avg Acc = 23.38% +- 1.74%
ChestX iteration 30/400 : Query Acc = 18.67, Avg Acc = 23.23% +- 1.71%
ChestX iteration 31/400 : Query Acc = 25.33, Avg Acc = 23.29% +- 1.66%
ChestX iteration 32/400 : Query Acc = 20.00, Avg Acc = 23.19% +- 1.62%
ChestX iteration 33/400 : Query Acc = 34.67, Avg Acc = 23.53% +- 1.70%
ChestX iteration 34/400 : Query Acc = 30.67, Avg Acc = 23.73% +- 1.70%
ChestX iteration 35/400 : Query Acc = 26.67, Avg Acc = 23.81% +- 1.66%
ChestX iteration 36/400 : Query Acc = 24.00, Avg Acc = 23.82% +- 1.62%
ChestX iteration 37/400 : Query Acc = 12.00, Avg Acc = 23.51% +- 1.69%
ChestX iteration 38/400 : Query Acc = 21.33, Avg Acc = 23.45% +- 1.65%
ChestX iteration 39/400 : Query Acc = 38.67, Avg Acc = 23.83% +- 1.77%
ChestX iteration 40/400 : Query Acc = 25.33, Avg Acc = 23.87% +- 1.72%
ChestX iteration 41/400 : Query Acc = 28.00, Avg Acc = 23.97% +- 1.69%
ChestX iteration 42/400 : Query Acc = 30.67, Avg Acc = 24.12% +- 1.68%
ChestX iteration 43/400 : Query Acc = 21.33, Avg Acc = 24.06% +- 1.65%
ChestX iteration 44/400 : Query Acc = 20.00, Avg Acc = 23.97% +- 1.62%
ChestX iteration 45/400 : Query Acc = 22.67, Avg Acc = 23.94% +- 1.59%
ChestX iteration 46/400 : Query Acc = 33.33, Avg Acc = 24.14% +- 1.60%
ChestX iteration 47/400 : Query Acc = 17.33, Avg Acc = 24.00% +- 1.59%
ChestX iteration 48/400 : Query Acc = 22.67, Avg Acc = 23.97% +- 1.56%
ChestX iteration 49/400 : Query Acc = 21.33, Avg Acc = 23.92% +- 1.53%
ChestX iteration 50/400 : Query Acc = 21.33, Avg Acc = 23.87% +- 1.50%
ChestX iteration 51/400 : Query Acc = 21.33, Avg Acc = 23.82% +- 1.48%
ChestX iteration 52/400 : Query Acc = 20.00, Avg Acc = 23.75% +- 1.46%
ChestX iteration 53/400 : Query Acc = 17.33, Avg Acc = 23.63% +- 1.45%
ChestX iteration 54/400 : Query Acc = 28.00, Avg Acc = 23.71% +- 1.43%
ChestX iteration 55/400 : Query Acc = 28.00, Avg Acc = 23.79% +- 1.41%
ChestX iteration 56/400 : Query Acc = 30.67, Avg Acc = 23.91% +- 1.41%
ChestX iteration 57/400 : Query Acc = 26.67, Avg Acc = 23.95% +- 1.39%
ChestX iteration 58/400 : Query Acc = 21.33, Avg Acc = 23.91% +- 1.37%
ChestX iteration 59/400 : Query Acc = 30.67, Avg Acc = 24.02% +- 1.36%
ChestX iteration 60/400 : Query Acc = 26.67, Avg Acc = 24.07% +- 1.34%
ChestX iteration 61/400 : Query Acc = 26.67, Avg Acc = 24.11% +- 1.32%
ChestX iteration 62/400 : Query Acc = 26.67, Avg Acc = 24.15% +- 1.30%
ChestX iteration 63/400 : Query Acc = 24.00, Avg Acc = 24.15% +- 1.28%
ChestX iteration 64/400 : Query Acc = 17.33, Avg Acc = 24.04% +- 1.28%
ChestX iteration 65/400 : Query Acc = 26.67, Avg Acc = 24.08% +- 1.26%
ChestX iteration 66/400 : Query Acc = 36.00, Avg Acc = 24.26% +- 1.29%
ChestX iteration 67/400 : Query Acc = 21.33, Avg Acc = 24.22% +- 1.28%
ChestX iteration 68/400 : Query Acc = 21.33, Avg Acc = 24.17% +- 1.26%
ChestX iteration 69/400 : Query Acc = 14.67, Avg Acc = 24.04% +- 1.27%
ChestX iteration 70/400 : Query Acc = 29.33, Avg Acc = 24.11% +- 1.26%
ChestX iteration 71/400 : Query Acc = 28.00, Avg Acc = 24.17% +- 1.25%
ChestX iteration 72/400 : Query Acc = 29.33, Avg Acc = 24.24% +- 1.24%
ChestX iteration 73/400 : Query Acc = 37.33, Avg Acc = 24.41% +- 1.27%
ChestX iteration 74/400 : Query Acc = 25.33, Avg Acc = 24.43% +- 1.25%
ChestX iteration 75/400 : Query Acc = 30.67, Avg Acc = 24.51% +- 1.25%
ChestX iteration 76/400 : Query Acc = 36.00, Avg Acc = 24.66% +- 1.26%
ChestX iteration 77/400 : Query Acc = 25.33, Avg Acc = 24.67% +- 1.25%
ChestX iteration 78/400 : Query Acc = 13.33, Avg Acc = 24.52% +- 1.26%
ChestX iteration 79/400 : Query Acc = 25.33, Avg Acc = 24.53% +- 1.25%
ChestX iteration 80/400 : Query Acc = 18.67, Avg Acc = 24.46% +- 1.24%
ChestX iteration 81/400 : Query Acc = 18.67, Avg Acc = 24.39% +- 1.23%
ChestX iteration 82/400 : Query Acc = 24.00, Avg Acc = 24.39% +- 1.22%
ChestX iteration 83/400 : Query Acc = 24.00, Avg Acc = 24.38% +- 1.20%
ChestX iteration 84/400 : Query Acc = 33.33, Avg Acc = 24.49% +- 1.21%
ChestX iteration 85/400 : Query Acc = 24.00, Avg Acc = 24.48% +- 1.19%
ChestX iteration 86/400 : Query Acc = 24.00, Avg Acc = 24.48% +- 1.18%
ChestX iteration 87/400 : Query Acc = 14.67, Avg Acc = 24.36% +- 1.19%
ChestX iteration 88/400 : Query Acc = 22.67, Avg Acc = 24.34% +- 1.17%
ChestX iteration 89/400 : Query Acc = 24.00, Avg Acc = 24.34% +- 1.16%
ChestX iteration 90/400 : Query Acc = 21.33, Avg Acc = 24.31% +- 1.15%
ChestX iteration 91/400 : Query Acc = 30.67, Avg Acc = 24.38% +- 1.14%
ChestX iteration 92/400 : Query Acc = 33.33, Avg Acc = 24.47% +- 1.15%
ChestX iteration 93/400 : Query Acc = 34.67, Avg Acc = 24.58% +- 1.15%
ChestX iteration 94/400 : Query Acc = 28.00, Avg Acc = 24.62% +- 1.14%
ChestX iteration 95/400 : Query Acc = 36.00, Avg Acc = 24.74% +- 1.16%
ChestX iteration 96/400 : Query Acc = 24.00, Avg Acc = 24.73% +- 1.14%
ChestX iteration 97/400 : Query Acc = 25.33, Avg Acc = 24.73% +- 1.13%
ChestX iteration 98/400 : Query Acc = 20.00, Avg Acc = 24.69% +- 1.13%
ChestX iteration 99/400 : Query Acc = 25.33, Avg Acc = 24.69% +- 1.11%
ChestX iteration 100/400 : Query Acc = 22.67, Avg Acc = 24.67% +- 1.10%
ChestX | 100 / 400 Acc = 24.67% +- 1.10%
ChestX iteration 101/400 : Query Acc = 26.67, Avg Acc = 24.69% +- 1.09%
ChestX iteration 102/400 : Query Acc = 22.67, Avg Acc = 24.67% +- 1.08%
ChestX iteration 103/400 : Query Acc = 20.00, Avg Acc = 24.63% +- 1.08%
ChestX iteration 104/400 : Query Acc = 24.00, Avg Acc = 24.62% +- 1.07%
ChestX iteration 105/400 : Query Acc = 24.00, Avg Acc = 24.62% +- 1.06%
ChestX iteration 106/400 : Query Acc = 22.67, Avg Acc = 24.60% +- 1.05%
ChestX iteration 107/400 : Query Acc = 22.67, Avg Acc = 24.58% +- 1.04%
ChestX iteration 108/400 : Query Acc = 28.00, Avg Acc = 24.61% +- 1.03%
ChestX iteration 109/400 : Query Acc = 33.33, Avg Acc = 24.69% +- 1.03%
ChestX iteration 110/400 : Query Acc = 20.00, Avg Acc = 24.65% +- 1.03%
ChestX iteration 111/400 : Query Acc = 28.00, Avg Acc = 24.68% +- 1.02%
ChestX iteration 112/400 : Query Acc = 14.67, Avg Acc = 24.59% +- 1.02%
ChestX iteration 113/400 : Query Acc = 25.33, Avg Acc = 24.60% +- 1.02%
ChestX iteration 114/400 : Query Acc = 25.33, Avg Acc = 24.60% +- 1.01%
ChestX iteration 115/400 : Query Acc = 20.00, Avg Acc = 24.56% +- 1.00%
ChestX iteration 116/400 : Query Acc = 32.00, Avg Acc = 24.63% +- 1.00%
ChestX iteration 117/400 : Query Acc = 26.67, Avg Acc = 24.64% +- 0.99%
ChestX iteration 118/400 : Query Acc = 24.00, Avg Acc = 24.64% +- 0.98%
ChestX iteration 119/400 : Query Acc = 28.00, Avg Acc = 24.67% +- 0.98%
ChestX iteration 120/400 : Query Acc = 36.00, Avg Acc = 24.76% +- 0.99%
ChestX iteration 121/400 : Query Acc = 24.00, Avg Acc = 24.75% +- 0.98%
ChestX iteration 122/400 : Query Acc = 28.00, Avg Acc = 24.78% +- 0.97%
ChestX iteration 123/400 : Query Acc = 20.00, Avg Acc = 24.74% +- 0.97%
ChestX iteration 124/400 : Query Acc = 24.00, Avg Acc = 24.74% +- 0.96%
ChestX iteration 125/400 : Query Acc = 34.67, Avg Acc = 24.81% +- 0.96%
ChestX iteration 126/400 : Query Acc = 25.33, Avg Acc = 24.82% +- 0.96%
ChestX iteration 127/400 : Query Acc = 13.33, Avg Acc = 24.73% +- 0.97%
ChestX iteration 128/400 : Query Acc = 21.33, Avg Acc = 24.70% +- 0.96%
ChestX iteration 129/400 : Query Acc = 24.00, Avg Acc = 24.70% +- 0.95%
ChestX iteration 130/400 : Query Acc = 22.67, Avg Acc = 24.68% +- 0.95%
ChestX iteration 131/400 : Query Acc = 26.67, Avg Acc = 24.70% +- 0.94%
ChestX iteration 132/400 : Query Acc = 28.00, Avg Acc = 24.72% +- 0.93%
ChestX iteration 133/400 : Query Acc = 18.67, Avg Acc = 24.68% +- 0.93%
ChestX iteration 134/400 : Query Acc = 34.67, Avg Acc = 24.75% +- 0.93%
ChestX iteration 135/400 : Query Acc = 22.67, Avg Acc = 24.74% +- 0.93%
ChestX iteration 136/400 : Query Acc = 25.33, Avg Acc = 24.74% +- 0.92%
ChestX iteration 137/400 : Query Acc = 24.00, Avg Acc = 24.73% +- 0.91%
ChestX iteration 138/400 : Query Acc = 18.67, Avg Acc = 24.69% +- 0.91%
ChestX iteration 139/400 : Query Acc = 40.00, Avg Acc = 24.80% +- 0.93%
ChestX iteration 140/400 : Query Acc = 21.33, Avg Acc = 24.78% +- 0.92%
ChestX iteration 141/400 : Query Acc = 28.00, Avg Acc = 24.80% +- 0.92%
ChestX iteration 142/400 : Query Acc = 24.00, Avg Acc = 24.79% +- 0.91%
ChestX iteration 143/400 : Query Acc = 24.00, Avg Acc = 24.79% +- 0.91%
ChestX iteration 144/400 : Query Acc = 24.00, Avg Acc = 24.78% +- 0.90%
ChestX iteration 145/400 : Query Acc = 24.00, Avg Acc = 24.78% +- 0.89%
ChestX iteration 146/400 : Query Acc = 29.33, Avg Acc = 24.81% +- 0.89%
ChestX iteration 147/400 : Query Acc = 24.00, Avg Acc = 24.80% +- 0.88%
ChestX iteration 148/400 : Query Acc = 20.00, Avg Acc = 24.77% +- 0.88%
ChestX iteration 149/400 : Query Acc = 20.00, Avg Acc = 24.74% +- 0.88%
ChestX iteration 150/400 : Query Acc = 20.00, Avg Acc = 24.71% +- 0.87%
ChestX iteration 151/400 : Query Acc = 18.67, Avg Acc = 24.67% +- 0.87%
ChestX iteration 152/400 : Query Acc = 34.67, Avg Acc = 24.73% +- 0.87%
ChestX iteration 153/400 : Query Acc = 17.33, Avg Acc = 24.68% +- 0.87%
ChestX iteration 154/400 : Query Acc = 22.67, Avg Acc = 24.67% +- 0.87%
ChestX iteration 155/400 : Query Acc = 22.67, Avg Acc = 24.66% +- 0.86%
ChestX iteration 156/400 : Query Acc = 18.67, Avg Acc = 24.62% +- 0.86%
ChestX iteration 157/400 : Query Acc = 29.33, Avg Acc = 24.65% +- 0.86%
ChestX iteration 158/400 : Query Acc = 29.33, Avg Acc = 24.68% +- 0.85%
ChestX iteration 159/400 : Query Acc = 32.00, Avg Acc = 24.73% +- 0.85%
ChestX iteration 160/400 : Query Acc = 20.00, Avg Acc = 24.70% +- 0.85%
ChestX iteration 161/400 : Query Acc = 25.33, Avg Acc = 24.70% +- 0.85%
ChestX iteration 162/400 : Query Acc = 21.33, Avg Acc = 24.68% +- 0.84%
ChestX iteration 163/400 : Query Acc = 20.00, Avg Acc = 24.65% +- 0.84%
ChestX iteration 164/400 : Query Acc = 12.00, Avg Acc = 24.57% +- 0.85%
ChestX iteration 165/400 : Query Acc = 21.33, Avg Acc = 24.55% +- 0.84%
ChestX iteration 166/400 : Query Acc = 22.67, Avg Acc = 24.54% +- 0.84%
ChestX iteration 167/400 : Query Acc = 26.67, Avg Acc = 24.56% +- 0.83%
ChestX iteration 168/400 : Query Acc = 32.00, Avg Acc = 24.60% +- 0.83%
ChestX iteration 169/400 : Query Acc = 29.33, Avg Acc = 24.63% +- 0.83%
ChestX iteration 170/400 : Query Acc = 29.33, Avg Acc = 24.65% +- 0.83%
ChestX iteration 171/400 : Query Acc = 26.67, Avg Acc = 24.67% +- 0.82%
ChestX iteration 172/400 : Query Acc = 32.00, Avg Acc = 24.71% +- 0.82%
ChestX iteration 173/400 : Query Acc = 20.00, Avg Acc = 24.68% +- 0.82%
ChestX iteration 174/400 : Query Acc = 28.00, Avg Acc = 24.70% +- 0.81%
ChestX iteration 175/400 : Query Acc = 30.67, Avg Acc = 24.73% +- 0.81%
ChestX iteration 176/400 : Query Acc = 21.33, Avg Acc = 24.72% +- 0.81%
ChestX iteration 177/400 : Query Acc = 21.33, Avg Acc = 24.70% +- 0.80%
ChestX iteration 178/400 : Query Acc = 30.67, Avg Acc = 24.73% +- 0.80%
ChestX iteration 179/400 : Query Acc = 18.67, Avg Acc = 24.70% +- 0.80%
ChestX iteration 180/400 : Query Acc = 25.33, Avg Acc = 24.70% +- 0.80%
ChestX iteration 181/400 : Query Acc = 21.33, Avg Acc = 24.68% +- 0.79%
ChestX iteration 182/400 : Query Acc = 26.67, Avg Acc = 24.69% +- 0.79%
ChestX iteration 183/400 : Query Acc = 26.67, Avg Acc = 24.70% +- 0.79%
ChestX iteration 184/400 : Query Acc = 25.33, Avg Acc = 24.71% +- 0.78%
ChestX iteration 185/400 : Query Acc = 18.67, Avg Acc = 24.67% +- 0.78%
ChestX iteration 186/400 : Query Acc = 28.00, Avg Acc = 24.69% +- 0.78%
ChestX iteration 187/400 : Query Acc = 32.00, Avg Acc = 24.73% +- 0.78%
ChestX iteration 188/400 : Query Acc = 21.33, Avg Acc = 24.71% +- 0.77%
ChestX iteration 189/400 : Query Acc = 28.00, Avg Acc = 24.73% +- 0.77%
ChestX iteration 190/400 : Query Acc = 29.33, Avg Acc = 24.75% +- 0.77%
ChestX iteration 191/400 : Query Acc = 29.33, Avg Acc = 24.78% +- 0.76%
ChestX iteration 192/400 : Query Acc = 21.33, Avg Acc = 24.76% +- 0.76%
ChestX iteration 193/400 : Query Acc = 30.67, Avg Acc = 24.79% +- 0.76%
ChestX iteration 194/400 : Query Acc = 32.00, Avg Acc = 24.83% +- 0.76%
ChestX iteration 195/400 : Query Acc = 28.00, Avg Acc = 24.84% +- 0.76%
ChestX iteration 196/400 : Query Acc = 32.00, Avg Acc = 24.88% +- 0.75%
ChestX iteration 197/400 : Query Acc = 25.33, Avg Acc = 24.88% +- 0.75%
ChestX iteration 198/400 : Query Acc = 22.67, Avg Acc = 24.87% +- 0.75%
ChestX iteration 199/400 : Query Acc = 24.00, Avg Acc = 24.87% +- 0.74%
ChestX iteration 200/400 : Query Acc = 22.67, Avg Acc = 24.86% +- 0.74%
ChestX | 200 / 400 Acc = 24.86% +- 0.74%
ChestX iteration 201/400 : Query Acc = 29.33, Avg Acc = 24.88% +- 0.74%
ChestX iteration 202/400 : Query Acc = 22.67, Avg Acc = 24.87% +- 0.73%
ChestX iteration 203/400 : Query Acc = 26.67, Avg Acc = 24.88% +- 0.73%
ChestX iteration 204/400 : Query Acc = 21.33, Avg Acc = 24.86% +- 0.73%
ChestX iteration 205/400 : Query Acc = 36.00, Avg Acc = 24.91% +- 0.73%
ChestX iteration 206/400 : Query Acc = 28.00, Avg Acc = 24.93% +- 0.73%
ChestX iteration 207/400 : Query Acc = 18.67, Avg Acc = 24.90% +- 0.73%
ChestX iteration 208/400 : Query Acc = 21.33, Avg Acc = 24.88% +- 0.73%
ChestX iteration 209/400 : Query Acc = 29.33, Avg Acc = 24.90% +- 0.72%
ChestX iteration 210/400 : Query Acc = 24.00, Avg Acc = 24.90% +- 0.72%
ChestX iteration 211/400 : Query Acc = 28.00, Avg Acc = 24.91% +- 0.72%
ChestX iteration 212/400 : Query Acc = 29.33, Avg Acc = 24.93% +- 0.72%
ChestX iteration 213/400 : Query Acc = 16.00, Avg Acc = 24.89% +- 0.72%
ChestX iteration 214/400 : Query Acc = 22.67, Avg Acc = 24.88% +- 0.71%
ChestX iteration 215/400 : Query Acc = 29.33, Avg Acc = 24.90% +- 0.71%
ChestX iteration 216/400 : Query Acc = 29.33, Avg Acc = 24.92% +- 0.71%
ChestX iteration 217/400 : Query Acc = 26.67, Avg Acc = 24.93% +- 0.71%
ChestX iteration 218/400 : Query Acc = 21.33, Avg Acc = 24.91% +- 0.70%
ChestX iteration 219/400 : Query Acc = 29.33, Avg Acc = 24.93% +- 0.70%
ChestX iteration 220/400 : Query Acc = 28.00, Avg Acc = 24.95% +- 0.70%
ChestX iteration 221/400 : Query Acc = 20.00, Avg Acc = 24.92% +- 0.70%
ChestX iteration 222/400 : Query Acc = 30.67, Avg Acc = 24.95% +- 0.70%
ChestX iteration 223/400 : Query Acc = 25.33, Avg Acc = 24.95% +- 0.69%
ChestX iteration 224/400 : Query Acc = 20.00, Avg Acc = 24.93% +- 0.69%
ChestX iteration 225/400 : Query Acc = 32.00, Avg Acc = 24.96% +- 0.69%
ChestX iteration 226/400 : Query Acc = 18.67, Avg Acc = 24.93% +- 0.69%
ChestX iteration 227/400 : Query Acc = 17.33, Avg Acc = 24.90% +- 0.69%
ChestX iteration 228/400 : Query Acc = 25.33, Avg Acc = 24.90% +- 0.69%
ChestX iteration 229/400 : Query Acc = 21.33, Avg Acc = 24.89% +- 0.68%
ChestX iteration 230/400 : Query Acc = 22.67, Avg Acc = 24.88% +- 0.68%
ChestX iteration 231/400 : Query Acc = 22.67, Avg Acc = 24.87% +- 0.68%
ChestX iteration 232/400 : Query Acc = 32.00, Avg Acc = 24.90% +- 0.68%
ChestX iteration 233/400 : Query Acc = 32.00, Avg Acc = 24.93% +- 0.68%
ChestX iteration 234/400 : Query Acc = 20.00, Avg Acc = 24.91% +- 0.68%
ChestX iteration 235/400 : Query Acc = 20.00, Avg Acc = 24.89% +- 0.68%
ChestX iteration 236/400 : Query Acc = 14.67, Avg Acc = 24.84% +- 0.68%
ChestX iteration 237/400 : Query Acc = 25.33, Avg Acc = 24.85% +- 0.67%
ChestX iteration 238/400 : Query Acc = 22.67, Avg Acc = 24.84% +- 0.67%
ChestX iteration 239/400 : Query Acc = 20.00, Avg Acc = 24.82% +- 0.67%
ChestX iteration 240/400 : Query Acc = 29.33, Avg Acc = 24.84% +- 0.67%
ChestX iteration 241/400 : Query Acc = 14.67, Avg Acc = 24.79% +- 0.67%
ChestX iteration 242/400 : Query Acc = 25.33, Avg Acc = 24.80% +- 0.67%
ChestX iteration 243/400 : Query Acc = 29.33, Avg Acc = 24.81% +- 0.67%
ChestX iteration 244/400 : Query Acc = 16.00, Avg Acc = 24.78% +- 0.67%
ChestX iteration 245/400 : Query Acc = 29.33, Avg Acc = 24.80% +- 0.67%
ChestX iteration 246/400 : Query Acc = 25.33, Avg Acc = 24.80% +- 0.66%
ChestX iteration 247/400 : Query Acc = 18.67, Avg Acc = 24.77% +- 0.66%
ChestX iteration 248/400 : Query Acc = 28.00, Avg Acc = 24.79% +- 0.66%
ChestX iteration 249/400 : Query Acc = 20.00, Avg Acc = 24.77% +- 0.66%
ChestX iteration 250/400 : Query Acc = 28.00, Avg Acc = 24.78% +- 0.66%
ChestX iteration 251/400 : Query Acc = 21.33, Avg Acc = 24.77% +- 0.65%
ChestX iteration 252/400 : Query Acc = 25.33, Avg Acc = 24.77% +- 0.65%
ChestX iteration 253/400 : Query Acc = 21.33, Avg Acc = 24.76% +- 0.65%
ChestX iteration 254/400 : Query Acc = 14.67, Avg Acc = 24.72% +- 0.65%
ChestX iteration 255/400 : Query Acc = 16.00, Avg Acc = 24.68% +- 0.65%
ChestX iteration 256/400 : Query Acc = 22.67, Avg Acc = 24.67% +- 0.65%
ChestX iteration 257/400 : Query Acc = 9.33, Avg Acc = 24.61% +- 0.66%
ChestX iteration 258/400 : Query Acc = 20.00, Avg Acc = 24.60% +- 0.66%
ChestX iteration 259/400 : Query Acc = 28.00, Avg Acc = 24.61% +- 0.65%
ChestX iteration 260/400 : Query Acc = 24.00, Avg Acc = 24.61% +- 0.65%
ChestX iteration 261/400 : Query Acc = 21.33, Avg Acc = 24.60% +- 0.65%
ChestX iteration 262/400 : Query Acc = 25.33, Avg Acc = 24.60% +- 0.65%
ChestX iteration 263/400 : Query Acc = 30.67, Avg Acc = 24.62% +- 0.65%
ChestX iteration 264/400 : Query Acc = 26.67, Avg Acc = 24.63% +- 0.64%
ChestX iteration 265/400 : Query Acc = 25.33, Avg Acc = 24.63% +- 0.64%
ChestX iteration 266/400 : Query Acc = 26.67, Avg Acc = 24.64% +- 0.64%
ChestX iteration 267/400 : Query Acc = 20.00, Avg Acc = 24.62% +- 0.64%
ChestX iteration 268/400 : Query Acc = 20.00, Avg Acc = 24.60% +- 0.64%
ChestX iteration 269/400 : Query Acc = 28.00, Avg Acc = 24.62% +- 0.63%
ChestX iteration 270/400 : Query Acc = 24.00, Avg Acc = 24.62% +- 0.63%
ChestX iteration 271/400 : Query Acc = 22.67, Avg Acc = 24.61% +- 0.63%
ChestX iteration 272/400 : Query Acc = 24.00, Avg Acc = 24.61% +- 0.63%
ChestX iteration 273/400 : Query Acc = 26.67, Avg Acc = 24.61% +- 0.63%
ChestX iteration 274/400 : Query Acc = 21.33, Avg Acc = 24.60% +- 0.62%
ChestX iteration 275/400 : Query Acc = 24.00, Avg Acc = 24.60% +- 0.62%
ChestX iteration 276/400 : Query Acc = 22.67, Avg Acc = 24.59% +- 0.62%
ChestX iteration 277/400 : Query Acc = 28.00, Avg Acc = 24.60% +- 0.62%
ChestX iteration 278/400 : Query Acc = 32.00, Avg Acc = 24.63% +- 0.62%
ChestX iteration 279/400 : Query Acc = 28.00, Avg Acc = 24.64% +- 0.62%
ChestX iteration 280/400 : Query Acc = 26.67, Avg Acc = 24.65% +- 0.61%
ChestX iteration 281/400 : Query Acc = 12.00, Avg Acc = 24.61% +- 0.62%
ChestX iteration 282/400 : Query Acc = 33.33, Avg Acc = 24.64% +- 0.62%
ChestX iteration 283/400 : Query Acc = 16.00, Avg Acc = 24.61% +- 0.62%
ChestX iteration 284/400 : Query Acc = 28.00, Avg Acc = 24.62% +- 0.62%
ChestX iteration 285/400 : Query Acc = 16.00, Avg Acc = 24.59% +- 0.62%
ChestX iteration 286/400 : Query Acc = 17.33, Avg Acc = 24.56% +- 0.62%
ChestX iteration 287/400 : Query Acc = 18.67, Avg Acc = 24.54% +- 0.62%
ChestX iteration 288/400 : Query Acc = 21.33, Avg Acc = 24.53% +- 0.62%
ChestX iteration 289/400 : Query Acc = 26.67, Avg Acc = 24.54% +- 0.61%
ChestX iteration 290/400 : Query Acc = 24.00, Avg Acc = 24.54% +- 0.61%
ChestX iteration 291/400 : Query Acc = 17.33, Avg Acc = 24.51% +- 0.61%
ChestX iteration 292/400 : Query Acc = 37.33, Avg Acc = 24.56% +- 0.62%
ChestX iteration 293/400 : Query Acc = 30.67, Avg Acc = 24.58% +- 0.61%
ChestX iteration 294/400 : Query Acc = 20.00, Avg Acc = 24.56% +- 0.61%
ChestX iteration 295/400 : Query Acc = 20.00, Avg Acc = 24.55% +- 0.61%
ChestX iteration 296/400 : Query Acc = 28.00, Avg Acc = 24.56% +- 0.61%
ChestX iteration 297/400 : Query Acc = 33.33, Avg Acc = 24.59% +- 0.61%
ChestX iteration 298/400 : Query Acc = 21.33, Avg Acc = 24.58% +- 0.61%
ChestX iteration 299/400 : Query Acc = 24.00, Avg Acc = 24.57% +- 0.61%
ChestX iteration 300/400 : Query Acc = 26.67, Avg Acc = 24.58% +- 0.61%
ChestX | 300 / 400 Acc = 24.58% +- 0.61%
ChestX iteration 301/400 : Query Acc = 26.67, Avg Acc = 24.59% +- 0.60%
ChestX iteration 302/400 : Query Acc = 24.00, Avg Acc = 24.59% +- 0.60%
ChestX iteration 303/400 : Query Acc = 20.00, Avg Acc = 24.57% +- 0.60%
ChestX iteration 304/400 : Query Acc = 21.33, Avg Acc = 24.56% +- 0.60%
ChestX iteration 305/400 : Query Acc = 22.67, Avg Acc = 24.55% +- 0.60%
ChestX iteration 306/400 : Query Acc = 30.67, Avg Acc = 24.57% +- 0.60%
ChestX iteration 307/400 : Query Acc = 36.00, Avg Acc = 24.61% +- 0.60%
ChestX iteration 308/400 : Query Acc = 21.33, Avg Acc = 24.60% +- 0.60%
ChestX iteration 309/400 : Query Acc = 26.67, Avg Acc = 24.61% +- 0.60%
ChestX iteration 310/400 : Query Acc = 28.00, Avg Acc = 24.62% +- 0.59%
ChestX iteration 311/400 : Query Acc = 21.33, Avg Acc = 24.61% +- 0.59%
ChestX iteration 312/400 : Query Acc = 20.00, Avg Acc = 24.59% +- 0.59%
ChestX iteration 313/400 : Query Acc = 24.00, Avg Acc = 24.59% +- 0.59%
ChestX iteration 314/400 : Query Acc = 22.67, Avg Acc = 24.58% +- 0.59%
ChestX iteration 315/400 : Query Acc = 22.67, Avg Acc = 24.58% +- 0.59%
ChestX iteration 316/400 : Query Acc = 17.33, Avg Acc = 24.56% +- 0.59%
ChestX iteration 317/400 : Query Acc = 21.33, Avg Acc = 24.55% +- 0.58%
ChestX iteration 318/400 : Query Acc = 14.67, Avg Acc = 24.51% +- 0.59%
ChestX iteration 319/400 : Query Acc = 28.00, Avg Acc = 24.52% +- 0.58%
ChestX iteration 320/400 : Query Acc = 21.33, Avg Acc = 24.52% +- 0.58%
ChestX iteration 321/400 : Query Acc = 24.00, Avg Acc = 24.51% +- 0.58%
ChestX iteration 322/400 : Query Acc = 22.67, Avg Acc = 24.51% +- 0.58%
ChestX iteration 323/400 : Query Acc = 25.33, Avg Acc = 24.51% +- 0.58%
ChestX iteration 324/400 : Query Acc = 26.67, Avg Acc = 24.52% +- 0.58%
ChestX iteration 325/400 : Query Acc = 22.67, Avg Acc = 24.51% +- 0.57%
ChestX iteration 326/400 : Query Acc = 22.67, Avg Acc = 24.51% +- 0.57%
ChestX iteration 327/400 : Query Acc = 25.33, Avg Acc = 24.51% +- 0.57%
ChestX iteration 328/400 : Query Acc = 20.00, Avg Acc = 24.49% +- 0.57%
ChestX iteration 329/400 : Query Acc = 20.00, Avg Acc = 24.48% +- 0.57%
ChestX iteration 330/400 : Query Acc = 36.00, Avg Acc = 24.52% +- 0.57%
ChestX iteration 331/400 : Query Acc = 36.00, Avg Acc = 24.55% +- 0.57%
ChestX iteration 332/400 : Query Acc = 14.67, Avg Acc = 24.52% +- 0.57%
ChestX iteration 333/400 : Query Acc = 21.33, Avg Acc = 24.51% +- 0.57%
ChestX iteration 334/400 : Query Acc = 21.33, Avg Acc = 24.50% +- 0.57%
ChestX iteration 335/400 : Query Acc = 24.00, Avg Acc = 24.50% +- 0.57%
ChestX iteration 336/400 : Query Acc = 13.33, Avg Acc = 24.47% +- 0.57%
ChestX iteration 337/400 : Query Acc = 20.00, Avg Acc = 24.45% +- 0.57%
ChestX iteration 338/400 : Query Acc = 26.67, Avg Acc = 24.46% +- 0.57%
ChestX iteration 339/400 : Query Acc = 26.67, Avg Acc = 24.47% +- 0.57%
ChestX iteration 340/400 : Query Acc = 22.67, Avg Acc = 24.46% +- 0.57%
ChestX iteration 341/400 : Query Acc = 28.00, Avg Acc = 24.47% +- 0.56%
ChestX iteration 342/400 : Query Acc = 24.00, Avg Acc = 24.47% +- 0.56%
ChestX iteration 343/400 : Query Acc = 42.67, Avg Acc = 24.52% +- 0.57%
ChestX iteration 344/400 : Query Acc = 26.67, Avg Acc = 24.53% +- 0.57%
ChestX iteration 345/400 : Query Acc = 20.00, Avg Acc = 24.52% +- 0.57%
ChestX iteration 346/400 : Query Acc = 33.33, Avg Acc = 24.54% +- 0.57%
ChestX iteration 347/400 : Query Acc = 21.33, Avg Acc = 24.53% +- 0.57%
ChestX iteration 348/400 : Query Acc = 14.67, Avg Acc = 24.50% +- 0.57%
ChestX iteration 349/400 : Query Acc = 24.00, Avg Acc = 24.50% +- 0.57%
ChestX iteration 350/400 : Query Acc = 22.67, Avg Acc = 24.50% +- 0.57%
ChestX iteration 351/400 : Query Acc = 22.67, Avg Acc = 24.49% +- 0.56%
ChestX iteration 352/400 : Query Acc = 28.00, Avg Acc = 24.50% +- 0.56%
ChestX iteration 353/400 : Query Acc = 29.33, Avg Acc = 24.52% +- 0.56%
ChestX iteration 354/400 : Query Acc = 29.33, Avg Acc = 24.53% +- 0.56%
ChestX iteration 355/400 : Query Acc = 20.00, Avg Acc = 24.52% +- 0.56%
ChestX iteration 356/400 : Query Acc = 28.00, Avg Acc = 24.53% +- 0.56%
ChestX iteration 357/400 : Query Acc = 29.33, Avg Acc = 24.54% +- 0.56%
ChestX iteration 358/400 : Query Acc = 22.67, Avg Acc = 24.53% +- 0.56%
ChestX iteration 359/400 : Query Acc = 28.00, Avg Acc = 24.54% +- 0.55%
ChestX iteration 360/400 : Query Acc = 37.33, Avg Acc = 24.58% +- 0.56%
ChestX iteration 361/400 : Query Acc = 29.33, Avg Acc = 24.59% +- 0.56%
ChestX iteration 362/400 : Query Acc = 24.00, Avg Acc = 24.59% +- 0.56%
ChestX iteration 363/400 : Query Acc = 20.00, Avg Acc = 24.58% +- 0.55%
ChestX iteration 364/400 : Query Acc = 24.00, Avg Acc = 24.58% +- 0.55%
ChestX iteration 365/400 : Query Acc = 20.00, Avg Acc = 24.56% +- 0.55%
ChestX iteration 366/400 : Query Acc = 21.33, Avg Acc = 24.56% +- 0.55%
ChestX iteration 367/400 : Query Acc = 17.33, Avg Acc = 24.54% +- 0.55%
ChestX iteration 368/400 : Query Acc = 21.33, Avg Acc = 24.53% +- 0.55%
ChestX iteration 369/400 : Query Acc = 29.33, Avg Acc = 24.54% +- 0.55%
ChestX iteration 370/400 : Query Acc = 24.00, Avg Acc = 24.54% +- 0.55%
ChestX iteration 371/400 : Query Acc = 30.67, Avg Acc = 24.56% +- 0.55%
ChestX iteration 372/400 : Query Acc = 21.33, Avg Acc = 24.55% +- 0.55%
ChestX iteration 373/400 : Query Acc = 29.33, Avg Acc = 24.56% +- 0.54%
ChestX iteration 374/400 : Query Acc = 22.67, Avg Acc = 24.55% +- 0.54%
ChestX iteration 375/400 : Query Acc = 26.67, Avg Acc = 24.56% +- 0.54%
ChestX iteration 376/400 : Query Acc = 22.67, Avg Acc = 24.56% +- 0.54%
ChestX iteration 377/400 : Query Acc = 30.67, Avg Acc = 24.57% +- 0.54%
ChestX iteration 378/400 : Query Acc = 24.00, Avg Acc = 24.57% +- 0.54%
ChestX iteration 379/400 : Query Acc = 22.67, Avg Acc = 24.56% +- 0.54%
ChestX iteration 380/400 : Query Acc = 17.33, Avg Acc = 24.55% +- 0.54%
ChestX iteration 381/400 : Query Acc = 21.33, Avg Acc = 24.54% +- 0.54%
ChestX iteration 382/400 : Query Acc = 21.33, Avg Acc = 24.53% +- 0.53%
ChestX iteration 383/400 : Query Acc = 28.00, Avg Acc = 24.54% +- 0.53%
ChestX iteration 384/400 : Query Acc = 26.67, Avg Acc = 24.54% +- 0.53%
ChestX iteration 385/400 : Query Acc = 24.00, Avg Acc = 24.54% +- 0.53%
ChestX iteration 386/400 : Query Acc = 18.67, Avg Acc = 24.53% +- 0.53%
ChestX iteration 387/400 : Query Acc = 22.67, Avg Acc = 24.52% +- 0.53%
ChestX iteration 388/400 : Query Acc = 29.33, Avg Acc = 24.53% +- 0.53%
ChestX iteration 389/400 : Query Acc = 17.33, Avg Acc = 24.52% +- 0.53%
ChestX iteration 390/400 : Query Acc = 30.67, Avg Acc = 24.53% +- 0.53%
ChestX iteration 391/400 : Query Acc = 22.67, Avg Acc = 24.53% +- 0.53%
ChestX iteration 392/400 : Query Acc = 34.67, Avg Acc = 24.55% +- 0.53%
ChestX iteration 393/400 : Query Acc = 29.33, Avg Acc = 24.57% +- 0.53%
ChestX iteration 394/400 : Query Acc = 25.33, Avg Acc = 24.57% +- 0.53%
ChestX iteration 395/400 : Query Acc = 21.33, Avg Acc = 24.56% +- 0.52%
ChestX iteration 396/400 : Query Acc = 29.33, Avg Acc = 24.57% +- 0.52%
ChestX iteration 397/400 : Query Acc = 26.67, Avg Acc = 24.58% +- 0.52%
ChestX iteration 398/400 : Query Acc = 21.33, Avg Acc = 24.57% +- 0.52%
ChestX iteration 399/400 : Query Acc = 28.00, Avg Acc = 24.58% +- 0.52%
Ches 400 Test Acc = 24.58% +- 0.52%
