set seed = 1
FineTune! 1 shots on ChestX dataset
ChestX iteration 0/800 : Query Acc = 34.67, Avg Acc = 34.67% +- 0.00%
ChestX | 0 / 800 Acc = 34.67% +- 0.00%
ChestX iteration 1/800 : Query Acc = 22.67, Avg Acc = 28.67% +- 8.32%
ChestX iteration 2/800 : Query Acc = 26.67, Avg Acc = 28.00% +- 5.65%
ChestX iteration 3/800 : Query Acc = 22.67, Avg Acc = 26.67% +- 4.80%
ChestX iteration 4/800 : Query Acc = 25.33, Avg Acc = 26.40% +- 3.87%
ChestX iteration 5/800 : Query Acc = 14.67, Avg Acc = 24.44% +- 4.76%
ChestX iteration 6/800 : Query Acc = 20.00, Avg Acc = 23.81% +- 4.24%
ChestX iteration 7/800 : Query Acc = 25.33, Avg Acc = 24.00% +- 3.72%
ChestX iteration 8/800 : Query Acc = 18.67, Avg Acc = 23.41% +- 3.49%
ChestX iteration 9/800 : Query Acc = 13.33, Avg Acc = 22.40% +- 3.65%
ChestX iteration 10/800 : Query Acc = 25.33, Avg Acc = 22.67% +- 3.36%
ChestX iteration 11/800 : Query Acc = 13.33, Avg Acc = 21.89% +- 3.41%
ChestX iteration 12/800 : Query Acc = 18.67, Avg Acc = 21.64% +- 3.18%
ChestX iteration 13/800 : Query Acc = 16.00, Avg Acc = 21.24% +- 3.05%
ChestX iteration 14/800 : Query Acc = 22.67, Avg Acc = 21.33% +- 2.85%
ChestX iteration 15/800 : Query Acc = 21.33, Avg Acc = 21.33% +- 2.67%
ChestX iteration 16/800 : Query Acc = 16.00, Avg Acc = 21.02% +- 2.59%
ChestX iteration 17/800 : Query Acc = 17.33, Avg Acc = 20.81% +- 2.47%
ChestX iteration 18/800 : Query Acc = 22.67, Avg Acc = 20.91% +- 2.35%
ChestX iteration 19/800 : Query Acc = 20.00, Avg Acc = 20.87% +- 2.23%
ChestX iteration 20/800 : Query Acc = 22.67, Avg Acc = 20.95% +- 2.13%
ChestX iteration 21/800 : Query Acc = 24.00, Avg Acc = 21.09% +- 2.05%
ChestX iteration 22/800 : Query Acc = 18.67, Avg Acc = 20.99% +- 1.98%
ChestX iteration 23/800 : Query Acc = 28.00, Avg Acc = 21.28% +- 1.97%
ChestX iteration 24/800 : Query Acc = 21.33, Avg Acc = 21.28% +- 1.90%
ChestX iteration 25/800 : Query Acc = 21.33, Avg Acc = 21.28% +- 1.82%
ChestX iteration 26/800 : Query Acc = 21.33, Avg Acc = 21.28% +- 1.76%
ChestX iteration 27/800 : Query Acc = 25.33, Avg Acc = 21.43% +- 1.72%
ChestX iteration 28/800 : Query Acc = 28.00, Avg Acc = 21.66% +- 1.71%
ChestX iteration 29/800 : Query Acc = 16.00, Avg Acc = 21.47% +- 1.70%
ChestX iteration 30/800 : Query Acc = 17.33, Avg Acc = 21.33% +- 1.66%
ChestX iteration 31/800 : Query Acc = 32.00, Avg Acc = 21.67% +- 1.73%
ChestX iteration 32/800 : Query Acc = 18.67, Avg Acc = 21.58% +- 1.69%
ChestX iteration 33/800 : Query Acc = 20.00, Avg Acc = 21.53% +- 1.64%
ChestX iteration 34/800 : Query Acc = 17.33, Avg Acc = 21.41% +- 1.61%
ChestX iteration 35/800 : Query Acc = 24.00, Avg Acc = 21.48% +- 1.57%
ChestX iteration 36/800 : Query Acc = 14.67, Avg Acc = 21.30% +- 1.57%
ChestX iteration 37/800 : Query Acc = 18.67, Avg Acc = 21.23% +- 1.54%
ChestX iteration 38/800 : Query Acc = 25.33, Avg Acc = 21.33% +- 1.51%
ChestX iteration 39/800 : Query Acc = 24.00, Avg Acc = 21.40% +- 1.48%
ChestX iteration 40/800 : Query Acc = 13.33, Avg Acc = 21.20% +- 1.49%
ChestX iteration 41/800 : Query Acc = 33.33, Avg Acc = 21.49% +- 1.56%
ChestX iteration 42/800 : Query Acc = 25.33, Avg Acc = 21.58% +- 1.53%
ChestX iteration 43/800 : Query Acc = 21.33, Avg Acc = 21.58% +- 1.50%
ChestX iteration 44/800 : Query Acc = 22.67, Avg Acc = 21.60% +- 1.47%
ChestX iteration 45/800 : Query Acc = 16.00, Avg Acc = 21.48% +- 1.45%
ChestX iteration 46/800 : Query Acc = 26.67, Avg Acc = 21.59% +- 1.44%
ChestX iteration 47/800 : Query Acc = 28.00, Avg Acc = 21.72% +- 1.43%
ChestX iteration 48/800 : Query Acc = 21.33, Avg Acc = 21.71% +- 1.40%
ChestX iteration 49/800 : Query Acc = 20.00, Avg Acc = 21.68% +- 1.38%
ChestX iteration 50/800 : Query Acc = 18.67, Avg Acc = 21.62% +- 1.35%
ChestX iteration 51/800 : Query Acc = 21.33, Avg Acc = 21.62% +- 1.33%
ChestX iteration 52/800 : Query Acc = 24.00, Avg Acc = 21.66% +- 1.31%
ChestX iteration 53/800 : Query Acc = 21.33, Avg Acc = 21.65% +- 1.28%
ChestX iteration 54/800 : Query Acc = 24.00, Avg Acc = 21.70% +- 1.26%
ChestX iteration 55/800 : Query Acc = 14.67, Avg Acc = 21.57% +- 1.26%
ChestX iteration 56/800 : Query Acc = 18.67, Avg Acc = 21.52% +- 1.24%
ChestX iteration 57/800 : Query Acc = 17.33, Avg Acc = 21.45% +- 1.23%
ChestX iteration 58/800 : Query Acc = 25.33, Avg Acc = 21.51% +- 1.22%
ChestX iteration 59/800 : Query Acc = 20.00, Avg Acc = 21.49% +- 1.20%
ChestX iteration 60/800 : Query Acc = 18.67, Avg Acc = 21.44% +- 1.18%
ChestX iteration 61/800 : Query Acc = 14.67, Avg Acc = 21.33% +- 1.18%
ChestX iteration 62/800 : Query Acc = 18.67, Avg Acc = 21.29% +- 1.17%
ChestX iteration 63/800 : Query Acc = 9.33, Avg Acc = 21.10% +- 1.20%
ChestX iteration 64/800 : Query Acc = 22.67, Avg Acc = 21.13% +- 1.19%
ChestX iteration 65/800 : Query Acc = 18.67, Avg Acc = 21.09% +- 1.17%
ChestX iteration 66/800 : Query Acc = 16.00, Avg Acc = 21.01% +- 1.16%
ChestX iteration 67/800 : Query Acc = 22.67, Avg Acc = 21.04% +- 1.15%
ChestX iteration 68/800 : Query Acc = 25.33, Avg Acc = 21.10% +- 1.14%
ChestX iteration 69/800 : Query Acc = 22.67, Avg Acc = 21.12% +- 1.12%
ChestX iteration 70/800 : Query Acc = 22.67, Avg Acc = 21.15% +- 1.11%
ChestX iteration 71/800 : Query Acc = 21.33, Avg Acc = 21.15% +- 1.09%
ChestX iteration 72/800 : Query Acc = 20.00, Avg Acc = 21.13% +- 1.08%
ChestX iteration 73/800 : Query Acc = 30.67, Avg Acc = 21.26% +- 1.09%
ChestX iteration 74/800 : Query Acc = 20.00, Avg Acc = 21.24% +- 1.08%
ChestX iteration 75/800 : Query Acc = 20.00, Avg Acc = 21.23% +- 1.06%
ChestX iteration 76/800 : Query Acc = 16.00, Avg Acc = 21.16% +- 1.06%
ChestX iteration 77/800 : Query Acc = 18.67, Avg Acc = 21.13% +- 1.05%
ChestX iteration 78/800 : Query Acc = 24.00, Avg Acc = 21.16% +- 1.03%
ChestX iteration 79/800 : Query Acc = 21.33, Avg Acc = 21.17% +- 1.02%
ChestX iteration 80/800 : Query Acc = 26.67, Avg Acc = 21.23% +- 1.02%
ChestX iteration 81/800 : Query Acc = 18.67, Avg Acc = 21.20% +- 1.01%
ChestX iteration 82/800 : Query Acc = 26.67, Avg Acc = 21.27% +- 1.00%
ChestX iteration 83/800 : Query Acc = 30.67, Avg Acc = 21.38% +- 1.02%
ChestX iteration 84/800 : Query Acc = 18.67, Avg Acc = 21.35% +- 1.01%
ChestX iteration 85/800 : Query Acc = 24.00, Avg Acc = 21.38% +- 1.00%
ChestX iteration 86/800 : Query Acc = 18.67, Avg Acc = 21.35% +- 0.99%
ChestX iteration 87/800 : Query Acc = 22.67, Avg Acc = 21.36% +- 0.98%
ChestX iteration 88/800 : Query Acc = 22.67, Avg Acc = 21.38% +- 0.96%
ChestX iteration 89/800 : Query Acc = 25.33, Avg Acc = 21.42% +- 0.96%
ChestX iteration 90/800 : Query Acc = 26.67, Avg Acc = 21.48% +- 0.95%
ChestX iteration 91/800 : Query Acc = 22.67, Avg Acc = 21.49% +- 0.94%
ChestX iteration 92/800 : Query Acc = 21.33, Avg Acc = 21.49% +- 0.93%
ChestX iteration 93/800 : Query Acc = 22.67, Avg Acc = 21.50% +- 0.92%
ChestX iteration 94/800 : Query Acc = 21.33, Avg Acc = 21.50% +- 0.91%
ChestX iteration 95/800 : Query Acc = 16.00, Avg Acc = 21.44% +- 0.91%
ChestX iteration 96/800 : Query Acc = 28.00, Avg Acc = 21.51% +- 0.91%
ChestX iteration 97/800 : Query Acc = 21.33, Avg Acc = 21.51% +- 0.90%
ChestX iteration 98/800 : Query Acc = 24.00, Avg Acc = 21.54% +- 0.89%
ChestX iteration 99/800 : Query Acc = 21.33, Avg Acc = 21.53% +- 0.89%
ChestX iteration 100/800 : Query Acc = 17.33, Avg Acc = 21.49% +- 0.88%
ChestX | 100 / 800 Acc = 21.49% +- 0.88%
ChestX iteration 101/800 : Query Acc = 21.33, Avg Acc = 21.49% +- 0.87%
ChestX iteration 102/800 : Query Acc = 26.67, Avg Acc = 21.54% +- 0.87%
ChestX iteration 103/800 : Query Acc = 22.67, Avg Acc = 21.55% +- 0.86%
ChestX iteration 104/800 : Query Acc = 22.67, Avg Acc = 21.56% +- 0.85%
ChestX iteration 105/800 : Query Acc = 13.33, Avg Acc = 21.48% +- 0.86%
ChestX iteration 106/800 : Query Acc = 21.33, Avg Acc = 21.48% +- 0.85%
ChestX iteration 107/800 : Query Acc = 21.33, Avg Acc = 21.48% +- 0.84%
ChestX iteration 108/800 : Query Acc = 24.00, Avg Acc = 21.50% +- 0.84%
ChestX iteration 109/800 : Query Acc = 20.00, Avg Acc = 21.49% +- 0.83%
ChestX iteration 110/800 : Query Acc = 20.00, Avg Acc = 21.48% +- 0.82%
ChestX iteration 111/800 : Query Acc = 21.33, Avg Acc = 21.48% +- 0.81%
ChestX iteration 112/800 : Query Acc = 30.67, Avg Acc = 21.56% +- 0.82%
ChestX iteration 113/800 : Query Acc = 18.67, Avg Acc = 21.53% +- 0.82%
ChestX iteration 114/800 : Query Acc = 18.67, Avg Acc = 21.51% +- 0.81%
ChestX iteration 115/800 : Query Acc = 25.33, Avg Acc = 21.54% +- 0.81%
ChestX iteration 116/800 : Query Acc = 21.33, Avg Acc = 21.54% +- 0.80%
ChestX iteration 117/800 : Query Acc = 20.00, Avg Acc = 21.53% +- 0.79%
ChestX iteration 118/800 : Query Acc = 18.67, Avg Acc = 21.50% +- 0.79%
ChestX iteration 119/800 : Query Acc = 22.67, Avg Acc = 21.51% +- 0.78%
ChestX iteration 120/800 : Query Acc = 29.33, Avg Acc = 21.58% +- 0.79%
ChestX iteration 121/800 : Query Acc = 22.67, Avg Acc = 21.58% +- 0.78%
ChestX iteration 122/800 : Query Acc = 14.67, Avg Acc = 21.53% +- 0.78%
ChestX iteration 123/800 : Query Acc = 29.33, Avg Acc = 21.59% +- 0.78%
ChestX iteration 124/800 : Query Acc = 29.33, Avg Acc = 21.65% +- 0.79%
ChestX iteration 125/800 : Query Acc = 28.00, Avg Acc = 21.70% +- 0.79%
ChestX iteration 126/800 : Query Acc = 26.67, Avg Acc = 21.74% +- 0.78%
ChestX iteration 127/800 : Query Acc = 21.33, Avg Acc = 21.74% +- 0.78%
ChestX iteration 128/800 : Query Acc = 22.67, Avg Acc = 21.75% +- 0.77%
ChestX iteration 129/800 : Query Acc = 16.00, Avg Acc = 21.70% +- 0.77%
ChestX iteration 130/800 : Query Acc = 22.67, Avg Acc = 21.71% +- 0.77%
ChestX iteration 131/800 : Query Acc = 21.33, Avg Acc = 21.71% +- 0.76%
ChestX iteration 132/800 : Query Acc = 20.00, Avg Acc = 21.69% +- 0.75%
ChestX iteration 133/800 : Query Acc = 17.33, Avg Acc = 21.66% +- 0.75%
ChestX iteration 134/800 : Query Acc = 20.00, Avg Acc = 21.65% +- 0.75%
ChestX iteration 135/800 : Query Acc = 22.67, Avg Acc = 21.66% +- 0.74%
ChestX iteration 136/800 : Query Acc = 8.00, Avg Acc = 21.56% +- 0.76%
ChestX iteration 137/800 : Query Acc = 24.00, Avg Acc = 21.57% +- 0.76%
ChestX iteration 138/800 : Query Acc = 24.00, Avg Acc = 21.59% +- 0.75%
ChestX iteration 139/800 : Query Acc = 22.67, Avg Acc = 21.60% +- 0.75%
ChestX iteration 140/800 : Query Acc = 20.00, Avg Acc = 21.59% +- 0.74%
ChestX iteration 141/800 : Query Acc = 21.33, Avg Acc = 21.59% +- 0.74%
ChestX iteration 142/800 : Query Acc = 22.67, Avg Acc = 21.59% +- 0.73%
ChestX iteration 143/800 : Query Acc = 22.67, Avg Acc = 21.60% +- 0.73%
ChestX iteration 144/800 : Query Acc = 20.00, Avg Acc = 21.59% +- 0.72%
ChestX iteration 145/800 : Query Acc = 22.67, Avg Acc = 21.60% +- 0.72%
ChestX iteration 146/800 : Query Acc = 28.00, Avg Acc = 21.64% +- 0.72%
ChestX iteration 147/800 : Query Acc = 28.00, Avg Acc = 21.68% +- 0.72%
ChestX iteration 148/800 : Query Acc = 25.33, Avg Acc = 21.71% +- 0.71%
ChestX iteration 149/800 : Query Acc = 24.00, Avg Acc = 21.72% +- 0.71%
ChestX iteration 150/800 : Query Acc = 21.33, Avg Acc = 21.72% +- 0.71%
ChestX iteration 151/800 : Query Acc = 17.33, Avg Acc = 21.69% +- 0.70%
ChestX iteration 152/800 : Query Acc = 30.67, Avg Acc = 21.75% +- 0.71%
ChestX iteration 153/800 : Query Acc = 17.33, Avg Acc = 21.72% +- 0.71%
ChestX iteration 154/800 : Query Acc = 13.33, Avg Acc = 21.67% +- 0.71%
ChestX iteration 155/800 : Query Acc = 28.00, Avg Acc = 21.71% +- 0.71%
ChestX iteration 156/800 : Query Acc = 24.00, Avg Acc = 21.72% +- 0.70%
ChestX iteration 157/800 : Query Acc = 22.67, Avg Acc = 21.73% +- 0.70%
ChestX iteration 158/800 : Query Acc = 24.00, Avg Acc = 21.74% +- 0.70%
ChestX iteration 159/800 : Query Acc = 20.00, Avg Acc = 21.73% +- 0.69%
ChestX iteration 160/800 : Query Acc = 25.33, Avg Acc = 21.76% +- 0.69%
ChestX iteration 161/800 : Query Acc = 20.00, Avg Acc = 21.74% +- 0.69%
ChestX iteration 162/800 : Query Acc = 21.33, Avg Acc = 21.74% +- 0.68%
ChestX iteration 163/800 : Query Acc = 26.67, Avg Acc = 21.77% +- 0.68%
ChestX iteration 164/800 : Query Acc = 20.00, Avg Acc = 21.76% +- 0.68%
ChestX iteration 165/800 : Query Acc = 20.00, Avg Acc = 21.75% +- 0.67%
ChestX iteration 166/800 : Query Acc = 13.33, Avg Acc = 21.70% +- 0.68%
ChestX iteration 167/800 : Query Acc = 25.33, Avg Acc = 21.72% +- 0.67%
ChestX iteration 168/800 : Query Acc = 20.00, Avg Acc = 21.71% +- 0.67%
ChestX iteration 169/800 : Query Acc = 30.67, Avg Acc = 21.76% +- 0.67%
ChestX iteration 170/800 : Query Acc = 29.33, Avg Acc = 21.81% +- 0.67%
ChestX iteration 171/800 : Query Acc = 18.67, Avg Acc = 21.79% +- 0.67%
ChestX iteration 172/800 : Query Acc = 13.33, Avg Acc = 21.74% +- 0.67%
ChestX iteration 173/800 : Query Acc = 24.00, Avg Acc = 21.75% +- 0.67%
ChestX iteration 174/800 : Query Acc = 24.00, Avg Acc = 21.77% +- 0.67%
ChestX iteration 175/800 : Query Acc = 18.67, Avg Acc = 21.75% +- 0.67%
ChestX iteration 176/800 : Query Acc = 16.00, Avg Acc = 21.72% +- 0.66%
ChestX iteration 177/800 : Query Acc = 20.00, Avg Acc = 21.71% +- 0.66%
ChestX iteration 178/800 : Query Acc = 16.00, Avg Acc = 21.68% +- 0.66%
ChestX iteration 179/800 : Query Acc = 16.00, Avg Acc = 21.64% +- 0.66%
ChestX iteration 180/800 : Query Acc = 12.00, Avg Acc = 21.59% +- 0.66%
ChestX iteration 181/800 : Query Acc = 24.00, Avg Acc = 21.60% +- 0.66%
ChestX iteration 182/800 : Query Acc = 20.00, Avg Acc = 21.60% +- 0.66%
ChestX iteration 183/800 : Query Acc = 26.67, Avg Acc = 21.62% +- 0.66%
ChestX iteration 184/800 : Query Acc = 24.00, Avg Acc = 21.64% +- 0.65%
ChestX iteration 185/800 : Query Acc = 10.67, Avg Acc = 21.58% +- 0.66%
ChestX iteration 186/800 : Query Acc = 17.33, Avg Acc = 21.55% +- 0.66%
ChestX iteration 187/800 : Query Acc = 17.33, Avg Acc = 21.53% +- 0.66%
ChestX iteration 188/800 : Query Acc = 21.33, Avg Acc = 21.53% +- 0.65%
ChestX iteration 189/800 : Query Acc = 14.67, Avg Acc = 21.49% +- 0.65%
ChestX iteration 190/800 : Query Acc = 21.33, Avg Acc = 21.49% +- 0.65%
ChestX iteration 191/800 : Query Acc = 22.67, Avg Acc = 21.50% +- 0.65%
ChestX iteration 192/800 : Query Acc = 12.00, Avg Acc = 21.45% +- 0.65%
ChestX iteration 193/800 : Query Acc = 26.67, Avg Acc = 21.48% +- 0.65%
ChestX iteration 194/800 : Query Acc = 22.67, Avg Acc = 21.48% +- 0.65%
ChestX iteration 195/800 : Query Acc = 30.67, Avg Acc = 21.53% +- 0.65%
ChestX iteration 196/800 : Query Acc = 24.00, Avg Acc = 21.54% +- 0.65%
ChestX iteration 197/800 : Query Acc = 17.33, Avg Acc = 21.52% +- 0.64%
ChestX iteration 198/800 : Query Acc = 26.67, Avg Acc = 21.55% +- 0.64%
ChestX iteration 199/800 : Query Acc = 29.33, Avg Acc = 21.59% +- 0.64%
ChestX iteration 200/800 : Query Acc = 20.00, Avg Acc = 21.58% +- 0.64%
ChestX | 200 / 800 Acc = 21.58% +- 0.64%
ChestX iteration 201/800 : Query Acc = 21.33, Avg Acc = 21.58% +- 0.64%
ChestX iteration 202/800 : Query Acc = 25.33, Avg Acc = 21.60% +- 0.64%
ChestX iteration 203/800 : Query Acc = 22.67, Avg Acc = 21.60% +- 0.63%
ChestX iteration 204/800 : Query Acc = 24.00, Avg Acc = 21.61% +- 0.63%
ChestX iteration 205/800 : Query Acc = 18.67, Avg Acc = 21.60% +- 0.63%
ChestX iteration 206/800 : Query Acc = 24.00, Avg Acc = 21.61% +- 0.62%
ChestX iteration 207/800 : Query Acc = 13.33, Avg Acc = 21.57% +- 0.63%
ChestX iteration 208/800 : Query Acc = 25.33, Avg Acc = 21.59% +- 0.62%
ChestX iteration 209/800 : Query Acc = 21.33, Avg Acc = 21.59% +- 0.62%
ChestX iteration 210/800 : Query Acc = 22.67, Avg Acc = 21.59% +- 0.62%
ChestX iteration 211/800 : Query Acc = 22.67, Avg Acc = 21.60% +- 0.62%
ChestX iteration 212/800 : Query Acc = 21.33, Avg Acc = 21.60% +- 0.61%
ChestX iteration 213/800 : Query Acc = 17.33, Avg Acc = 21.58% +- 0.61%
ChestX iteration 214/800 : Query Acc = 28.00, Avg Acc = 21.61% +- 0.61%
ChestX iteration 215/800 : Query Acc = 13.33, Avg Acc = 21.57% +- 0.61%
ChestX iteration 216/800 : Query Acc = 25.33, Avg Acc = 21.59% +- 0.61%
ChestX iteration 217/800 : Query Acc = 18.67, Avg Acc = 21.57% +- 0.61%
ChestX iteration 218/800 : Query Acc = 18.67, Avg Acc = 21.56% +- 0.61%
ChestX iteration 219/800 : Query Acc = 28.00, Avg Acc = 21.59% +- 0.61%
ChestX iteration 220/800 : Query Acc = 25.33, Avg Acc = 21.60% +- 0.60%
ChestX iteration 221/800 : Query Acc = 24.00, Avg Acc = 21.62% +- 0.60%
ChestX iteration 222/800 : Query Acc = 30.67, Avg Acc = 21.66% +- 0.60%
ChestX iteration 223/800 : Query Acc = 22.67, Avg Acc = 21.66% +- 0.60%
ChestX iteration 224/800 : Query Acc = 20.00, Avg Acc = 21.65% +- 0.60%
ChestX iteration 225/800 : Query Acc = 24.00, Avg Acc = 21.66% +- 0.60%
ChestX iteration 226/800 : Query Acc = 17.33, Avg Acc = 21.64% +- 0.60%
ChestX iteration 227/800 : Query Acc = 29.33, Avg Acc = 21.68% +- 0.60%
ChestX iteration 228/800 : Query Acc = 20.00, Avg Acc = 21.67% +- 0.59%
ChestX iteration 229/800 : Query Acc = 24.00, Avg Acc = 21.68% +- 0.59%
ChestX iteration 230/800 : Query Acc = 13.33, Avg Acc = 21.65% +- 0.59%
ChestX iteration 231/800 : Query Acc = 18.67, Avg Acc = 21.63% +- 0.59%
ChestX iteration 232/800 : Query Acc = 17.33, Avg Acc = 21.61% +- 0.59%
ChestX iteration 233/800 : Query Acc = 22.67, Avg Acc = 21.62% +- 0.59%
ChestX iteration 234/800 : Query Acc = 21.33, Avg Acc = 21.62% +- 0.59%
ChestX iteration 235/800 : Query Acc = 24.00, Avg Acc = 21.63% +- 0.58%
ChestX iteration 236/800 : Query Acc = 16.00, Avg Acc = 21.60% +- 0.58%
ChestX iteration 237/800 : Query Acc = 22.67, Avg Acc = 21.61% +- 0.58%
ChestX iteration 238/800 : Query Acc = 14.67, Avg Acc = 21.58% +- 0.58%
ChestX iteration 239/800 : Query Acc = 28.00, Avg Acc = 21.61% +- 0.58%
ChestX iteration 240/800 : Query Acc = 18.67, Avg Acc = 21.59% +- 0.58%
ChestX iteration 241/800 : Query Acc = 25.33, Avg Acc = 21.61% +- 0.58%
ChestX iteration 242/800 : Query Acc = 17.33, Avg Acc = 21.59% +- 0.58%
ChestX iteration 243/800 : Query Acc = 26.67, Avg Acc = 21.61% +- 0.58%
ChestX iteration 244/800 : Query Acc = 18.67, Avg Acc = 21.60% +- 0.57%
ChestX iteration 245/800 : Query Acc = 22.67, Avg Acc = 21.60% +- 0.57%
ChestX iteration 246/800 : Query Acc = 17.33, Avg Acc = 21.59% +- 0.57%
ChestX iteration 247/800 : Query Acc = 20.00, Avg Acc = 21.58% +- 0.57%
ChestX iteration 248/800 : Query Acc = 28.00, Avg Acc = 21.61% +- 0.57%
ChestX iteration 249/800 : Query Acc = 20.00, Avg Acc = 21.60% +- 0.57%
ChestX iteration 250/800 : Query Acc = 21.33, Avg Acc = 21.60% +- 0.56%
ChestX iteration 251/800 : Query Acc = 24.00, Avg Acc = 21.61% +- 0.56%
ChestX iteration 252/800 : Query Acc = 24.00, Avg Acc = 21.62% +- 0.56%
ChestX iteration 253/800 : Query Acc = 12.00, Avg Acc = 21.58% +- 0.56%
ChestX iteration 254/800 : Query Acc = 24.00, Avg Acc = 21.59% +- 0.56%
ChestX iteration 255/800 : Query Acc = 24.00, Avg Acc = 21.60% +- 0.56%
ChestX iteration 256/800 : Query Acc = 17.33, Avg Acc = 21.58% +- 0.56%
ChestX iteration 257/800 : Query Acc = 25.33, Avg Acc = 21.60% +- 0.56%
ChestX iteration 258/800 : Query Acc = 22.67, Avg Acc = 21.60% +- 0.55%
ChestX iteration 259/800 : Query Acc = 28.00, Avg Acc = 21.63% +- 0.55%
ChestX iteration 260/800 : Query Acc = 26.67, Avg Acc = 21.64% +- 0.55%
ChestX iteration 261/800 : Query Acc = 13.33, Avg Acc = 21.61% +- 0.55%
ChestX iteration 262/800 : Query Acc = 25.33, Avg Acc = 21.63% +- 0.55%
ChestX iteration 263/800 : Query Acc = 25.33, Avg Acc = 21.64% +- 0.55%
ChestX iteration 264/800 : Query Acc = 26.67, Avg Acc = 21.66% +- 0.55%
ChestX iteration 265/800 : Query Acc = 17.33, Avg Acc = 21.64% +- 0.55%
ChestX iteration 266/800 : Query Acc = 16.00, Avg Acc = 21.62% +- 0.55%
ChestX iteration 267/800 : Query Acc = 16.00, Avg Acc = 21.60% +- 0.55%
ChestX iteration 268/800 : Query Acc = 25.33, Avg Acc = 21.62% +- 0.55%
ChestX iteration 269/800 : Query Acc = 22.67, Avg Acc = 21.62% +- 0.54%
ChestX iteration 270/800 : Query Acc = 18.67, Avg Acc = 21.61% +- 0.54%
ChestX iteration 271/800 : Query Acc = 12.00, Avg Acc = 21.57% +- 0.55%
ChestX iteration 272/800 : Query Acc = 21.33, Avg Acc = 21.57% +- 0.54%
ChestX iteration 273/800 : Query Acc = 24.00, Avg Acc = 21.58% +- 0.54%
ChestX iteration 274/800 : Query Acc = 24.00, Avg Acc = 21.59% +- 0.54%
ChestX iteration 275/800 : Query Acc = 24.00, Avg Acc = 21.60% +- 0.54%
ChestX iteration 276/800 : Query Acc = 21.33, Avg Acc = 21.60% +- 0.54%
ChestX iteration 277/800 : Query Acc = 22.67, Avg Acc = 21.60% +- 0.53%
ChestX iteration 278/800 : Query Acc = 30.67, Avg Acc = 21.63% +- 0.54%
ChestX iteration 279/800 : Query Acc = 18.67, Avg Acc = 21.62% +- 0.53%
ChestX iteration 280/800 : Query Acc = 29.33, Avg Acc = 21.65% +- 0.54%
ChestX iteration 281/800 : Query Acc = 25.33, Avg Acc = 21.66% +- 0.53%
ChestX iteration 282/800 : Query Acc = 18.67, Avg Acc = 21.65% +- 0.53%
ChestX iteration 283/800 : Query Acc = 22.67, Avg Acc = 21.66% +- 0.53%
ChestX iteration 284/800 : Query Acc = 22.67, Avg Acc = 21.66% +- 0.53%
ChestX iteration 285/800 : Query Acc = 21.33, Avg Acc = 21.66% +- 0.53%
ChestX iteration 286/800 : Query Acc = 21.33, Avg Acc = 21.66% +- 0.53%
ChestX iteration 287/800 : Query Acc = 25.33, Avg Acc = 21.67% +- 0.52%
ChestX iteration 288/800 : Query Acc = 26.67, Avg Acc = 21.69% +- 0.52%
ChestX iteration 289/800 : Query Acc = 24.00, Avg Acc = 21.70% +- 0.52%
ChestX iteration 290/800 : Query Acc = 32.00, Avg Acc = 21.73% +- 0.52%
ChestX iteration 291/800 : Query Acc = 21.33, Avg Acc = 21.73% +- 0.52%
ChestX iteration 292/800 : Query Acc = 24.00, Avg Acc = 21.74% +- 0.52%
ChestX iteration 293/800 : Query Acc = 20.00, Avg Acc = 21.73% +- 0.52%
ChestX iteration 294/800 : Query Acc = 20.00, Avg Acc = 21.73% +- 0.52%
ChestX iteration 295/800 : Query Acc = 17.33, Avg Acc = 21.71% +- 0.52%
ChestX iteration 296/800 : Query Acc = 21.33, Avg Acc = 21.71% +- 0.52%
ChestX iteration 297/800 : Query Acc = 21.33, Avg Acc = 21.71% +- 0.51%
ChestX iteration 298/800 : Query Acc = 28.00, Avg Acc = 21.73% +- 0.51%
ChestX iteration 299/800 : Query Acc = 24.00, Avg Acc = 21.74% +- 0.51%
ChestX iteration 300/800 : Query Acc = 28.00, Avg Acc = 21.76% +- 0.51%
ChestX | 300 / 800 Acc = 21.76% +- 0.51%
ChestX iteration 301/800 : Query Acc = 25.33, Avg Acc = 21.77% +- 0.51%
ChestX iteration 302/800 : Query Acc = 21.33, Avg Acc = 21.77% +- 0.51%
ChestX iteration 303/800 : Query Acc = 16.00, Avg Acc = 21.75% +- 0.51%
ChestX iteration 304/800 : Query Acc = 14.67, Avg Acc = 21.73% +- 0.51%
ChestX iteration 305/800 : Query Acc = 18.67, Avg Acc = 21.72% +- 0.51%
ChestX iteration 306/800 : Query Acc = 17.33, Avg Acc = 21.70% +- 0.51%
ChestX iteration 307/800 : Query Acc = 20.00, Avg Acc = 21.70% +- 0.51%
ChestX iteration 308/800 : Query Acc = 18.67, Avg Acc = 21.69% +- 0.50%
ChestX iteration 309/800 : Query Acc = 17.33, Avg Acc = 21.67% +- 0.50%
ChestX iteration 310/800 : Query Acc = 34.67, Avg Acc = 21.71% +- 0.51%
ChestX iteration 311/800 : Query Acc = 16.00, Avg Acc = 21.70% +- 0.51%
ChestX iteration 312/800 : Query Acc = 20.00, Avg Acc = 21.69% +- 0.51%
ChestX iteration 313/800 : Query Acc = 26.67, Avg Acc = 21.71% +- 0.51%
ChestX iteration 314/800 : Query Acc = 25.33, Avg Acc = 21.72% +- 0.50%
ChestX iteration 315/800 : Query Acc = 18.67, Avg Acc = 21.71% +- 0.50%
ChestX iteration 316/800 : Query Acc = 22.67, Avg Acc = 21.71% +- 0.50%
ChestX iteration 317/800 : Query Acc = 26.67, Avg Acc = 21.73% +- 0.50%
ChestX iteration 318/800 : Query Acc = 12.00, Avg Acc = 21.70% +- 0.50%
ChestX iteration 319/800 : Query Acc = 30.67, Avg Acc = 21.73% +- 0.50%
ChestX iteration 320/800 : Query Acc = 29.33, Avg Acc = 21.75% +- 0.51%
ChestX iteration 321/800 : Query Acc = 21.33, Avg Acc = 21.75% +- 0.50%
ChestX iteration 322/800 : Query Acc = 26.67, Avg Acc = 21.76% +- 0.50%
ChestX iteration 323/800 : Query Acc = 16.00, Avg Acc = 21.74% +- 0.50%
ChestX iteration 324/800 : Query Acc = 28.00, Avg Acc = 21.76% +- 0.50%
ChestX iteration 325/800 : Query Acc = 20.00, Avg Acc = 21.76% +- 0.50%
ChestX iteration 326/800 : Query Acc = 16.00, Avg Acc = 21.74% +- 0.50%
ChestX iteration 327/800 : Query Acc = 22.67, Avg Acc = 21.74% +- 0.50%
ChestX iteration 328/800 : Query Acc = 20.00, Avg Acc = 21.74% +- 0.50%
ChestX iteration 329/800 : Query Acc = 20.00, Avg Acc = 21.73% +- 0.50%
ChestX iteration 330/800 : Query Acc = 22.67, Avg Acc = 21.74% +- 0.50%
ChestX iteration 331/800 : Query Acc = 17.33, Avg Acc = 21.72% +- 0.49%
ChestX iteration 332/800 : Query Acc = 22.67, Avg Acc = 21.73% +- 0.49%
ChestX iteration 333/800 : Query Acc = 18.67, Avg Acc = 21.72% +- 0.49%
ChestX iteration 334/800 : Query Acc = 20.00, Avg Acc = 21.71% +- 0.49%
ChestX iteration 335/800 : Query Acc = 21.33, Avg Acc = 21.71% +- 0.49%
ChestX iteration 336/800 : Query Acc = 18.67, Avg Acc = 21.70% +- 0.49%
ChestX iteration 337/800 : Query Acc = 25.33, Avg Acc = 21.71% +- 0.49%
ChestX iteration 338/800 : Query Acc = 20.00, Avg Acc = 21.71% +- 0.49%
ChestX iteration 339/800 : Query Acc = 30.67, Avg Acc = 21.73% +- 0.49%
ChestX iteration 340/800 : Query Acc = 24.00, Avg Acc = 21.74% +- 0.49%
ChestX iteration 341/800 : Query Acc = 20.00, Avg Acc = 21.73% +- 0.48%
ChestX iteration 342/800 : Query Acc = 20.00, Avg Acc = 21.73% +- 0.48%
ChestX iteration 343/800 : Query Acc = 25.33, Avg Acc = 21.74% +- 0.48%
ChestX iteration 344/800 : Query Acc = 18.67, Avg Acc = 21.73% +- 0.48%
ChestX iteration 345/800 : Query Acc = 26.67, Avg Acc = 21.75% +- 0.48%
ChestX iteration 346/800 : Query Acc = 13.33, Avg Acc = 21.72% +- 0.48%
ChestX iteration 347/800 : Query Acc = 25.33, Avg Acc = 21.73% +- 0.48%
ChestX iteration 348/800 : Query Acc = 16.00, Avg Acc = 21.72% +- 0.48%
ChestX iteration 349/800 : Query Acc = 18.67, Avg Acc = 21.71% +- 0.48%
ChestX iteration 350/800 : Query Acc = 25.33, Avg Acc = 21.72% +- 0.48%
ChestX iteration 351/800 : Query Acc = 25.33, Avg Acc = 21.73% +- 0.48%
ChestX iteration 352/800 : Query Acc = 14.67, Avg Acc = 21.71% +- 0.48%
ChestX iteration 353/800 : Query Acc = 17.33, Avg Acc = 21.69% +- 0.48%
ChestX iteration 354/800 : Query Acc = 20.00, Avg Acc = 21.69% +- 0.48%
ChestX iteration 355/800 : Query Acc = 21.33, Avg Acc = 21.69% +- 0.47%
ChestX iteration 356/800 : Query Acc = 20.00, Avg Acc = 21.68% +- 0.47%
ChestX iteration 357/800 : Query Acc = 17.33, Avg Acc = 21.67% +- 0.47%
ChestX iteration 358/800 : Query Acc = 25.33, Avg Acc = 21.68% +- 0.47%
ChestX iteration 359/800 : Query Acc = 24.00, Avg Acc = 21.69% +- 0.47%
ChestX iteration 360/800 : Query Acc = 24.00, Avg Acc = 21.70% +- 0.47%
ChestX iteration 361/800 : Query Acc = 16.00, Avg Acc = 21.68% +- 0.47%
ChestX iteration 362/800 : Query Acc = 20.00, Avg Acc = 21.67% +- 0.47%
ChestX iteration 363/800 : Query Acc = 20.00, Avg Acc = 21.67% +- 0.47%
ChestX iteration 364/800 : Query Acc = 22.67, Avg Acc = 21.67% +- 0.46%
ChestX iteration 365/800 : Query Acc = 18.67, Avg Acc = 21.66% +- 0.46%
ChestX iteration 366/800 : Query Acc = 25.33, Avg Acc = 21.67% +- 0.46%
ChestX iteration 367/800 : Query Acc = 22.67, Avg Acc = 21.68% +- 0.46%
ChestX iteration 368/800 : Query Acc = 21.33, Avg Acc = 21.68% +- 0.46%
ChestX iteration 369/800 : Query Acc = 24.00, Avg Acc = 21.68% +- 0.46%
ChestX iteration 370/800 : Query Acc = 14.67, Avg Acc = 21.66% +- 0.46%
ChestX iteration 371/800 : Query Acc = 22.67, Avg Acc = 21.67% +- 0.46%
ChestX iteration 372/800 : Query Acc = 21.33, Avg Acc = 21.67% +- 0.46%
ChestX iteration 373/800 : Query Acc = 22.67, Avg Acc = 21.67% +- 0.46%
ChestX iteration 374/800 : Query Acc = 22.67, Avg Acc = 21.67% +- 0.46%
ChestX iteration 375/800 : Query Acc = 29.33, Avg Acc = 21.69% +- 0.46%
ChestX iteration 376/800 : Query Acc = 21.33, Avg Acc = 21.69% +- 0.45%
ChestX iteration 377/800 : Query Acc = 18.67, Avg Acc = 21.68% +- 0.45%
ChestX iteration 378/800 : Query Acc = 18.67, Avg Acc = 21.67% +- 0.45%
ChestX iteration 379/800 : Query Acc = 22.67, Avg Acc = 21.68% +- 0.45%
ChestX iteration 380/800 : Query Acc = 22.67, Avg Acc = 21.68% +- 0.45%
ChestX iteration 381/800 : Query Acc = 24.00, Avg Acc = 21.69% +- 0.45%
ChestX iteration 382/800 : Query Acc = 20.00, Avg Acc = 21.68% +- 0.45%
ChestX iteration 383/800 : Query Acc = 18.67, Avg Acc = 21.67% +- 0.45%
ChestX iteration 384/800 : Query Acc = 21.33, Avg Acc = 21.67% +- 0.45%
ChestX iteration 385/800 : Query Acc = 14.67, Avg Acc = 21.65% +- 0.45%
ChestX iteration 386/800 : Query Acc = 21.33, Avg Acc = 21.65% +- 0.45%
ChestX iteration 387/800 : Query Acc = 14.67, Avg Acc = 21.64% +- 0.45%
ChestX iteration 388/800 : Query Acc = 20.00, Avg Acc = 21.63% +- 0.44%
ChestX iteration 389/800 : Query Acc = 24.00, Avg Acc = 21.64% +- 0.44%
ChestX iteration 390/800 : Query Acc = 24.00, Avg Acc = 21.64% +- 0.44%
ChestX iteration 391/800 : Query Acc = 25.33, Avg Acc = 21.65% +- 0.44%
ChestX iteration 392/800 : Query Acc = 17.33, Avg Acc = 21.64% +- 0.44%
ChestX iteration 393/800 : Query Acc = 25.33, Avg Acc = 21.65% +- 0.44%
ChestX iteration 394/800 : Query Acc = 17.33, Avg Acc = 21.64% +- 0.44%
ChestX iteration 395/800 : Query Acc = 21.33, Avg Acc = 21.64% +- 0.44%
ChestX iteration 396/800 : Query Acc = 24.00, Avg Acc = 21.65% +- 0.44%
ChestX iteration 397/800 : Query Acc = 20.00, Avg Acc = 21.64% +- 0.44%
ChestX iteration 398/800 : Query Acc = 21.33, Avg Acc = 21.64% +- 0.44%
ChestX iteration 399/800 : Query Acc = 18.67, Avg Acc = 21.63% +- 0.43%
ChestX iteration 400/800 : Query Acc = 17.33, Avg Acc = 21.62% +- 0.43%
ChestX | 400 / 800 Acc = 21.62% +- 0.43%
ChestX iteration 401/800 : Query Acc = 21.33, Avg Acc = 21.62% +- 0.43%
ChestX iteration 402/800 : Query Acc = 17.33, Avg Acc = 21.61% +- 0.43%
ChestX iteration 403/800 : Query Acc = 29.33, Avg Acc = 21.63% +- 0.43%
ChestX iteration 404/800 : Query Acc = 25.33, Avg Acc = 21.64% +- 0.43%
ChestX iteration 405/800 : Query Acc = 25.33, Avg Acc = 21.65% +- 0.43%
ChestX iteration 406/800 : Query Acc = 22.67, Avg Acc = 21.65% +- 0.43%
ChestX iteration 407/800 : Query Acc = 18.67, Avg Acc = 21.64% +- 0.43%
ChestX iteration 408/800 : Query Acc = 21.33, Avg Acc = 21.64% +- 0.43%
ChestX iteration 409/800 : Query Acc = 24.00, Avg Acc = 21.65% +- 0.43%
ChestX iteration 410/800 : Query Acc = 17.33, Avg Acc = 21.64% +- 0.43%
ChestX iteration 411/800 : Query Acc = 20.00, Avg Acc = 21.63% +- 0.43%
ChestX iteration 412/800 : Query Acc = 24.00, Avg Acc = 21.64% +- 0.43%
ChestX iteration 413/800 : Query Acc = 26.67, Avg Acc = 21.65% +- 0.43%
ChestX iteration 414/800 : Query Acc = 18.67, Avg Acc = 21.64% +- 0.42%
ChestX iteration 415/800 : Query Acc = 9.33, Avg Acc = 21.62% +- 0.43%
ChestX iteration 416/800 : Query Acc = 22.67, Avg Acc = 21.62% +- 0.43%
ChestX iteration 417/800 : Query Acc = 20.00, Avg Acc = 21.61% +- 0.43%
ChestX iteration 418/800 : Query Acc = 18.67, Avg Acc = 21.61% +- 0.42%
ChestX iteration 419/800 : Query Acc = 21.33, Avg Acc = 21.61% +- 0.42%
ChestX iteration 420/800 : Query Acc = 17.33, Avg Acc = 21.60% +- 0.42%
ChestX iteration 421/800 : Query Acc = 22.67, Avg Acc = 21.60% +- 0.42%
ChestX iteration 422/800 : Query Acc = 26.67, Avg Acc = 21.61% +- 0.42%
ChestX iteration 423/800 : Query Acc = 21.33, Avg Acc = 21.61% +- 0.42%
ChestX iteration 424/800 : Query Acc = 26.67, Avg Acc = 21.62% +- 0.42%
ChestX iteration 425/800 : Query Acc = 26.67, Avg Acc = 21.63% +- 0.42%
ChestX iteration 426/800 : Query Acc = 22.67, Avg Acc = 21.64% +- 0.42%
ChestX iteration 427/800 : Query Acc = 29.33, Avg Acc = 21.65% +- 0.42%
ChestX iteration 428/800 : Query Acc = 20.00, Avg Acc = 21.65% +- 0.42%
ChestX iteration 429/800 : Query Acc = 22.67, Avg Acc = 21.65% +- 0.42%
ChestX iteration 430/800 : Query Acc = 18.67, Avg Acc = 21.65% +- 0.42%
ChestX iteration 431/800 : Query Acc = 21.33, Avg Acc = 21.65% +- 0.42%
ChestX iteration 432/800 : Query Acc = 14.67, Avg Acc = 21.63% +- 0.42%
ChestX iteration 433/800 : Query Acc = 24.00, Avg Acc = 21.63% +- 0.42%
ChestX iteration 434/800 : Query Acc = 22.67, Avg Acc = 21.64% +- 0.41%
ChestX iteration 435/800 : Query Acc = 24.00, Avg Acc = 21.64% +- 0.41%
ChestX iteration 436/800 : Query Acc = 22.67, Avg Acc = 21.64% +- 0.41%
ChestX iteration 437/800 : Query Acc = 20.00, Avg Acc = 21.64% +- 0.41%
ChestX iteration 438/800 : Query Acc = 14.67, Avg Acc = 21.62% +- 0.41%
ChestX iteration 439/800 : Query Acc = 21.33, Avg Acc = 21.62% +- 0.41%
ChestX iteration 440/800 : Query Acc = 30.67, Avg Acc = 21.64% +- 0.41%
ChestX iteration 441/800 : Query Acc = 22.67, Avg Acc = 21.65% +- 0.41%
ChestX iteration 442/800 : Query Acc = 17.33, Avg Acc = 21.64% +- 0.41%
ChestX iteration 443/800 : Query Acc = 21.33, Avg Acc = 21.64% +- 0.41%
ChestX iteration 444/800 : Query Acc = 22.67, Avg Acc = 21.64% +- 0.41%
ChestX iteration 445/800 : Query Acc = 24.00, Avg Acc = 21.64% +- 0.41%
ChestX iteration 446/800 : Query Acc = 25.33, Avg Acc = 21.65% +- 0.41%
ChestX iteration 447/800 : Query Acc = 18.67, Avg Acc = 21.65% +- 0.41%
ChestX iteration 448/800 : Query Acc = 24.00, Avg Acc = 21.65% +- 0.41%
ChestX iteration 449/800 : Query Acc = 18.67, Avg Acc = 21.64% +- 0.41%
ChestX iteration 450/800 : Query Acc = 32.00, Avg Acc = 21.67% +- 0.41%
ChestX iteration 451/800 : Query Acc = 24.00, Avg Acc = 21.67% +- 0.41%
ChestX iteration 452/800 : Query Acc = 16.00, Avg Acc = 21.66% +- 0.41%
ChestX iteration 453/800 : Query Acc = 22.67, Avg Acc = 21.66% +- 0.41%
ChestX iteration 454/800 : Query Acc = 22.67, Avg Acc = 21.66% +- 0.40%
ChestX iteration 455/800 : Query Acc = 22.67, Avg Acc = 21.67% +- 0.40%
ChestX iteration 456/800 : Query Acc = 18.67, Avg Acc = 21.66% +- 0.40%
ChestX iteration 457/800 : Query Acc = 21.33, Avg Acc = 21.66% +- 0.40%
ChestX iteration 458/800 : Query Acc = 22.67, Avg Acc = 21.66% +- 0.40%
ChestX iteration 459/800 : Query Acc = 14.67, Avg Acc = 21.65% +- 0.40%
ChestX iteration 460/800 : Query Acc = 28.00, Avg Acc = 21.66% +- 0.40%
ChestX iteration 461/800 : Query Acc = 26.67, Avg Acc = 21.67% +- 0.40%
ChestX iteration 462/800 : Query Acc = 18.67, Avg Acc = 21.66% +- 0.40%
ChestX iteration 463/800 : Query Acc = 37.33, Avg Acc = 21.70% +- 0.40%
ChestX iteration 464/800 : Query Acc = 22.67, Avg Acc = 21.70% +- 0.40%
ChestX iteration 465/800 : Query Acc = 25.33, Avg Acc = 21.71% +- 0.40%
ChestX iteration 466/800 : Query Acc = 20.00, Avg Acc = 21.70% +- 0.40%
ChestX iteration 467/800 : Query Acc = 28.00, Avg Acc = 21.72% +- 0.40%
ChestX iteration 468/800 : Query Acc = 22.67, Avg Acc = 21.72% +- 0.40%
ChestX iteration 469/800 : Query Acc = 12.00, Avg Acc = 21.70% +- 0.40%
ChestX iteration 470/800 : Query Acc = 21.33, Avg Acc = 21.70% +- 0.40%
ChestX iteration 471/800 : Query Acc = 18.67, Avg Acc = 21.69% +- 0.40%
ChestX iteration 472/800 : Query Acc = 29.33, Avg Acc = 21.71% +- 0.40%
ChestX iteration 473/800 : Query Acc = 26.67, Avg Acc = 21.72% +- 0.40%
ChestX iteration 474/800 : Query Acc = 21.33, Avg Acc = 21.72% +- 0.40%
ChestX iteration 475/800 : Query Acc = 21.33, Avg Acc = 21.72% +- 0.40%
ChestX iteration 476/800 : Query Acc = 18.67, Avg Acc = 21.71% +- 0.40%
ChestX iteration 477/800 : Query Acc = 28.00, Avg Acc = 21.72% +- 0.40%
ChestX iteration 478/800 : Query Acc = 26.67, Avg Acc = 21.73% +- 0.40%
ChestX iteration 479/800 : Query Acc = 25.33, Avg Acc = 21.74% +- 0.40%
ChestX iteration 480/800 : Query Acc = 20.00, Avg Acc = 21.74% +- 0.40%
ChestX iteration 481/800 : Query Acc = 26.67, Avg Acc = 21.75% +- 0.40%
ChestX iteration 482/800 : Query Acc = 24.00, Avg Acc = 21.75% +- 0.40%
ChestX iteration 483/800 : Query Acc = 18.67, Avg Acc = 21.75% +- 0.40%
ChestX iteration 484/800 : Query Acc = 20.00, Avg Acc = 21.74% +- 0.40%
ChestX iteration 485/800 : Query Acc = 28.00, Avg Acc = 21.76% +- 0.40%
ChestX iteration 486/800 : Query Acc = 22.67, Avg Acc = 21.76% +- 0.39%
ChestX iteration 487/800 : Query Acc = 24.00, Avg Acc = 21.76% +- 0.39%
ChestX iteration 488/800 : Query Acc = 25.33, Avg Acc = 21.77% +- 0.39%
ChestX iteration 489/800 : Query Acc = 21.33, Avg Acc = 21.77% +- 0.39%
ChestX iteration 490/800 : Query Acc = 17.33, Avg Acc = 21.76% +- 0.39%
ChestX iteration 491/800 : Query Acc = 22.67, Avg Acc = 21.76% +- 0.39%
ChestX iteration 492/800 : Query Acc = 25.33, Avg Acc = 21.77% +- 0.39%
ChestX iteration 493/800 : Query Acc = 20.00, Avg Acc = 21.77% +- 0.39%
ChestX iteration 494/800 : Query Acc = 22.67, Avg Acc = 21.77% +- 0.39%
ChestX iteration 495/800 : Query Acc = 21.33, Avg Acc = 21.77% +- 0.39%
ChestX iteration 496/800 : Query Acc = 24.00, Avg Acc = 21.77% +- 0.39%
ChestX iteration 497/800 : Query Acc = 20.00, Avg Acc = 21.77% +- 0.39%
ChestX iteration 498/800 : Query Acc = 28.00, Avg Acc = 21.78% +- 0.39%
ChestX iteration 499/800 : Query Acc = 22.67, Avg Acc = 21.78% +- 0.39%
ChestX iteration 500/800 : Query Acc = 21.33, Avg Acc = 21.78% +- 0.39%
ChestX | 500 / 800 Acc = 21.78% +- 0.39%
ChestX iteration 501/800 : Query Acc = 24.00, Avg Acc = 21.78% +- 0.38%
ChestX iteration 502/800 : Query Acc = 17.33, Avg Acc = 21.78% +- 0.38%
ChestX iteration 503/800 : Query Acc = 21.33, Avg Acc = 21.78% +- 0.38%
ChestX iteration 504/800 : Query Acc = 13.33, Avg Acc = 21.76% +- 0.38%
ChestX iteration 505/800 : Query Acc = 18.67, Avg Acc = 21.75% +- 0.38%
ChestX iteration 506/800 : Query Acc = 22.67, Avg Acc = 21.75% +- 0.38%
ChestX iteration 507/800 : Query Acc = 20.00, Avg Acc = 21.75% +- 0.38%
ChestX iteration 508/800 : Query Acc = 20.00, Avg Acc = 21.75% +- 0.38%
ChestX iteration 509/800 : Query Acc = 14.67, Avg Acc = 21.73% +- 0.38%
ChestX iteration 510/800 : Query Acc = 24.00, Avg Acc = 21.74% +- 0.38%
ChestX iteration 511/800 : Query Acc = 20.00, Avg Acc = 21.73% +- 0.38%
ChestX iteration 512/800 : Query Acc = 18.67, Avg Acc = 21.73% +- 0.38%
ChestX iteration 513/800 : Query Acc = 18.67, Avg Acc = 21.72% +- 0.38%
ChestX iteration 514/800 : Query Acc = 17.33, Avg Acc = 21.71% +- 0.38%
ChestX iteration 515/800 : Query Acc = 14.67, Avg Acc = 21.70% +- 0.38%
ChestX iteration 516/800 : Query Acc = 22.67, Avg Acc = 21.70% +- 0.38%
ChestX iteration 517/800 : Query Acc = 33.33, Avg Acc = 21.72% +- 0.38%
ChestX iteration 518/800 : Query Acc = 22.67, Avg Acc = 21.73% +- 0.38%
ChestX iteration 519/800 : Query Acc = 25.33, Avg Acc = 21.73% +- 0.38%
ChestX iteration 520/800 : Query Acc = 22.67, Avg Acc = 21.74% +- 0.38%
ChestX iteration 521/800 : Query Acc = 17.33, Avg Acc = 21.73% +- 0.38%
ChestX iteration 522/800 : Query Acc = 16.00, Avg Acc = 21.72% +- 0.38%
ChestX iteration 523/800 : Query Acc = 21.33, Avg Acc = 21.72% +- 0.38%
ChestX iteration 524/800 : Query Acc = 24.00, Avg Acc = 21.72% +- 0.38%
ChestX iteration 525/800 : Query Acc = 28.00, Avg Acc = 21.73% +- 0.38%
ChestX iteration 526/800 : Query Acc = 22.67, Avg Acc = 21.73% +- 0.38%
ChestX iteration 527/800 : Query Acc = 13.33, Avg Acc = 21.72% +- 0.38%
ChestX iteration 528/800 : Query Acc = 21.33, Avg Acc = 21.72% +- 0.38%
ChestX iteration 529/800 : Query Acc = 24.00, Avg Acc = 21.72% +- 0.38%
ChestX iteration 530/800 : Query Acc = 22.67, Avg Acc = 21.72% +- 0.37%
ChestX iteration 531/800 : Query Acc = 9.33, Avg Acc = 21.70% +- 0.38%
ChestX iteration 532/800 : Query Acc = 20.00, Avg Acc = 21.70% +- 0.38%
ChestX iteration 533/800 : Query Acc = 17.33, Avg Acc = 21.69% +- 0.38%
ChestX iteration 534/800 : Query Acc = 18.67, Avg Acc = 21.68% +- 0.37%
ChestX iteration 535/800 : Query Acc = 25.33, Avg Acc = 21.69% +- 0.37%
ChestX iteration 536/800 : Query Acc = 21.33, Avg Acc = 21.69% +- 0.37%
ChestX iteration 537/800 : Query Acc = 25.33, Avg Acc = 21.70% +- 0.37%
ChestX iteration 538/800 : Query Acc = 20.00, Avg Acc = 21.69% +- 0.37%
ChestX iteration 539/800 : Query Acc = 28.00, Avg Acc = 21.70% +- 0.37%
ChestX iteration 540/800 : Query Acc = 24.00, Avg Acc = 21.71% +- 0.37%
ChestX iteration 541/800 : Query Acc = 28.00, Avg Acc = 21.72% +- 0.37%
ChestX iteration 542/800 : Query Acc = 20.00, Avg Acc = 21.72% +- 0.37%
ChestX iteration 543/800 : Query Acc = 22.67, Avg Acc = 21.72% +- 0.37%
ChestX iteration 544/800 : Query Acc = 20.00, Avg Acc = 21.71% +- 0.37%
ChestX iteration 545/800 : Query Acc = 21.33, Avg Acc = 21.71% +- 0.37%
ChestX iteration 546/800 : Query Acc = 30.67, Avg Acc = 21.73% +- 0.37%
ChestX iteration 547/800 : Query Acc = 21.33, Avg Acc = 21.73% +- 0.37%
ChestX iteration 548/800 : Query Acc = 20.00, Avg Acc = 21.73% +- 0.37%
ChestX iteration 549/800 : Query Acc = 17.33, Avg Acc = 21.72% +- 0.37%
ChestX iteration 550/800 : Query Acc = 20.00, Avg Acc = 21.72% +- 0.37%
ChestX iteration 551/800 : Query Acc = 28.00, Avg Acc = 21.73% +- 0.37%
ChestX iteration 552/800 : Query Acc = 25.33, Avg Acc = 21.73% +- 0.37%
ChestX iteration 553/800 : Query Acc = 14.67, Avg Acc = 21.72% +- 0.37%
ChestX iteration 554/800 : Query Acc = 20.00, Avg Acc = 21.72% +- 0.37%
ChestX iteration 555/800 : Query Acc = 26.67, Avg Acc = 21.73% +- 0.37%
ChestX iteration 556/800 : Query Acc = 18.67, Avg Acc = 21.72% +- 0.37%
ChestX iteration 557/800 : Query Acc = 22.67, Avg Acc = 21.72% +- 0.37%
ChestX iteration 558/800 : Query Acc = 22.67, Avg Acc = 21.72% +- 0.37%
ChestX iteration 559/800 : Query Acc = 20.00, Avg Acc = 21.72% +- 0.36%
ChestX iteration 560/800 : Query Acc = 13.33, Avg Acc = 21.71% +- 0.36%
ChestX iteration 561/800 : Query Acc = 29.33, Avg Acc = 21.72% +- 0.37%
ChestX iteration 562/800 : Query Acc = 21.33, Avg Acc = 21.72% +- 0.36%
ChestX iteration 563/800 : Query Acc = 21.33, Avg Acc = 21.72% +- 0.36%
ChestX iteration 564/800 : Query Acc = 22.67, Avg Acc = 21.72% +- 0.36%
ChestX iteration 565/800 : Query Acc = 17.33, Avg Acc = 21.71% +- 0.36%
ChestX iteration 566/800 : Query Acc = 21.33, Avg Acc = 21.71% +- 0.36%
ChestX iteration 567/800 : Query Acc = 21.33, Avg Acc = 21.71% +- 0.36%
ChestX iteration 568/800 : Query Acc = 20.00, Avg Acc = 21.71% +- 0.36%
ChestX iteration 569/800 : Query Acc = 25.33, Avg Acc = 21.71% +- 0.36%
ChestX iteration 570/800 : Query Acc = 24.00, Avg Acc = 21.72% +- 0.36%
ChestX iteration 571/800 : Query Acc = 20.00, Avg Acc = 21.72% +- 0.36%
ChestX iteration 572/800 : Query Acc = 18.67, Avg Acc = 21.71% +- 0.36%
ChestX iteration 573/800 : Query Acc = 20.00, Avg Acc = 21.71% +- 0.36%
ChestX iteration 574/800 : Query Acc = 22.67, Avg Acc = 21.71% +- 0.36%
ChestX iteration 575/800 : Query Acc = 20.00, Avg Acc = 21.71% +- 0.36%
ChestX iteration 576/800 : Query Acc = 18.67, Avg Acc = 21.70% +- 0.36%
ChestX iteration 577/800 : Query Acc = 24.00, Avg Acc = 21.70% +- 0.36%
ChestX iteration 578/800 : Query Acc = 25.33, Avg Acc = 21.71% +- 0.36%
ChestX iteration 579/800 : Query Acc = 28.00, Avg Acc = 21.72% +- 0.36%
ChestX iteration 580/800 : Query Acc = 9.33, Avg Acc = 21.70% +- 0.36%
ChestX iteration 581/800 : Query Acc = 20.00, Avg Acc = 21.70% +- 0.36%
ChestX iteration 582/800 : Query Acc = 14.67, Avg Acc = 21.69% +- 0.36%
ChestX iteration 583/800 : Query Acc = 16.00, Avg Acc = 21.68% +- 0.36%
ChestX iteration 584/800 : Query Acc = 9.33, Avg Acc = 21.65% +- 0.36%
ChestX iteration 585/800 : Query Acc = 17.33, Avg Acc = 21.65% +- 0.36%
ChestX iteration 586/800 : Query Acc = 21.33, Avg Acc = 21.65% +- 0.36%
ChestX iteration 587/800 : Query Acc = 22.67, Avg Acc = 21.65% +- 0.36%
ChestX iteration 588/800 : Query Acc = 30.67, Avg Acc = 21.66% +- 0.36%
ChestX iteration 589/800 : Query Acc = 24.00, Avg Acc = 21.67% +- 0.36%
ChestX iteration 590/800 : Query Acc = 21.33, Avg Acc = 21.67% +- 0.36%
ChestX iteration 591/800 : Query Acc = 16.00, Avg Acc = 21.66% +- 0.36%
ChestX iteration 592/800 : Query Acc = 18.67, Avg Acc = 21.65% +- 0.36%
ChestX iteration 593/800 : Query Acc = 30.67, Avg Acc = 21.67% +- 0.36%
ChestX iteration 594/800 : Query Acc = 25.33, Avg Acc = 21.67% +- 0.36%
ChestX iteration 595/800 : Query Acc = 26.67, Avg Acc = 21.68% +- 0.36%
ChestX iteration 596/800 : Query Acc = 25.33, Avg Acc = 21.69% +- 0.36%
ChestX iteration 597/800 : Query Acc = 18.67, Avg Acc = 21.68% +- 0.36%
ChestX iteration 598/800 : Query Acc = 16.00, Avg Acc = 21.67% +- 0.36%
ChestX iteration 599/800 : Query Acc = 16.00, Avg Acc = 21.66% +- 0.36%
ChestX iteration 600/800 : Query Acc = 28.00, Avg Acc = 21.67% +- 0.36%
ChestX | 600 / 800 Acc = 21.67% +- 0.36%
ChestX iteration 601/800 : Query Acc = 17.33, Avg Acc = 21.67% +- 0.36%
ChestX iteration 602/800 : Query Acc = 16.00, Avg Acc = 21.66% +- 0.36%
ChestX iteration 603/800 : Query Acc = 24.00, Avg Acc = 21.66% +- 0.35%
ChestX iteration 604/800 : Query Acc = 17.33, Avg Acc = 21.66% +- 0.35%
ChestX iteration 605/800 : Query Acc = 18.67, Avg Acc = 21.65% +- 0.35%
ChestX iteration 606/800 : Query Acc = 18.67, Avg Acc = 21.65% +- 0.35%
ChestX iteration 607/800 : Query Acc = 26.67, Avg Acc = 21.65% +- 0.35%
ChestX iteration 608/800 : Query Acc = 14.67, Avg Acc = 21.64% +- 0.35%
ChestX iteration 609/800 : Query Acc = 28.00, Avg Acc = 21.65% +- 0.35%
ChestX iteration 610/800 : Query Acc = 17.33, Avg Acc = 21.65% +- 0.35%
ChestX iteration 611/800 : Query Acc = 29.33, Avg Acc = 21.66% +- 0.35%
ChestX iteration 612/800 : Query Acc = 30.67, Avg Acc = 21.67% +- 0.35%
ChestX iteration 613/800 : Query Acc = 22.67, Avg Acc = 21.67% +- 0.35%
ChestX iteration 614/800 : Query Acc = 26.67, Avg Acc = 21.68% +- 0.35%
ChestX iteration 615/800 : Query Acc = 26.67, Avg Acc = 21.69% +- 0.35%
ChestX iteration 616/800 : Query Acc = 20.00, Avg Acc = 21.69% +- 0.35%
ChestX iteration 617/800 : Query Acc = 22.67, Avg Acc = 21.69% +- 0.35%
ChestX iteration 618/800 : Query Acc = 21.33, Avg Acc = 21.69% +- 0.35%
ChestX iteration 619/800 : Query Acc = 28.00, Avg Acc = 21.70% +- 0.35%
ChestX iteration 620/800 : Query Acc = 21.33, Avg Acc = 21.70% +- 0.35%
ChestX iteration 621/800 : Query Acc = 29.33, Avg Acc = 21.71% +- 0.35%
ChestX iteration 622/800 : Query Acc = 17.33, Avg Acc = 21.70% +- 0.35%
ChestX iteration 623/800 : Query Acc = 17.33, Avg Acc = 21.70% +- 0.35%
ChestX iteration 624/800 : Query Acc = 29.33, Avg Acc = 21.71% +- 0.35%
ChestX iteration 625/800 : Query Acc = 24.00, Avg Acc = 21.71% +- 0.35%
ChestX iteration 626/800 : Query Acc = 22.67, Avg Acc = 21.71% +- 0.35%
ChestX iteration 627/800 : Query Acc = 26.67, Avg Acc = 21.72% +- 0.35%
ChestX iteration 628/800 : Query Acc = 22.67, Avg Acc = 21.72% +- 0.35%
ChestX iteration 629/800 : Query Acc = 20.00, Avg Acc = 21.72% +- 0.35%
ChestX iteration 630/800 : Query Acc = 24.00, Avg Acc = 21.72% +- 0.35%
ChestX iteration 631/800 : Query Acc = 29.33, Avg Acc = 21.74% +- 0.35%
ChestX iteration 632/800 : Query Acc = 21.33, Avg Acc = 21.74% +- 0.35%
ChestX iteration 633/800 : Query Acc = 26.67, Avg Acc = 21.74% +- 0.35%
ChestX iteration 634/800 : Query Acc = 22.67, Avg Acc = 21.74% +- 0.35%
ChestX iteration 635/800 : Query Acc = 24.00, Avg Acc = 21.75% +- 0.35%
ChestX iteration 636/800 : Query Acc = 25.33, Avg Acc = 21.75% +- 0.35%
ChestX iteration 637/800 : Query Acc = 20.00, Avg Acc = 21.75% +- 0.35%
ChestX iteration 638/800 : Query Acc = 25.33, Avg Acc = 21.76% +- 0.35%
ChestX iteration 639/800 : Query Acc = 29.33, Avg Acc = 21.77% +- 0.35%
ChestX iteration 640/800 : Query Acc = 22.67, Avg Acc = 21.77% +- 0.34%
ChestX iteration 641/800 : Query Acc = 17.33, Avg Acc = 21.76% +- 0.34%
ChestX iteration 642/800 : Query Acc = 21.33, Avg Acc = 21.76% +- 0.34%
ChestX iteration 643/800 : Query Acc = 25.33, Avg Acc = 21.77% +- 0.34%
ChestX iteration 644/800 : Query Acc = 22.67, Avg Acc = 21.77% +- 0.34%
ChestX iteration 645/800 : Query Acc = 22.67, Avg Acc = 21.77% +- 0.34%
ChestX iteration 646/800 : Query Acc = 28.00, Avg Acc = 21.78% +- 0.34%
ChestX iteration 647/800 : Query Acc = 25.33, Avg Acc = 21.79% +- 0.34%
ChestX iteration 648/800 : Query Acc = 22.67, Avg Acc = 21.79% +- 0.34%
ChestX iteration 649/800 : Query Acc = 24.00, Avg Acc = 21.79% +- 0.34%
ChestX iteration 650/800 : Query Acc = 18.67, Avg Acc = 21.79% +- 0.34%
ChestX iteration 651/800 : Query Acc = 25.33, Avg Acc = 21.79% +- 0.34%
ChestX iteration 652/800 : Query Acc = 21.33, Avg Acc = 21.79% +- 0.34%
ChestX iteration 653/800 : Query Acc = 20.00, Avg Acc = 21.79% +- 0.34%
ChestX iteration 654/800 : Query Acc = 26.67, Avg Acc = 21.80% +- 0.34%
ChestX iteration 655/800 : Query Acc = 21.33, Avg Acc = 21.79% +- 0.34%
ChestX iteration 656/800 : Query Acc = 16.00, Avg Acc = 21.79% +- 0.34%
ChestX iteration 657/800 : Query Acc = 30.67, Avg Acc = 21.80% +- 0.34%
ChestX iteration 658/800 : Query Acc = 22.67, Avg Acc = 21.80% +- 0.34%
ChestX iteration 659/800 : Query Acc = 26.67, Avg Acc = 21.81% +- 0.34%
ChestX iteration 660/800 : Query Acc = 20.00, Avg Acc = 21.81% +- 0.34%
ChestX iteration 661/800 : Query Acc = 25.33, Avg Acc = 21.81% +- 0.34%
ChestX iteration 662/800 : Query Acc = 22.67, Avg Acc = 21.81% +- 0.34%
ChestX iteration 663/800 : Query Acc = 22.67, Avg Acc = 21.81% +- 0.34%
ChestX iteration 664/800 : Query Acc = 14.67, Avg Acc = 21.80% +- 0.34%
ChestX iteration 665/800 : Query Acc = 16.00, Avg Acc = 21.79% +- 0.34%
ChestX iteration 666/800 : Query Acc = 20.00, Avg Acc = 21.79% +- 0.34%
ChestX iteration 667/800 : Query Acc = 21.33, Avg Acc = 21.79% +- 0.34%
ChestX iteration 668/800 : Query Acc = 21.33, Avg Acc = 21.79% +- 0.34%
ChestX iteration 669/800 : Query Acc = 22.67, Avg Acc = 21.79% +- 0.33%
ChestX iteration 670/800 : Query Acc = 24.00, Avg Acc = 21.79% +- 0.33%
ChestX iteration 671/800 : Query Acc = 21.33, Avg Acc = 21.79% +- 0.33%
ChestX iteration 672/800 : Query Acc = 22.67, Avg Acc = 21.79% +- 0.33%
ChestX iteration 673/800 : Query Acc = 21.33, Avg Acc = 21.79% +- 0.33%
ChestX iteration 674/800 : Query Acc = 24.00, Avg Acc = 21.80% +- 0.33%
ChestX iteration 675/800 : Query Acc = 21.33, Avg Acc = 21.80% +- 0.33%
ChestX iteration 676/800 : Query Acc = 20.00, Avg Acc = 21.79% +- 0.33%
ChestX iteration 677/800 : Query Acc = 20.00, Avg Acc = 21.79% +- 0.33%
ChestX iteration 678/800 : Query Acc = 14.67, Avg Acc = 21.78% +- 0.33%
ChestX iteration 679/800 : Query Acc = 28.00, Avg Acc = 21.79% +- 0.33%
ChestX iteration 680/800 : Query Acc = 26.67, Avg Acc = 21.80% +- 0.33%
ChestX iteration 681/800 : Query Acc = 17.33, Avg Acc = 21.79% +- 0.33%
ChestX iteration 682/800 : Query Acc = 20.00, Avg Acc = 21.79% +- 0.33%
ChestX iteration 683/800 : Query Acc = 25.33, Avg Acc = 21.79% +- 0.33%
ChestX iteration 684/800 : Query Acc = 24.00, Avg Acc = 21.80% +- 0.33%
ChestX iteration 685/800 : Query Acc = 28.00, Avg Acc = 21.81% +- 0.33%
ChestX iteration 686/800 : Query Acc = 21.33, Avg Acc = 21.80% +- 0.33%
ChestX iteration 687/800 : Query Acc = 16.00, Avg Acc = 21.80% +- 0.33%
ChestX iteration 688/800 : Query Acc = 28.00, Avg Acc = 21.81% +- 0.33%
ChestX iteration 689/800 : Query Acc = 18.67, Avg Acc = 21.80% +- 0.33%
ChestX iteration 690/800 : Query Acc = 29.33, Avg Acc = 21.81% +- 0.33%
ChestX iteration 691/800 : Query Acc = 21.33, Avg Acc = 21.81% +- 0.33%
ChestX iteration 692/800 : Query Acc = 26.67, Avg Acc = 21.82% +- 0.33%
ChestX iteration 693/800 : Query Acc = 20.00, Avg Acc = 21.82% +- 0.33%
ChestX iteration 694/800 : Query Acc = 22.67, Avg Acc = 21.82% +- 0.33%
ChestX iteration 695/800 : Query Acc = 26.67, Avg Acc = 21.82% +- 0.33%
ChestX iteration 696/800 : Query Acc = 18.67, Avg Acc = 21.82% +- 0.33%
ChestX iteration 697/800 : Query Acc = 25.33, Avg Acc = 21.82% +- 0.33%
ChestX iteration 698/800 : Query Acc = 22.67, Avg Acc = 21.83% +- 0.33%
ChestX iteration 699/800 : Query Acc = 21.33, Avg Acc = 21.82% +- 0.33%
ChestX iteration 700/800 : Query Acc = 21.33, Avg Acc = 21.82% +- 0.33%
ChestX | 700 / 800 Acc = 21.82% +- 0.33%
ChestX iteration 701/800 : Query Acc = 16.00, Avg Acc = 21.82% +- 0.33%
ChestX iteration 702/800 : Query Acc = 10.67, Avg Acc = 21.80% +- 0.33%
ChestX iteration 703/800 : Query Acc = 16.00, Avg Acc = 21.79% +- 0.33%
ChestX iteration 704/800 : Query Acc = 26.67, Avg Acc = 21.80% +- 0.33%
ChestX iteration 705/800 : Query Acc = 20.00, Avg Acc = 21.80% +- 0.33%
ChestX iteration 706/800 : Query Acc = 14.67, Avg Acc = 21.79% +- 0.33%
ChestX iteration 707/800 : Query Acc = 26.67, Avg Acc = 21.79% +- 0.33%
ChestX iteration 708/800 : Query Acc = 9.33, Avg Acc = 21.78% +- 0.33%
ChestX iteration 709/800 : Query Acc = 25.33, Avg Acc = 21.78% +- 0.33%
ChestX iteration 710/800 : Query Acc = 28.00, Avg Acc = 21.79% +- 0.33%
ChestX iteration 711/800 : Query Acc = 29.33, Avg Acc = 21.80% +- 0.33%
ChestX iteration 712/800 : Query Acc = 20.00, Avg Acc = 21.80% +- 0.33%
ChestX iteration 713/800 : Query Acc = 20.00, Avg Acc = 21.79% +- 0.33%
ChestX iteration 714/800 : Query Acc = 21.33, Avg Acc = 21.79% +- 0.33%
ChestX iteration 715/800 : Query Acc = 30.67, Avg Acc = 21.81% +- 0.33%
ChestX iteration 716/800 : Query Acc = 20.00, Avg Acc = 21.80% +- 0.33%
ChestX iteration 717/800 : Query Acc = 22.67, Avg Acc = 21.81% +- 0.32%
ChestX iteration 718/800 : Query Acc = 22.67, Avg Acc = 21.81% +- 0.32%
ChestX iteration 719/800 : Query Acc = 25.33, Avg Acc = 21.81% +- 0.32%
ChestX iteration 720/800 : Query Acc = 18.67, Avg Acc = 21.81% +- 0.32%
ChestX iteration 721/800 : Query Acc = 24.00, Avg Acc = 21.81% +- 0.32%
ChestX iteration 722/800 : Query Acc = 26.67, Avg Acc = 21.82% +- 0.32%
ChestX iteration 723/800 : Query Acc = 21.33, Avg Acc = 21.82% +- 0.32%
ChestX iteration 724/800 : Query Acc = 17.33, Avg Acc = 21.81% +- 0.32%
ChestX iteration 725/800 : Query Acc = 28.00, Avg Acc = 21.82% +- 0.32%
ChestX iteration 726/800 : Query Acc = 22.67, Avg Acc = 21.82% +- 0.32%
ChestX iteration 727/800 : Query Acc = 20.00, Avg Acc = 21.82% +- 0.32%
ChestX iteration 728/800 : Query Acc = 16.00, Avg Acc = 21.81% +- 0.32%
ChestX iteration 729/800 : Query Acc = 18.67, Avg Acc = 21.80% +- 0.32%
ChestX iteration 730/800 : Query Acc = 28.00, Avg Acc = 21.81% +- 0.32%
ChestX iteration 731/800 : Query Acc = 22.67, Avg Acc = 21.81% +- 0.32%
ChestX iteration 732/800 : Query Acc = 22.67, Avg Acc = 21.82% +- 0.32%
ChestX iteration 733/800 : Query Acc = 16.00, Avg Acc = 21.81% +- 0.32%
ChestX iteration 734/800 : Query Acc = 25.33, Avg Acc = 21.81% +- 0.32%
ChestX iteration 735/800 : Query Acc = 20.00, Avg Acc = 21.81% +- 0.32%
ChestX iteration 736/800 : Query Acc = 12.00, Avg Acc = 21.80% +- 0.32%
ChestX iteration 737/800 : Query Acc = 17.33, Avg Acc = 21.79% +- 0.32%
ChestX iteration 738/800 : Query Acc = 17.33, Avg Acc = 21.78% +- 0.32%
ChestX iteration 739/800 : Query Acc = 21.33, Avg Acc = 21.78% +- 0.32%
ChestX iteration 740/800 : Query Acc = 20.00, Avg Acc = 21.78% +- 0.32%
ChestX iteration 741/800 : Query Acc = 21.33, Avg Acc = 21.78% +- 0.32%
ChestX iteration 742/800 : Query Acc = 22.67, Avg Acc = 21.78% +- 0.32%
ChestX iteration 743/800 : Query Acc = 20.00, Avg Acc = 21.78% +- 0.32%
ChestX iteration 744/800 : Query Acc = 26.67, Avg Acc = 21.79% +- 0.32%
ChestX iteration 745/800 : Query Acc = 17.33, Avg Acc = 21.78% +- 0.32%
ChestX iteration 746/800 : Query Acc = 20.00, Avg Acc = 21.78% +- 0.32%
ChestX iteration 747/800 : Query Acc = 26.67, Avg Acc = 21.78% +- 0.32%
ChestX iteration 748/800 : Query Acc = 26.67, Avg Acc = 21.79% +- 0.32%
ChestX iteration 749/800 : Query Acc = 20.00, Avg Acc = 21.79% +- 0.32%
ChestX iteration 750/800 : Query Acc = 21.33, Avg Acc = 21.79% +- 0.32%
ChestX iteration 751/800 : Query Acc = 17.33, Avg Acc = 21.78% +- 0.32%
ChestX iteration 752/800 : Query Acc = 32.00, Avg Acc = 21.80% +- 0.32%
ChestX iteration 753/800 : Query Acc = 17.33, Avg Acc = 21.79% +- 0.32%
ChestX iteration 754/800 : Query Acc = 25.33, Avg Acc = 21.79% +- 0.32%
ChestX iteration 755/800 : Query Acc = 17.33, Avg Acc = 21.79% +- 0.32%
ChestX iteration 756/800 : Query Acc = 16.00, Avg Acc = 21.78% +- 0.32%
ChestX iteration 757/800 : Query Acc = 29.33, Avg Acc = 21.79% +- 0.32%
ChestX iteration 758/800 : Query Acc = 21.33, Avg Acc = 21.79% +- 0.32%
ChestX iteration 759/800 : Query Acc = 22.67, Avg Acc = 21.79% +- 0.31%
ChestX iteration 760/800 : Query Acc = 22.67, Avg Acc = 21.79% +- 0.31%
ChestX iteration 761/800 : Query Acc = 17.33, Avg Acc = 21.79% +- 0.31%
ChestX iteration 762/800 : Query Acc = 21.33, Avg Acc = 21.79% +- 0.31%
ChestX iteration 763/800 : Query Acc = 22.67, Avg Acc = 21.79% +- 0.31%
ChestX iteration 764/800 : Query Acc = 25.33, Avg Acc = 21.79% +- 0.31%
ChestX iteration 765/800 : Query Acc = 21.33, Avg Acc = 21.79% +- 0.31%
ChestX iteration 766/800 : Query Acc = 17.33, Avg Acc = 21.79% +- 0.31%
ChestX iteration 767/800 : Query Acc = 17.33, Avg Acc = 21.78% +- 0.31%
ChestX iteration 768/800 : Query Acc = 18.67, Avg Acc = 21.78% +- 0.31%
ChestX iteration 769/800 : Query Acc = 21.33, Avg Acc = 21.77% +- 0.31%
ChestX iteration 770/800 : Query Acc = 21.33, Avg Acc = 21.77% +- 0.31%
ChestX iteration 771/800 : Query Acc = 18.67, Avg Acc = 21.77% +- 0.31%
ChestX iteration 772/800 : Query Acc = 24.00, Avg Acc = 21.77% +- 0.31%
ChestX iteration 773/800 : Query Acc = 26.67, Avg Acc = 21.78% +- 0.31%
ChestX iteration 774/800 : Query Acc = 26.67, Avg Acc = 21.79% +- 0.31%
ChestX iteration 775/800 : Query Acc = 16.00, Avg Acc = 21.78% +- 0.31%
ChestX iteration 776/800 : Query Acc = 22.67, Avg Acc = 21.78% +- 0.31%
ChestX iteration 777/800 : Query Acc = 21.33, Avg Acc = 21.78% +- 0.31%
ChestX iteration 778/800 : Query Acc = 20.00, Avg Acc = 21.78% +- 0.31%
ChestX iteration 779/800 : Query Acc = 20.00, Avg Acc = 21.77% +- 0.31%
ChestX iteration 780/800 : Query Acc = 22.67, Avg Acc = 21.78% +- 0.31%
ChestX iteration 781/800 : Query Acc = 18.67, Avg Acc = 21.77% +- 0.31%
ChestX iteration 782/800 : Query Acc = 28.00, Avg Acc = 21.78% +- 0.31%
ChestX iteration 783/800 : Query Acc = 22.67, Avg Acc = 21.78% +- 0.31%
ChestX iteration 784/800 : Query Acc = 28.00, Avg Acc = 21.79% +- 0.31%
ChestX iteration 785/800 : Query Acc = 32.00, Avg Acc = 21.80% +- 0.31%
ChestX iteration 786/800 : Query Acc = 22.67, Avg Acc = 21.80% +- 0.31%
ChestX iteration 787/800 : Query Acc = 24.00, Avg Acc = 21.81% +- 0.31%
ChestX iteration 788/800 : Query Acc = 38.67, Avg Acc = 21.83% +- 0.31%
ChestX iteration 789/800 : Query Acc = 26.67, Avg Acc = 21.83% +- 0.31%
ChestX iteration 790/800 : Query Acc = 18.67, Avg Acc = 21.83% +- 0.31%
ChestX iteration 791/800 : Query Acc = 24.00, Avg Acc = 21.83% +- 0.31%
ChestX iteration 792/800 : Query Acc = 16.00, Avg Acc = 21.82% +- 0.31%
ChestX iteration 793/800 : Query Acc = 18.67, Avg Acc = 21.82% +- 0.31%
ChestX iteration 794/800 : Query Acc = 21.33, Avg Acc = 21.82% +- 0.31%
ChestX iteration 795/800 : Query Acc = 20.00, Avg Acc = 21.82% +- 0.31%
ChestX iteration 796/800 : Query Acc = 17.33, Avg Acc = 21.81% +- 0.31%
ChestX iteration 797/800 : Query Acc = 14.67, Avg Acc = 21.80% +- 0.31%
ChestX iteration 798/800 : Query Acc = 22.67, Avg Acc = 21.80% +- 0.31%
ChestX iteration 799/800 : Query Acc = 18.67, Avg Acc = 21.80% +- 0.31%
Ches 800 Test Acc = 21.80% +- 0.31%
