set seed = 1
FineTune! 1 shots on EuroSAT dataset
EuroSAT iteration 0/800 : Query Acc = 72.00, Avg Acc = 72.00% +- 0.00%
EuroSAT | 0 / 800 Acc = 72.00% +- 0.00%
EuroSAT iteration 1/800 : Query Acc = 77.33, Avg Acc = 74.67% +- 3.70%
EuroSAT iteration 2/800 : Query Acc = 85.33, Avg Acc = 78.22% +- 6.20%
EuroSAT iteration 3/800 : Query Acc = 76.00, Avg Acc = 77.67% +- 4.75%
EuroSAT iteration 4/800 : Query Acc = 78.67, Avg Acc = 77.87% +- 3.81%
EuroSAT iteration 5/800 : Query Acc = 86.67, Avg Acc = 79.33% +- 4.12%
EuroSAT iteration 6/800 : Query Acc = 93.33, Avg Acc = 81.33% +- 5.06%
EuroSAT iteration 7/800 : Query Acc = 96.00, Avg Acc = 83.17% +- 5.56%
EuroSAT iteration 8/800 : Query Acc = 90.67, Avg Acc = 84.00% +- 5.18%
EuroSAT iteration 9/800 : Query Acc = 90.67, Avg Acc = 84.67% +- 4.82%
EuroSAT iteration 10/800 : Query Acc = 85.33, Avg Acc = 84.73% +- 4.39%
EuroSAT iteration 11/800 : Query Acc = 77.33, Avg Acc = 84.11% +- 4.18%
EuroSAT iteration 12/800 : Query Acc = 85.33, Avg Acc = 84.21% +- 3.87%
EuroSAT iteration 13/800 : Query Acc = 76.00, Avg Acc = 83.62% +- 3.76%
EuroSAT iteration 14/800 : Query Acc = 86.67, Avg Acc = 83.82% +- 3.53%
EuroSAT iteration 15/800 : Query Acc = 78.67, Avg Acc = 83.50% +- 3.36%
EuroSAT iteration 16/800 : Query Acc = 84.00, Avg Acc = 83.53% +- 3.16%
EuroSAT iteration 17/800 : Query Acc = 84.00, Avg Acc = 83.56% +- 2.99%
EuroSAT iteration 18/800 : Query Acc = 93.33, Avg Acc = 84.07% +- 3.00%
EuroSAT iteration 19/800 : Query Acc = 85.33, Avg Acc = 84.13% +- 2.85%
EuroSAT iteration 20/800 : Query Acc = 73.33, Avg Acc = 83.62% +- 2.89%
EuroSAT iteration 21/800 : Query Acc = 86.67, Avg Acc = 83.76% +- 2.77%
EuroSAT iteration 22/800 : Query Acc = 92.00, Avg Acc = 84.12% +- 2.74%
EuroSAT iteration 23/800 : Query Acc = 72.00, Avg Acc = 83.61% +- 2.80%
EuroSAT iteration 24/800 : Query Acc = 61.33, Avg Acc = 82.72% +- 3.18%
EuroSAT iteration 25/800 : Query Acc = 90.67, Avg Acc = 83.03% +- 3.12%
EuroSAT iteration 26/800 : Query Acc = 64.00, Avg Acc = 82.32% +- 3.29%
EuroSAT iteration 27/800 : Query Acc = 85.33, Avg Acc = 82.43% +- 3.18%
EuroSAT iteration 28/800 : Query Acc = 72.00, Avg Acc = 82.07% +- 3.15%
EuroSAT iteration 29/800 : Query Acc = 78.67, Avg Acc = 81.96% +- 3.05%
EuroSAT iteration 30/800 : Query Acc = 62.67, Avg Acc = 81.33% +- 3.19%
EuroSAT iteration 31/800 : Query Acc = 89.33, Avg Acc = 81.58% +- 3.13%
EuroSAT iteration 32/800 : Query Acc = 82.67, Avg Acc = 81.62% +- 3.03%
EuroSAT iteration 33/800 : Query Acc = 74.67, Avg Acc = 81.41% +- 2.97%
EuroSAT iteration 34/800 : Query Acc = 84.00, Avg Acc = 81.49% +- 2.89%
EuroSAT iteration 35/800 : Query Acc = 84.00, Avg Acc = 81.56% +- 2.81%
EuroSAT iteration 36/800 : Query Acc = 89.33, Avg Acc = 81.77% +- 2.76%
EuroSAT iteration 37/800 : Query Acc = 90.67, Avg Acc = 82.00% +- 2.73%
EuroSAT iteration 38/800 : Query Acc = 85.33, Avg Acc = 82.09% +- 2.66%
EuroSAT iteration 39/800 : Query Acc = 92.00, Avg Acc = 82.33% +- 2.64%
EuroSAT iteration 40/800 : Query Acc = 82.67, Avg Acc = 82.34% +- 2.58%
EuroSAT iteration 41/800 : Query Acc = 80.00, Avg Acc = 82.29% +- 2.52%
EuroSAT iteration 42/800 : Query Acc = 62.67, Avg Acc = 81.83% +- 2.61%
EuroSAT iteration 43/800 : Query Acc = 69.33, Avg Acc = 81.55% +- 2.61%
EuroSAT iteration 44/800 : Query Acc = 86.67, Avg Acc = 81.66% +- 2.56%
EuroSAT iteration 45/800 : Query Acc = 93.33, Avg Acc = 81.91% +- 2.56%
EuroSAT iteration 46/800 : Query Acc = 84.00, Avg Acc = 81.96% +- 2.50%
EuroSAT iteration 47/800 : Query Acc = 89.33, Avg Acc = 82.11% +- 2.47%
EuroSAT iteration 48/800 : Query Acc = 82.67, Avg Acc = 82.12% +- 2.42%
EuroSAT iteration 49/800 : Query Acc = 73.33, Avg Acc = 81.95% +- 2.40%
EuroSAT iteration 50/800 : Query Acc = 76.00, Avg Acc = 81.83% +- 2.36%
EuroSAT iteration 51/800 : Query Acc = 92.00, Avg Acc = 82.03% +- 2.34%
EuroSAT iteration 52/800 : Query Acc = 89.33, Avg Acc = 82.16% +- 2.32%
EuroSAT iteration 53/800 : Query Acc = 86.67, Avg Acc = 82.25% +- 2.28%
EuroSAT iteration 54/800 : Query Acc = 80.00, Avg Acc = 82.21% +- 2.24%
EuroSAT iteration 55/800 : Query Acc = 100.00, Avg Acc = 82.52% +- 2.28%
EuroSAT iteration 56/800 : Query Acc = 73.33, Avg Acc = 82.36% +- 2.27%
EuroSAT iteration 57/800 : Query Acc = 88.00, Avg Acc = 82.46% +- 2.23%
EuroSAT iteration 58/800 : Query Acc = 70.67, Avg Acc = 82.26% +- 2.23%
EuroSAT iteration 59/800 : Query Acc = 81.33, Avg Acc = 82.24% +- 2.19%
EuroSAT iteration 60/800 : Query Acc = 86.67, Avg Acc = 82.32% +- 2.16%
EuroSAT iteration 61/800 : Query Acc = 85.33, Avg Acc = 82.37% +- 2.13%
EuroSAT iteration 62/800 : Query Acc = 85.33, Avg Acc = 82.41% +- 2.10%
EuroSAT iteration 63/800 : Query Acc = 86.67, Avg Acc = 82.48% +- 2.07%
EuroSAT iteration 64/800 : Query Acc = 86.67, Avg Acc = 82.54% +- 2.04%
EuroSAT iteration 65/800 : Query Acc = 69.33, Avg Acc = 82.34% +- 2.05%
EuroSAT iteration 66/800 : Query Acc = 86.67, Avg Acc = 82.41% +- 2.02%
EuroSAT iteration 67/800 : Query Acc = 80.00, Avg Acc = 82.37% +- 1.99%
EuroSAT iteration 68/800 : Query Acc = 81.33, Avg Acc = 82.36% +- 1.96%
EuroSAT iteration 69/800 : Query Acc = 65.33, Avg Acc = 82.11% +- 1.99%
EuroSAT iteration 70/800 : Query Acc = 94.67, Avg Acc = 82.29% +- 1.99%
EuroSAT iteration 71/800 : Query Acc = 70.67, Avg Acc = 82.13% +- 1.99%
EuroSAT iteration 72/800 : Query Acc = 90.67, Avg Acc = 82.25% +- 1.98%
EuroSAT iteration 73/800 : Query Acc = 85.33, Avg Acc = 82.29% +- 1.95%
EuroSAT iteration 74/800 : Query Acc = 73.33, Avg Acc = 82.17% +- 1.94%
EuroSAT iteration 75/800 : Query Acc = 77.33, Avg Acc = 82.11% +- 1.92%
EuroSAT iteration 76/800 : Query Acc = 76.00, Avg Acc = 82.03% +- 1.90%
EuroSAT iteration 77/800 : Query Acc = 72.00, Avg Acc = 81.90% +- 1.89%
EuroSAT iteration 78/800 : Query Acc = 89.33, Avg Acc = 81.99% +- 1.88%
EuroSAT iteration 79/800 : Query Acc = 58.67, Avg Acc = 81.70% +- 1.94%
EuroSAT iteration 80/800 : Query Acc = 81.33, Avg Acc = 81.70% +- 1.92%
EuroSAT iteration 81/800 : Query Acc = 78.67, Avg Acc = 81.66% +- 1.89%
EuroSAT iteration 82/800 : Query Acc = 72.00, Avg Acc = 81.54% +- 1.88%
EuroSAT iteration 83/800 : Query Acc = 90.67, Avg Acc = 81.65% +- 1.87%
EuroSAT iteration 84/800 : Query Acc = 84.00, Avg Acc = 81.68% +- 1.85%
EuroSAT iteration 85/800 : Query Acc = 82.67, Avg Acc = 81.69% +- 1.83%
EuroSAT iteration 86/800 : Query Acc = 94.67, Avg Acc = 81.84% +- 1.83%
EuroSAT iteration 87/800 : Query Acc = 85.33, Avg Acc = 81.88% +- 1.81%
EuroSAT iteration 88/800 : Query Acc = 80.00, Avg Acc = 81.86% +- 1.79%
EuroSAT iteration 89/800 : Query Acc = 89.33, Avg Acc = 81.94% +- 1.78%
EuroSAT iteration 90/800 : Query Acc = 88.00, Avg Acc = 82.01% +- 1.77%
EuroSAT iteration 91/800 : Query Acc = 90.67, Avg Acc = 82.10% +- 1.76%
EuroSAT iteration 92/800 : Query Acc = 88.00, Avg Acc = 82.16% +- 1.74%
EuroSAT iteration 93/800 : Query Acc = 89.33, Avg Acc = 82.24% +- 1.73%
EuroSAT iteration 94/800 : Query Acc = 81.33, Avg Acc = 82.23% +- 1.71%
EuroSAT iteration 95/800 : Query Acc = 88.00, Avg Acc = 82.29% +- 1.70%
EuroSAT iteration 96/800 : Query Acc = 73.33, Avg Acc = 82.20% +- 1.69%
EuroSAT iteration 97/800 : Query Acc = 93.33, Avg Acc = 82.31% +- 1.69%
EuroSAT iteration 98/800 : Query Acc = 81.33, Avg Acc = 82.30% +- 1.67%
EuroSAT iteration 99/800 : Query Acc = 82.67, Avg Acc = 82.31% +- 1.65%
EuroSAT iteration 100/800 : Query Acc = 77.33, Avg Acc = 82.26% +- 1.64%
EuroSAT | 100 / 800 Acc = 82.26% +- 1.64%
EuroSAT iteration 101/800 : Query Acc = 90.67, Avg Acc = 82.34% +- 1.63%
EuroSAT iteration 102/800 : Query Acc = 96.00, Avg Acc = 82.47% +- 1.64%
EuroSAT iteration 103/800 : Query Acc = 92.00, Avg Acc = 82.56% +- 1.63%
EuroSAT iteration 104/800 : Query Acc = 85.33, Avg Acc = 82.59% +- 1.62%
EuroSAT iteration 105/800 : Query Acc = 89.33, Avg Acc = 82.65% +- 1.61%
EuroSAT iteration 106/800 : Query Acc = 90.67, Avg Acc = 82.73% +- 1.60%
EuroSAT iteration 107/800 : Query Acc = 90.67, Avg Acc = 82.80% +- 1.59%
EuroSAT iteration 108/800 : Query Acc = 84.00, Avg Acc = 82.81% +- 1.58%
EuroSAT iteration 109/800 : Query Acc = 80.00, Avg Acc = 82.79% +- 1.56%
EuroSAT iteration 110/800 : Query Acc = 73.33, Avg Acc = 82.70% +- 1.56%
EuroSAT iteration 111/800 : Query Acc = 85.33, Avg Acc = 82.73% +- 1.54%
EuroSAT iteration 112/800 : Query Acc = 85.33, Avg Acc = 82.75% +- 1.53%
EuroSAT iteration 113/800 : Query Acc = 82.67, Avg Acc = 82.75% +- 1.52%
EuroSAT iteration 114/800 : Query Acc = 81.33, Avg Acc = 82.74% +- 1.50%
EuroSAT iteration 115/800 : Query Acc = 70.67, Avg Acc = 82.63% +- 1.50%
EuroSAT iteration 116/800 : Query Acc = 84.00, Avg Acc = 82.64% +- 1.49%
EuroSAT iteration 117/800 : Query Acc = 62.67, Avg Acc = 82.47% +- 1.52%
EuroSAT iteration 118/800 : Query Acc = 88.00, Avg Acc = 82.52% +- 1.51%
EuroSAT iteration 119/800 : Query Acc = 82.67, Avg Acc = 82.52% +- 1.49%
EuroSAT iteration 120/800 : Query Acc = 89.33, Avg Acc = 82.58% +- 1.48%
EuroSAT iteration 121/800 : Query Acc = 96.00, Avg Acc = 82.69% +- 1.49%
EuroSAT iteration 122/800 : Query Acc = 89.33, Avg Acc = 82.74% +- 1.48%
EuroSAT iteration 123/800 : Query Acc = 84.00, Avg Acc = 82.75% +- 1.47%
EuroSAT iteration 124/800 : Query Acc = 85.33, Avg Acc = 82.77% +- 1.46%
EuroSAT iteration 125/800 : Query Acc = 74.67, Avg Acc = 82.71% +- 1.45%
EuroSAT iteration 126/800 : Query Acc = 81.33, Avg Acc = 82.70% +- 1.44%
EuroSAT iteration 127/800 : Query Acc = 82.67, Avg Acc = 82.70% +- 1.43%
EuroSAT iteration 128/800 : Query Acc = 81.33, Avg Acc = 82.69% +- 1.42%
EuroSAT iteration 129/800 : Query Acc = 92.00, Avg Acc = 82.76% +- 1.41%
EuroSAT iteration 130/800 : Query Acc = 89.33, Avg Acc = 82.81% +- 1.41%
EuroSAT iteration 131/800 : Query Acc = 74.67, Avg Acc = 82.75% +- 1.40%
EuroSAT iteration 132/800 : Query Acc = 77.33, Avg Acc = 82.71% +- 1.39%
EuroSAT iteration 133/800 : Query Acc = 81.33, Avg Acc = 82.70% +- 1.38%
EuroSAT iteration 134/800 : Query Acc = 69.33, Avg Acc = 82.60% +- 1.39%
EuroSAT iteration 135/800 : Query Acc = 84.00, Avg Acc = 82.61% +- 1.38%
EuroSAT iteration 136/800 : Query Acc = 90.67, Avg Acc = 82.67% +- 1.37%
EuroSAT iteration 137/800 : Query Acc = 94.67, Avg Acc = 82.75% +- 1.37%
EuroSAT iteration 138/800 : Query Acc = 76.00, Avg Acc = 82.71% +- 1.36%
EuroSAT iteration 139/800 : Query Acc = 81.33, Avg Acc = 82.70% +- 1.35%
EuroSAT iteration 140/800 : Query Acc = 89.33, Avg Acc = 82.74% +- 1.35%
EuroSAT iteration 141/800 : Query Acc = 88.00, Avg Acc = 82.78% +- 1.34%
EuroSAT iteration 142/800 : Query Acc = 72.00, Avg Acc = 82.70% +- 1.34%
EuroSAT iteration 143/800 : Query Acc = 77.33, Avg Acc = 82.67% +- 1.33%
EuroSAT iteration 144/800 : Query Acc = 90.67, Avg Acc = 82.72% +- 1.33%
EuroSAT iteration 145/800 : Query Acc = 78.67, Avg Acc = 82.69% +- 1.32%
EuroSAT iteration 146/800 : Query Acc = 84.00, Avg Acc = 82.70% +- 1.31%
EuroSAT iteration 147/800 : Query Acc = 72.00, Avg Acc = 82.63% +- 1.31%
EuroSAT iteration 148/800 : Query Acc = 78.67, Avg Acc = 82.60% +- 1.30%
EuroSAT iteration 149/800 : Query Acc = 74.67, Avg Acc = 82.55% +- 1.30%
EuroSAT iteration 150/800 : Query Acc = 85.33, Avg Acc = 82.57% +- 1.29%
EuroSAT iteration 151/800 : Query Acc = 85.33, Avg Acc = 82.59% +- 1.28%
EuroSAT iteration 152/800 : Query Acc = 76.00, Avg Acc = 82.54% +- 1.28%
EuroSAT iteration 153/800 : Query Acc = 94.67, Avg Acc = 82.62% +- 1.28%
EuroSAT iteration 154/800 : Query Acc = 89.33, Avg Acc = 82.67% +- 1.27%
EuroSAT iteration 155/800 : Query Acc = 62.67, Avg Acc = 82.54% +- 1.29%
EuroSAT iteration 156/800 : Query Acc = 80.00, Avg Acc = 82.52% +- 1.28%
EuroSAT iteration 157/800 : Query Acc = 88.00, Avg Acc = 82.56% +- 1.27%
EuroSAT iteration 158/800 : Query Acc = 89.33, Avg Acc = 82.60% +- 1.27%
EuroSAT iteration 159/800 : Query Acc = 89.33, Avg Acc = 82.64% +- 1.26%
EuroSAT iteration 160/800 : Query Acc = 74.67, Avg Acc = 82.59% +- 1.26%
EuroSAT iteration 161/800 : Query Acc = 82.67, Avg Acc = 82.59% +- 1.25%
EuroSAT iteration 162/800 : Query Acc = 73.33, Avg Acc = 82.54% +- 1.25%
EuroSAT iteration 163/800 : Query Acc = 86.67, Avg Acc = 82.56% +- 1.24%
EuroSAT iteration 164/800 : Query Acc = 77.33, Avg Acc = 82.53% +- 1.24%
EuroSAT iteration 165/800 : Query Acc = 77.33, Avg Acc = 82.50% +- 1.23%
EuroSAT iteration 166/800 : Query Acc = 77.33, Avg Acc = 82.47% +- 1.22%
EuroSAT iteration 167/800 : Query Acc = 86.67, Avg Acc = 82.49% +- 1.22%
EuroSAT iteration 168/800 : Query Acc = 80.00, Avg Acc = 82.48% +- 1.21%
EuroSAT iteration 169/800 : Query Acc = 84.00, Avg Acc = 82.49% +- 1.20%
EuroSAT iteration 170/800 : Query Acc = 70.67, Avg Acc = 82.42% +- 1.20%
EuroSAT iteration 171/800 : Query Acc = 80.00, Avg Acc = 82.40% +- 1.20%
EuroSAT iteration 172/800 : Query Acc = 70.67, Avg Acc = 82.34% +- 1.20%
EuroSAT iteration 173/800 : Query Acc = 77.33, Avg Acc = 82.31% +- 1.19%
EuroSAT iteration 174/800 : Query Acc = 84.00, Avg Acc = 82.32% +- 1.19%
EuroSAT iteration 175/800 : Query Acc = 80.00, Avg Acc = 82.30% +- 1.18%
EuroSAT iteration 176/800 : Query Acc = 74.67, Avg Acc = 82.26% +- 1.18%
EuroSAT iteration 177/800 : Query Acc = 88.00, Avg Acc = 82.29% +- 1.17%
EuroSAT iteration 178/800 : Query Acc = 85.33, Avg Acc = 82.31% +- 1.16%
EuroSAT iteration 179/800 : Query Acc = 80.00, Avg Acc = 82.30% +- 1.16%
EuroSAT iteration 180/800 : Query Acc = 68.00, Avg Acc = 82.22% +- 1.16%
EuroSAT iteration 181/800 : Query Acc = 90.67, Avg Acc = 82.26% +- 1.16%
EuroSAT iteration 182/800 : Query Acc = 97.33, Avg Acc = 82.35% +- 1.16%
EuroSAT iteration 183/800 : Query Acc = 88.00, Avg Acc = 82.38% +- 1.16%
EuroSAT iteration 184/800 : Query Acc = 84.00, Avg Acc = 82.39% +- 1.15%
EuroSAT iteration 185/800 : Query Acc = 86.67, Avg Acc = 82.41% +- 1.15%
EuroSAT iteration 186/800 : Query Acc = 72.00, Avg Acc = 82.35% +- 1.15%
EuroSAT iteration 187/800 : Query Acc = 73.33, Avg Acc = 82.30% +- 1.14%
EuroSAT iteration 188/800 : Query Acc = 94.67, Avg Acc = 82.37% +- 1.15%
EuroSAT iteration 189/800 : Query Acc = 86.67, Avg Acc = 82.39% +- 1.14%
EuroSAT iteration 190/800 : Query Acc = 66.67, Avg Acc = 82.31% +- 1.15%
EuroSAT iteration 191/800 : Query Acc = 77.33, Avg Acc = 82.28% +- 1.14%
EuroSAT iteration 192/800 : Query Acc = 85.33, Avg Acc = 82.30% +- 1.14%
EuroSAT iteration 193/800 : Query Acc = 85.33, Avg Acc = 82.32% +- 1.13%
EuroSAT iteration 194/800 : Query Acc = 81.33, Avg Acc = 82.31% +- 1.12%
EuroSAT iteration 195/800 : Query Acc = 82.67, Avg Acc = 82.31% +- 1.12%
EuroSAT iteration 196/800 : Query Acc = 78.67, Avg Acc = 82.29% +- 1.11%
EuroSAT iteration 197/800 : Query Acc = 77.33, Avg Acc = 82.27% +- 1.11%
EuroSAT iteration 198/800 : Query Acc = 78.67, Avg Acc = 82.25% +- 1.10%
EuroSAT iteration 199/800 : Query Acc = 94.67, Avg Acc = 82.31% +- 1.11%
EuroSAT iteration 200/800 : Query Acc = 92.00, Avg Acc = 82.36% +- 1.10%
EuroSAT | 200 / 800 Acc = 82.36% +- 1.10%
EuroSAT iteration 201/800 : Query Acc = 82.67, Avg Acc = 82.36% +- 1.10%
EuroSAT iteration 202/800 : Query Acc = 96.00, Avg Acc = 82.43% +- 1.10%
EuroSAT iteration 203/800 : Query Acc = 94.67, Avg Acc = 82.49% +- 1.10%
EuroSAT iteration 204/800 : Query Acc = 85.33, Avg Acc = 82.50% +- 1.10%
EuroSAT iteration 205/800 : Query Acc = 89.33, Avg Acc = 82.54% +- 1.09%
EuroSAT iteration 206/800 : Query Acc = 94.67, Avg Acc = 82.60% +- 1.09%
EuroSAT iteration 207/800 : Query Acc = 94.67, Avg Acc = 82.65% +- 1.09%
EuroSAT iteration 208/800 : Query Acc = 89.33, Avg Acc = 82.69% +- 1.09%
EuroSAT iteration 209/800 : Query Acc = 80.00, Avg Acc = 82.67% +- 1.09%
EuroSAT iteration 210/800 : Query Acc = 96.00, Avg Acc = 82.74% +- 1.09%
EuroSAT iteration 211/800 : Query Acc = 82.67, Avg Acc = 82.74% +- 1.08%
EuroSAT iteration 212/800 : Query Acc = 80.00, Avg Acc = 82.72% +- 1.08%
EuroSAT iteration 213/800 : Query Acc = 64.00, Avg Acc = 82.64% +- 1.09%
EuroSAT iteration 214/800 : Query Acc = 77.33, Avg Acc = 82.61% +- 1.08%
EuroSAT iteration 215/800 : Query Acc = 74.67, Avg Acc = 82.57% +- 1.08%
EuroSAT iteration 216/800 : Query Acc = 96.00, Avg Acc = 82.64% +- 1.08%
EuroSAT iteration 217/800 : Query Acc = 86.67, Avg Acc = 82.65% +- 1.08%
EuroSAT iteration 218/800 : Query Acc = 78.67, Avg Acc = 82.64% +- 1.07%
EuroSAT iteration 219/800 : Query Acc = 81.33, Avg Acc = 82.63% +- 1.07%
EuroSAT iteration 220/800 : Query Acc = 92.00, Avg Acc = 82.67% +- 1.07%
EuroSAT iteration 221/800 : Query Acc = 82.67, Avg Acc = 82.67% +- 1.06%
EuroSAT iteration 222/800 : Query Acc = 78.67, Avg Acc = 82.65% +- 1.06%
EuroSAT iteration 223/800 : Query Acc = 73.33, Avg Acc = 82.61% +- 1.06%
EuroSAT iteration 224/800 : Query Acc = 85.33, Avg Acc = 82.63% +- 1.05%
EuroSAT iteration 225/800 : Query Acc = 69.33, Avg Acc = 82.57% +- 1.05%
EuroSAT iteration 226/800 : Query Acc = 58.67, Avg Acc = 82.46% +- 1.07%
EuroSAT iteration 227/800 : Query Acc = 82.67, Avg Acc = 82.46% +- 1.06%
EuroSAT iteration 228/800 : Query Acc = 88.00, Avg Acc = 82.49% +- 1.06%
EuroSAT iteration 229/800 : Query Acc = 81.33, Avg Acc = 82.48% +- 1.06%
EuroSAT iteration 230/800 : Query Acc = 89.33, Avg Acc = 82.51% +- 1.05%
EuroSAT iteration 231/800 : Query Acc = 80.00, Avg Acc = 82.50% +- 1.05%
EuroSAT iteration 232/800 : Query Acc = 85.33, Avg Acc = 82.51% +- 1.04%
EuroSAT iteration 233/800 : Query Acc = 88.00, Avg Acc = 82.54% +- 1.04%
EuroSAT iteration 234/800 : Query Acc = 76.00, Avg Acc = 82.51% +- 1.04%
EuroSAT iteration 235/800 : Query Acc = 94.67, Avg Acc = 82.56% +- 1.04%
EuroSAT iteration 236/800 : Query Acc = 89.33, Avg Acc = 82.59% +- 1.04%
EuroSAT iteration 237/800 : Query Acc = 81.33, Avg Acc = 82.58% +- 1.03%
EuroSAT iteration 238/800 : Query Acc = 76.00, Avg Acc = 82.56% +- 1.03%
EuroSAT iteration 239/800 : Query Acc = 93.33, Avg Acc = 82.60% +- 1.03%
EuroSAT iteration 240/800 : Query Acc = 77.33, Avg Acc = 82.58% +- 1.02%
EuroSAT iteration 241/800 : Query Acc = 80.00, Avg Acc = 82.57% +- 1.02%
EuroSAT iteration 242/800 : Query Acc = 80.00, Avg Acc = 82.56% +- 1.02%
EuroSAT iteration 243/800 : Query Acc = 80.00, Avg Acc = 82.55% +- 1.01%
EuroSAT iteration 244/800 : Query Acc = 60.00, Avg Acc = 82.45% +- 1.02%
EuroSAT iteration 245/800 : Query Acc = 93.33, Avg Acc = 82.50% +- 1.02%
EuroSAT iteration 246/800 : Query Acc = 81.33, Avg Acc = 82.49% +- 1.02%
EuroSAT iteration 247/800 : Query Acc = 78.67, Avg Acc = 82.48% +- 1.02%
EuroSAT iteration 248/800 : Query Acc = 72.00, Avg Acc = 82.44% +- 1.02%
EuroSAT iteration 249/800 : Query Acc = 78.67, Avg Acc = 82.42% +- 1.01%
EuroSAT iteration 250/800 : Query Acc = 81.33, Avg Acc = 82.42% +- 1.01%
EuroSAT iteration 251/800 : Query Acc = 72.00, Avg Acc = 82.38% +- 1.01%
EuroSAT iteration 252/800 : Query Acc = 86.67, Avg Acc = 82.39% +- 1.00%
EuroSAT iteration 253/800 : Query Acc = 90.67, Avg Acc = 82.43% +- 1.00%
EuroSAT iteration 254/800 : Query Acc = 92.00, Avg Acc = 82.46% +- 1.00%
EuroSAT iteration 255/800 : Query Acc = 88.00, Avg Acc = 82.48% +- 1.00%
EuroSAT iteration 256/800 : Query Acc = 76.00, Avg Acc = 82.46% +- 0.99%
EuroSAT iteration 257/800 : Query Acc = 93.33, Avg Acc = 82.50% +- 0.99%
EuroSAT iteration 258/800 : Query Acc = 90.67, Avg Acc = 82.53% +- 0.99%
EuroSAT iteration 259/800 : Query Acc = 92.00, Avg Acc = 82.57% +- 0.99%
EuroSAT iteration 260/800 : Query Acc = 80.00, Avg Acc = 82.56% +- 0.99%
EuroSAT iteration 261/800 : Query Acc = 73.33, Avg Acc = 82.52% +- 0.99%
EuroSAT iteration 262/800 : Query Acc = 82.67, Avg Acc = 82.52% +- 0.98%
EuroSAT iteration 263/800 : Query Acc = 73.33, Avg Acc = 82.49% +- 0.98%
EuroSAT iteration 264/800 : Query Acc = 70.67, Avg Acc = 82.45% +- 0.98%
EuroSAT iteration 265/800 : Query Acc = 82.67, Avg Acc = 82.45% +- 0.98%
EuroSAT iteration 266/800 : Query Acc = 73.33, Avg Acc = 82.41% +- 0.98%
EuroSAT iteration 267/800 : Query Acc = 88.00, Avg Acc = 82.43% +- 0.97%
EuroSAT iteration 268/800 : Query Acc = 70.67, Avg Acc = 82.39% +- 0.97%
EuroSAT iteration 269/800 : Query Acc = 97.33, Avg Acc = 82.44% +- 0.98%
EuroSAT iteration 270/800 : Query Acc = 73.33, Avg Acc = 82.41% +- 0.97%
EuroSAT iteration 271/800 : Query Acc = 82.67, Avg Acc = 82.41% +- 0.97%
EuroSAT iteration 272/800 : Query Acc = 85.33, Avg Acc = 82.42% +- 0.97%
EuroSAT iteration 273/800 : Query Acc = 85.33, Avg Acc = 82.43% +- 0.96%
EuroSAT iteration 274/800 : Query Acc = 86.67, Avg Acc = 82.45% +- 0.96%
EuroSAT iteration 275/800 : Query Acc = 85.33, Avg Acc = 82.46% +- 0.96%
EuroSAT iteration 276/800 : Query Acc = 82.67, Avg Acc = 82.46% +- 0.95%
EuroSAT iteration 277/800 : Query Acc = 80.00, Avg Acc = 82.45% +- 0.95%
EuroSAT iteration 278/800 : Query Acc = 92.00, Avg Acc = 82.49% +- 0.95%
EuroSAT iteration 279/800 : Query Acc = 78.67, Avg Acc = 82.47% +- 0.95%
EuroSAT iteration 280/800 : Query Acc = 89.33, Avg Acc = 82.50% +- 0.95%
EuroSAT iteration 281/800 : Query Acc = 85.33, Avg Acc = 82.51% +- 0.94%
EuroSAT iteration 282/800 : Query Acc = 66.67, Avg Acc = 82.45% +- 0.95%
EuroSAT iteration 283/800 : Query Acc = 84.00, Avg Acc = 82.46% +- 0.94%
EuroSAT iteration 284/800 : Query Acc = 82.67, Avg Acc = 82.46% +- 0.94%
EuroSAT iteration 285/800 : Query Acc = 70.67, Avg Acc = 82.41% +- 0.94%
EuroSAT iteration 286/800 : Query Acc = 97.33, Avg Acc = 82.47% +- 0.94%
EuroSAT iteration 287/800 : Query Acc = 90.67, Avg Acc = 82.50% +- 0.94%
EuroSAT iteration 288/800 : Query Acc = 92.00, Avg Acc = 82.53% +- 0.94%
EuroSAT iteration 289/800 : Query Acc = 82.67, Avg Acc = 82.53% +- 0.94%
EuroSAT iteration 290/800 : Query Acc = 84.00, Avg Acc = 82.53% +- 0.93%
EuroSAT iteration 291/800 : Query Acc = 90.67, Avg Acc = 82.56% +- 0.93%
EuroSAT iteration 292/800 : Query Acc = 93.33, Avg Acc = 82.60% +- 0.93%
EuroSAT iteration 293/800 : Query Acc = 94.67, Avg Acc = 82.64% +- 0.93%
EuroSAT iteration 294/800 : Query Acc = 89.33, Avg Acc = 82.66% +- 0.93%
EuroSAT iteration 295/800 : Query Acc = 80.00, Avg Acc = 82.65% +- 0.93%
EuroSAT iteration 296/800 : Query Acc = 86.67, Avg Acc = 82.67% +- 0.92%
EuroSAT iteration 297/800 : Query Acc = 85.33, Avg Acc = 82.68% +- 0.92%
EuroSAT iteration 298/800 : Query Acc = 85.33, Avg Acc = 82.68% +- 0.92%
EuroSAT iteration 299/800 : Query Acc = 78.67, Avg Acc = 82.67% +- 0.91%
EuroSAT iteration 300/800 : Query Acc = 65.33, Avg Acc = 82.61% +- 0.92%
EuroSAT | 300 / 800 Acc = 82.61% +- 0.92%
EuroSAT iteration 301/800 : Query Acc = 82.67, Avg Acc = 82.61% +- 0.91%
EuroSAT iteration 302/800 : Query Acc = 89.33, Avg Acc = 82.64% +- 0.91%
EuroSAT iteration 303/800 : Query Acc = 74.67, Avg Acc = 82.61% +- 0.91%
EuroSAT iteration 304/800 : Query Acc = 78.67, Avg Acc = 82.60% +- 0.91%
EuroSAT iteration 305/800 : Query Acc = 97.33, Avg Acc = 82.64% +- 0.91%
EuroSAT iteration 306/800 : Query Acc = 74.67, Avg Acc = 82.62% +- 0.91%
EuroSAT iteration 307/800 : Query Acc = 68.00, Avg Acc = 82.57% +- 0.91%
EuroSAT iteration 308/800 : Query Acc = 89.33, Avg Acc = 82.59% +- 0.91%
EuroSAT iteration 309/800 : Query Acc = 89.33, Avg Acc = 82.62% +- 0.91%
EuroSAT iteration 310/800 : Query Acc = 81.33, Avg Acc = 82.61% +- 0.90%
EuroSAT iteration 311/800 : Query Acc = 86.67, Avg Acc = 82.62% +- 0.90%
EuroSAT iteration 312/800 : Query Acc = 88.00, Avg Acc = 82.64% +- 0.90%
EuroSAT iteration 313/800 : Query Acc = 84.00, Avg Acc = 82.65% +- 0.90%
EuroSAT iteration 314/800 : Query Acc = 77.33, Avg Acc = 82.63% +- 0.89%
EuroSAT iteration 315/800 : Query Acc = 90.67, Avg Acc = 82.65% +- 0.89%
EuroSAT iteration 316/800 : Query Acc = 85.33, Avg Acc = 82.66% +- 0.89%
EuroSAT iteration 317/800 : Query Acc = 80.00, Avg Acc = 82.65% +- 0.89%
EuroSAT iteration 318/800 : Query Acc = 90.67, Avg Acc = 82.68% +- 0.89%
EuroSAT iteration 319/800 : Query Acc = 82.67, Avg Acc = 82.68% +- 0.88%
EuroSAT iteration 320/800 : Query Acc = 76.00, Avg Acc = 82.66% +- 0.88%
EuroSAT iteration 321/800 : Query Acc = 84.00, Avg Acc = 82.66% +- 0.88%
EuroSAT iteration 322/800 : Query Acc = 81.33, Avg Acc = 82.66% +- 0.88%
EuroSAT iteration 323/800 : Query Acc = 93.33, Avg Acc = 82.69% +- 0.88%
EuroSAT iteration 324/800 : Query Acc = 82.67, Avg Acc = 82.69% +- 0.87%
EuroSAT iteration 325/800 : Query Acc = 90.67, Avg Acc = 82.72% +- 0.87%
EuroSAT iteration 326/800 : Query Acc = 81.33, Avg Acc = 82.71% +- 0.87%
EuroSAT iteration 327/800 : Query Acc = 73.33, Avg Acc = 82.68% +- 0.87%
EuroSAT iteration 328/800 : Query Acc = 82.67, Avg Acc = 82.68% +- 0.87%
EuroSAT iteration 329/800 : Query Acc = 85.33, Avg Acc = 82.69% +- 0.86%
EuroSAT iteration 330/800 : Query Acc = 62.67, Avg Acc = 82.63% +- 0.87%
EuroSAT iteration 331/800 : Query Acc = 68.00, Avg Acc = 82.59% +- 0.87%
EuroSAT iteration 332/800 : Query Acc = 96.00, Avg Acc = 82.63% +- 0.87%
EuroSAT iteration 333/800 : Query Acc = 88.00, Avg Acc = 82.64% +- 0.87%
EuroSAT iteration 334/800 : Query Acc = 92.00, Avg Acc = 82.67% +- 0.87%
EuroSAT iteration 335/800 : Query Acc = 92.00, Avg Acc = 82.70% +- 0.87%
EuroSAT iteration 336/800 : Query Acc = 77.33, Avg Acc = 82.68% +- 0.87%
EuroSAT iteration 337/800 : Query Acc = 86.67, Avg Acc = 82.69% +- 0.86%
EuroSAT iteration 338/800 : Query Acc = 86.67, Avg Acc = 82.71% +- 0.86%
EuroSAT iteration 339/800 : Query Acc = 81.33, Avg Acc = 82.70% +- 0.86%
EuroSAT iteration 340/800 : Query Acc = 89.33, Avg Acc = 82.72% +- 0.86%
EuroSAT iteration 341/800 : Query Acc = 81.33, Avg Acc = 82.72% +- 0.85%
EuroSAT iteration 342/800 : Query Acc = 92.00, Avg Acc = 82.74% +- 0.85%
EuroSAT iteration 343/800 : Query Acc = 82.67, Avg Acc = 82.74% +- 0.85%
EuroSAT iteration 344/800 : Query Acc = 92.00, Avg Acc = 82.77% +- 0.85%
EuroSAT iteration 345/800 : Query Acc = 77.33, Avg Acc = 82.76% +- 0.85%
EuroSAT iteration 346/800 : Query Acc = 88.00, Avg Acc = 82.77% +- 0.85%
EuroSAT iteration 347/800 : Query Acc = 90.67, Avg Acc = 82.79% +- 0.85%
EuroSAT iteration 348/800 : Query Acc = 89.33, Avg Acc = 82.81% +- 0.84%
EuroSAT iteration 349/800 : Query Acc = 97.33, Avg Acc = 82.85% +- 0.84%
EuroSAT iteration 350/800 : Query Acc = 93.33, Avg Acc = 82.88% +- 0.84%
EuroSAT iteration 351/800 : Query Acc = 86.67, Avg Acc = 82.89% +- 0.84%
EuroSAT iteration 352/800 : Query Acc = 82.67, Avg Acc = 82.89% +- 0.84%
EuroSAT iteration 353/800 : Query Acc = 65.33, Avg Acc = 82.84% +- 0.84%
EuroSAT iteration 354/800 : Query Acc = 77.33, Avg Acc = 82.83% +- 0.84%
EuroSAT iteration 355/800 : Query Acc = 89.33, Avg Acc = 82.85% +- 0.84%
EuroSAT iteration 356/800 : Query Acc = 88.00, Avg Acc = 82.86% +- 0.84%
EuroSAT iteration 357/800 : Query Acc = 96.00, Avg Acc = 82.90% +- 0.84%
EuroSAT iteration 358/800 : Query Acc = 85.33, Avg Acc = 82.90% +- 0.84%
EuroSAT iteration 359/800 : Query Acc = 93.33, Avg Acc = 82.93% +- 0.84%
EuroSAT iteration 360/800 : Query Acc = 81.33, Avg Acc = 82.93% +- 0.83%
EuroSAT iteration 361/800 : Query Acc = 88.00, Avg Acc = 82.94% +- 0.83%
EuroSAT iteration 362/800 : Query Acc = 89.33, Avg Acc = 82.96% +- 0.83%
EuroSAT iteration 363/800 : Query Acc = 84.00, Avg Acc = 82.96% +- 0.83%
EuroSAT iteration 364/800 : Query Acc = 78.67, Avg Acc = 82.95% +- 0.83%
EuroSAT iteration 365/800 : Query Acc = 70.67, Avg Acc = 82.92% +- 0.83%
EuroSAT iteration 366/800 : Query Acc = 81.33, Avg Acc = 82.91% +- 0.82%
EuroSAT iteration 367/800 : Query Acc = 86.67, Avg Acc = 82.92% +- 0.82%
EuroSAT iteration 368/800 : Query Acc = 94.67, Avg Acc = 82.96% +- 0.82%
EuroSAT iteration 369/800 : Query Acc = 80.00, Avg Acc = 82.95% +- 0.82%
EuroSAT iteration 370/800 : Query Acc = 84.00, Avg Acc = 82.95% +- 0.82%
EuroSAT iteration 371/800 : Query Acc = 81.33, Avg Acc = 82.95% +- 0.82%
EuroSAT iteration 372/800 : Query Acc = 93.33, Avg Acc = 82.97% +- 0.82%
EuroSAT iteration 373/800 : Query Acc = 89.33, Avg Acc = 82.99% +- 0.81%
EuroSAT iteration 374/800 : Query Acc = 73.33, Avg Acc = 82.97% +- 0.81%
EuroSAT iteration 375/800 : Query Acc = 82.67, Avg Acc = 82.96% +- 0.81%
EuroSAT iteration 376/800 : Query Acc = 64.00, Avg Acc = 82.91% +- 0.82%
EuroSAT iteration 377/800 : Query Acc = 68.00, Avg Acc = 82.87% +- 0.82%
EuroSAT iteration 378/800 : Query Acc = 72.00, Avg Acc = 82.85% +- 0.82%
EuroSAT iteration 379/800 : Query Acc = 85.33, Avg Acc = 82.85% +- 0.81%
EuroSAT iteration 380/800 : Query Acc = 48.00, Avg Acc = 82.76% +- 0.83%
EuroSAT iteration 381/800 : Query Acc = 81.33, Avg Acc = 82.76% +- 0.83%
EuroSAT iteration 382/800 : Query Acc = 92.00, Avg Acc = 82.78% +- 0.83%
EuroSAT iteration 383/800 : Query Acc = 76.00, Avg Acc = 82.76% +- 0.83%
EuroSAT iteration 384/800 : Query Acc = 82.67, Avg Acc = 82.76% +- 0.83%
EuroSAT iteration 385/800 : Query Acc = 81.33, Avg Acc = 82.76% +- 0.82%
EuroSAT iteration 386/800 : Query Acc = 84.00, Avg Acc = 82.76% +- 0.82%
EuroSAT iteration 387/800 : Query Acc = 78.67, Avg Acc = 82.75% +- 0.82%
EuroSAT iteration 388/800 : Query Acc = 92.00, Avg Acc = 82.78% +- 0.82%
EuroSAT iteration 389/800 : Query Acc = 92.00, Avg Acc = 82.80% +- 0.82%
EuroSAT iteration 390/800 : Query Acc = 82.67, Avg Acc = 82.80% +- 0.82%
EuroSAT iteration 391/800 : Query Acc = 85.33, Avg Acc = 82.81% +- 0.81%
EuroSAT iteration 392/800 : Query Acc = 72.00, Avg Acc = 82.78% +- 0.81%
EuroSAT iteration 393/800 : Query Acc = 76.00, Avg Acc = 82.76% +- 0.81%
EuroSAT iteration 394/800 : Query Acc = 90.67, Avg Acc = 82.78% +- 0.81%
EuroSAT iteration 395/800 : Query Acc = 86.67, Avg Acc = 82.79% +- 0.81%
EuroSAT iteration 396/800 : Query Acc = 78.67, Avg Acc = 82.78% +- 0.81%
EuroSAT iteration 397/800 : Query Acc = 84.00, Avg Acc = 82.78% +- 0.81%
EuroSAT iteration 398/800 : Query Acc = 76.00, Avg Acc = 82.77% +- 0.80%
EuroSAT iteration 399/800 : Query Acc = 72.00, Avg Acc = 82.74% +- 0.80%
EuroSAT iteration 400/800 : Query Acc = 86.67, Avg Acc = 82.75% +- 0.80%
EuroSAT | 400 / 800 Acc = 82.75% +- 0.80%
EuroSAT iteration 401/800 : Query Acc = 82.67, Avg Acc = 82.75% +- 0.80%
EuroSAT iteration 402/800 : Query Acc = 70.67, Avg Acc = 82.72% +- 0.80%
EuroSAT iteration 403/800 : Query Acc = 80.00, Avg Acc = 82.71% +- 0.80%
EuroSAT iteration 404/800 : Query Acc = 61.33, Avg Acc = 82.66% +- 0.80%
EuroSAT iteration 405/800 : Query Acc = 90.67, Avg Acc = 82.68% +- 0.80%
EuroSAT iteration 406/800 : Query Acc = 80.00, Avg Acc = 82.67% +- 0.80%
EuroSAT iteration 407/800 : Query Acc = 70.67, Avg Acc = 82.64% +- 0.80%
EuroSAT iteration 408/800 : Query Acc = 92.00, Avg Acc = 82.67% +- 0.80%
EuroSAT iteration 409/800 : Query Acc = 68.00, Avg Acc = 82.63% +- 0.80%
EuroSAT iteration 410/800 : Query Acc = 88.00, Avg Acc = 82.64% +- 0.80%
EuroSAT iteration 411/800 : Query Acc = 85.33, Avg Acc = 82.65% +- 0.80%
EuroSAT iteration 412/800 : Query Acc = 88.00, Avg Acc = 82.66% +- 0.80%
EuroSAT iteration 413/800 : Query Acc = 93.33, Avg Acc = 82.69% +- 0.80%
EuroSAT iteration 414/800 : Query Acc = 81.33, Avg Acc = 82.69% +- 0.79%
EuroSAT iteration 415/800 : Query Acc = 73.33, Avg Acc = 82.66% +- 0.79%
EuroSAT iteration 416/800 : Query Acc = 89.33, Avg Acc = 82.68% +- 0.79%
EuroSAT iteration 417/800 : Query Acc = 92.00, Avg Acc = 82.70% +- 0.79%
EuroSAT iteration 418/800 : Query Acc = 76.00, Avg Acc = 82.69% +- 0.79%
EuroSAT iteration 419/800 : Query Acc = 81.33, Avg Acc = 82.68% +- 0.79%
EuroSAT iteration 420/800 : Query Acc = 72.00, Avg Acc = 82.66% +- 0.79%
EuroSAT iteration 421/800 : Query Acc = 84.00, Avg Acc = 82.66% +- 0.79%
EuroSAT iteration 422/800 : Query Acc = 78.67, Avg Acc = 82.65% +- 0.78%
EuroSAT iteration 423/800 : Query Acc = 72.00, Avg Acc = 82.63% +- 0.78%
EuroSAT iteration 424/800 : Query Acc = 82.67, Avg Acc = 82.63% +- 0.78%
EuroSAT iteration 425/800 : Query Acc = 77.33, Avg Acc = 82.61% +- 0.78%
EuroSAT iteration 426/800 : Query Acc = 90.67, Avg Acc = 82.63% +- 0.78%
EuroSAT iteration 427/800 : Query Acc = 76.00, Avg Acc = 82.62% +- 0.78%
EuroSAT iteration 428/800 : Query Acc = 76.00, Avg Acc = 82.60% +- 0.78%
EuroSAT iteration 429/800 : Query Acc = 84.00, Avg Acc = 82.60% +- 0.77%
EuroSAT iteration 430/800 : Query Acc = 96.00, Avg Acc = 82.64% +- 0.78%
EuroSAT iteration 431/800 : Query Acc = 89.33, Avg Acc = 82.65% +- 0.77%
EuroSAT iteration 432/800 : Query Acc = 81.33, Avg Acc = 82.65% +- 0.77%
EuroSAT iteration 433/800 : Query Acc = 78.67, Avg Acc = 82.64% +- 0.77%
EuroSAT iteration 434/800 : Query Acc = 88.00, Avg Acc = 82.65% +- 0.77%
EuroSAT iteration 435/800 : Query Acc = 96.00, Avg Acc = 82.68% +- 0.77%
EuroSAT iteration 436/800 : Query Acc = 84.00, Avg Acc = 82.68% +- 0.77%
EuroSAT iteration 437/800 : Query Acc = 84.00, Avg Acc = 82.69% +- 0.77%
EuroSAT iteration 438/800 : Query Acc = 80.00, Avg Acc = 82.68% +- 0.77%
EuroSAT iteration 439/800 : Query Acc = 65.33, Avg Acc = 82.64% +- 0.77%
EuroSAT iteration 440/800 : Query Acc = 92.00, Avg Acc = 82.66% +- 0.77%
EuroSAT iteration 441/800 : Query Acc = 76.00, Avg Acc = 82.65% +- 0.77%
EuroSAT iteration 442/800 : Query Acc = 84.00, Avg Acc = 82.65% +- 0.76%
EuroSAT iteration 443/800 : Query Acc = 69.33, Avg Acc = 82.62% +- 0.76%
EuroSAT iteration 444/800 : Query Acc = 96.00, Avg Acc = 82.65% +- 0.76%
EuroSAT iteration 445/800 : Query Acc = 86.67, Avg Acc = 82.66% +- 0.76%
EuroSAT iteration 446/800 : Query Acc = 77.33, Avg Acc = 82.65% +- 0.76%
EuroSAT iteration 447/800 : Query Acc = 77.33, Avg Acc = 82.64% +- 0.76%
EuroSAT iteration 448/800 : Query Acc = 94.67, Avg Acc = 82.66% +- 0.76%
EuroSAT iteration 449/800 : Query Acc = 90.67, Avg Acc = 82.68% +- 0.76%
EuroSAT iteration 450/800 : Query Acc = 90.67, Avg Acc = 82.70% +- 0.76%
EuroSAT iteration 451/800 : Query Acc = 82.67, Avg Acc = 82.70% +- 0.76%
EuroSAT iteration 452/800 : Query Acc = 88.00, Avg Acc = 82.71% +- 0.76%
EuroSAT iteration 453/800 : Query Acc = 74.67, Avg Acc = 82.69% +- 0.76%
EuroSAT iteration 454/800 : Query Acc = 77.33, Avg Acc = 82.68% +- 0.75%
EuroSAT iteration 455/800 : Query Acc = 81.33, Avg Acc = 82.68% +- 0.75%
EuroSAT iteration 456/800 : Query Acc = 80.00, Avg Acc = 82.67% +- 0.75%
EuroSAT iteration 457/800 : Query Acc = 93.33, Avg Acc = 82.70% +- 0.75%
EuroSAT iteration 458/800 : Query Acc = 82.67, Avg Acc = 82.70% +- 0.75%
EuroSAT iteration 459/800 : Query Acc = 72.00, Avg Acc = 82.67% +- 0.75%
EuroSAT iteration 460/800 : Query Acc = 65.33, Avg Acc = 82.63% +- 0.75%
EuroSAT iteration 461/800 : Query Acc = 77.33, Avg Acc = 82.62% +- 0.75%
EuroSAT iteration 462/800 : Query Acc = 77.33, Avg Acc = 82.61% +- 0.75%
EuroSAT iteration 463/800 : Query Acc = 88.00, Avg Acc = 82.62% +- 0.75%
EuroSAT iteration 464/800 : Query Acc = 81.33, Avg Acc = 82.62% +- 0.75%
EuroSAT iteration 465/800 : Query Acc = 85.33, Avg Acc = 82.63% +- 0.74%
EuroSAT iteration 466/800 : Query Acc = 77.33, Avg Acc = 82.62% +- 0.74%
EuroSAT iteration 467/800 : Query Acc = 93.33, Avg Acc = 82.64% +- 0.74%
EuroSAT iteration 468/800 : Query Acc = 81.33, Avg Acc = 82.64% +- 0.74%
EuroSAT iteration 469/800 : Query Acc = 93.33, Avg Acc = 82.66% +- 0.74%
EuroSAT iteration 470/800 : Query Acc = 86.67, Avg Acc = 82.67% +- 0.74%
EuroSAT iteration 471/800 : Query Acc = 88.00, Avg Acc = 82.68% +- 0.74%
EuroSAT iteration 472/800 : Query Acc = 78.67, Avg Acc = 82.67% +- 0.74%
EuroSAT iteration 473/800 : Query Acc = 81.33, Avg Acc = 82.67% +- 0.73%
EuroSAT iteration 474/800 : Query Acc = 92.00, Avg Acc = 82.69% +- 0.73%
EuroSAT iteration 475/800 : Query Acc = 76.00, Avg Acc = 82.67% +- 0.73%
EuroSAT iteration 476/800 : Query Acc = 97.33, Avg Acc = 82.70% +- 0.73%
EuroSAT iteration 477/800 : Query Acc = 78.67, Avg Acc = 82.69% +- 0.73%
EuroSAT iteration 478/800 : Query Acc = 80.00, Avg Acc = 82.69% +- 0.73%
EuroSAT iteration 479/800 : Query Acc = 78.67, Avg Acc = 82.68% +- 0.73%
EuroSAT iteration 480/800 : Query Acc = 81.33, Avg Acc = 82.68% +- 0.73%
EuroSAT iteration 481/800 : Query Acc = 88.00, Avg Acc = 82.69% +- 0.73%
EuroSAT iteration 482/800 : Query Acc = 88.00, Avg Acc = 82.70% +- 0.73%
EuroSAT iteration 483/800 : Query Acc = 62.67, Avg Acc = 82.66% +- 0.73%
EuroSAT iteration 484/800 : Query Acc = 84.00, Avg Acc = 82.66% +- 0.73%
EuroSAT iteration 485/800 : Query Acc = 86.67, Avg Acc = 82.67% +- 0.73%
EuroSAT iteration 486/800 : Query Acc = 84.00, Avg Acc = 82.67% +- 0.72%
EuroSAT iteration 487/800 : Query Acc = 70.67, Avg Acc = 82.65% +- 0.72%
EuroSAT iteration 488/800 : Query Acc = 92.00, Avg Acc = 82.67% +- 0.72%
EuroSAT iteration 489/800 : Query Acc = 80.00, Avg Acc = 82.66% +- 0.72%
EuroSAT iteration 490/800 : Query Acc = 92.00, Avg Acc = 82.68% +- 0.72%
EuroSAT iteration 491/800 : Query Acc = 90.67, Avg Acc = 82.70% +- 0.72%
EuroSAT iteration 492/800 : Query Acc = 82.67, Avg Acc = 82.70% +- 0.72%
EuroSAT iteration 493/800 : Query Acc = 82.67, Avg Acc = 82.70% +- 0.72%
EuroSAT iteration 494/800 : Query Acc = 94.67, Avg Acc = 82.72% +- 0.72%
EuroSAT iteration 495/800 : Query Acc = 84.00, Avg Acc = 82.72% +- 0.72%
EuroSAT iteration 496/800 : Query Acc = 70.67, Avg Acc = 82.70% +- 0.72%
EuroSAT iteration 497/800 : Query Acc = 64.00, Avg Acc = 82.66% +- 0.72%
EuroSAT iteration 498/800 : Query Acc = 94.67, Avg Acc = 82.69% +- 0.72%
EuroSAT iteration 499/800 : Query Acc = 82.67, Avg Acc = 82.69% +- 0.72%
EuroSAT iteration 500/800 : Query Acc = 85.33, Avg Acc = 82.69% +- 0.72%
EuroSAT | 500 / 800 Acc = 82.69% +- 0.72%
EuroSAT iteration 501/800 : Query Acc = 85.33, Avg Acc = 82.70% +- 0.72%
EuroSAT iteration 502/800 : Query Acc = 89.33, Avg Acc = 82.71% +- 0.71%
EuroSAT iteration 503/800 : Query Acc = 88.00, Avg Acc = 82.72% +- 0.71%
EuroSAT iteration 504/800 : Query Acc = 86.67, Avg Acc = 82.73% +- 0.71%
EuroSAT iteration 505/800 : Query Acc = 62.67, Avg Acc = 82.69% +- 0.72%
EuroSAT iteration 506/800 : Query Acc = 94.67, Avg Acc = 82.71% +- 0.72%
EuroSAT iteration 507/800 : Query Acc = 84.00, Avg Acc = 82.71% +- 0.71%
EuroSAT iteration 508/800 : Query Acc = 74.67, Avg Acc = 82.70% +- 0.71%
EuroSAT iteration 509/800 : Query Acc = 94.67, Avg Acc = 82.72% +- 0.71%
EuroSAT iteration 510/800 : Query Acc = 88.00, Avg Acc = 82.73% +- 0.71%
EuroSAT iteration 511/800 : Query Acc = 82.67, Avg Acc = 82.73% +- 0.71%
EuroSAT iteration 512/800 : Query Acc = 81.33, Avg Acc = 82.73% +- 0.71%
EuroSAT iteration 513/800 : Query Acc = 89.33, Avg Acc = 82.74% +- 0.71%
EuroSAT iteration 514/800 : Query Acc = 68.00, Avg Acc = 82.71% +- 0.71%
EuroSAT iteration 515/800 : Query Acc = 77.33, Avg Acc = 82.70% +- 0.71%
EuroSAT iteration 516/800 : Query Acc = 84.00, Avg Acc = 82.71% +- 0.71%
EuroSAT iteration 517/800 : Query Acc = 96.00, Avg Acc = 82.73% +- 0.71%
EuroSAT iteration 518/800 : Query Acc = 77.33, Avg Acc = 82.72% +- 0.71%
EuroSAT iteration 519/800 : Query Acc = 80.00, Avg Acc = 82.72% +- 0.71%
EuroSAT iteration 520/800 : Query Acc = 86.67, Avg Acc = 82.72% +- 0.70%
EuroSAT iteration 521/800 : Query Acc = 92.00, Avg Acc = 82.74% +- 0.70%
EuroSAT iteration 522/800 : Query Acc = 73.33, Avg Acc = 82.72% +- 0.70%
EuroSAT iteration 523/800 : Query Acc = 70.67, Avg Acc = 82.70% +- 0.70%
EuroSAT iteration 524/800 : Query Acc = 72.00, Avg Acc = 82.68% +- 0.70%
EuroSAT iteration 525/800 : Query Acc = 84.00, Avg Acc = 82.68% +- 0.70%
EuroSAT iteration 526/800 : Query Acc = 85.33, Avg Acc = 82.69% +- 0.70%
EuroSAT iteration 527/800 : Query Acc = 82.67, Avg Acc = 82.69% +- 0.70%
EuroSAT iteration 528/800 : Query Acc = 81.33, Avg Acc = 82.68% +- 0.70%
EuroSAT iteration 529/800 : Query Acc = 80.00, Avg Acc = 82.68% +- 0.70%
EuroSAT iteration 530/800 : Query Acc = 76.00, Avg Acc = 82.67% +- 0.70%
EuroSAT iteration 531/800 : Query Acc = 81.33, Avg Acc = 82.66% +- 0.69%
EuroSAT iteration 532/800 : Query Acc = 78.67, Avg Acc = 82.66% +- 0.69%
EuroSAT iteration 533/800 : Query Acc = 85.33, Avg Acc = 82.66% +- 0.69%
EuroSAT iteration 534/800 : Query Acc = 92.00, Avg Acc = 82.68% +- 0.69%
EuroSAT iteration 535/800 : Query Acc = 84.00, Avg Acc = 82.68% +- 0.69%
EuroSAT iteration 536/800 : Query Acc = 84.00, Avg Acc = 82.68% +- 0.69%
EuroSAT iteration 537/800 : Query Acc = 72.00, Avg Acc = 82.66% +- 0.69%
EuroSAT iteration 538/800 : Query Acc = 89.33, Avg Acc = 82.68% +- 0.69%
EuroSAT iteration 539/800 : Query Acc = 76.00, Avg Acc = 82.66% +- 0.69%
EuroSAT iteration 540/800 : Query Acc = 88.00, Avg Acc = 82.67% +- 0.69%
EuroSAT iteration 541/800 : Query Acc = 80.00, Avg Acc = 82.67% +- 0.68%
EuroSAT iteration 542/800 : Query Acc = 96.00, Avg Acc = 82.69% +- 0.69%
EuroSAT iteration 543/800 : Query Acc = 88.00, Avg Acc = 82.70% +- 0.68%
EuroSAT iteration 544/800 : Query Acc = 90.67, Avg Acc = 82.72% +- 0.68%
EuroSAT iteration 545/800 : Query Acc = 85.33, Avg Acc = 82.72% +- 0.68%
EuroSAT iteration 546/800 : Query Acc = 92.00, Avg Acc = 82.74% +- 0.68%
EuroSAT iteration 547/800 : Query Acc = 52.00, Avg Acc = 82.68% +- 0.69%
EuroSAT iteration 548/800 : Query Acc = 73.33, Avg Acc = 82.67% +- 0.69%
EuroSAT iteration 549/800 : Query Acc = 89.33, Avg Acc = 82.68% +- 0.69%
EuroSAT iteration 550/800 : Query Acc = 74.67, Avg Acc = 82.66% +- 0.69%
EuroSAT iteration 551/800 : Query Acc = 78.67, Avg Acc = 82.66% +- 0.69%
EuroSAT iteration 552/800 : Query Acc = 76.00, Avg Acc = 82.64% +- 0.69%
EuroSAT iteration 553/800 : Query Acc = 88.00, Avg Acc = 82.65% +- 0.68%
EuroSAT iteration 554/800 : Query Acc = 86.67, Avg Acc = 82.66% +- 0.68%
EuroSAT iteration 555/800 : Query Acc = 81.33, Avg Acc = 82.66% +- 0.68%
EuroSAT iteration 556/800 : Query Acc = 76.00, Avg Acc = 82.65% +- 0.68%
EuroSAT iteration 557/800 : Query Acc = 78.67, Avg Acc = 82.64% +- 0.68%
EuroSAT iteration 558/800 : Query Acc = 96.00, Avg Acc = 82.66% +- 0.68%
EuroSAT iteration 559/800 : Query Acc = 74.67, Avg Acc = 82.65% +- 0.68%
EuroSAT iteration 560/800 : Query Acc = 82.67, Avg Acc = 82.65% +- 0.68%
EuroSAT iteration 561/800 : Query Acc = 88.00, Avg Acc = 82.66% +- 0.68%
EuroSAT iteration 562/800 : Query Acc = 89.33, Avg Acc = 82.67% +- 0.68%
EuroSAT iteration 563/800 : Query Acc = 84.00, Avg Acc = 82.67% +- 0.68%
EuroSAT iteration 564/800 : Query Acc = 85.33, Avg Acc = 82.68% +- 0.67%
EuroSAT iteration 565/800 : Query Acc = 84.00, Avg Acc = 82.68% +- 0.67%
EuroSAT iteration 566/800 : Query Acc = 89.33, Avg Acc = 82.69% +- 0.67%
EuroSAT iteration 567/800 : Query Acc = 93.33, Avg Acc = 82.71% +- 0.67%
EuroSAT iteration 568/800 : Query Acc = 86.67, Avg Acc = 82.72% +- 0.67%
EuroSAT iteration 569/800 : Query Acc = 76.00, Avg Acc = 82.71% +- 0.67%
EuroSAT iteration 570/800 : Query Acc = 80.00, Avg Acc = 82.70% +- 0.67%
EuroSAT iteration 571/800 : Query Acc = 74.67, Avg Acc = 82.69% +- 0.67%
EuroSAT iteration 572/800 : Query Acc = 77.33, Avg Acc = 82.68% +- 0.67%
EuroSAT iteration 573/800 : Query Acc = 84.00, Avg Acc = 82.68% +- 0.67%
EuroSAT iteration 574/800 : Query Acc = 84.00, Avg Acc = 82.68% +- 0.67%
EuroSAT iteration 575/800 : Query Acc = 93.33, Avg Acc = 82.70% +- 0.67%
EuroSAT iteration 576/800 : Query Acc = 94.67, Avg Acc = 82.72% +- 0.67%
EuroSAT iteration 577/800 : Query Acc = 85.33, Avg Acc = 82.73% +- 0.66%
EuroSAT iteration 578/800 : Query Acc = 94.67, Avg Acc = 82.75% +- 0.66%
EuroSAT iteration 579/800 : Query Acc = 97.33, Avg Acc = 82.77% +- 0.67%
EuroSAT iteration 580/800 : Query Acc = 86.67, Avg Acc = 82.78% +- 0.66%
EuroSAT iteration 581/800 : Query Acc = 77.33, Avg Acc = 82.77% +- 0.66%
EuroSAT iteration 582/800 : Query Acc = 73.33, Avg Acc = 82.75% +- 0.66%
EuroSAT iteration 583/800 : Query Acc = 89.33, Avg Acc = 82.76% +- 0.66%
EuroSAT iteration 584/800 : Query Acc = 86.67, Avg Acc = 82.77% +- 0.66%
EuroSAT iteration 585/800 : Query Acc = 89.33, Avg Acc = 82.78% +- 0.66%
EuroSAT iteration 586/800 : Query Acc = 77.33, Avg Acc = 82.77% +- 0.66%
EuroSAT iteration 587/800 : Query Acc = 84.00, Avg Acc = 82.78% +- 0.66%
EuroSAT iteration 588/800 : Query Acc = 90.67, Avg Acc = 82.79% +- 0.66%
EuroSAT iteration 589/800 : Query Acc = 74.67, Avg Acc = 82.78% +- 0.66%
EuroSAT iteration 590/800 : Query Acc = 89.33, Avg Acc = 82.79% +- 0.66%
EuroSAT iteration 591/800 : Query Acc = 76.00, Avg Acc = 82.77% +- 0.66%
EuroSAT iteration 592/800 : Query Acc = 81.33, Avg Acc = 82.77% +- 0.66%
EuroSAT iteration 593/800 : Query Acc = 82.67, Avg Acc = 82.77% +- 0.65%
EuroSAT iteration 594/800 : Query Acc = 94.67, Avg Acc = 82.79% +- 0.65%
EuroSAT iteration 595/800 : Query Acc = 81.33, Avg Acc = 82.79% +- 0.65%
EuroSAT iteration 596/800 : Query Acc = 92.00, Avg Acc = 82.81% +- 0.65%
EuroSAT iteration 597/800 : Query Acc = 93.33, Avg Acc = 82.82% +- 0.65%
EuroSAT iteration 598/800 : Query Acc = 94.67, Avg Acc = 82.84% +- 0.65%
EuroSAT iteration 599/800 : Query Acc = 80.00, Avg Acc = 82.84% +- 0.65%
EuroSAT iteration 600/800 : Query Acc = 93.33, Avg Acc = 82.86% +- 0.65%
EuroSAT | 600 / 800 Acc = 82.86% +- 0.65%
EuroSAT iteration 601/800 : Query Acc = 70.67, Avg Acc = 82.83% +- 0.65%
EuroSAT iteration 602/800 : Query Acc = 66.67, Avg Acc = 82.81% +- 0.65%
EuroSAT iteration 603/800 : Query Acc = 92.00, Avg Acc = 82.82% +- 0.65%
EuroSAT iteration 604/800 : Query Acc = 88.00, Avg Acc = 82.83% +- 0.65%
EuroSAT iteration 605/800 : Query Acc = 82.67, Avg Acc = 82.83% +- 0.65%
EuroSAT iteration 606/800 : Query Acc = 77.33, Avg Acc = 82.82% +- 0.65%
EuroSAT iteration 607/800 : Query Acc = 96.00, Avg Acc = 82.84% +- 0.65%
EuroSAT iteration 608/800 : Query Acc = 77.33, Avg Acc = 82.84% +- 0.65%
EuroSAT iteration 609/800 : Query Acc = 93.33, Avg Acc = 82.85% +- 0.65%
EuroSAT iteration 610/800 : Query Acc = 96.00, Avg Acc = 82.87% +- 0.65%
EuroSAT iteration 611/800 : Query Acc = 86.67, Avg Acc = 82.88% +- 0.65%
EuroSAT iteration 612/800 : Query Acc = 73.33, Avg Acc = 82.86% +- 0.65%
EuroSAT iteration 613/800 : Query Acc = 88.00, Avg Acc = 82.87% +- 0.65%
EuroSAT iteration 614/800 : Query Acc = 73.33, Avg Acc = 82.86% +- 0.65%
EuroSAT iteration 615/800 : Query Acc = 85.33, Avg Acc = 82.86% +- 0.65%
EuroSAT iteration 616/800 : Query Acc = 74.67, Avg Acc = 82.85% +- 0.64%
EuroSAT iteration 617/800 : Query Acc = 90.67, Avg Acc = 82.86% +- 0.64%
EuroSAT iteration 618/800 : Query Acc = 74.67, Avg Acc = 82.85% +- 0.64%
EuroSAT iteration 619/800 : Query Acc = 90.67, Avg Acc = 82.86% +- 0.64%
EuroSAT iteration 620/800 : Query Acc = 86.67, Avg Acc = 82.87% +- 0.64%
EuroSAT iteration 621/800 : Query Acc = 84.00, Avg Acc = 82.87% +- 0.64%
EuroSAT iteration 622/800 : Query Acc = 92.00, Avg Acc = 82.88% +- 0.64%
EuroSAT iteration 623/800 : Query Acc = 81.33, Avg Acc = 82.88% +- 0.64%
EuroSAT iteration 624/800 : Query Acc = 90.67, Avg Acc = 82.89% +- 0.64%
EuroSAT iteration 625/800 : Query Acc = 86.67, Avg Acc = 82.90% +- 0.64%
EuroSAT iteration 626/800 : Query Acc = 85.33, Avg Acc = 82.90% +- 0.64%
EuroSAT iteration 627/800 : Query Acc = 81.33, Avg Acc = 82.90% +- 0.64%
EuroSAT iteration 628/800 : Query Acc = 77.33, Avg Acc = 82.89% +- 0.64%
EuroSAT iteration 629/800 : Query Acc = 94.67, Avg Acc = 82.91% +- 0.64%
EuroSAT iteration 630/800 : Query Acc = 73.33, Avg Acc = 82.89% +- 0.64%
EuroSAT iteration 631/800 : Query Acc = 93.33, Avg Acc = 82.91% +- 0.64%
EuroSAT iteration 632/800 : Query Acc = 58.67, Avg Acc = 82.87% +- 0.64%
EuroSAT iteration 633/800 : Query Acc = 86.67, Avg Acc = 82.88% +- 0.64%
EuroSAT iteration 634/800 : Query Acc = 80.00, Avg Acc = 82.87% +- 0.64%
EuroSAT iteration 635/800 : Query Acc = 78.67, Avg Acc = 82.87% +- 0.64%
EuroSAT iteration 636/800 : Query Acc = 82.67, Avg Acc = 82.87% +- 0.63%
EuroSAT iteration 637/800 : Query Acc = 78.67, Avg Acc = 82.86% +- 0.63%
EuroSAT iteration 638/800 : Query Acc = 90.67, Avg Acc = 82.87% +- 0.63%
EuroSAT iteration 639/800 : Query Acc = 70.67, Avg Acc = 82.85% +- 0.63%
EuroSAT iteration 640/800 : Query Acc = 86.67, Avg Acc = 82.86% +- 0.63%
EuroSAT iteration 641/800 : Query Acc = 81.33, Avg Acc = 82.86% +- 0.63%
EuroSAT iteration 642/800 : Query Acc = 88.00, Avg Acc = 82.87% +- 0.63%
EuroSAT iteration 643/800 : Query Acc = 89.33, Avg Acc = 82.88% +- 0.63%
EuroSAT iteration 644/800 : Query Acc = 78.67, Avg Acc = 82.87% +- 0.63%
EuroSAT iteration 645/800 : Query Acc = 78.67, Avg Acc = 82.86% +- 0.63%
EuroSAT iteration 646/800 : Query Acc = 92.00, Avg Acc = 82.88% +- 0.63%
EuroSAT iteration 647/800 : Query Acc = 77.33, Avg Acc = 82.87% +- 0.63%
EuroSAT iteration 648/800 : Query Acc = 90.67, Avg Acc = 82.88% +- 0.63%
EuroSAT iteration 649/800 : Query Acc = 97.33, Avg Acc = 82.90% +- 0.63%
EuroSAT iteration 650/800 : Query Acc = 77.33, Avg Acc = 82.89% +- 0.63%
EuroSAT iteration 651/800 : Query Acc = 92.00, Avg Acc = 82.91% +- 0.63%
EuroSAT iteration 652/800 : Query Acc = 72.00, Avg Acc = 82.89% +- 0.63%
EuroSAT iteration 653/800 : Query Acc = 88.00, Avg Acc = 82.90% +- 0.63%
EuroSAT iteration 654/800 : Query Acc = 81.33, Avg Acc = 82.90% +- 0.62%
EuroSAT iteration 655/800 : Query Acc = 90.67, Avg Acc = 82.91% +- 0.62%
EuroSAT iteration 656/800 : Query Acc = 86.67, Avg Acc = 82.91% +- 0.62%
EuroSAT iteration 657/800 : Query Acc = 74.67, Avg Acc = 82.90% +- 0.62%
EuroSAT iteration 658/800 : Query Acc = 86.67, Avg Acc = 82.91% +- 0.62%
EuroSAT iteration 659/800 : Query Acc = 90.67, Avg Acc = 82.92% +- 0.62%
EuroSAT iteration 660/800 : Query Acc = 81.33, Avg Acc = 82.92% +- 0.62%
EuroSAT iteration 661/800 : Query Acc = 97.33, Avg Acc = 82.94% +- 0.62%
EuroSAT iteration 662/800 : Query Acc = 77.33, Avg Acc = 82.93% +- 0.62%
EuroSAT iteration 663/800 : Query Acc = 81.33, Avg Acc = 82.93% +- 0.62%
EuroSAT iteration 664/800 : Query Acc = 89.33, Avg Acc = 82.94% +- 0.62%
EuroSAT iteration 665/800 : Query Acc = 86.67, Avg Acc = 82.94% +- 0.62%
EuroSAT iteration 666/800 : Query Acc = 74.67, Avg Acc = 82.93% +- 0.62%
EuroSAT iteration 667/800 : Query Acc = 74.67, Avg Acc = 82.92% +- 0.62%
EuroSAT iteration 668/800 : Query Acc = 88.00, Avg Acc = 82.93% +- 0.62%
EuroSAT iteration 669/800 : Query Acc = 81.33, Avg Acc = 82.92% +- 0.62%
EuroSAT iteration 670/800 : Query Acc = 92.00, Avg Acc = 82.94% +- 0.62%
EuroSAT iteration 671/800 : Query Acc = 88.00, Avg Acc = 82.94% +- 0.61%
EuroSAT iteration 672/800 : Query Acc = 85.33, Avg Acc = 82.95% +- 0.61%
EuroSAT iteration 673/800 : Query Acc = 74.67, Avg Acc = 82.94% +- 0.61%
EuroSAT iteration 674/800 : Query Acc = 84.00, Avg Acc = 82.94% +- 0.61%
EuroSAT iteration 675/800 : Query Acc = 81.33, Avg Acc = 82.93% +- 0.61%
EuroSAT iteration 676/800 : Query Acc = 69.33, Avg Acc = 82.91% +- 0.61%
EuroSAT iteration 677/800 : Query Acc = 68.00, Avg Acc = 82.89% +- 0.61%
EuroSAT iteration 678/800 : Query Acc = 90.67, Avg Acc = 82.90% +- 0.61%
EuroSAT iteration 679/800 : Query Acc = 88.00, Avg Acc = 82.91% +- 0.61%
EuroSAT iteration 680/800 : Query Acc = 85.33, Avg Acc = 82.92% +- 0.61%
EuroSAT iteration 681/800 : Query Acc = 81.33, Avg Acc = 82.91% +- 0.61%
EuroSAT iteration 682/800 : Query Acc = 77.33, Avg Acc = 82.90% +- 0.61%
EuroSAT iteration 683/800 : Query Acc = 86.67, Avg Acc = 82.91% +- 0.61%
EuroSAT iteration 684/800 : Query Acc = 72.00, Avg Acc = 82.89% +- 0.61%
EuroSAT iteration 685/800 : Query Acc = 80.00, Avg Acc = 82.89% +- 0.61%
EuroSAT iteration 686/800 : Query Acc = 90.67, Avg Acc = 82.90% +- 0.61%
EuroSAT iteration 687/800 : Query Acc = 92.00, Avg Acc = 82.91% +- 0.61%
EuroSAT iteration 688/800 : Query Acc = 93.33, Avg Acc = 82.93% +- 0.61%
EuroSAT iteration 689/800 : Query Acc = 77.33, Avg Acc = 82.92% +- 0.61%
EuroSAT iteration 690/800 : Query Acc = 96.00, Avg Acc = 82.94% +- 0.61%
EuroSAT iteration 691/800 : Query Acc = 73.33, Avg Acc = 82.93% +- 0.61%
EuroSAT iteration 692/800 : Query Acc = 70.67, Avg Acc = 82.91% +- 0.61%
EuroSAT iteration 693/800 : Query Acc = 64.00, Avg Acc = 82.88% +- 0.61%
EuroSAT iteration 694/800 : Query Acc = 85.33, Avg Acc = 82.89% +- 0.61%
EuroSAT iteration 695/800 : Query Acc = 90.67, Avg Acc = 82.90% +- 0.61%
EuroSAT iteration 696/800 : Query Acc = 82.67, Avg Acc = 82.90% +- 0.60%
EuroSAT iteration 697/800 : Query Acc = 80.00, Avg Acc = 82.89% +- 0.60%
EuroSAT iteration 698/800 : Query Acc = 90.67, Avg Acc = 82.90% +- 0.60%
EuroSAT iteration 699/800 : Query Acc = 88.00, Avg Acc = 82.91% +- 0.60%
EuroSAT iteration 700/800 : Query Acc = 92.00, Avg Acc = 82.92% +- 0.60%
EuroSAT | 700 / 800 Acc = 82.92% +- 0.60%
EuroSAT iteration 701/800 : Query Acc = 93.33, Avg Acc = 82.94% +- 0.60%
EuroSAT iteration 702/800 : Query Acc = 89.33, Avg Acc = 82.95% +- 0.60%
EuroSAT iteration 703/800 : Query Acc = 50.67, Avg Acc = 82.90% +- 0.61%
EuroSAT iteration 704/800 : Query Acc = 81.33, Avg Acc = 82.90% +- 0.61%
EuroSAT iteration 705/800 : Query Acc = 88.00, Avg Acc = 82.91% +- 0.61%
EuroSAT iteration 706/800 : Query Acc = 84.00, Avg Acc = 82.91% +- 0.60%
EuroSAT iteration 707/800 : Query Acc = 86.67, Avg Acc = 82.91% +- 0.60%
EuroSAT iteration 708/800 : Query Acc = 89.33, Avg Acc = 82.92% +- 0.60%
EuroSAT iteration 709/800 : Query Acc = 97.33, Avg Acc = 82.94% +- 0.60%
EuroSAT iteration 710/800 : Query Acc = 82.67, Avg Acc = 82.94% +- 0.60%
EuroSAT iteration 711/800 : Query Acc = 81.33, Avg Acc = 82.94% +- 0.60%
EuroSAT iteration 712/800 : Query Acc = 81.33, Avg Acc = 82.94% +- 0.60%
EuroSAT iteration 713/800 : Query Acc = 69.33, Avg Acc = 82.92% +- 0.60%
EuroSAT iteration 714/800 : Query Acc = 84.00, Avg Acc = 82.92% +- 0.60%
EuroSAT iteration 715/800 : Query Acc = 77.33, Avg Acc = 82.91% +- 0.60%
EuroSAT iteration 716/800 : Query Acc = 88.00, Avg Acc = 82.92% +- 0.60%
EuroSAT iteration 717/800 : Query Acc = 86.67, Avg Acc = 82.92% +- 0.60%
EuroSAT iteration 718/800 : Query Acc = 76.00, Avg Acc = 82.92% +- 0.60%
EuroSAT iteration 719/800 : Query Acc = 84.00, Avg Acc = 82.92% +- 0.60%
EuroSAT iteration 720/800 : Query Acc = 92.00, Avg Acc = 82.93% +- 0.60%
EuroSAT iteration 721/800 : Query Acc = 89.33, Avg Acc = 82.94% +- 0.60%
EuroSAT iteration 722/800 : Query Acc = 89.33, Avg Acc = 82.95% +- 0.60%
EuroSAT iteration 723/800 : Query Acc = 97.33, Avg Acc = 82.97% +- 0.60%
EuroSAT iteration 724/800 : Query Acc = 94.67, Avg Acc = 82.98% +- 0.60%
EuroSAT iteration 725/800 : Query Acc = 85.33, Avg Acc = 82.99% +- 0.60%
EuroSAT iteration 726/800 : Query Acc = 78.67, Avg Acc = 82.98% +- 0.60%
EuroSAT iteration 727/800 : Query Acc = 92.00, Avg Acc = 82.99% +- 0.59%
EuroSAT iteration 728/800 : Query Acc = 74.67, Avg Acc = 82.98% +- 0.59%
EuroSAT iteration 729/800 : Query Acc = 92.00, Avg Acc = 82.99% +- 0.59%
EuroSAT iteration 730/800 : Query Acc = 76.00, Avg Acc = 82.98% +- 0.59%
EuroSAT iteration 731/800 : Query Acc = 86.67, Avg Acc = 82.99% +- 0.59%
EuroSAT iteration 732/800 : Query Acc = 96.00, Avg Acc = 83.01% +- 0.59%
EuroSAT iteration 733/800 : Query Acc = 85.33, Avg Acc = 83.01% +- 0.59%
EuroSAT iteration 734/800 : Query Acc = 82.67, Avg Acc = 83.01% +- 0.59%
EuroSAT iteration 735/800 : Query Acc = 78.67, Avg Acc = 83.00% +- 0.59%
EuroSAT iteration 736/800 : Query Acc = 74.67, Avg Acc = 82.99% +- 0.59%
EuroSAT iteration 737/800 : Query Acc = 81.33, Avg Acc = 82.99% +- 0.59%
EuroSAT iteration 738/800 : Query Acc = 66.67, Avg Acc = 82.97% +- 0.59%
EuroSAT iteration 739/800 : Query Acc = 84.00, Avg Acc = 82.97% +- 0.59%
EuroSAT iteration 740/800 : Query Acc = 85.33, Avg Acc = 82.97% +- 0.59%
EuroSAT iteration 741/800 : Query Acc = 92.00, Avg Acc = 82.98% +- 0.59%
EuroSAT iteration 742/800 : Query Acc = 89.33, Avg Acc = 82.99% +- 0.59%
EuroSAT iteration 743/800 : Query Acc = 62.67, Avg Acc = 82.97% +- 0.59%
EuroSAT iteration 744/800 : Query Acc = 77.33, Avg Acc = 82.96% +- 0.59%
EuroSAT iteration 745/800 : Query Acc = 81.33, Avg Acc = 82.96% +- 0.59%
EuroSAT iteration 746/800 : Query Acc = 74.67, Avg Acc = 82.95% +- 0.59%
EuroSAT iteration 747/800 : Query Acc = 96.00, Avg Acc = 82.96% +- 0.59%
EuroSAT iteration 748/800 : Query Acc = 80.00, Avg Acc = 82.96% +- 0.59%
EuroSAT iteration 749/800 : Query Acc = 85.33, Avg Acc = 82.96% +- 0.59%
EuroSAT iteration 750/800 : Query Acc = 93.33, Avg Acc = 82.98% +- 0.59%
EuroSAT iteration 751/800 : Query Acc = 74.67, Avg Acc = 82.96% +- 0.59%
EuroSAT iteration 752/800 : Query Acc = 85.33, Avg Acc = 82.97% +- 0.59%
EuroSAT iteration 753/800 : Query Acc = 84.00, Avg Acc = 82.97% +- 0.58%
EuroSAT iteration 754/800 : Query Acc = 76.00, Avg Acc = 82.96% +- 0.58%
EuroSAT iteration 755/800 : Query Acc = 85.33, Avg Acc = 82.96% +- 0.58%
EuroSAT iteration 756/800 : Query Acc = 89.33, Avg Acc = 82.97% +- 0.58%
EuroSAT iteration 757/800 : Query Acc = 78.67, Avg Acc = 82.97% +- 0.58%
EuroSAT iteration 758/800 : Query Acc = 72.00, Avg Acc = 82.95% +- 0.58%
EuroSAT iteration 759/800 : Query Acc = 85.33, Avg Acc = 82.95% +- 0.58%
EuroSAT iteration 760/800 : Query Acc = 86.67, Avg Acc = 82.96% +- 0.58%
EuroSAT iteration 761/800 : Query Acc = 77.33, Avg Acc = 82.95% +- 0.58%
EuroSAT iteration 762/800 : Query Acc = 90.67, Avg Acc = 82.96% +- 0.58%
EuroSAT iteration 763/800 : Query Acc = 92.00, Avg Acc = 82.97% +- 0.58%
EuroSAT iteration 764/800 : Query Acc = 76.00, Avg Acc = 82.96% +- 0.58%
EuroSAT iteration 765/800 : Query Acc = 90.67, Avg Acc = 82.97% +- 0.58%
EuroSAT iteration 766/800 : Query Acc = 74.67, Avg Acc = 82.96% +- 0.58%
EuroSAT iteration 767/800 : Query Acc = 76.00, Avg Acc = 82.95% +- 0.58%
EuroSAT iteration 768/800 : Query Acc = 86.67, Avg Acc = 82.96% +- 0.58%
EuroSAT iteration 769/800 : Query Acc = 84.00, Avg Acc = 82.96% +- 0.58%
EuroSAT iteration 770/800 : Query Acc = 88.00, Avg Acc = 82.97% +- 0.58%
EuroSAT iteration 771/800 : Query Acc = 78.67, Avg Acc = 82.96% +- 0.57%
EuroSAT iteration 772/800 : Query Acc = 90.67, Avg Acc = 82.97% +- 0.57%
EuroSAT iteration 773/800 : Query Acc = 84.00, Avg Acc = 82.97% +- 0.57%
EuroSAT iteration 774/800 : Query Acc = 96.00, Avg Acc = 82.99% +- 0.57%
EuroSAT iteration 775/800 : Query Acc = 84.00, Avg Acc = 82.99% +- 0.57%
EuroSAT iteration 776/800 : Query Acc = 81.33, Avg Acc = 82.99% +- 0.57%
EuroSAT iteration 777/800 : Query Acc = 70.67, Avg Acc = 82.97% +- 0.57%
EuroSAT iteration 778/800 : Query Acc = 76.00, Avg Acc = 82.96% +- 0.57%
EuroSAT iteration 779/800 : Query Acc = 90.67, Avg Acc = 82.97% +- 0.57%
EuroSAT iteration 780/800 : Query Acc = 77.33, Avg Acc = 82.97% +- 0.57%
EuroSAT iteration 781/800 : Query Acc = 96.00, Avg Acc = 82.98% +- 0.57%
EuroSAT iteration 782/800 : Query Acc = 73.33, Avg Acc = 82.97% +- 0.57%
EuroSAT iteration 783/800 : Query Acc = 85.33, Avg Acc = 82.97% +- 0.57%
EuroSAT iteration 784/800 : Query Acc = 96.00, Avg Acc = 82.99% +- 0.57%
EuroSAT iteration 785/800 : Query Acc = 96.00, Avg Acc = 83.01% +- 0.57%
EuroSAT iteration 786/800 : Query Acc = 84.00, Avg Acc = 83.01% +- 0.57%
EuroSAT iteration 787/800 : Query Acc = 88.00, Avg Acc = 83.02% +- 0.57%
EuroSAT iteration 788/800 : Query Acc = 74.67, Avg Acc = 83.00% +- 0.57%
EuroSAT iteration 789/800 : Query Acc = 86.67, Avg Acc = 83.01% +- 0.57%
EuroSAT iteration 790/800 : Query Acc = 68.00, Avg Acc = 82.99% +- 0.57%
EuroSAT iteration 791/800 : Query Acc = 89.33, Avg Acc = 83.00% +- 0.57%
EuroSAT iteration 792/800 : Query Acc = 96.00, Avg Acc = 83.01% +- 0.57%
EuroSAT iteration 793/800 : Query Acc = 85.33, Avg Acc = 83.02% +- 0.57%
EuroSAT iteration 794/800 : Query Acc = 85.33, Avg Acc = 83.02% +- 0.57%
EuroSAT iteration 795/800 : Query Acc = 80.00, Avg Acc = 83.02% +- 0.57%
EuroSAT iteration 796/800 : Query Acc = 89.33, Avg Acc = 83.02% +- 0.57%
EuroSAT iteration 797/800 : Query Acc = 85.33, Avg Acc = 83.03% +- 0.57%
EuroSAT iteration 798/800 : Query Acc = 86.67, Avg Acc = 83.03% +- 0.56%
EuroSAT iteration 799/800 : Query Acc = 94.67, Avg Acc = 83.05% +- 0.56%
Euro 800 Test Acc = 83.05% +- 0.56%
