set seed = 1
FineTune! 1 shots on ISIC dataset
ISIC iteration 0/800 : Query Acc = 37.33, Avg Acc = 37.33% +- 0.00%
ISIC | 0 / 800 Acc = 37.33% +- 0.00%
ISIC iteration 1/800 : Query Acc = 36.00, Avg Acc = 36.67% +- 0.92%
ISIC iteration 2/800 : Query Acc = 33.33, Avg Acc = 35.56% +- 1.88%
ISIC iteration 3/800 : Query Acc = 38.67, Avg Acc = 36.33% +- 1.93%
ISIC iteration 4/800 : Query Acc = 30.67, Avg Acc = 35.20% +- 2.52%
ISIC iteration 5/800 : Query Acc = 34.67, Avg Acc = 35.11% +- 2.10%
ISIC iteration 6/800 : Query Acc = 32.00, Avg Acc = 34.67% +- 1.98%
ISIC iteration 7/800 : Query Acc = 34.67, Avg Acc = 34.67% +- 1.73%
ISIC iteration 8/800 : Query Acc = 28.00, Avg Acc = 33.93% +- 2.06%
ISIC iteration 9/800 : Query Acc = 33.33, Avg Acc = 33.87% +- 1.86%
ISIC iteration 10/800 : Query Acc = 44.00, Avg Acc = 34.79% +- 2.41%
ISIC iteration 11/800 : Query Acc = 40.00, Avg Acc = 35.22% +- 2.35%
ISIC iteration 12/800 : Query Acc = 36.00, Avg Acc = 35.28% +- 2.18%
ISIC iteration 13/800 : Query Acc = 50.67, Avg Acc = 36.38% +- 2.90%
ISIC iteration 14/800 : Query Acc = 38.67, Avg Acc = 36.53% +- 2.72%
ISIC iteration 15/800 : Query Acc = 44.00, Avg Acc = 37.00% +- 2.70%
ISIC iteration 16/800 : Query Acc = 49.33, Avg Acc = 37.73% +- 2.89%
ISIC iteration 17/800 : Query Acc = 41.33, Avg Acc = 37.93% +- 2.76%
ISIC iteration 18/800 : Query Acc = 41.33, Avg Acc = 38.11% +- 2.63%
ISIC iteration 19/800 : Query Acc = 41.33, Avg Acc = 38.27% +- 2.52%
ISIC iteration 20/800 : Query Acc = 49.33, Avg Acc = 38.79% +- 2.60%
ISIC iteration 21/800 : Query Acc = 44.00, Avg Acc = 39.03% +- 2.53%
ISIC iteration 22/800 : Query Acc = 34.67, Avg Acc = 38.84% +- 2.44%
ISIC iteration 23/800 : Query Acc = 41.33, Avg Acc = 38.94% +- 2.35%
ISIC iteration 24/800 : Query Acc = 44.00, Avg Acc = 39.15% +- 2.29%
ISIC iteration 25/800 : Query Acc = 37.33, Avg Acc = 39.08% +- 2.21%
ISIC iteration 26/800 : Query Acc = 30.67, Avg Acc = 38.77% +- 2.21%
ISIC iteration 27/800 : Query Acc = 29.33, Avg Acc = 38.43% +- 2.22%
ISIC iteration 28/800 : Query Acc = 37.33, Avg Acc = 38.39% +- 2.15%
ISIC iteration 29/800 : Query Acc = 36.00, Avg Acc = 38.31% +- 2.08%
ISIC iteration 30/800 : Query Acc = 40.00, Avg Acc = 38.37% +- 2.02%
ISIC iteration 31/800 : Query Acc = 45.33, Avg Acc = 38.58% +- 2.00%
ISIC iteration 32/800 : Query Acc = 42.67, Avg Acc = 38.71% +- 1.95%
ISIC iteration 33/800 : Query Acc = 37.33, Avg Acc = 38.67% +- 1.90%
ISIC iteration 34/800 : Query Acc = 45.33, Avg Acc = 38.86% +- 1.88%
ISIC iteration 35/800 : Query Acc = 41.33, Avg Acc = 38.93% +- 1.83%
ISIC iteration 36/800 : Query Acc = 33.33, Avg Acc = 38.77% +- 1.81%
ISIC iteration 37/800 : Query Acc = 33.33, Avg Acc = 38.63% +- 1.78%
ISIC iteration 38/800 : Query Acc = 34.67, Avg Acc = 38.53% +- 1.75%
ISIC iteration 39/800 : Query Acc = 26.67, Avg Acc = 38.23% +- 1.80%
ISIC iteration 40/800 : Query Acc = 40.00, Avg Acc = 38.28% +- 1.76%
ISIC iteration 41/800 : Query Acc = 33.33, Avg Acc = 38.16% +- 1.73%
ISIC iteration 42/800 : Query Acc = 49.33, Avg Acc = 38.42% +- 1.76%
ISIC iteration 43/800 : Query Acc = 28.00, Avg Acc = 38.18% +- 1.78%
ISIC iteration 44/800 : Query Acc = 49.33, Avg Acc = 38.43% +- 1.81%
ISIC iteration 45/800 : Query Acc = 30.67, Avg Acc = 38.26% +- 1.80%
ISIC iteration 46/800 : Query Acc = 42.67, Avg Acc = 38.35% +- 1.77%
ISIC iteration 47/800 : Query Acc = 44.00, Avg Acc = 38.47% +- 1.75%
ISIC iteration 48/800 : Query Acc = 52.00, Avg Acc = 38.75% +- 1.79%
ISIC iteration 49/800 : Query Acc = 33.33, Avg Acc = 38.64% +- 1.77%
ISIC iteration 50/800 : Query Acc = 41.33, Avg Acc = 38.69% +- 1.74%
ISIC iteration 51/800 : Query Acc = 65.33, Avg Acc = 39.21% +- 1.97%
ISIC iteration 52/800 : Query Acc = 22.67, Avg Acc = 38.89% +- 2.03%
ISIC iteration 53/800 : Query Acc = 37.33, Avg Acc = 38.86% +- 1.99%
ISIC iteration 54/800 : Query Acc = 40.00, Avg Acc = 38.88% +- 1.96%
ISIC iteration 55/800 : Query Acc = 44.00, Avg Acc = 38.98% +- 1.93%
ISIC iteration 56/800 : Query Acc = 34.67, Avg Acc = 38.90% +- 1.90%
ISIC iteration 57/800 : Query Acc = 33.33, Avg Acc = 38.80% +- 1.88%
ISIC iteration 58/800 : Query Acc = 42.67, Avg Acc = 38.87% +- 1.85%
ISIC iteration 59/800 : Query Acc = 38.67, Avg Acc = 38.87% +- 1.82%
ISIC iteration 60/800 : Query Acc = 40.00, Avg Acc = 38.89% +- 1.79%
ISIC iteration 61/800 : Query Acc = 25.33, Avg Acc = 38.67% +- 1.81%
ISIC iteration 62/800 : Query Acc = 41.33, Avg Acc = 38.71% +- 1.79%
ISIC iteration 63/800 : Query Acc = 29.33, Avg Acc = 38.56% +- 1.78%
ISIC iteration 64/800 : Query Acc = 46.67, Avg Acc = 38.69% +- 1.77%
ISIC iteration 65/800 : Query Acc = 41.33, Avg Acc = 38.73% +- 1.74%
ISIC iteration 66/800 : Query Acc = 44.00, Avg Acc = 38.81% +- 1.73%
ISIC iteration 67/800 : Query Acc = 30.67, Avg Acc = 38.69% +- 1.72%
ISIC iteration 68/800 : Query Acc = 45.33, Avg Acc = 38.78% +- 1.70%
ISIC iteration 69/800 : Query Acc = 34.67, Avg Acc = 38.72% +- 1.68%
ISIC iteration 70/800 : Query Acc = 26.67, Avg Acc = 38.55% +- 1.69%
ISIC iteration 71/800 : Query Acc = 38.67, Avg Acc = 38.56% +- 1.67%
ISIC iteration 72/800 : Query Acc = 30.67, Avg Acc = 38.45% +- 1.66%
ISIC iteration 73/800 : Query Acc = 28.00, Avg Acc = 38.31% +- 1.66%
ISIC iteration 74/800 : Query Acc = 42.67, Avg Acc = 38.36% +- 1.64%
ISIC iteration 75/800 : Query Acc = 44.00, Avg Acc = 38.44% +- 1.62%
ISIC iteration 76/800 : Query Acc = 42.67, Avg Acc = 38.49% +- 1.61%
ISIC iteration 77/800 : Query Acc = 44.00, Avg Acc = 38.56% +- 1.59%
ISIC iteration 78/800 : Query Acc = 33.33, Avg Acc = 38.50% +- 1.58%
ISIC iteration 79/800 : Query Acc = 38.67, Avg Acc = 38.50% +- 1.56%
ISIC iteration 80/800 : Query Acc = 29.33, Avg Acc = 38.39% +- 1.55%
ISIC iteration 81/800 : Query Acc = 38.67, Avg Acc = 38.39% +- 1.53%
ISIC iteration 82/800 : Query Acc = 36.00, Avg Acc = 38.36% +- 1.52%
ISIC iteration 83/800 : Query Acc = 36.00, Avg Acc = 38.33% +- 1.50%
ISIC iteration 84/800 : Query Acc = 36.00, Avg Acc = 38.31% +- 1.48%
ISIC iteration 85/800 : Query Acc = 45.33, Avg Acc = 38.39% +- 1.48%
ISIC iteration 86/800 : Query Acc = 48.00, Avg Acc = 38.50% +- 1.47%
ISIC iteration 87/800 : Query Acc = 21.33, Avg Acc = 38.30% +- 1.51%
ISIC iteration 88/800 : Query Acc = 37.33, Avg Acc = 38.29% +- 1.49%
ISIC iteration 89/800 : Query Acc = 41.33, Avg Acc = 38.33% +- 1.47%
ISIC iteration 90/800 : Query Acc = 34.67, Avg Acc = 38.29% +- 1.46%
ISIC iteration 91/800 : Query Acc = 52.00, Avg Acc = 38.43% +- 1.47%
ISIC iteration 92/800 : Query Acc = 36.00, Avg Acc = 38.41% +- 1.46%
ISIC iteration 93/800 : Query Acc = 44.00, Avg Acc = 38.47% +- 1.45%
ISIC iteration 94/800 : Query Acc = 45.33, Avg Acc = 38.54% +- 1.44%
ISIC iteration 95/800 : Query Acc = 26.67, Avg Acc = 38.42% +- 1.44%
ISIC iteration 96/800 : Query Acc = 34.67, Avg Acc = 38.38% +- 1.43%
ISIC iteration 97/800 : Query Acc = 30.67, Avg Acc = 38.30% +- 1.42%
ISIC iteration 98/800 : Query Acc = 34.67, Avg Acc = 38.26% +- 1.41%
ISIC iteration 99/800 : Query Acc = 34.67, Avg Acc = 38.23% +- 1.40%
ISIC iteration 100/800 : Query Acc = 33.33, Avg Acc = 38.18% +- 1.39%
ISIC | 100 / 800 Acc = 38.18% +- 1.39%
ISIC iteration 101/800 : Query Acc = 38.67, Avg Acc = 38.18% +- 1.38%
ISIC iteration 102/800 : Query Acc = 40.00, Avg Acc = 38.20% +- 1.36%
ISIC iteration 103/800 : Query Acc = 38.67, Avg Acc = 38.21% +- 1.35%
ISIC iteration 104/800 : Query Acc = 32.00, Avg Acc = 38.15% +- 1.34%
ISIC iteration 105/800 : Query Acc = 24.00, Avg Acc = 38.01% +- 1.35%
ISIC iteration 106/800 : Query Acc = 38.67, Avg Acc = 38.02% +- 1.34%
ISIC iteration 107/800 : Query Acc = 37.33, Avg Acc = 38.01% +- 1.33%
ISIC iteration 108/800 : Query Acc = 30.67, Avg Acc = 37.94% +- 1.32%
ISIC iteration 109/800 : Query Acc = 41.33, Avg Acc = 37.98% +- 1.31%
ISIC iteration 110/800 : Query Acc = 37.33, Avg Acc = 37.97% +- 1.30%
ISIC iteration 111/800 : Query Acc = 36.00, Avg Acc = 37.95% +- 1.29%
ISIC iteration 112/800 : Query Acc = 44.00, Avg Acc = 38.01% +- 1.28%
ISIC iteration 113/800 : Query Acc = 34.67, Avg Acc = 37.98% +- 1.27%
ISIC iteration 114/800 : Query Acc = 30.67, Avg Acc = 37.91% +- 1.27%
ISIC iteration 115/800 : Query Acc = 40.00, Avg Acc = 37.93% +- 1.26%
ISIC iteration 116/800 : Query Acc = 41.33, Avg Acc = 37.96% +- 1.25%
ISIC iteration 117/800 : Query Acc = 25.33, Avg Acc = 37.85% +- 1.26%
ISIC iteration 118/800 : Query Acc = 30.67, Avg Acc = 37.79% +- 1.25%
ISIC iteration 119/800 : Query Acc = 44.00, Avg Acc = 37.84% +- 1.24%
ISIC iteration 120/800 : Query Acc = 33.33, Avg Acc = 37.81% +- 1.24%
ISIC iteration 121/800 : Query Acc = 38.67, Avg Acc = 37.81% +- 1.23%
ISIC iteration 122/800 : Query Acc = 29.33, Avg Acc = 37.75% +- 1.22%
ISIC iteration 123/800 : Query Acc = 29.33, Avg Acc = 37.68% +- 1.22%
ISIC iteration 124/800 : Query Acc = 36.00, Avg Acc = 37.66% +- 1.21%
ISIC iteration 125/800 : Query Acc = 44.00, Avg Acc = 37.71% +- 1.21%
ISIC iteration 126/800 : Query Acc = 42.67, Avg Acc = 37.75% +- 1.20%
ISIC iteration 127/800 : Query Acc = 48.00, Avg Acc = 37.83% +- 1.20%
ISIC iteration 128/800 : Query Acc = 45.33, Avg Acc = 37.89% +- 1.20%
ISIC iteration 129/800 : Query Acc = 38.67, Avg Acc = 37.90% +- 1.19%
ISIC iteration 130/800 : Query Acc = 36.00, Avg Acc = 37.88% +- 1.18%
ISIC iteration 131/800 : Query Acc = 32.00, Avg Acc = 37.84% +- 1.17%
ISIC iteration 132/800 : Query Acc = 25.33, Avg Acc = 37.74% +- 1.18%
ISIC iteration 133/800 : Query Acc = 25.33, Avg Acc = 37.65% +- 1.18%
ISIC iteration 134/800 : Query Acc = 46.67, Avg Acc = 37.72% +- 1.18%
ISIC iteration 135/800 : Query Acc = 28.00, Avg Acc = 37.65% +- 1.18%
ISIC iteration 136/800 : Query Acc = 52.00, Avg Acc = 37.75% +- 1.19%
ISIC iteration 137/800 : Query Acc = 33.33, Avg Acc = 37.72% +- 1.18%
ISIC iteration 138/800 : Query Acc = 24.00, Avg Acc = 37.62% +- 1.19%
ISIC iteration 139/800 : Query Acc = 34.67, Avg Acc = 37.60% +- 1.18%
ISIC iteration 140/800 : Query Acc = 38.67, Avg Acc = 37.61% +- 1.17%
ISIC iteration 141/800 : Query Acc = 40.00, Avg Acc = 37.62% +- 1.17%
ISIC iteration 142/800 : Query Acc = 36.00, Avg Acc = 37.61% +- 1.16%
ISIC iteration 143/800 : Query Acc = 37.33, Avg Acc = 37.61% +- 1.15%
ISIC iteration 144/800 : Query Acc = 42.67, Avg Acc = 37.65% +- 1.14%
ISIC iteration 145/800 : Query Acc = 25.33, Avg Acc = 37.56% +- 1.15%
ISIC iteration 146/800 : Query Acc = 36.00, Avg Acc = 37.55% +- 1.14%
ISIC iteration 147/800 : Query Acc = 32.00, Avg Acc = 37.51% +- 1.14%
ISIC iteration 148/800 : Query Acc = 38.67, Avg Acc = 37.52% +- 1.13%
ISIC iteration 149/800 : Query Acc = 57.33, Avg Acc = 37.65% +- 1.15%
ISIC iteration 150/800 : Query Acc = 41.33, Avg Acc = 37.68% +- 1.14%
ISIC iteration 151/800 : Query Acc = 38.67, Avg Acc = 37.68% +- 1.14%
ISIC iteration 152/800 : Query Acc = 38.67, Avg Acc = 37.69% +- 1.13%
ISIC iteration 153/800 : Query Acc = 33.33, Avg Acc = 37.66% +- 1.12%
ISIC iteration 154/800 : Query Acc = 42.67, Avg Acc = 37.69% +- 1.12%
ISIC iteration 155/800 : Query Acc = 41.33, Avg Acc = 37.72% +- 1.11%
ISIC iteration 156/800 : Query Acc = 41.33, Avg Acc = 37.74% +- 1.10%
ISIC iteration 157/800 : Query Acc = 42.67, Avg Acc = 37.77% +- 1.10%
ISIC iteration 158/800 : Query Acc = 48.00, Avg Acc = 37.84% +- 1.10%
ISIC iteration 159/800 : Query Acc = 28.00, Avg Acc = 37.77% +- 1.10%
ISIC iteration 160/800 : Query Acc = 44.00, Avg Acc = 37.81% +- 1.09%
ISIC iteration 161/800 : Query Acc = 33.33, Avg Acc = 37.79% +- 1.09%
ISIC iteration 162/800 : Query Acc = 33.33, Avg Acc = 37.76% +- 1.08%
ISIC iteration 163/800 : Query Acc = 36.00, Avg Acc = 37.75% +- 1.08%
ISIC iteration 164/800 : Query Acc = 34.67, Avg Acc = 37.73% +- 1.07%
ISIC iteration 165/800 : Query Acc = 42.67, Avg Acc = 37.76% +- 1.07%
ISIC iteration 166/800 : Query Acc = 40.00, Avg Acc = 37.77% +- 1.06%
ISIC iteration 167/800 : Query Acc = 25.33, Avg Acc = 37.70% +- 1.06%
ISIC iteration 168/800 : Query Acc = 30.67, Avg Acc = 37.66% +- 1.06%
ISIC iteration 169/800 : Query Acc = 26.67, Avg Acc = 37.59% +- 1.06%
ISIC iteration 170/800 : Query Acc = 36.00, Avg Acc = 37.58% +- 1.06%
ISIC iteration 171/800 : Query Acc = 26.67, Avg Acc = 37.52% +- 1.06%
ISIC iteration 172/800 : Query Acc = 56.00, Avg Acc = 37.63% +- 1.07%
ISIC iteration 173/800 : Query Acc = 45.33, Avg Acc = 37.67% +- 1.07%
ISIC iteration 174/800 : Query Acc = 26.67, Avg Acc = 37.61% +- 1.07%
ISIC iteration 175/800 : Query Acc = 33.33, Avg Acc = 37.58% +- 1.07%
ISIC iteration 176/800 : Query Acc = 49.33, Avg Acc = 37.65% +- 1.07%
ISIC iteration 177/800 : Query Acc = 29.33, Avg Acc = 37.60% +- 1.07%
ISIC iteration 178/800 : Query Acc = 25.33, Avg Acc = 37.53% +- 1.07%
ISIC iteration 179/800 : Query Acc = 41.33, Avg Acc = 37.56% +- 1.06%
ISIC iteration 180/800 : Query Acc = 41.33, Avg Acc = 37.58% +- 1.06%
ISIC iteration 181/800 : Query Acc = 32.00, Avg Acc = 37.55% +- 1.05%
ISIC iteration 182/800 : Query Acc = 45.33, Avg Acc = 37.59% +- 1.05%
ISIC iteration 183/800 : Query Acc = 41.33, Avg Acc = 37.61% +- 1.05%
ISIC iteration 184/800 : Query Acc = 29.33, Avg Acc = 37.56% +- 1.04%
ISIC iteration 185/800 : Query Acc = 40.00, Avg Acc = 37.58% +- 1.04%
ISIC iteration 186/800 : Query Acc = 36.00, Avg Acc = 37.57% +- 1.03%
ISIC iteration 187/800 : Query Acc = 41.33, Avg Acc = 37.59% +- 1.03%
ISIC iteration 188/800 : Query Acc = 24.00, Avg Acc = 37.52% +- 1.03%
ISIC iteration 189/800 : Query Acc = 54.67, Avg Acc = 37.61% +- 1.04%
ISIC iteration 190/800 : Query Acc = 37.33, Avg Acc = 37.61% +- 1.04%
ISIC iteration 191/800 : Query Acc = 32.00, Avg Acc = 37.58% +- 1.03%
ISIC iteration 192/800 : Query Acc = 54.67, Avg Acc = 37.66% +- 1.04%
ISIC iteration 193/800 : Query Acc = 52.00, Avg Acc = 37.74% +- 1.05%
ISIC iteration 194/800 : Query Acc = 46.67, Avg Acc = 37.78% +- 1.05%
ISIC iteration 195/800 : Query Acc = 32.00, Avg Acc = 37.76% +- 1.04%
ISIC iteration 196/800 : Query Acc = 44.00, Avg Acc = 37.79% +- 1.04%
ISIC iteration 197/800 : Query Acc = 32.00, Avg Acc = 37.76% +- 1.03%
ISIC iteration 198/800 : Query Acc = 32.00, Avg Acc = 37.73% +- 1.03%
ISIC iteration 199/800 : Query Acc = 49.33, Avg Acc = 37.79% +- 1.03%
ISIC iteration 200/800 : Query Acc = 33.33, Avg Acc = 37.76% +- 1.03%
ISIC | 200 / 800 Acc = 37.76% +- 1.03%
ISIC iteration 201/800 : Query Acc = 42.67, Avg Acc = 37.79% +- 1.02%
ISIC iteration 202/800 : Query Acc = 34.67, Avg Acc = 37.77% +- 1.02%
ISIC iteration 203/800 : Query Acc = 36.00, Avg Acc = 37.76% +- 1.01%
ISIC iteration 204/800 : Query Acc = 41.33, Avg Acc = 37.78% +- 1.01%
ISIC iteration 205/800 : Query Acc = 44.00, Avg Acc = 37.81% +- 1.01%
ISIC iteration 206/800 : Query Acc = 40.00, Avg Acc = 37.82% +- 1.00%
ISIC iteration 207/800 : Query Acc = 28.00, Avg Acc = 37.78% +- 1.00%
ISIC iteration 208/800 : Query Acc = 33.33, Avg Acc = 37.75% +- 1.00%
ISIC iteration 209/800 : Query Acc = 56.00, Avg Acc = 37.84% +- 1.01%
ISIC iteration 210/800 : Query Acc = 28.00, Avg Acc = 37.79% +- 1.01%
ISIC iteration 211/800 : Query Acc = 26.67, Avg Acc = 37.74% +- 1.01%
ISIC iteration 212/800 : Query Acc = 40.00, Avg Acc = 37.75% +- 1.00%
ISIC iteration 213/800 : Query Acc = 41.33, Avg Acc = 37.77% +- 1.00%
ISIC iteration 214/800 : Query Acc = 30.67, Avg Acc = 37.74% +- 1.00%
ISIC iteration 215/800 : Query Acc = 40.00, Avg Acc = 37.75% +- 0.99%
ISIC iteration 216/800 : Query Acc = 32.00, Avg Acc = 37.72% +- 0.99%
ISIC iteration 217/800 : Query Acc = 33.33, Avg Acc = 37.70% +- 0.98%
ISIC iteration 218/800 : Query Acc = 44.00, Avg Acc = 37.73% +- 0.98%
ISIC iteration 219/800 : Query Acc = 20.00, Avg Acc = 37.65% +- 0.99%
ISIC iteration 220/800 : Query Acc = 52.00, Avg Acc = 37.71% +- 0.99%
ISIC iteration 221/800 : Query Acc = 40.00, Avg Acc = 37.72% +- 0.99%
ISIC iteration 222/800 : Query Acc = 46.67, Avg Acc = 37.76% +- 0.99%
ISIC iteration 223/800 : Query Acc = 34.67, Avg Acc = 37.75% +- 0.98%
ISIC iteration 224/800 : Query Acc = 40.00, Avg Acc = 37.76% +- 0.98%
ISIC iteration 225/800 : Query Acc = 38.67, Avg Acc = 37.76% +- 0.98%
ISIC iteration 226/800 : Query Acc = 40.00, Avg Acc = 37.77% +- 0.97%
ISIC iteration 227/800 : Query Acc = 30.67, Avg Acc = 37.74% +- 0.97%
ISIC iteration 228/800 : Query Acc = 34.67, Avg Acc = 37.73% +- 0.96%
ISIC iteration 229/800 : Query Acc = 41.33, Avg Acc = 37.74% +- 0.96%
ISIC iteration 230/800 : Query Acc = 36.00, Avg Acc = 37.74% +- 0.96%
ISIC iteration 231/800 : Query Acc = 36.00, Avg Acc = 37.73% +- 0.95%
ISIC iteration 232/800 : Query Acc = 42.67, Avg Acc = 37.75% +- 0.95%
ISIC iteration 233/800 : Query Acc = 29.33, Avg Acc = 37.72% +- 0.95%
ISIC iteration 234/800 : Query Acc = 45.33, Avg Acc = 37.75% +- 0.95%
ISIC iteration 235/800 : Query Acc = 38.67, Avg Acc = 37.75% +- 0.94%
ISIC iteration 236/800 : Query Acc = 32.00, Avg Acc = 37.73% +- 0.94%
ISIC iteration 237/800 : Query Acc = 30.67, Avg Acc = 37.70% +- 0.94%
ISIC iteration 238/800 : Query Acc = 53.33, Avg Acc = 37.76% +- 0.94%
ISIC iteration 239/800 : Query Acc = 28.00, Avg Acc = 37.72% +- 0.94%
ISIC iteration 240/800 : Query Acc = 40.00, Avg Acc = 37.73% +- 0.94%
ISIC iteration 241/800 : Query Acc = 26.67, Avg Acc = 37.69% +- 0.94%
ISIC iteration 242/800 : Query Acc = 52.00, Avg Acc = 37.74% +- 0.94%
ISIC iteration 243/800 : Query Acc = 37.33, Avg Acc = 37.74% +- 0.94%
ISIC iteration 244/800 : Query Acc = 38.67, Avg Acc = 37.75% +- 0.93%
ISIC iteration 245/800 : Query Acc = 26.67, Avg Acc = 37.70% +- 0.93%
ISIC iteration 246/800 : Query Acc = 37.33, Avg Acc = 37.70% +- 0.93%
ISIC iteration 247/800 : Query Acc = 46.67, Avg Acc = 37.74% +- 0.93%
ISIC iteration 248/800 : Query Acc = 48.00, Avg Acc = 37.78% +- 0.93%
ISIC iteration 249/800 : Query Acc = 44.00, Avg Acc = 37.80% +- 0.93%
ISIC iteration 250/800 : Query Acc = 40.00, Avg Acc = 37.81% +- 0.92%
ISIC iteration 251/800 : Query Acc = 38.67, Avg Acc = 37.81% +- 0.92%
ISIC iteration 252/800 : Query Acc = 50.67, Avg Acc = 37.87% +- 0.92%
ISIC iteration 253/800 : Query Acc = 38.67, Avg Acc = 37.87% +- 0.92%
ISIC iteration 254/800 : Query Acc = 25.33, Avg Acc = 37.82% +- 0.92%
ISIC iteration 255/800 : Query Acc = 41.33, Avg Acc = 37.83% +- 0.92%
ISIC iteration 256/800 : Query Acc = 37.33, Avg Acc = 37.83% +- 0.91%
ISIC iteration 257/800 : Query Acc = 33.33, Avg Acc = 37.81% +- 0.91%
ISIC iteration 258/800 : Query Acc = 40.00, Avg Acc = 37.82% +- 0.91%
ISIC iteration 259/800 : Query Acc = 46.67, Avg Acc = 37.86% +- 0.91%
ISIC iteration 260/800 : Query Acc = 37.33, Avg Acc = 37.85% +- 0.90%
ISIC iteration 261/800 : Query Acc = 44.00, Avg Acc = 37.88% +- 0.90%
ISIC iteration 262/800 : Query Acc = 32.00, Avg Acc = 37.86% +- 0.90%
ISIC iteration 263/800 : Query Acc = 37.33, Avg Acc = 37.85% +- 0.89%
ISIC iteration 264/800 : Query Acc = 34.67, Avg Acc = 37.84% +- 0.89%
ISIC iteration 265/800 : Query Acc = 28.00, Avg Acc = 37.80% +- 0.89%
ISIC iteration 266/800 : Query Acc = 37.33, Avg Acc = 37.80% +- 0.89%
ISIC iteration 267/800 : Query Acc = 44.00, Avg Acc = 37.83% +- 0.88%
ISIC iteration 268/800 : Query Acc = 40.00, Avg Acc = 37.83% +- 0.88%
ISIC iteration 269/800 : Query Acc = 20.00, Avg Acc = 37.77% +- 0.89%
ISIC iteration 270/800 : Query Acc = 53.33, Avg Acc = 37.83% +- 0.89%
ISIC iteration 271/800 : Query Acc = 34.67, Avg Acc = 37.81% +- 0.89%
ISIC iteration 272/800 : Query Acc = 37.33, Avg Acc = 37.81% +- 0.89%
ISIC iteration 273/800 : Query Acc = 37.33, Avg Acc = 37.81% +- 0.88%
ISIC iteration 274/800 : Query Acc = 8.00, Avg Acc = 37.70% +- 0.90%
ISIC iteration 275/800 : Query Acc = 40.00, Avg Acc = 37.71% +- 0.90%
ISIC iteration 276/800 : Query Acc = 32.00, Avg Acc = 37.69% +- 0.90%
ISIC iteration 277/800 : Query Acc = 34.67, Avg Acc = 37.68% +- 0.90%
ISIC iteration 278/800 : Query Acc = 37.33, Avg Acc = 37.68% +- 0.89%
ISIC iteration 279/800 : Query Acc = 52.00, Avg Acc = 37.73% +- 0.90%
ISIC iteration 280/800 : Query Acc = 45.33, Avg Acc = 37.76% +- 0.89%
ISIC iteration 281/800 : Query Acc = 32.00, Avg Acc = 37.74% +- 0.89%
ISIC iteration 282/800 : Query Acc = 38.67, Avg Acc = 37.74% +- 0.89%
ISIC iteration 283/800 : Query Acc = 36.00, Avg Acc = 37.73% +- 0.89%
ISIC iteration 284/800 : Query Acc = 40.00, Avg Acc = 37.74% +- 0.88%
ISIC iteration 285/800 : Query Acc = 30.67, Avg Acc = 37.72% +- 0.88%
ISIC iteration 286/800 : Query Acc = 38.67, Avg Acc = 37.72% +- 0.88%
ISIC iteration 287/800 : Query Acc = 40.00, Avg Acc = 37.73% +- 0.87%
ISIC iteration 288/800 : Query Acc = 45.33, Avg Acc = 37.75% +- 0.87%
ISIC iteration 289/800 : Query Acc = 41.33, Avg Acc = 37.77% +- 0.87%
ISIC iteration 290/800 : Query Acc = 45.33, Avg Acc = 37.79% +- 0.87%
ISIC iteration 291/800 : Query Acc = 42.67, Avg Acc = 37.81% +- 0.87%
ISIC iteration 292/800 : Query Acc = 33.33, Avg Acc = 37.79% +- 0.86%
ISIC iteration 293/800 : Query Acc = 34.67, Avg Acc = 37.78% +- 0.86%
ISIC iteration 294/800 : Query Acc = 50.67, Avg Acc = 37.83% +- 0.86%
ISIC iteration 295/800 : Query Acc = 28.00, Avg Acc = 37.79% +- 0.86%
ISIC iteration 296/800 : Query Acc = 53.33, Avg Acc = 37.85% +- 0.87%
ISIC iteration 297/800 : Query Acc = 44.00, Avg Acc = 37.87% +- 0.86%
ISIC iteration 298/800 : Query Acc = 52.00, Avg Acc = 37.91% +- 0.87%
ISIC iteration 299/800 : Query Acc = 18.67, Avg Acc = 37.85% +- 0.87%
ISIC iteration 300/800 : Query Acc = 42.67, Avg Acc = 37.86% +- 0.87%
ISIC | 300 / 800 Acc = 37.86% +- 0.87%
ISIC iteration 301/800 : Query Acc = 29.33, Avg Acc = 37.84% +- 0.87%
ISIC iteration 302/800 : Query Acc = 36.00, Avg Acc = 37.83% +- 0.87%
ISIC iteration 303/800 : Query Acc = 34.67, Avg Acc = 37.82% +- 0.86%
ISIC iteration 304/800 : Query Acc = 26.67, Avg Acc = 37.78% +- 0.86%
ISIC iteration 305/800 : Query Acc = 25.33, Avg Acc = 37.74% +- 0.86%
ISIC iteration 306/800 : Query Acc = 53.33, Avg Acc = 37.79% +- 0.87%
ISIC iteration 307/800 : Query Acc = 25.33, Avg Acc = 37.75% +- 0.87%
ISIC iteration 308/800 : Query Acc = 48.00, Avg Acc = 37.79% +- 0.87%
ISIC iteration 309/800 : Query Acc = 40.00, Avg Acc = 37.79% +- 0.86%
ISIC iteration 310/800 : Query Acc = 44.00, Avg Acc = 37.81% +- 0.86%
ISIC iteration 311/800 : Query Acc = 18.67, Avg Acc = 37.75% +- 0.87%
ISIC iteration 312/800 : Query Acc = 29.33, Avg Acc = 37.73% +- 0.87%
ISIC iteration 313/800 : Query Acc = 37.33, Avg Acc = 37.72% +- 0.86%
ISIC iteration 314/800 : Query Acc = 52.00, Avg Acc = 37.77% +- 0.87%
ISIC iteration 315/800 : Query Acc = 34.67, Avg Acc = 37.76% +- 0.86%
ISIC iteration 316/800 : Query Acc = 38.67, Avg Acc = 37.76% +- 0.86%
ISIC iteration 317/800 : Query Acc = 48.00, Avg Acc = 37.79% +- 0.86%
ISIC iteration 318/800 : Query Acc = 41.33, Avg Acc = 37.81% +- 0.86%
ISIC iteration 319/800 : Query Acc = 37.33, Avg Acc = 37.80% +- 0.86%
ISIC iteration 320/800 : Query Acc = 38.67, Avg Acc = 37.81% +- 0.85%
ISIC iteration 321/800 : Query Acc = 44.00, Avg Acc = 37.83% +- 0.85%
ISIC iteration 322/800 : Query Acc = 45.33, Avg Acc = 37.85% +- 0.85%
ISIC iteration 323/800 : Query Acc = 40.00, Avg Acc = 37.86% +- 0.85%
ISIC iteration 324/800 : Query Acc = 30.67, Avg Acc = 37.83% +- 0.85%
ISIC iteration 325/800 : Query Acc = 29.33, Avg Acc = 37.81% +- 0.84%
ISIC iteration 326/800 : Query Acc = 38.67, Avg Acc = 37.81% +- 0.84%
ISIC iteration 327/800 : Query Acc = 48.00, Avg Acc = 37.84% +- 0.84%
ISIC iteration 328/800 : Query Acc = 36.00, Avg Acc = 37.84% +- 0.84%
ISIC iteration 329/800 : Query Acc = 41.33, Avg Acc = 37.85% +- 0.84%
ISIC iteration 330/800 : Query Acc = 38.67, Avg Acc = 37.85% +- 0.83%
ISIC iteration 331/800 : Query Acc = 41.33, Avg Acc = 37.86% +- 0.83%
ISIC iteration 332/800 : Query Acc = 50.67, Avg Acc = 37.90% +- 0.83%
ISIC iteration 333/800 : Query Acc = 41.33, Avg Acc = 37.91% +- 0.83%
ISIC iteration 334/800 : Query Acc = 48.00, Avg Acc = 37.94% +- 0.83%
ISIC iteration 335/800 : Query Acc = 40.00, Avg Acc = 37.94% +- 0.83%
ISIC iteration 336/800 : Query Acc = 37.33, Avg Acc = 37.94% +- 0.83%
ISIC iteration 337/800 : Query Acc = 28.00, Avg Acc = 37.91% +- 0.82%
ISIC iteration 338/800 : Query Acc = 22.67, Avg Acc = 37.87% +- 0.83%
ISIC iteration 339/800 : Query Acc = 33.33, Avg Acc = 37.85% +- 0.83%
ISIC iteration 340/800 : Query Acc = 29.33, Avg Acc = 37.83% +- 0.82%
ISIC iteration 341/800 : Query Acc = 54.67, Avg Acc = 37.88% +- 0.83%
ISIC iteration 342/800 : Query Acc = 44.00, Avg Acc = 37.90% +- 0.83%
ISIC iteration 343/800 : Query Acc = 46.67, Avg Acc = 37.92% +- 0.82%
ISIC iteration 344/800 : Query Acc = 34.67, Avg Acc = 37.91% +- 0.82%
ISIC iteration 345/800 : Query Acc = 28.00, Avg Acc = 37.88% +- 0.82%
ISIC iteration 346/800 : Query Acc = 32.00, Avg Acc = 37.87% +- 0.82%
ISIC iteration 347/800 : Query Acc = 33.33, Avg Acc = 37.85% +- 0.82%
ISIC iteration 348/800 : Query Acc = 46.67, Avg Acc = 37.88% +- 0.82%
ISIC iteration 349/800 : Query Acc = 46.67, Avg Acc = 37.90% +- 0.82%
ISIC iteration 350/800 : Query Acc = 33.33, Avg Acc = 37.89% +- 0.81%
ISIC iteration 351/800 : Query Acc = 44.00, Avg Acc = 37.91% +- 0.81%
ISIC iteration 352/800 : Query Acc = 44.00, Avg Acc = 37.93% +- 0.81%
ISIC iteration 353/800 : Query Acc = 33.33, Avg Acc = 37.91% +- 0.81%
ISIC iteration 354/800 : Query Acc = 34.67, Avg Acc = 37.90% +- 0.81%
ISIC iteration 355/800 : Query Acc = 44.00, Avg Acc = 37.92% +- 0.81%
ISIC iteration 356/800 : Query Acc = 58.67, Avg Acc = 37.98% +- 0.81%
ISIC iteration 357/800 : Query Acc = 30.67, Avg Acc = 37.96% +- 0.81%
ISIC iteration 358/800 : Query Acc = 52.00, Avg Acc = 38.00% +- 0.81%
ISIC iteration 359/800 : Query Acc = 30.67, Avg Acc = 37.98% +- 0.81%
ISIC iteration 360/800 : Query Acc = 37.33, Avg Acc = 37.98% +- 0.81%
ISIC iteration 361/800 : Query Acc = 33.33, Avg Acc = 37.96% +- 0.81%
ISIC iteration 362/800 : Query Acc = 28.00, Avg Acc = 37.94% +- 0.81%
ISIC iteration 363/800 : Query Acc = 38.67, Avg Acc = 37.94% +- 0.80%
ISIC iteration 364/800 : Query Acc = 33.33, Avg Acc = 37.93% +- 0.80%
ISIC iteration 365/800 : Query Acc = 34.67, Avg Acc = 37.92% +- 0.80%
ISIC iteration 366/800 : Query Acc = 42.67, Avg Acc = 37.93% +- 0.80%
ISIC iteration 367/800 : Query Acc = 42.67, Avg Acc = 37.94% +- 0.80%
ISIC iteration 368/800 : Query Acc = 42.67, Avg Acc = 37.95% +- 0.79%
ISIC iteration 369/800 : Query Acc = 37.33, Avg Acc = 37.95% +- 0.79%
ISIC iteration 370/800 : Query Acc = 34.67, Avg Acc = 37.94% +- 0.79%
ISIC iteration 371/800 : Query Acc = 46.67, Avg Acc = 37.97% +- 0.79%
ISIC iteration 372/800 : Query Acc = 49.33, Avg Acc = 38.00% +- 0.79%
ISIC iteration 373/800 : Query Acc = 24.00, Avg Acc = 37.96% +- 0.79%
ISIC iteration 374/800 : Query Acc = 41.33, Avg Acc = 37.97% +- 0.79%
ISIC iteration 375/800 : Query Acc = 44.00, Avg Acc = 37.99% +- 0.79%
ISIC iteration 376/800 : Query Acc = 41.33, Avg Acc = 37.99% +- 0.79%
ISIC iteration 377/800 : Query Acc = 24.00, Avg Acc = 37.96% +- 0.79%
ISIC iteration 378/800 : Query Acc = 49.33, Avg Acc = 37.99% +- 0.79%
ISIC iteration 379/800 : Query Acc = 30.67, Avg Acc = 37.97% +- 0.79%
ISIC iteration 380/800 : Query Acc = 33.33, Avg Acc = 37.96% +- 0.78%
ISIC iteration 381/800 : Query Acc = 40.00, Avg Acc = 37.96% +- 0.78%
ISIC iteration 382/800 : Query Acc = 45.33, Avg Acc = 37.98% +- 0.78%
ISIC iteration 383/800 : Query Acc = 28.00, Avg Acc = 37.95% +- 0.78%
ISIC iteration 384/800 : Query Acc = 29.33, Avg Acc = 37.93% +- 0.78%
ISIC iteration 385/800 : Query Acc = 25.33, Avg Acc = 37.90% +- 0.78%
ISIC iteration 386/800 : Query Acc = 22.67, Avg Acc = 37.86% +- 0.78%
ISIC iteration 387/800 : Query Acc = 45.33, Avg Acc = 37.88% +- 0.78%
ISIC iteration 388/800 : Query Acc = 40.00, Avg Acc = 37.89% +- 0.78%
ISIC iteration 389/800 : Query Acc = 36.00, Avg Acc = 37.88% +- 0.78%
ISIC iteration 390/800 : Query Acc = 29.33, Avg Acc = 37.86% +- 0.78%
ISIC iteration 391/800 : Query Acc = 32.00, Avg Acc = 37.84% +- 0.78%
ISIC iteration 392/800 : Query Acc = 44.00, Avg Acc = 37.86% +- 0.77%
ISIC iteration 393/800 : Query Acc = 49.33, Avg Acc = 37.89% +- 0.77%
ISIC iteration 394/800 : Query Acc = 32.00, Avg Acc = 37.87% +- 0.77%
ISIC iteration 395/800 : Query Acc = 45.33, Avg Acc = 37.89% +- 0.77%
ISIC iteration 396/800 : Query Acc = 29.33, Avg Acc = 37.87% +- 0.77%
ISIC iteration 397/800 : Query Acc = 25.33, Avg Acc = 37.84% +- 0.77%
ISIC iteration 398/800 : Query Acc = 46.67, Avg Acc = 37.86% +- 0.77%
ISIC iteration 399/800 : Query Acc = 32.00, Avg Acc = 37.85% +- 0.77%
ISIC iteration 400/800 : Query Acc = 28.00, Avg Acc = 37.82% +- 0.77%
ISIC | 400 / 800 Acc = 37.82% +- 0.77%
ISIC iteration 401/800 : Query Acc = 45.33, Avg Acc = 37.84% +- 0.77%
ISIC iteration 402/800 : Query Acc = 30.67, Avg Acc = 37.82% +- 0.77%
ISIC iteration 403/800 : Query Acc = 34.67, Avg Acc = 37.82% +- 0.77%
ISIC iteration 404/800 : Query Acc = 29.33, Avg Acc = 37.79% +- 0.76%
ISIC iteration 405/800 : Query Acc = 38.67, Avg Acc = 37.80% +- 0.76%
ISIC iteration 406/800 : Query Acc = 45.33, Avg Acc = 37.81% +- 0.76%
ISIC iteration 407/800 : Query Acc = 38.67, Avg Acc = 37.82% +- 0.76%
ISIC iteration 408/800 : Query Acc = 41.33, Avg Acc = 37.83% +- 0.76%
ISIC iteration 409/800 : Query Acc = 41.33, Avg Acc = 37.83% +- 0.76%
ISIC iteration 410/800 : Query Acc = 45.33, Avg Acc = 37.85% +- 0.76%
ISIC iteration 411/800 : Query Acc = 38.67, Avg Acc = 37.85% +- 0.75%
ISIC iteration 412/800 : Query Acc = 30.67, Avg Acc = 37.84% +- 0.75%
ISIC iteration 413/800 : Query Acc = 44.00, Avg Acc = 37.85% +- 0.75%
ISIC iteration 414/800 : Query Acc = 50.67, Avg Acc = 37.88% +- 0.75%
ISIC iteration 415/800 : Query Acc = 36.00, Avg Acc = 37.88% +- 0.75%
ISIC iteration 416/800 : Query Acc = 26.67, Avg Acc = 37.85% +- 0.75%
ISIC iteration 417/800 : Query Acc = 26.67, Avg Acc = 37.82% +- 0.75%
ISIC iteration 418/800 : Query Acc = 36.00, Avg Acc = 37.82% +- 0.75%
ISIC iteration 419/800 : Query Acc = 56.00, Avg Acc = 37.86% +- 0.75%
ISIC iteration 420/800 : Query Acc = 37.33, Avg Acc = 37.86% +- 0.75%
ISIC iteration 421/800 : Query Acc = 42.67, Avg Acc = 37.87% +- 0.75%
ISIC iteration 422/800 : Query Acc = 25.33, Avg Acc = 37.84% +- 0.75%
ISIC iteration 423/800 : Query Acc = 40.00, Avg Acc = 37.85% +- 0.75%
ISIC iteration 424/800 : Query Acc = 48.00, Avg Acc = 37.87% +- 0.75%
ISIC iteration 425/800 : Query Acc = 26.67, Avg Acc = 37.85% +- 0.75%
ISIC iteration 426/800 : Query Acc = 32.00, Avg Acc = 37.83% +- 0.75%
ISIC iteration 427/800 : Query Acc = 50.67, Avg Acc = 37.86% +- 0.75%
ISIC iteration 428/800 : Query Acc = 36.00, Avg Acc = 37.86% +- 0.74%
ISIC iteration 429/800 : Query Acc = 28.00, Avg Acc = 37.84% +- 0.74%
ISIC iteration 430/800 : Query Acc = 38.67, Avg Acc = 37.84% +- 0.74%
ISIC iteration 431/800 : Query Acc = 36.00, Avg Acc = 37.83% +- 0.74%
ISIC iteration 432/800 : Query Acc = 49.33, Avg Acc = 37.86% +- 0.74%
ISIC iteration 433/800 : Query Acc = 44.00, Avg Acc = 37.87% +- 0.74%
ISIC iteration 434/800 : Query Acc = 38.67, Avg Acc = 37.88% +- 0.74%
ISIC iteration 435/800 : Query Acc = 40.00, Avg Acc = 37.88% +- 0.74%
ISIC iteration 436/800 : Query Acc = 32.00, Avg Acc = 37.87% +- 0.73%
ISIC iteration 437/800 : Query Acc = 42.67, Avg Acc = 37.88% +- 0.73%
ISIC iteration 438/800 : Query Acc = 32.00, Avg Acc = 37.86% +- 0.73%
ISIC iteration 439/800 : Query Acc = 24.00, Avg Acc = 37.83% +- 0.73%
ISIC iteration 440/800 : Query Acc = 42.67, Avg Acc = 37.84% +- 0.73%
ISIC iteration 441/800 : Query Acc = 34.67, Avg Acc = 37.84% +- 0.73%
ISIC iteration 442/800 : Query Acc = 37.33, Avg Acc = 37.84% +- 0.73%
ISIC iteration 443/800 : Query Acc = 42.67, Avg Acc = 37.85% +- 0.73%
ISIC iteration 444/800 : Query Acc = 25.33, Avg Acc = 37.82% +- 0.73%
ISIC iteration 445/800 : Query Acc = 42.67, Avg Acc = 37.83% +- 0.73%
ISIC iteration 446/800 : Query Acc = 34.67, Avg Acc = 37.82% +- 0.72%
ISIC iteration 447/800 : Query Acc = 37.33, Avg Acc = 37.82% +- 0.72%
ISIC iteration 448/800 : Query Acc = 21.33, Avg Acc = 37.78% +- 0.73%
ISIC iteration 449/800 : Query Acc = 41.33, Avg Acc = 37.79% +- 0.72%
ISIC iteration 450/800 : Query Acc = 24.00, Avg Acc = 37.76% +- 0.72%
ISIC iteration 451/800 : Query Acc = 33.33, Avg Acc = 37.75% +- 0.72%
ISIC iteration 452/800 : Query Acc = 29.33, Avg Acc = 37.73% +- 0.72%
ISIC iteration 453/800 : Query Acc = 37.33, Avg Acc = 37.73% +- 0.72%
ISIC iteration 454/800 : Query Acc = 32.00, Avg Acc = 37.72% +- 0.72%
ISIC iteration 455/800 : Query Acc = 22.67, Avg Acc = 37.69% +- 0.72%
ISIC iteration 456/800 : Query Acc = 38.67, Avg Acc = 37.69% +- 0.72%
ISIC iteration 457/800 : Query Acc = 36.00, Avg Acc = 37.69% +- 0.72%
ISIC iteration 458/800 : Query Acc = 36.00, Avg Acc = 37.68% +- 0.72%
ISIC iteration 459/800 : Query Acc = 44.00, Avg Acc = 37.70% +- 0.72%
ISIC iteration 460/800 : Query Acc = 41.33, Avg Acc = 37.70% +- 0.71%
ISIC iteration 461/800 : Query Acc = 49.33, Avg Acc = 37.73% +- 0.71%
ISIC iteration 462/800 : Query Acc = 32.00, Avg Acc = 37.72% +- 0.71%
ISIC iteration 463/800 : Query Acc = 36.00, Avg Acc = 37.71% +- 0.71%
ISIC iteration 464/800 : Query Acc = 52.00, Avg Acc = 37.74% +- 0.71%
ISIC iteration 465/800 : Query Acc = 37.33, Avg Acc = 37.74% +- 0.71%
ISIC iteration 466/800 : Query Acc = 40.00, Avg Acc = 37.75% +- 0.71%
ISIC iteration 467/800 : Query Acc = 46.67, Avg Acc = 37.77% +- 0.71%
ISIC iteration 468/800 : Query Acc = 22.67, Avg Acc = 37.73% +- 0.71%
ISIC iteration 469/800 : Query Acc = 34.67, Avg Acc = 37.73% +- 0.71%
ISIC iteration 470/800 : Query Acc = 17.33, Avg Acc = 37.68% +- 0.71%
ISIC iteration 471/800 : Query Acc = 32.00, Avg Acc = 37.67% +- 0.71%
ISIC iteration 472/800 : Query Acc = 30.67, Avg Acc = 37.66% +- 0.71%
ISIC iteration 473/800 : Query Acc = 46.67, Avg Acc = 37.68% +- 0.71%
ISIC iteration 474/800 : Query Acc = 38.67, Avg Acc = 37.68% +- 0.71%
ISIC iteration 475/800 : Query Acc = 36.00, Avg Acc = 37.68% +- 0.71%
ISIC iteration 476/800 : Query Acc = 42.67, Avg Acc = 37.69% +- 0.71%
ISIC iteration 477/800 : Query Acc = 45.33, Avg Acc = 37.70% +- 0.71%
ISIC iteration 478/800 : Query Acc = 56.00, Avg Acc = 37.74% +- 0.71%
ISIC iteration 479/800 : Query Acc = 44.00, Avg Acc = 37.75% +- 0.71%
ISIC iteration 480/800 : Query Acc = 30.67, Avg Acc = 37.74% +- 0.71%
ISIC iteration 481/800 : Query Acc = 33.33, Avg Acc = 37.73% +- 0.70%
ISIC iteration 482/800 : Query Acc = 32.00, Avg Acc = 37.72% +- 0.70%
ISIC iteration 483/800 : Query Acc = 40.00, Avg Acc = 37.72% +- 0.70%
ISIC iteration 484/800 : Query Acc = 37.33, Avg Acc = 37.72% +- 0.70%
ISIC iteration 485/800 : Query Acc = 37.33, Avg Acc = 37.72% +- 0.70%
ISIC iteration 486/800 : Query Acc = 29.33, Avg Acc = 37.70% +- 0.70%
ISIC iteration 487/800 : Query Acc = 41.33, Avg Acc = 37.71% +- 0.70%
ISIC iteration 488/800 : Query Acc = 38.67, Avg Acc = 37.71% +- 0.70%
ISIC iteration 489/800 : Query Acc = 36.00, Avg Acc = 37.71% +- 0.69%
ISIC iteration 490/800 : Query Acc = 40.00, Avg Acc = 37.71% +- 0.69%
ISIC iteration 491/800 : Query Acc = 45.33, Avg Acc = 37.73% +- 0.69%
ISIC iteration 492/800 : Query Acc = 44.00, Avg Acc = 37.74% +- 0.69%
ISIC iteration 493/800 : Query Acc = 38.67, Avg Acc = 37.74% +- 0.69%
ISIC iteration 494/800 : Query Acc = 46.67, Avg Acc = 37.76% +- 0.69%
ISIC iteration 495/800 : Query Acc = 36.00, Avg Acc = 37.76% +- 0.69%
ISIC iteration 496/800 : Query Acc = 36.00, Avg Acc = 37.75% +- 0.69%
ISIC iteration 497/800 : Query Acc = 32.00, Avg Acc = 37.74% +- 0.69%
ISIC iteration 498/800 : Query Acc = 28.00, Avg Acc = 37.72% +- 0.69%
ISIC iteration 499/800 : Query Acc = 38.67, Avg Acc = 37.73% +- 0.68%
ISIC iteration 500/800 : Query Acc = 34.67, Avg Acc = 37.72% +- 0.68%
ISIC | 500 / 800 Acc = 37.72% +- 0.68%
ISIC iteration 501/800 : Query Acc = 46.67, Avg Acc = 37.74% +- 0.68%
ISIC iteration 502/800 : Query Acc = 46.67, Avg Acc = 37.75% +- 0.68%
ISIC iteration 503/800 : Query Acc = 33.33, Avg Acc = 37.75% +- 0.68%
ISIC iteration 504/800 : Query Acc = 21.33, Avg Acc = 37.71% +- 0.68%
ISIC iteration 505/800 : Query Acc = 46.67, Avg Acc = 37.73% +- 0.68%
ISIC iteration 506/800 : Query Acc = 36.00, Avg Acc = 37.73% +- 0.68%
ISIC iteration 507/800 : Query Acc = 42.67, Avg Acc = 37.74% +- 0.68%
ISIC iteration 508/800 : Query Acc = 34.67, Avg Acc = 37.73% +- 0.68%
ISIC iteration 509/800 : Query Acc = 45.33, Avg Acc = 37.75% +- 0.68%
ISIC iteration 510/800 : Query Acc = 33.33, Avg Acc = 37.74% +- 0.68%
ISIC iteration 511/800 : Query Acc = 45.33, Avg Acc = 37.75% +- 0.68%
ISIC iteration 512/800 : Query Acc = 34.67, Avg Acc = 37.75% +- 0.67%
ISIC iteration 513/800 : Query Acc = 40.00, Avg Acc = 37.75% +- 0.67%
ISIC iteration 514/800 : Query Acc = 30.67, Avg Acc = 37.74% +- 0.67%
ISIC iteration 515/800 : Query Acc = 38.67, Avg Acc = 37.74% +- 0.67%
ISIC iteration 516/800 : Query Acc = 22.67, Avg Acc = 37.71% +- 0.67%
ISIC iteration 517/800 : Query Acc = 37.33, Avg Acc = 37.71% +- 0.67%
ISIC iteration 518/800 : Query Acc = 32.00, Avg Acc = 37.70% +- 0.67%
ISIC iteration 519/800 : Query Acc = 37.33, Avg Acc = 37.70% +- 0.67%
ISIC iteration 520/800 : Query Acc = 33.33, Avg Acc = 37.69% +- 0.67%
ISIC iteration 521/800 : Query Acc = 36.00, Avg Acc = 37.69% +- 0.67%
ISIC iteration 522/800 : Query Acc = 29.33, Avg Acc = 37.67% +- 0.67%
ISIC iteration 523/800 : Query Acc = 46.67, Avg Acc = 37.69% +- 0.67%
ISIC iteration 524/800 : Query Acc = 37.33, Avg Acc = 37.69% +- 0.66%
ISIC iteration 525/800 : Query Acc = 30.67, Avg Acc = 37.67% +- 0.66%
ISIC iteration 526/800 : Query Acc = 46.67, Avg Acc = 37.69% +- 0.66%
ISIC iteration 527/800 : Query Acc = 46.67, Avg Acc = 37.71% +- 0.66%
ISIC iteration 528/800 : Query Acc = 37.33, Avg Acc = 37.71% +- 0.66%
ISIC iteration 529/800 : Query Acc = 41.33, Avg Acc = 37.71% +- 0.66%
ISIC iteration 530/800 : Query Acc = 34.67, Avg Acc = 37.71% +- 0.66%
ISIC iteration 531/800 : Query Acc = 36.00, Avg Acc = 37.70% +- 0.66%
ISIC iteration 532/800 : Query Acc = 33.33, Avg Acc = 37.70% +- 0.66%
ISIC iteration 533/800 : Query Acc = 37.33, Avg Acc = 37.70% +- 0.66%
ISIC iteration 534/800 : Query Acc = 38.67, Avg Acc = 37.70% +- 0.65%
ISIC iteration 535/800 : Query Acc = 28.00, Avg Acc = 37.68% +- 0.65%
ISIC iteration 536/800 : Query Acc = 44.00, Avg Acc = 37.69% +- 0.65%
ISIC iteration 537/800 : Query Acc = 28.00, Avg Acc = 37.67% +- 0.65%
ISIC iteration 538/800 : Query Acc = 44.00, Avg Acc = 37.68% +- 0.65%
ISIC iteration 539/800 : Query Acc = 33.33, Avg Acc = 37.68% +- 0.65%
ISIC iteration 540/800 : Query Acc = 46.67, Avg Acc = 37.69% +- 0.65%
ISIC iteration 541/800 : Query Acc = 36.00, Avg Acc = 37.69% +- 0.65%
ISIC iteration 542/800 : Query Acc = 20.00, Avg Acc = 37.66% +- 0.65%
ISIC iteration 543/800 : Query Acc = 25.33, Avg Acc = 37.63% +- 0.65%
ISIC iteration 544/800 : Query Acc = 49.33, Avg Acc = 37.66% +- 0.65%
ISIC iteration 545/800 : Query Acc = 40.00, Avg Acc = 37.66% +- 0.65%
ISIC iteration 546/800 : Query Acc = 38.67, Avg Acc = 37.66% +- 0.65%
ISIC iteration 547/800 : Query Acc = 37.33, Avg Acc = 37.66% +- 0.65%
ISIC iteration 548/800 : Query Acc = 36.00, Avg Acc = 37.66% +- 0.65%
ISIC iteration 549/800 : Query Acc = 50.67, Avg Acc = 37.68% +- 0.65%
ISIC iteration 550/800 : Query Acc = 42.67, Avg Acc = 37.69% +- 0.65%
ISIC iteration 551/800 : Query Acc = 30.67, Avg Acc = 37.68% +- 0.65%
ISIC iteration 552/800 : Query Acc = 52.00, Avg Acc = 37.70% +- 0.65%
ISIC iteration 553/800 : Query Acc = 36.00, Avg Acc = 37.70% +- 0.65%
ISIC iteration 554/800 : Query Acc = 36.00, Avg Acc = 37.70% +- 0.65%
ISIC iteration 555/800 : Query Acc = 45.33, Avg Acc = 37.71% +- 0.64%
ISIC iteration 556/800 : Query Acc = 33.33, Avg Acc = 37.70% +- 0.64%
ISIC iteration 557/800 : Query Acc = 29.33, Avg Acc = 37.69% +- 0.64%
ISIC iteration 558/800 : Query Acc = 33.33, Avg Acc = 37.68% +- 0.64%
ISIC iteration 559/800 : Query Acc = 45.33, Avg Acc = 37.70% +- 0.64%
ISIC iteration 560/800 : Query Acc = 54.67, Avg Acc = 37.73% +- 0.64%
ISIC iteration 561/800 : Query Acc = 32.00, Avg Acc = 37.72% +- 0.64%
ISIC iteration 562/800 : Query Acc = 37.33, Avg Acc = 37.71% +- 0.64%
ISIC iteration 563/800 : Query Acc = 44.00, Avg Acc = 37.73% +- 0.64%
ISIC iteration 564/800 : Query Acc = 50.67, Avg Acc = 37.75% +- 0.64%
ISIC iteration 565/800 : Query Acc = 30.67, Avg Acc = 37.74% +- 0.64%
ISIC iteration 566/800 : Query Acc = 40.00, Avg Acc = 37.74% +- 0.64%
ISIC iteration 567/800 : Query Acc = 34.67, Avg Acc = 37.73% +- 0.64%
ISIC iteration 568/800 : Query Acc = 29.33, Avg Acc = 37.72% +- 0.64%
ISIC iteration 569/800 : Query Acc = 32.00, Avg Acc = 37.71% +- 0.64%
ISIC iteration 570/800 : Query Acc = 45.33, Avg Acc = 37.72% +- 0.64%
ISIC iteration 571/800 : Query Acc = 45.33, Avg Acc = 37.74% +- 0.64%
ISIC iteration 572/800 : Query Acc = 37.33, Avg Acc = 37.74% +- 0.63%
ISIC iteration 573/800 : Query Acc = 30.67, Avg Acc = 37.72% +- 0.63%
ISIC iteration 574/800 : Query Acc = 42.67, Avg Acc = 37.73% +- 0.63%
ISIC iteration 575/800 : Query Acc = 44.00, Avg Acc = 37.74% +- 0.63%
ISIC iteration 576/800 : Query Acc = 37.33, Avg Acc = 37.74% +- 0.63%
ISIC iteration 577/800 : Query Acc = 40.00, Avg Acc = 37.75% +- 0.63%
ISIC iteration 578/800 : Query Acc = 45.33, Avg Acc = 37.76% +- 0.63%
ISIC iteration 579/800 : Query Acc = 34.67, Avg Acc = 37.75% +- 0.63%
ISIC iteration 580/800 : Query Acc = 29.33, Avg Acc = 37.74% +- 0.63%
ISIC iteration 581/800 : Query Acc = 41.33, Avg Acc = 37.75% +- 0.63%
ISIC iteration 582/800 : Query Acc = 33.33, Avg Acc = 37.74% +- 0.63%
ISIC iteration 583/800 : Query Acc = 38.67, Avg Acc = 37.74% +- 0.63%
ISIC iteration 584/800 : Query Acc = 22.67, Avg Acc = 37.71% +- 0.63%
ISIC iteration 585/800 : Query Acc = 29.33, Avg Acc = 37.70% +- 0.63%
ISIC iteration 586/800 : Query Acc = 42.67, Avg Acc = 37.71% +- 0.62%
ISIC iteration 587/800 : Query Acc = 33.33, Avg Acc = 37.70% +- 0.62%
ISIC iteration 588/800 : Query Acc = 44.00, Avg Acc = 37.71% +- 0.62%
ISIC iteration 589/800 : Query Acc = 36.00, Avg Acc = 37.71% +- 0.62%
ISIC iteration 590/800 : Query Acc = 40.00, Avg Acc = 37.71% +- 0.62%
ISIC iteration 591/800 : Query Acc = 52.00, Avg Acc = 37.74% +- 0.62%
ISIC iteration 592/800 : Query Acc = 44.00, Avg Acc = 37.75% +- 0.62%
ISIC iteration 593/800 : Query Acc = 33.33, Avg Acc = 37.74% +- 0.62%
ISIC iteration 594/800 : Query Acc = 50.67, Avg Acc = 37.76% +- 0.62%
ISIC iteration 595/800 : Query Acc = 32.00, Avg Acc = 37.75% +- 0.62%
ISIC iteration 596/800 : Query Acc = 40.00, Avg Acc = 37.76% +- 0.62%
ISIC iteration 597/800 : Query Acc = 33.33, Avg Acc = 37.75% +- 0.62%
ISIC iteration 598/800 : Query Acc = 37.33, Avg Acc = 37.75% +- 0.62%
ISIC iteration 599/800 : Query Acc = 33.33, Avg Acc = 37.74% +- 0.62%
ISIC iteration 600/800 : Query Acc = 44.00, Avg Acc = 37.75% +- 0.62%
ISIC | 600 / 800 Acc = 37.75% +- 0.62%
ISIC iteration 601/800 : Query Acc = 56.00, Avg Acc = 37.78% +- 0.62%
ISIC iteration 602/800 : Query Acc = 41.33, Avg Acc = 37.79% +- 0.62%
ISIC iteration 603/800 : Query Acc = 49.33, Avg Acc = 37.81% +- 0.62%
ISIC iteration 604/800 : Query Acc = 34.67, Avg Acc = 37.80% +- 0.62%
ISIC iteration 605/800 : Query Acc = 40.00, Avg Acc = 37.80% +- 0.61%
ISIC iteration 606/800 : Query Acc = 46.67, Avg Acc = 37.82% +- 0.61%
ISIC iteration 607/800 : Query Acc = 41.33, Avg Acc = 37.82% +- 0.61%
ISIC iteration 608/800 : Query Acc = 25.33, Avg Acc = 37.80% +- 0.61%
ISIC iteration 609/800 : Query Acc = 53.33, Avg Acc = 37.83% +- 0.61%
ISIC iteration 610/800 : Query Acc = 49.33, Avg Acc = 37.85% +- 0.61%
ISIC iteration 611/800 : Query Acc = 46.67, Avg Acc = 37.86% +- 0.61%
ISIC iteration 612/800 : Query Acc = 33.33, Avg Acc = 37.86% +- 0.61%
ISIC iteration 613/800 : Query Acc = 42.67, Avg Acc = 37.86% +- 0.61%
ISIC iteration 614/800 : Query Acc = 28.00, Avg Acc = 37.85% +- 0.61%
ISIC iteration 615/800 : Query Acc = 44.00, Avg Acc = 37.86% +- 0.61%
ISIC iteration 616/800 : Query Acc = 52.00, Avg Acc = 37.88% +- 0.61%
ISIC iteration 617/800 : Query Acc = 30.67, Avg Acc = 37.87% +- 0.61%
ISIC iteration 618/800 : Query Acc = 29.33, Avg Acc = 37.85% +- 0.61%
ISIC iteration 619/800 : Query Acc = 42.67, Avg Acc = 37.86% +- 0.61%
ISIC iteration 620/800 : Query Acc = 50.67, Avg Acc = 37.88% +- 0.61%
ISIC iteration 621/800 : Query Acc = 42.67, Avg Acc = 37.89% +- 0.61%
ISIC iteration 622/800 : Query Acc = 41.33, Avg Acc = 37.90% +- 0.61%
ISIC iteration 623/800 : Query Acc = 25.33, Avg Acc = 37.88% +- 0.61%
ISIC iteration 624/800 : Query Acc = 33.33, Avg Acc = 37.87% +- 0.61%
ISIC iteration 625/800 : Query Acc = 37.33, Avg Acc = 37.87% +- 0.61%
ISIC iteration 626/800 : Query Acc = 37.33, Avg Acc = 37.87% +- 0.61%
ISIC iteration 627/800 : Query Acc = 34.67, Avg Acc = 37.86% +- 0.61%
ISIC iteration 628/800 : Query Acc = 42.67, Avg Acc = 37.87% +- 0.61%
ISIC iteration 629/800 : Query Acc = 37.33, Avg Acc = 37.87% +- 0.60%
ISIC iteration 630/800 : Query Acc = 26.67, Avg Acc = 37.85% +- 0.60%
ISIC iteration 631/800 : Query Acc = 29.33, Avg Acc = 37.84% +- 0.60%
ISIC iteration 632/800 : Query Acc = 61.33, Avg Acc = 37.87% +- 0.61%
ISIC iteration 633/800 : Query Acc = 45.33, Avg Acc = 37.89% +- 0.61%
ISIC iteration 634/800 : Query Acc = 28.00, Avg Acc = 37.87% +- 0.61%
ISIC iteration 635/800 : Query Acc = 36.00, Avg Acc = 37.87% +- 0.61%
ISIC iteration 636/800 : Query Acc = 25.33, Avg Acc = 37.85% +- 0.61%
ISIC iteration 637/800 : Query Acc = 46.67, Avg Acc = 37.86% +- 0.61%
ISIC iteration 638/800 : Query Acc = 33.33, Avg Acc = 37.85% +- 0.61%
ISIC iteration 639/800 : Query Acc = 37.33, Avg Acc = 37.85% +- 0.60%
ISIC iteration 640/800 : Query Acc = 40.00, Avg Acc = 37.86% +- 0.60%
ISIC iteration 641/800 : Query Acc = 42.67, Avg Acc = 37.87% +- 0.60%
ISIC iteration 642/800 : Query Acc = 41.33, Avg Acc = 37.87% +- 0.60%
ISIC iteration 643/800 : Query Acc = 32.00, Avg Acc = 37.86% +- 0.60%
ISIC iteration 644/800 : Query Acc = 34.67, Avg Acc = 37.86% +- 0.60%
ISIC iteration 645/800 : Query Acc = 37.33, Avg Acc = 37.86% +- 0.60%
ISIC iteration 646/800 : Query Acc = 48.00, Avg Acc = 37.87% +- 0.60%
ISIC iteration 647/800 : Query Acc = 52.00, Avg Acc = 37.89% +- 0.60%
ISIC iteration 648/800 : Query Acc = 34.67, Avg Acc = 37.89% +- 0.60%
ISIC iteration 649/800 : Query Acc = 52.00, Avg Acc = 37.91% +- 0.60%
ISIC iteration 650/800 : Query Acc = 45.33, Avg Acc = 37.92% +- 0.60%
ISIC iteration 651/800 : Query Acc = 38.67, Avg Acc = 37.92% +- 0.60%
ISIC iteration 652/800 : Query Acc = 48.00, Avg Acc = 37.94% +- 0.60%
ISIC iteration 653/800 : Query Acc = 40.00, Avg Acc = 37.94% +- 0.60%
ISIC iteration 654/800 : Query Acc = 42.67, Avg Acc = 37.95% +- 0.60%
ISIC iteration 655/800 : Query Acc = 42.67, Avg Acc = 37.96% +- 0.60%
ISIC iteration 656/800 : Query Acc = 49.33, Avg Acc = 37.97% +- 0.60%
ISIC iteration 657/800 : Query Acc = 61.33, Avg Acc = 38.01% +- 0.60%
ISIC iteration 658/800 : Query Acc = 32.00, Avg Acc = 38.00% +- 0.60%
ISIC iteration 659/800 : Query Acc = 38.67, Avg Acc = 38.00% +- 0.60%
ISIC iteration 660/800 : Query Acc = 41.33, Avg Acc = 38.01% +- 0.60%
ISIC iteration 661/800 : Query Acc = 36.00, Avg Acc = 38.00% +- 0.60%
ISIC iteration 662/800 : Query Acc = 42.67, Avg Acc = 38.01% +- 0.59%
ISIC iteration 663/800 : Query Acc = 32.00, Avg Acc = 38.00% +- 0.59%
ISIC iteration 664/800 : Query Acc = 34.67, Avg Acc = 37.99% +- 0.59%
ISIC iteration 665/800 : Query Acc = 28.00, Avg Acc = 37.98% +- 0.59%
ISIC iteration 666/800 : Query Acc = 38.67, Avg Acc = 37.98% +- 0.59%
ISIC iteration 667/800 : Query Acc = 34.67, Avg Acc = 37.98% +- 0.59%
ISIC iteration 668/800 : Query Acc = 50.67, Avg Acc = 38.00% +- 0.59%
ISIC iteration 669/800 : Query Acc = 38.67, Avg Acc = 38.00% +- 0.59%
ISIC iteration 670/800 : Query Acc = 37.33, Avg Acc = 38.00% +- 0.59%
ISIC iteration 671/800 : Query Acc = 37.33, Avg Acc = 37.99% +- 0.59%
ISIC iteration 672/800 : Query Acc = 26.67, Avg Acc = 37.98% +- 0.59%
ISIC iteration 673/800 : Query Acc = 41.33, Avg Acc = 37.98% +- 0.59%
ISIC iteration 674/800 : Query Acc = 42.67, Avg Acc = 37.99% +- 0.59%
ISIC iteration 675/800 : Query Acc = 25.33, Avg Acc = 37.97% +- 0.59%
ISIC iteration 676/800 : Query Acc = 41.33, Avg Acc = 37.98% +- 0.59%
ISIC iteration 677/800 : Query Acc = 41.33, Avg Acc = 37.98% +- 0.59%
ISIC iteration 678/800 : Query Acc = 32.00, Avg Acc = 37.97% +- 0.59%
ISIC iteration 679/800 : Query Acc = 58.67, Avg Acc = 38.00% +- 0.59%
ISIC iteration 680/800 : Query Acc = 30.67, Avg Acc = 37.99% +- 0.59%
ISIC iteration 681/800 : Query Acc = 36.00, Avg Acc = 37.99% +- 0.59%
ISIC iteration 682/800 : Query Acc = 41.33, Avg Acc = 37.99% +- 0.59%
ISIC iteration 683/800 : Query Acc = 34.67, Avg Acc = 37.99% +- 0.58%
ISIC iteration 684/800 : Query Acc = 36.00, Avg Acc = 37.99% +- 0.58%
ISIC iteration 685/800 : Query Acc = 26.67, Avg Acc = 37.97% +- 0.58%
ISIC iteration 686/800 : Query Acc = 40.00, Avg Acc = 37.97% +- 0.58%
ISIC iteration 687/800 : Query Acc = 29.33, Avg Acc = 37.96% +- 0.58%
ISIC iteration 688/800 : Query Acc = 26.67, Avg Acc = 37.94% +- 0.58%
ISIC iteration 689/800 : Query Acc = 40.00, Avg Acc = 37.95% +- 0.58%
ISIC iteration 690/800 : Query Acc = 32.00, Avg Acc = 37.94% +- 0.58%
ISIC iteration 691/800 : Query Acc = 25.33, Avg Acc = 37.92% +- 0.58%
ISIC iteration 692/800 : Query Acc = 30.67, Avg Acc = 37.91% +- 0.58%
ISIC iteration 693/800 : Query Acc = 37.33, Avg Acc = 37.91% +- 0.58%
ISIC iteration 694/800 : Query Acc = 40.00, Avg Acc = 37.91% +- 0.58%
ISIC iteration 695/800 : Query Acc = 29.33, Avg Acc = 37.90% +- 0.58%
ISIC iteration 696/800 : Query Acc = 50.67, Avg Acc = 37.92% +- 0.58%
ISIC iteration 697/800 : Query Acc = 29.33, Avg Acc = 37.90% +- 0.58%
ISIC iteration 698/800 : Query Acc = 36.00, Avg Acc = 37.90% +- 0.58%
ISIC iteration 699/800 : Query Acc = 30.67, Avg Acc = 37.89% +- 0.58%
ISIC iteration 700/800 : Query Acc = 38.67, Avg Acc = 37.89% +- 0.58%
ISIC | 700 / 800 Acc = 37.89% +- 0.58%
ISIC iteration 701/800 : Query Acc = 30.67, Avg Acc = 37.88% +- 0.58%
ISIC iteration 702/800 : Query Acc = 36.00, Avg Acc = 37.88% +- 0.58%
ISIC iteration 703/800 : Query Acc = 49.33, Avg Acc = 37.90% +- 0.58%
ISIC iteration 704/800 : Query Acc = 40.00, Avg Acc = 37.90% +- 0.58%
ISIC iteration 705/800 : Query Acc = 45.33, Avg Acc = 37.91% +- 0.57%
ISIC iteration 706/800 : Query Acc = 28.00, Avg Acc = 37.90% +- 0.57%
ISIC iteration 707/800 : Query Acc = 29.33, Avg Acc = 37.88% +- 0.57%
ISIC iteration 708/800 : Query Acc = 26.67, Avg Acc = 37.87% +- 0.57%
ISIC iteration 709/800 : Query Acc = 34.67, Avg Acc = 37.86% +- 0.57%
ISIC iteration 710/800 : Query Acc = 44.00, Avg Acc = 37.87% +- 0.57%
ISIC iteration 711/800 : Query Acc = 46.67, Avg Acc = 37.88% +- 0.57%
ISIC iteration 712/800 : Query Acc = 30.67, Avg Acc = 37.87% +- 0.57%
ISIC iteration 713/800 : Query Acc = 44.00, Avg Acc = 37.88% +- 0.57%
ISIC iteration 714/800 : Query Acc = 37.33, Avg Acc = 37.88% +- 0.57%
ISIC iteration 715/800 : Query Acc = 24.00, Avg Acc = 37.86% +- 0.57%
ISIC iteration 716/800 : Query Acc = 41.33, Avg Acc = 37.87% +- 0.57%
ISIC iteration 717/800 : Query Acc = 34.67, Avg Acc = 37.86% +- 0.57%
ISIC iteration 718/800 : Query Acc = 41.33, Avg Acc = 37.87% +- 0.57%
ISIC iteration 719/800 : Query Acc = 38.67, Avg Acc = 37.87% +- 0.57%
ISIC iteration 720/800 : Query Acc = 36.00, Avg Acc = 37.87% +- 0.57%
ISIC iteration 721/800 : Query Acc = 48.00, Avg Acc = 37.88% +- 0.57%
ISIC iteration 722/800 : Query Acc = 50.67, Avg Acc = 37.90% +- 0.57%
ISIC iteration 723/800 : Query Acc = 41.33, Avg Acc = 37.90% +- 0.57%
ISIC iteration 724/800 : Query Acc = 25.33, Avg Acc = 37.89% +- 0.57%
ISIC iteration 725/800 : Query Acc = 33.33, Avg Acc = 37.88% +- 0.57%
ISIC iteration 726/800 : Query Acc = 41.33, Avg Acc = 37.88% +- 0.57%
ISIC iteration 727/800 : Query Acc = 36.00, Avg Acc = 37.88% +- 0.57%
ISIC iteration 728/800 : Query Acc = 37.33, Avg Acc = 37.88% +- 0.56%
ISIC iteration 729/800 : Query Acc = 42.67, Avg Acc = 37.89% +- 0.56%
ISIC iteration 730/800 : Query Acc = 37.33, Avg Acc = 37.89% +- 0.56%
ISIC iteration 731/800 : Query Acc = 40.00, Avg Acc = 37.89% +- 0.56%
ISIC iteration 732/800 : Query Acc = 38.67, Avg Acc = 37.89% +- 0.56%
ISIC iteration 733/800 : Query Acc = 38.67, Avg Acc = 37.89% +- 0.56%
ISIC iteration 734/800 : Query Acc = 40.00, Avg Acc = 37.89% +- 0.56%
ISIC iteration 735/800 : Query Acc = 36.00, Avg Acc = 37.89% +- 0.56%
ISIC iteration 736/800 : Query Acc = 40.00, Avg Acc = 37.89% +- 0.56%
ISIC iteration 737/800 : Query Acc = 33.33, Avg Acc = 37.89% +- 0.56%
ISIC iteration 738/800 : Query Acc = 41.33, Avg Acc = 37.89% +- 0.56%
ISIC iteration 739/800 : Query Acc = 42.67, Avg Acc = 37.90% +- 0.56%
ISIC iteration 740/800 : Query Acc = 25.33, Avg Acc = 37.88% +- 0.56%
ISIC iteration 741/800 : Query Acc = 37.33, Avg Acc = 37.88% +- 0.56%
ISIC iteration 742/800 : Query Acc = 34.67, Avg Acc = 37.88% +- 0.56%
ISIC iteration 743/800 : Query Acc = 25.33, Avg Acc = 37.86% +- 0.56%
ISIC iteration 744/800 : Query Acc = 30.67, Avg Acc = 37.85% +- 0.56%
ISIC iteration 745/800 : Query Acc = 29.33, Avg Acc = 37.84% +- 0.56%
ISIC iteration 746/800 : Query Acc = 42.67, Avg Acc = 37.85% +- 0.55%
ISIC iteration 747/800 : Query Acc = 40.00, Avg Acc = 37.85% +- 0.55%
ISIC iteration 748/800 : Query Acc = 26.67, Avg Acc = 37.83% +- 0.55%
ISIC iteration 749/800 : Query Acc = 37.33, Avg Acc = 37.83% +- 0.55%
ISIC iteration 750/800 : Query Acc = 41.33, Avg Acc = 37.84% +- 0.55%
ISIC iteration 751/800 : Query Acc = 41.33, Avg Acc = 37.84% +- 0.55%
ISIC iteration 752/800 : Query Acc = 34.67, Avg Acc = 37.84% +- 0.55%
ISIC iteration 753/800 : Query Acc = 45.33, Avg Acc = 37.85% +- 0.55%
ISIC iteration 754/800 : Query Acc = 40.00, Avg Acc = 37.85% +- 0.55%
ISIC iteration 755/800 : Query Acc = 38.67, Avg Acc = 37.85% +- 0.55%
ISIC iteration 756/800 : Query Acc = 32.00, Avg Acc = 37.84% +- 0.55%
ISIC iteration 757/800 : Query Acc = 33.33, Avg Acc = 37.84% +- 0.55%
ISIC iteration 758/800 : Query Acc = 45.33, Avg Acc = 37.85% +- 0.55%
ISIC iteration 759/800 : Query Acc = 53.33, Avg Acc = 37.87% +- 0.55%
ISIC iteration 760/800 : Query Acc = 32.00, Avg Acc = 37.86% +- 0.55%
ISIC iteration 761/800 : Query Acc = 42.67, Avg Acc = 37.87% +- 0.55%
ISIC iteration 762/800 : Query Acc = 37.33, Avg Acc = 37.87% +- 0.55%
ISIC iteration 763/800 : Query Acc = 52.00, Avg Acc = 37.88% +- 0.55%
ISIC iteration 764/800 : Query Acc = 29.33, Avg Acc = 37.87% +- 0.55%
ISIC iteration 765/800 : Query Acc = 46.67, Avg Acc = 37.89% +- 0.55%
ISIC iteration 766/800 : Query Acc = 30.67, Avg Acc = 37.88% +- 0.55%
ISIC iteration 767/800 : Query Acc = 30.67, Avg Acc = 37.87% +- 0.55%
ISIC iteration 768/800 : Query Acc = 38.67, Avg Acc = 37.87% +- 0.55%
ISIC iteration 769/800 : Query Acc = 45.33, Avg Acc = 37.88% +- 0.54%
ISIC iteration 770/800 : Query Acc = 32.00, Avg Acc = 37.87% +- 0.54%
ISIC iteration 771/800 : Query Acc = 36.00, Avg Acc = 37.87% +- 0.54%
ISIC iteration 772/800 : Query Acc = 50.67, Avg Acc = 37.88% +- 0.54%
ISIC iteration 773/800 : Query Acc = 28.00, Avg Acc = 37.87% +- 0.54%
ISIC iteration 774/800 : Query Acc = 44.00, Avg Acc = 37.88% +- 0.54%
ISIC iteration 775/800 : Query Acc = 56.00, Avg Acc = 37.90% +- 0.54%
ISIC iteration 776/800 : Query Acc = 33.33, Avg Acc = 37.90% +- 0.54%
ISIC iteration 777/800 : Query Acc = 32.00, Avg Acc = 37.89% +- 0.54%
ISIC iteration 778/800 : Query Acc = 33.33, Avg Acc = 37.88% +- 0.54%
ISIC iteration 779/800 : Query Acc = 40.00, Avg Acc = 37.89% +- 0.54%
ISIC iteration 780/800 : Query Acc = 26.67, Avg Acc = 37.87% +- 0.54%
ISIC iteration 781/800 : Query Acc = 33.33, Avg Acc = 37.87% +- 0.54%
ISIC iteration 782/800 : Query Acc = 28.00, Avg Acc = 37.85% +- 0.54%
ISIC iteration 783/800 : Query Acc = 44.00, Avg Acc = 37.86% +- 0.54%
ISIC iteration 784/800 : Query Acc = 28.00, Avg Acc = 37.85% +- 0.54%
ISIC iteration 785/800 : Query Acc = 26.67, Avg Acc = 37.83% +- 0.54%
ISIC iteration 786/800 : Query Acc = 40.00, Avg Acc = 37.84% +- 0.54%
ISIC iteration 787/800 : Query Acc = 34.67, Avg Acc = 37.83% +- 0.54%
ISIC iteration 788/800 : Query Acc = 42.67, Avg Acc = 37.84% +- 0.54%
ISIC iteration 789/800 : Query Acc = 46.67, Avg Acc = 37.85% +- 0.54%
ISIC iteration 790/800 : Query Acc = 36.00, Avg Acc = 37.85% +- 0.54%
ISIC iteration 791/800 : Query Acc = 49.33, Avg Acc = 37.86% +- 0.54%
ISIC iteration 792/800 : Query Acc = 33.33, Avg Acc = 37.86% +- 0.54%
ISIC iteration 793/800 : Query Acc = 45.33, Avg Acc = 37.87% +- 0.54%
ISIC iteration 794/800 : Query Acc = 37.33, Avg Acc = 37.86% +- 0.54%
ISIC iteration 795/800 : Query Acc = 25.33, Avg Acc = 37.85% +- 0.54%
ISIC iteration 796/800 : Query Acc = 46.67, Avg Acc = 37.86% +- 0.54%
ISIC iteration 797/800 : Query Acc = 33.33, Avg Acc = 37.85% +- 0.54%
ISIC iteration 798/800 : Query Acc = 33.33, Avg Acc = 37.85% +- 0.54%
ISIC iteration 799/800 : Query Acc = 49.33, Avg Acc = 37.86% +- 0.54%
ISIC 800 Test Acc = 37.86% +- 0.54%
