set seed = 2
FineTune! 1 shots on ISIC dataset
ISIC iteration 0/100 : Query Acc = 40.00, Avg Acc = 40.00% +- 0.00%
ISIC | 0 / 100 Acc = 40.00% +- 0.00%
ISIC iteration 1/100 : Query Acc = 33.33, Avg Acc = 36.67% +- 4.62%
ISIC iteration 2/100 : Query Acc = 49.33, Avg Acc = 40.89% +- 7.43%
ISIC iteration 3/100 : Query Acc = 34.67, Avg Acc = 39.33% +- 6.16%
ISIC iteration 4/100 : Query Acc = 37.33, Avg Acc = 38.93% +- 4.98%
ISIC iteration 5/100 : Query Acc = 36.00, Avg Acc = 38.44% +- 4.24%
ISIC iteration 6/100 : Query Acc = 33.33, Avg Acc = 37.71% +- 3.87%
ISIC iteration 7/100 : Query Acc = 50.67, Avg Acc = 39.33% +- 4.50%
ISIC iteration 8/100 : Query Acc = 36.00, Avg Acc = 38.96% +- 4.06%
ISIC iteration 9/100 : Query Acc = 26.67, Avg Acc = 37.73% +- 4.31%
ISIC iteration 10/100 : Query Acc = 36.00, Avg Acc = 37.58% +- 3.93%
ISIC iteration 11/100 : Query Acc = 40.00, Avg Acc = 37.78% +- 3.62%
ISIC iteration 12/100 : Query Acc = 42.67, Avg Acc = 38.15% +- 3.42%
ISIC iteration 13/100 : Query Acc = 45.33, Avg Acc = 38.67% +- 3.32%
ISIC iteration 14/100 : Query Acc = 26.67, Avg Acc = 37.87% +- 3.45%
ISIC iteration 15/100 : Query Acc = 38.67, Avg Acc = 37.92% +- 3.23%
ISIC iteration 16/100 : Query Acc = 42.67, Avg Acc = 38.20% +- 3.09%
ISIC iteration 17/100 : Query Acc = 44.00, Avg Acc = 38.52% +- 2.98%
ISIC iteration 18/100 : Query Acc = 42.67, Avg Acc = 38.74% +- 2.86%
ISIC iteration 19/100 : Query Acc = 32.00, Avg Acc = 38.40% +- 2.79%
ISIC iteration 20/100 : Query Acc = 50.67, Avg Acc = 38.98% +- 2.88%
ISIC iteration 21/100 : Query Acc = 40.00, Avg Acc = 39.03% +- 2.75%
ISIC iteration 22/100 : Query Acc = 44.00, Avg Acc = 39.25% +- 2.66%
ISIC iteration 23/100 : Query Acc = 30.67, Avg Acc = 38.89% +- 2.64%
ISIC iteration 24/100 : Query Acc = 49.33, Avg Acc = 39.31% +- 2.66%
ISIC iteration 25/100 : Query Acc = 37.33, Avg Acc = 39.23% +- 2.56%
ISIC iteration 26/100 : Query Acc = 42.67, Avg Acc = 39.36% +- 2.48%
ISIC iteration 27/100 : Query Acc = 28.00, Avg Acc = 38.95% +- 2.52%
ISIC iteration 28/100 : Query Acc = 37.33, Avg Acc = 38.90% +- 2.43%
ISIC iteration 29/100 : Query Acc = 38.67, Avg Acc = 38.89% +- 2.35%
ISIC iteration 30/100 : Query Acc = 45.33, Avg Acc = 39.10% +- 2.31%
ISIC iteration 31/100 : Query Acc = 30.67, Avg Acc = 38.83% +- 2.29%
ISIC iteration 32/100 : Query Acc = 32.00, Avg Acc = 38.63% +- 2.26%
ISIC iteration 33/100 : Query Acc = 41.33, Avg Acc = 38.71% +- 2.20%
ISIC iteration 34/100 : Query Acc = 50.67, Avg Acc = 39.05% +- 2.24%
ISIC iteration 35/100 : Query Acc = 41.33, Avg Acc = 39.11% +- 2.18%
ISIC iteration 36/100 : Query Acc = 34.67, Avg Acc = 38.99% +- 2.13%
ISIC iteration 37/100 : Query Acc = 37.33, Avg Acc = 38.95% +- 2.08%
ISIC iteration 38/100 : Query Acc = 45.33, Avg Acc = 39.11% +- 2.05%
ISIC iteration 39/100 : Query Acc = 42.67, Avg Acc = 39.20% +- 2.00%
ISIC iteration 40/100 : Query Acc = 29.33, Avg Acc = 38.96% +- 2.01%
ISIC iteration 41/100 : Query Acc = 37.33, Avg Acc = 38.92% +- 1.96%
ISIC iteration 42/100 : Query Acc = 32.00, Avg Acc = 38.76% +- 1.94%
ISIC iteration 43/100 : Query Acc = 38.67, Avg Acc = 38.76% +- 1.90%
ISIC iteration 44/100 : Query Acc = 26.67, Avg Acc = 38.49% +- 1.93%
ISIC iteration 45/100 : Query Acc = 36.00, Avg Acc = 38.43% +- 1.89%
ISIC iteration 46/100 : Query Acc = 38.67, Avg Acc = 38.44% +- 1.85%
ISIC iteration 47/100 : Query Acc = 46.67, Avg Acc = 38.61% +- 1.84%
ISIC iteration 48/100 : Query Acc = 54.67, Avg Acc = 38.94% +- 1.91%
ISIC iteration 49/100 : Query Acc = 48.00, Avg Acc = 39.12% +- 1.91%
ISIC iteration 50/100 : Query Acc = 34.67, Avg Acc = 39.03% +- 1.88%
ISIC iteration 51/100 : Query Acc = 22.67, Avg Acc = 38.72% +- 1.94%
ISIC iteration 52/100 : Query Acc = 44.00, Avg Acc = 38.82% +- 1.91%
ISIC iteration 53/100 : Query Acc = 33.33, Avg Acc = 38.72% +- 1.89%
ISIC iteration 54/100 : Query Acc = 38.67, Avg Acc = 38.72% +- 1.85%
ISIC iteration 55/100 : Query Acc = 37.33, Avg Acc = 38.69% +- 1.82%
ISIC iteration 56/100 : Query Acc = 45.33, Avg Acc = 38.81% +- 1.80%
ISIC iteration 57/100 : Query Acc = 45.33, Avg Acc = 38.92% +- 1.79%
ISIC iteration 58/100 : Query Acc = 33.33, Avg Acc = 38.82% +- 1.77%
ISIC iteration 59/100 : Query Acc = 24.00, Avg Acc = 38.58% +- 1.80%
ISIC iteration 60/100 : Query Acc = 34.67, Avg Acc = 38.51% +- 1.78%
ISIC iteration 61/100 : Query Acc = 46.67, Avg Acc = 38.65% +- 1.77%
ISIC iteration 62/100 : Query Acc = 32.00, Avg Acc = 38.54% +- 1.75%
ISIC iteration 63/100 : Query Acc = 32.00, Avg Acc = 38.44% +- 1.73%
ISIC iteration 64/100 : Query Acc = 41.33, Avg Acc = 38.48% +- 1.71%
ISIC iteration 65/100 : Query Acc = 33.33, Avg Acc = 38.40% +- 1.69%
ISIC iteration 66/100 : Query Acc = 38.67, Avg Acc = 38.41% +- 1.67%
ISIC iteration 67/100 : Query Acc = 40.00, Avg Acc = 38.43% +- 1.64%
ISIC iteration 68/100 : Query Acc = 44.00, Avg Acc = 38.51% +- 1.63%
ISIC iteration 69/100 : Query Acc = 37.33, Avg Acc = 38.50% +- 1.60%
ISIC iteration 70/100 : Query Acc = 25.33, Avg Acc = 38.31% +- 1.62%
ISIC iteration 71/100 : Query Acc = 34.67, Avg Acc = 38.26% +- 1.60%
ISIC iteration 72/100 : Query Acc = 24.00, Avg Acc = 38.06% +- 1.62%
ISIC iteration 73/100 : Query Acc = 40.00, Avg Acc = 38.09% +- 1.60%
ISIC iteration 74/100 : Query Acc = 33.33, Avg Acc = 38.03% +- 1.59%
ISIC iteration 75/100 : Query Acc = 42.67, Avg Acc = 38.09% +- 1.57%
ISIC iteration 76/100 : Query Acc = 22.67, Avg Acc = 37.89% +- 1.60%
ISIC iteration 77/100 : Query Acc = 25.33, Avg Acc = 37.73% +- 1.61%
ISIC iteration 78/100 : Query Acc = 38.67, Avg Acc = 37.74% +- 1.59%
ISIC iteration 79/100 : Query Acc = 30.67, Avg Acc = 37.65% +- 1.58%
ISIC iteration 80/100 : Query Acc = 34.67, Avg Acc = 37.61% +- 1.56%
ISIC iteration 81/100 : Query Acc = 46.67, Avg Acc = 37.72% +- 1.56%
ISIC iteration 82/100 : Query Acc = 30.67, Avg Acc = 37.64% +- 1.55%
ISIC iteration 83/100 : Query Acc = 30.67, Avg Acc = 37.56% +- 1.54%
ISIC iteration 84/100 : Query Acc = 40.00, Avg Acc = 37.58% +- 1.52%
ISIC iteration 85/100 : Query Acc = 34.67, Avg Acc = 37.55% +- 1.50%
ISIC iteration 86/100 : Query Acc = 42.67, Avg Acc = 37.61% +- 1.49%
ISIC iteration 87/100 : Query Acc = 30.67, Avg Acc = 37.53% +- 1.48%
ISIC iteration 88/100 : Query Acc = 37.33, Avg Acc = 37.53% +- 1.46%
ISIC iteration 89/100 : Query Acc = 33.33, Avg Acc = 37.48% +- 1.45%
ISIC iteration 90/100 : Query Acc = 36.00, Avg Acc = 37.47% +- 1.44%
ISIC iteration 91/100 : Query Acc = 41.33, Avg Acc = 37.51% +- 1.42%
ISIC iteration 92/100 : Query Acc = 54.67, Avg Acc = 37.69% +- 1.45%
ISIC iteration 93/100 : Query Acc = 33.33, Avg Acc = 37.65% +- 1.44%
ISIC iteration 94/100 : Query Acc = 40.00, Avg Acc = 37.67% +- 1.43%
ISIC iteration 95/100 : Query Acc = 37.33, Avg Acc = 37.67% +- 1.41%
ISIC iteration 96/100 : Query Acc = 41.33, Avg Acc = 37.70% +- 1.40%
ISIC iteration 97/100 : Query Acc = 30.67, Avg Acc = 37.63% +- 1.39%
ISIC iteration 98/100 : Query Acc = 44.00, Avg Acc = 37.70% +- 1.38%
ISIC iteration 99/100 : Query Acc = 41.33, Avg Acc = 37.73% +- 1.37%
ISIC 100 Test Acc = 37.73% +- 1.37%
