[01:24:42 INFO] Device: cuda
[01:24:42 INFO] ============================================================
[01:24:42 INFO] Dataset: chestx, n_shot=1, Mode: Feature-SR (28x28)
[01:24:42 INFO] ============================================================
[01:24:45 INFO] Train: ChestXDataset(split=train, n_classes=7, n_samples=7)
[01:24:45 INFO] Test:  ChestXDataset(split=test, n_classes=7, n_samples=6268)
[01:24:45 INFO] Loading CLIP ViT-B/16...
[01:25:00 INFO] Applying LoRA (r=4, alpha=1.0)...
[01:25:00 INFO] Initializing Feature SR Module (scale=2, 14x14 -> 28x28)...
[01:25:00 INFO] Trainable parameters: 10,350,592
[01:25:00 INFO] LR Schedule: Linear warmup (5 epochs) + Cosine decay
/var/tmp/cc-cdfsl/train.py:432: FutureWarning: `torch.cuda.amp.GradScaler(args...)` is deprecated. Please use `torch.amp.GradScaler('cuda', args...)` instead.
  scaler = torch.cuda.amp.GradScaler() if device == "cuda" else None
[01:25:00 INFO] FP16 Automatic Mixed Precision (AMP) enabled.
[01:25:00 INFO] Initial evaluation (before training)...
[01:26:37 INFO]   Baseline: 21.23 ± 0.65%
/var/tmp/cc-cdfsl/train.py:203: FutureWarning: `torch.cuda.amp.autocast(args...)` is deprecated. Please use `torch.amp.autocast('cuda', args...)` instead.
  with torch.cuda.amp.autocast(enabled=(scaler is not None)):
[01:29:53 INFO] Epoch [  1/100] Loss: 6.1335 (CE:5.3851, TIT:0.1325, ITI:0.1373, CR:0.9410) Acc: 21.57%
[01:57:54 INFO] Epoch [ 10/100] Loss: 0.5819 (CE:0.0069, TIT:0.1833, ITI:0.0220, CR:0.0469) Acc: 21.61%
[02:00:41 INFO]   [Eval] Epoch 10: 21.07 ± 0.95% ✓ NEW BEST!
[02:00:42 INFO]   Saved best checkpoint: checkpoints/chestx_1shot_fsr_best.pth
[02:31:41 INFO] Epoch [ 20/100] Loss: 0.5950 (CE:0.0012, TIT:0.1944, ITI:0.0114, CR:0.0160) Acc: 21.08%
[02:34:29 INFO]   [Eval] Epoch 20: 21.04 ± 0.89%
[03:05:30 INFO] Epoch [ 30/100] Loss: 0.5925 (CE:0.0005, TIT:0.1955, ITI:0.0058, CR:0.0086) Acc: 21.09%
[03:08:18 INFO]   [Eval] Epoch 30: 20.17 ± 0.79%
[03:39:17 INFO] Epoch [ 40/100] Loss: 0.5787 (CE:0.0003, TIT:0.1915, ITI:0.0040, CR:0.0061) Acc: 21.13%
[03:42:04 INFO]   [Eval] Epoch 40: 21.33 ± 0.76% ✓ NEW BEST!
[03:42:05 INFO]   Saved best checkpoint: checkpoints/chestx_1shot_fsr_best.pth
[04:13:03 INFO] Epoch [ 50/100] Loss: 0.5810 (CE:0.0002, TIT:0.1926, ITI:0.0032, CR:0.0043) Acc: 21.36%
[04:15:51 INFO]   [Eval] Epoch 50: 20.47 ± 0.82%
[04:46:50 INFO] Epoch [ 60/100] Loss: 0.5804 (CE:0.0002, TIT:0.1926, ITI:0.0028, CR:0.0039) Acc: 20.95%
[04:49:38 INFO]   [Eval] Epoch 60: 21.05 ± 0.77%
[05:20:36 INFO] Epoch [ 70/100] Loss: 0.5817 (CE:0.0001, TIT:0.1931, ITI:0.0027, CR:0.0033) Acc: 20.65%
[05:23:23 INFO]   [Eval] Epoch 70: 20.69 ± 0.81%
[05:54:25 INFO] Epoch [ 80/100] Loss: 0.5812 (CE:0.0001, TIT:0.1930, ITI:0.0025, CR:0.0031) Acc: 20.49%
[05:57:12 INFO]   [Eval] Epoch 80: 20.15 ± 0.80%
[06:28:13 INFO] Epoch [ 90/100] Loss: 0.5852 (CE:0.0001, TIT:0.1943, ITI:0.0026, CR:0.0029) Acc: 21.37%
[06:31:01 INFO]   [Eval] Epoch 90: 21.17 ± 0.89%
[07:02:03 INFO] Epoch [100/100] Loss: 0.5771 (CE:0.0001, TIT:0.1916, ITI:0.0025, CR:0.0028) Acc: 20.65%
[07:04:51 INFO]   [Eval] Epoch 100: 20.03 ± 0.92%
[07:04:51 INFO] 
Best Acc: 21.33% at Epoch 40
[07:04:52 INFO] Loaded best checkpoint from epoch 40
[07:07:39 INFO] Final (Feature-SR (28x28)): 21.51 ± 0.88% (n_episodes=100)
[ChestXDataset] Strict few-shot training enabled. Total training samples: 7 (n_shot=1)
