[14:21:15 INFO] Device: cuda
[14:21:15 INFO] ============================================================
[14:21:15 INFO] Dataset: chestx, n_shot=5, Mode: Baseline (14x14)
[14:21:15 INFO] ============================================================
[14:21:18 INFO] Train: ChestXDataset(split=train, n_classes=7, n_samples=35)
[14:21:18 INFO] Test:  ChestXDataset(split=test, n_classes=7, n_samples=6268)
[14:21:18 INFO] Loading CLIP ViT-B/16...
[14:21:27 INFO] Applying LoRA (r=4, alpha=1.0)...
[14:21:27 INFO] Trainable parameters: 221,184
[14:21:27 INFO] LR Schedule: Linear warmup (5 epochs) + Cosine decay
/var/tmp/cc-cdfsl/train.py:432: FutureWarning: `torch.cuda.amp.GradScaler(args...)` is deprecated. Please use `torch.amp.GradScaler('cuda', args...)` instead.
  scaler = torch.cuda.amp.GradScaler() if device == "cuda" else None
[14:21:27 INFO] FP16 Automatic Mixed Precision (AMP) enabled.
[14:21:27 INFO] Initial evaluation (before training)...
[14:23:32 INFO]   Baseline: 21.17 ± 0.70%
/var/tmp/cc-cdfsl/train.py:203: FutureWarning: `torch.cuda.amp.autocast(args...)` is deprecated. Please use `torch.amp.autocast('cuda', args...)` instead.
  with torch.cuda.amp.autocast(enabled=(scaler is not None)):
[14:27:57 INFO] Epoch [  1/100] Loss: 5.6465 (CE:5.2360, TIT:0.0965, ITI:0.2421) Acc: 20.67%
[15:05:35 INFO] Epoch [ 10/100] Loss: 0.3068 (CE:0.0120, TIT:0.0402, ITI:0.3484) Acc: 21.79%
[15:18:41 INFO]   [Eval] Epoch 10: 22.29 ± 0.50% ✓ NEW BEST!
[15:18:41 INFO]   Saved best checkpoint: checkpoints/chestx_5shot_best.pth
[16:01:31 INFO] Epoch [ 20/100] Loss: 0.2747 (CE:0.0018, TIT:0.0513, ITI:0.2380) Acc: 22.16%
[16:15:29 INFO]   [Eval] Epoch 20: 21.73 ± 0.48%
[16:57:49 INFO] Epoch [ 30/100] Loss: 0.2887 (CE:0.0009, TIT:0.0717, ITI:0.1455) Acc: 22.37%
[17:10:49 INFO]   [Eval] Epoch 30: 21.87 ± 0.44%
[17:51:59 INFO] Epoch [ 40/100] Loss: 0.4229 (CE:0.0005, TIT:0.1257, ITI:0.0909) Acc: 21.51%
[18:04:59 INFO]   [Eval] Epoch 40: 22.77 ± 0.45% ✓ NEW BEST!
[18:05:00 INFO]   Saved best checkpoint: checkpoints/chestx_5shot_best.pth
[18:46:09 INFO] Epoch [ 50/100] Loss: 0.5110 (CE:0.0003, TIT:0.1603, ITI:0.0593) Acc: 22.41%
[18:59:09 INFO]   [Eval] Epoch 50: 21.80 ± 0.47%
[19:40:25 INFO] Epoch [ 60/100] Loss: 0.5277 (CE:0.0002, TIT:0.1685, ITI:0.0437) Acc: 22.19%
[19:53:24 INFO]   [Eval] Epoch 60: 23.05 ± 0.46% ✓ NEW BEST!
[19:53:25 INFO]   Saved best checkpoint: checkpoints/chestx_5shot_best.pth
[20:34:32 INFO] Epoch [ 70/100] Loss: 0.5804 (CE:0.0002, TIT:0.1861, ITI:0.0437) Acc: 22.75%
[20:47:31 INFO]   [Eval] Epoch 70: 22.86 ± 0.47%
[21:28:36 INFO] Epoch [ 80/100] Loss: 0.5664 (CE:0.0001, TIT:0.1833, ITI:0.0330) Acc: 22.05%
[21:41:35 INFO]   [Eval] Epoch 80: 22.91 ± 0.44%
[22:22:43 INFO] Epoch [ 90/100] Loss: 0.5822 (CE:0.0001, TIT:0.1882, ITI:0.0353) Acc: 22.77%
[22:35:42 INFO]   [Eval] Epoch 90: 22.75 ± 0.45%
[23:16:48 INFO] Epoch [100/100] Loss: 0.5822 (CE:0.0001, TIT:0.1888, ITI:0.0313) Acc: 22.47%
[23:29:47 INFO]   [Eval] Epoch 100: 22.74 ± 0.48%
[23:29:47 INFO] 
Best Acc: 23.05% at Epoch 60
[23:29:48 INFO] Loaded best checkpoint from epoch 60
[23:42:57 INFO] Final (Baseline (14x14)): 22.43 ± 0.46% (n_episodes=400)
[ChestXDataset] Strict few-shot training enabled. Total training samples: 35 (n_shot=5)
