[16:20:47 INFO] Device: cuda
[16:20:47 INFO] ============================================================
[16:20:47 INFO] Dataset: crop_disease, n_shot=5, Mode: Baseline (14x14)
[16:20:47 INFO] ============================================================
[16:20:48 INFO] Train: CropDiseaseDataset(split=train, n_classes=38, n_samples=190)
[16:20:48 INFO] Test:  CropDiseaseDataset(split=test, n_classes=38, n_samples=14059)
[16:20:48 INFO] Loading CLIP ViT-B/16...
[16:21:00 INFO] Applying LoRA (r=4, alpha=1.0)...
[16:21:00 INFO] Trainable parameters: 221,184
[16:21:00 INFO] LR Schedule: Linear warmup (5 epochs) + Cosine decay
/var/tmp/cc-cdfsl/train.py:432: FutureWarning: `torch.cuda.amp.GradScaler(args...)` is deprecated. Please use `torch.amp.GradScaler('cuda', args...)` instead.
  scaler = torch.cuda.amp.GradScaler() if device == "cuda" else None
[16:21:00 INFO] FP16 Automatic Mixed Precision (AMP) enabled.
[16:21:00 INFO] Initial evaluation (before training)...
[16:21:39 INFO]   Baseline: 40.53 ± 4.72%
/var/tmp/cc-cdfsl/train.py:203: FutureWarning: `torch.cuda.amp.autocast(args...)` is deprecated. Please use `torch.amp.autocast('cuda', args...)` instead.
  with torch.cuda.amp.autocast(enabled=(scaler is not None)):
[16:23:42 INFO] Epoch [  1/100] Loss: 2.7562 (CE:2.1949, TIT:0.0530, ITI:0.3389) Acc: 42.75%
[16:41:59 INFO] Epoch [ 10/100] Loss: 0.8666 (CE:0.3396, TIT:0.0275, ITI:0.3330) Acc: 77.60%
[16:46:36 INFO]   [Eval] Epoch 10: 79.10 ± 1.12% ✓ NEW BEST!
[16:46:37 INFO]   Saved best checkpoint: checkpoints/crop_disease_5shot_best.pth
[17:06:54 INFO] Epoch [ 20/100] Loss: 0.4803 (CE:0.0502, TIT:0.0311, ITI:0.2660) Acc: 87.07%
[17:11:31 INFO]   [Eval] Epoch 20: 88.39 ± 0.80% ✓ NEW BEST!
[17:11:32 INFO]   Saved best checkpoint: checkpoints/crop_disease_5shot_best.pth
[17:31:49 INFO] Epoch [ 30/100] Loss: 0.2680 (CE:0.0175, TIT:0.0531, ITI:0.1316) Acc: 88.92%
[17:36:28 INFO]   [Eval] Epoch 30: 89.76 ± 0.69% ✓ NEW BEST!
[17:36:28 INFO]   Saved best checkpoint: checkpoints/crop_disease_5shot_best.pth
[17:56:44 INFO] Epoch [ 40/100] Loss: 0.2358 (CE:0.0105, TIT:0.0821, ITI:0.0955) Acc: 89.21%
[18:01:24 INFO]   [Eval] Epoch 40: 90.49 ± 0.58% ✓ NEW BEST!
[18:01:24 INFO]   Saved best checkpoint: checkpoints/crop_disease_5shot_best.pth
[18:21:40 INFO] Epoch [ 50/100] Loss: 0.2272 (CE:0.0050, TIT:0.1243, ITI:0.0653) Acc: 90.15%
[18:26:17 INFO]   [Eval] Epoch 50: 89.74 ± 0.61%
[18:46:32 INFO] Epoch [ 60/100] Loss: 0.2227 (CE:0.0030, TIT:0.1421, ITI:0.0517) Acc: 88.65%
[18:51:11 INFO]   [Eval] Epoch 60: 89.84 ± 0.64%
[19:11:28 INFO] Epoch [ 70/100] Loss: 0.2017 (CE:0.0014, TIT:0.1409, ITI:0.0397) Acc: 90.01%
[19:16:09 INFO]   [Eval] Epoch 70: 89.84 ± 0.64%
[19:36:24 INFO] Epoch [ 80/100] Loss: 0.2073 (CE:0.0023, TIT:0.1587, ITI:0.0309) Acc: 89.00%
[19:41:03 INFO]   [Eval] Epoch 80: 89.31 ± 0.59%
[20:01:20 INFO] Epoch [ 90/100] Loss: 0.2195 (CE:0.0015, TIT:0.1697, ITI:0.0322) Acc: 89.93%
[20:05:57 INFO]   [Eval] Epoch 90: 89.46 ± 0.62%
[20:26:15 INFO] Epoch [100/100] Loss: 0.2124 (CE:0.0013, TIT:0.1738, ITI:0.0248) Acc: 88.99%
[20:30:55 INFO]   [Eval] Epoch 100: 89.69 ± 0.61%
[20:30:55 INFO] 
Best Acc: 90.49% at Epoch 40
[20:30:56 INFO] Loaded best checkpoint from epoch 40
[20:35:36 INFO] Final (Baseline (14x14)): 89.68 ± 0.70% (n_episodes=400)
[CropDiseases] 使用路徑：data/CropDiseases/New Plant Diseases Dataset(Augmented)/New Plant Diseases Dataset(Augmented)/train
[CropDiseaseDataset] Strict few-shot training enabled. Total training samples: 190 (n_shot=5)
[CropDiseases] 使用路徑：data/CropDiseases/New Plant Diseases Dataset(Augmented)/New Plant Diseases Dataset(Augmented)/train
