[20:35:42 INFO] Device: cuda
[20:35:42 INFO] ============================================================
[20:35:42 INFO] Dataset: crop_disease, n_shot=5, Mode: Feature-SR (28x28)
[20:35:42 INFO] ============================================================
[20:35:42 INFO] Train: CropDiseaseDataset(split=train, n_classes=38, n_samples=190)
[20:35:42 INFO] Test:  CropDiseaseDataset(split=test, n_classes=38, n_samples=14059)
[20:35:42 INFO] Loading CLIP ViT-B/16...
[20:35:47 INFO] Applying LoRA (r=4, alpha=1.0)...
[20:35:47 INFO] Initializing Feature SR Module (scale=2, 14x14 -> 28x28)...
[20:35:47 INFO] Trainable parameters: 10,350,592
[20:35:47 INFO] LR Schedule: Linear warmup (5 epochs) + Cosine decay
/var/tmp/cc-cdfsl/train.py:432: FutureWarning: `torch.cuda.amp.GradScaler(args...)` is deprecated. Please use `torch.amp.GradScaler('cuda', args...)` instead.
  scaler = torch.cuda.amp.GradScaler() if device == "cuda" else None
[20:35:47 INFO] FP16 Automatic Mixed Precision (AMP) enabled.
[20:35:47 INFO] Initial evaluation (before training)...
[20:36:22 INFO]   Baseline: 39.44 ± 4.06%
/var/tmp/cc-cdfsl/train.py:203: FutureWarning: `torch.cuda.amp.autocast(args...)` is deprecated. Please use `torch.amp.autocast('cuda', args...)` instead.
  with torch.cuda.amp.autocast(enabled=(scaler is not None)):
[20:38:59 INFO] Epoch [  1/100] Loss: 2.9630 (CE:2.1832, TIT:0.1507, ITI:0.2276, CR:0.9589) Acc: 41.77%
[21:02:54 INFO] Epoch [ 10/100] Loss: 0.6265 (CE:0.3499, TIT:0.2232, ITI:0.0104, CR:0.1257) Acc: 76.99%
[21:07:41 INFO]   [Eval] Epoch 10: 78.67 ± 1.17% ✓ NEW BEST!
[21:07:42 INFO]   Saved best checkpoint: checkpoints/crop_disease_5shot_fsr_best.pth
[21:33:57 INFO] Epoch [ 20/100] Loss: 0.2938 (CE:0.0464, TIT:0.2296, ITI:0.0029, CR:0.0450) Acc: 87.65%
[21:38:45 INFO]   [Eval] Epoch 20: 88.72 ± 0.76% ✓ NEW BEST!
[21:38:45 INFO]   Saved best checkpoint: checkpoints/crop_disease_5shot_fsr_best.pth
[22:05:01 INFO] Epoch [ 30/100] Loss: 0.2460 (CE:0.0129, TIT:0.2241, ITI:0.0020, CR:0.0200) Acc: 89.69%
[22:09:49 INFO]   [Eval] Epoch 30: 89.74 ± 0.69% ✓ NEW BEST!
[22:09:50 INFO]   Saved best checkpoint: checkpoints/crop_disease_5shot_fsr_best.pth
[22:36:08 INFO] Epoch [ 40/100] Loss: 0.2363 (CE:0.0062, TIT:0.2241, ITI:0.0017, CR:0.0116) Acc: 90.63%
[22:40:56 INFO]   [Eval] Epoch 40: 90.41 ± 0.64% ✓ NEW BEST!
[22:40:57 INFO]   Saved best checkpoint: checkpoints/crop_disease_5shot_fsr_best.pth
[23:07:15 INFO] Epoch [ 50/100] Loss: 0.2385 (CE:0.0032, TIT:0.2313, ITI:0.0013, CR:0.0072) Acc: 92.03%
[23:12:04 INFO]   [Eval] Epoch 50: 90.28 ± 0.67%
[23:38:22 INFO] Epoch [ 60/100] Loss: 0.2256 (CE:0.0022, TIT:0.2204, ITI:0.0011, CR:0.0047) Acc: 90.72%
[23:43:13 INFO]   [Eval] Epoch 60: 90.09 ± 0.68%
[00:09:32 INFO] Epoch [ 70/100] Loss: 0.2276 (CE:0.0033, TIT:0.2218, ITI:0.0009, CR:0.0035) Acc: 89.08%
[00:14:22 INFO]   [Eval] Epoch 70: 89.89 ± 0.58%
[00:40:43 INFO] Epoch [ 80/100] Loss: 0.2287 (CE:0.0021, TIT:0.2244, ITI:0.0008, CR:0.0029) Acc: 90.91%
[00:45:34 INFO]   [Eval] Epoch 80: 89.83 ± 0.64%
[01:11:55 INFO] Epoch [ 90/100] Loss: 0.2294 (CE:0.0019, TIT:0.2255, ITI:0.0008, CR:0.0026) Acc: 90.07%
[01:16:46 INFO]   [Eval] Epoch 90: 89.73 ± 0.67%
[01:43:07 INFO] Epoch [100/100] Loss: 0.2341 (CE:0.0014, TIT:0.2307, ITI:0.0008, CR:0.0025) Acc: 90.35%
[01:47:58 INFO]   [Eval] Epoch 100: 90.08 ± 0.62%
[01:47:58 INFO] 
Best Acc: 90.41% at Epoch 40
[01:47:58 INFO] Loaded best checkpoint from epoch 40
[01:52:50 INFO] Final (Feature-SR (28x28)): 90.61 ± 0.65% (n_episodes=400)
[CropDiseases] 使用路徑：data/CropDiseases/New Plant Diseases Dataset(Augmented)/New Plant Diseases Dataset(Augmented)/train
[CropDiseaseDataset] Strict few-shot training enabled. Total training samples: 190 (n_shot=5)
[CropDiseases] 使用路徑：data/CropDiseases/New Plant Diseases Dataset(Augmented)/New Plant Diseases Dataset(Augmented)/train
