[00:45:06 INFO] Device: cuda
[00:45:06 INFO] ============================================================
[00:45:06 INFO] Dataset: eurosat, n_shot=1, Mode: Baseline (14x14)
[00:45:06 INFO] ============================================================
[00:45:06 INFO] Train: EuroSATDataset(split=train, n_classes=10, n_samples=10)
[00:45:06 INFO] Test:  EuroSATDataset(split=test, n_classes=10, n_samples=5400)
[00:45:06 INFO] Loading CLIP ViT-B/16...
[00:45:14 INFO] Applying LoRA (r=4, alpha=1.0)...
[00:45:14 INFO] Trainable parameters: 221,184
[00:45:14 INFO] LR Schedule: Linear warmup (5 epochs) + Cosine decay
/var/tmp/cc-cdfsl/train.py:432: FutureWarning: `torch.cuda.amp.GradScaler(args...)` is deprecated. Please use `torch.amp.GradScaler('cuda', args...)` instead.
  scaler = torch.cuda.amp.GradScaler() if device == "cuda" else None
[00:45:14 INFO] FP16 Automatic Mixed Precision (AMP) enabled.
[00:45:14 INFO] Initial evaluation (before training)...
[00:46:37 INFO]   Baseline: 49.49 ± 3.99%
/var/tmp/cc-cdfsl/train.py:203: FutureWarning: `torch.cuda.amp.autocast(args...)` is deprecated. Please use `torch.amp.autocast('cuda', args...)` instead.
  with torch.cuda.amp.autocast(enabled=(scaler is not None)):
[00:49:57 INFO] Epoch [  1/100] Loss: 1.2476 (CE:1.1160, TIT:0.0350, ITI:0.3956) Acc: 50.57%
[01:19:41 INFO] Epoch [ 10/100] Loss: 0.1044 (CE:0.0186, TIT:0.0091, ITI:0.3606) Acc: 80.76%
[01:22:26 INFO]   [Eval] Epoch 10: 79.55 ± 1.56% ✓ NEW BEST!
[01:22:26 INFO]   Saved best checkpoint: checkpoints/eurosat_1shot_best.pth
[01:55:10 INFO] Epoch [ 20/100] Loss: 0.0769 (CE:0.0012, TIT:0.0096, ITI:0.3061) Acc: 79.56%
[01:57:43 INFO]   [Eval] Epoch 20: 79.19 ± 1.45%
[02:10:47 INFO] Epoch [ 30/100] Loss: 0.0603 (CE:0.0006, TIT:0.0057, ITI:0.2559) Acc: 77.80%
[02:11:53 INFO]   [Eval] Epoch 30: 77.48 ± 1.48%
[02:24:59 INFO] Epoch [ 40/100] Loss: 0.0712 (CE:0.0004, TIT:0.0213, ITI:0.1937) Acc: 75.16%
[02:26:04 INFO]   [Eval] Epoch 40: 74.93 ± 1.37%
[02:39:09 INFO] Epoch [ 50/100] Loss: 0.0755 (CE:0.0003, TIT:0.0290, ITI:0.1585) Acc: 72.27%
[02:40:15 INFO]   [Eval] Epoch 50: 70.75 ± 1.67%
[02:53:21 INFO] Epoch [ 60/100] Loss: 0.0859 (CE:0.0002, TIT:0.0390, ITI:0.1358) Acc: 71.55%
[02:54:27 INFO]   [Eval] Epoch 60: 72.03 ± 1.50%
[03:07:32 INFO] Epoch [ 70/100] Loss: 0.0850 (CE:0.0002, TIT:0.0411, ITI:0.1161) Acc: 70.61%
[03:08:38 INFO]   [Eval] Epoch 70: 71.05 ± 1.81%
[03:21:43 INFO] Epoch [ 80/100] Loss: 0.1087 (CE:0.0001, TIT:0.0577, ITI:0.1104) Acc: 70.92%
[03:22:49 INFO]   [Eval] Epoch 80: 69.88 ± 1.62%
[03:35:54 INFO] Epoch [ 90/100] Loss: 0.1187 (CE:0.0001, TIT:0.0643, ITI:0.1106) Acc: 69.71%
[03:37:00 INFO]   [Eval] Epoch 90: 67.87 ± 1.86%
[03:50:05 INFO] Epoch [100/100] Loss: 0.1223 (CE:0.0001, TIT:0.0671, ITI:0.1076) Acc: 67.07%
[03:51:11 INFO]   [Eval] Epoch 100: 67.71 ± 1.72%
[03:51:11 INFO] 
Best Acc: 79.55% at Epoch 10
[03:51:11 INFO] Loaded best checkpoint from epoch 10
[03:52:17 INFO] Final (Baseline (14x14)): 80.59 ± 1.29% (n_episodes=100)
[EuroSATDataset] Strict few-shot training enabled. Total training samples: 10 (n_shot=1)
