[03:52:22 INFO] Device: cuda
[03:52:22 INFO] ============================================================
[03:52:22 INFO] Dataset: eurosat, n_shot=1, Mode: Feature-SR (28x28)
[03:52:22 INFO] ============================================================
[03:52:23 INFO] Train: EuroSATDataset(split=train, n_classes=10, n_samples=10)
[03:52:23 INFO] Test:  EuroSATDataset(split=test, n_classes=10, n_samples=5400)
[03:52:23 INFO] Loading CLIP ViT-B/16...
[03:52:27 INFO] Applying LoRA (r=4, alpha=1.0)...
[03:52:27 INFO] Initializing Feature SR Module (scale=2, 14x14 -> 28x28)...
[03:52:28 INFO] Trainable parameters: 10,350,592
[03:52:28 INFO] LR Schedule: Linear warmup (5 epochs) + Cosine decay
/var/tmp/cc-cdfsl/train.py:432: FutureWarning: `torch.cuda.amp.GradScaler(args...)` is deprecated. Please use `torch.amp.GradScaler('cuda', args...)` instead.
  scaler = torch.cuda.amp.GradScaler() if device == "cuda" else None
[03:52:28 INFO] FP16 Automatic Mixed Precision (AMP) enabled.
[03:52:28 INFO] Initial evaluation (before training)...
[03:53:00 INFO]   Baseline: 49.04 ± 3.34%
/var/tmp/cc-cdfsl/train.py:203: FutureWarning: `torch.cuda.amp.autocast(args...)` is deprecated. Please use `torch.amp.autocast('cuda', args...)` instead.
  with torch.cuda.amp.autocast(enabled=(scaler is not None)):
[03:54:26 INFO] Epoch [  1/100] Loss: 1.6742 (CE:1.1571, TIT:0.1191, ITI:0.2483, CR:0.9626) Acc: 50.63%
[04:07:14 INFO] Epoch [ 10/100] Loss: 0.2220 (CE:0.0183, TIT:0.1188, ITI:0.0230, CR:0.0699) Acc: 79.29%
[04:08:20 INFO]   [Eval] Epoch 10: 82.00 ± 1.37% ✓ NEW BEST!
[04:08:20 INFO]   Saved best checkpoint: checkpoints/eurosat_1shot_fsr_best.pth
[04:22:37 INFO] Epoch [ 20/100] Loss: 0.1946 (CE:0.0020, TIT:0.1212, ITI:0.0155, CR:0.0258) Acc: 77.21%
[04:23:43 INFO]   [Eval] Epoch 20: 78.92 ± 1.57%
[04:37:59 INFO] Epoch [ 30/100] Loss: 0.1992 (CE:0.0006, TIT:0.1287, ITI:0.0088, CR:0.0125) Acc: 76.75%
[04:39:05 INFO]   [Eval] Epoch 30: 77.05 ± 1.46%
[04:53:21 INFO] Epoch [ 40/100] Loss: 0.2022 (CE:0.0003, TIT:0.1325, ITI:0.0068, CR:0.0060) Acc: 73.65%
[04:54:27 INFO]   [Eval] Epoch 40: 74.15 ± 1.76%
[05:08:42 INFO] Epoch [ 50/100] Loss: 0.1981 (CE:0.0002, TIT:0.1303, ITI:0.0058, CR:0.0042) Acc: 72.68%
[05:09:48 INFO]   [Eval] Epoch 50: 74.17 ± 1.54%
[05:24:03 INFO] Epoch [ 60/100] Loss: 0.1996 (CE:0.0002, TIT:0.1317, ITI:0.0051, CR:0.0028) Acc: 72.00%
[05:25:09 INFO]   [Eval] Epoch 60: 72.72 ± 1.43%
[05:39:25 INFO] Epoch [ 70/100] Loss: 0.1976 (CE:0.0002, TIT:0.1304, ITI:0.0053, CR:0.0023) Acc: 72.44%
[05:40:31 INFO]   [Eval] Epoch 70: 71.84 ± 1.45%
[05:54:46 INFO] Epoch [ 80/100] Loss: 0.2000 (CE:0.0001, TIT:0.1321, ITI:0.0054, CR:0.0019) Acc: 71.88%
[05:55:51 INFO]   [Eval] Epoch 80: 71.67 ± 1.42%
[06:10:06 INFO] Epoch [ 90/100] Loss: 0.1985 (CE:0.0001, TIT:0.1312, ITI:0.0055, CR:0.0017) Acc: 71.57%
[06:11:12 INFO]   [Eval] Epoch 90: 70.95 ± 1.46%
[06:25:27 INFO] Epoch [100/100] Loss: 0.1976 (CE:0.0001, TIT:0.1307, ITI:0.0052, CR:0.0016) Acc: 70.05%
[06:26:33 INFO]   [Eval] Epoch 100: 70.64 ± 1.60%
[06:26:33 INFO] 
Best Acc: 82.00% at Epoch 10
[06:26:33 INFO] Loaded best checkpoint from epoch 10
[06:27:39 INFO] Final (Feature-SR (28x28)): 80.29 ± 1.54% (n_episodes=100)
[EuroSATDataset] Strict few-shot training enabled. Total training samples: 10 (n_shot=1)
