[11:20:58 INFO] Device: cuda
[11:20:58 INFO] ============================================================
[11:20:58 INFO] Dataset: eurosat, n_shot=5, Mode: Feature-SR (28x28)
[11:20:58 INFO] ============================================================
[11:20:58 INFO] Train: EuroSATDataset(split=train, n_classes=10, n_samples=50)
[11:20:58 INFO] Test:  EuroSATDataset(split=test, n_classes=10, n_samples=5400)
[11:20:58 INFO] Loading CLIP ViT-B/16...
[11:21:01 INFO] Applying LoRA (r=4, alpha=1.0)...
[11:21:01 INFO] Initializing Feature SR Module (scale=2, 14x14 -> 28x28)...
[11:21:01 INFO] Trainable parameters: 10,350,592
[11:21:01 INFO] LR Schedule: Linear warmup (5 epochs) + Cosine decay
/var/tmp/cc-cdfsl/train.py:432: FutureWarning: `torch.cuda.amp.GradScaler(args...)` is deprecated. Please use `torch.amp.GradScaler('cuda', args...)` instead.
  scaler = torch.cuda.amp.GradScaler() if device == "cuda" else None
[11:21:01 INFO] FP16 Automatic Mixed Precision (AMP) enabled.
[11:21:01 INFO] Initial evaluation (before training)...
[11:21:33 INFO]   Baseline: 50.93 ± 3.25%
/var/tmp/cc-cdfsl/train.py:203: FutureWarning: `torch.cuda.amp.autocast(args...)` is deprecated. Please use `torch.amp.autocast('cuda', args...)` instead.
  with torch.cuda.amp.autocast(enabled=(scaler is not None)):
[11:24:11 INFO] Epoch [  1/100] Loss: 1.6327 (CE:1.1248, TIT:0.1099, ITI:0.2636, CR:0.9673) Acc: 49.45%
[11:47:31 INFO] Epoch [ 10/100] Loss: 0.2315 (CE:0.0371, TIT:0.1117, ITI:0.0208, CR:0.0761) Acc: 87.44%
[11:52:06 INFO]   [Eval] Epoch 10: 88.67 ± 0.53% ✓ NEW BEST!
[11:52:07 INFO]   Saved best checkpoint: checkpoints/eurosat_5shot_fsr_best.pth
[12:17:51 INFO] Epoch [ 20/100] Loss: 0.1998 (CE:0.0027, TIT:0.1226, ITI:0.0309, CR:0.0234) Acc: 89.68%
[12:22:19 INFO]   [Eval] Epoch 20: 89.85 ± 0.45% ✓ NEW BEST!
[12:22:20 INFO]   Saved best checkpoint: checkpoints/eurosat_5shot_fsr_best.pth
[12:47:52 INFO] Epoch [ 30/100] Loss: 0.2103 (CE:0.0006, TIT:0.1369, ITI:0.0077, CR:0.0092) Acc: 89.68%
[12:52:21 INFO]   [Eval] Epoch 30: 89.96 ± 0.40% ✓ NEW BEST!
[12:52:21 INFO]   Saved best checkpoint: checkpoints/eurosat_5shot_fsr_best.pth
[13:17:31 INFO] Epoch [ 40/100] Loss: 0.2068 (CE:0.0003, TIT:0.1357, ITI:0.0067, CR:0.0054) Acc: 90.23%
[13:21:56 INFO]   [Eval] Epoch 40: 90.37 ± 0.39% ✓ NEW BEST!
[13:21:56 INFO]   Saved best checkpoint: checkpoints/eurosat_5shot_fsr_best.pth
[13:46:53 INFO] Epoch [ 50/100] Loss: 0.2033 (CE:0.0003, TIT:0.1339, ITI:0.0060, CR:0.0030) Acc: 89.63%
[13:51:17 INFO]   [Eval] Epoch 50: 90.43 ± 0.40% ✓ NEW BEST!
[13:51:17 INFO]   Saved best checkpoint: checkpoints/eurosat_5shot_fsr_best.pth
[14:16:02 INFO] Epoch [ 60/100] Loss: 0.2092 (CE:0.0002, TIT:0.1383, ITI:0.0043, CR:0.0022) Acc: 89.93%
[14:20:25 INFO]   [Eval] Epoch 60: 90.37 ± 0.40%
[14:45:06 INFO] Epoch [ 70/100] Loss: 0.2019 (CE:0.0002, TIT:0.1337, ITI:0.0038, CR:0.0017) Acc: 89.20%
[14:49:29 INFO]   [Eval] Epoch 70: 89.88 ± 0.40%
[15:14:13 INFO] Epoch [ 80/100] Loss: 0.2080 (CE:0.0001, TIT:0.1378, ITI:0.0033, CR:0.0014) Acc: 89.21%
[15:18:32 INFO]   [Eval] Epoch 80: 89.77 ± 0.41%
[15:43:06 INFO] Epoch [ 90/100] Loss: 0.2055 (CE:0.0001, TIT:0.1362, ITI:0.0031, CR:0.0013) Acc: 89.48%
[15:47:24 INFO]   [Eval] Epoch 90: 89.56 ± 0.43%
[16:11:52 INFO] Epoch [100/100] Loss: 0.2085 (CE:0.0001, TIT:0.1382, ITI:0.0030, CR:0.0013) Acc: 89.29%
[16:16:11 INFO]   [Eval] Epoch 100: 89.33 ± 0.43%
[16:16:11 INFO] 
Best Acc: 90.43% at Epoch 50
[16:16:11 INFO] Loaded best checkpoint from epoch 50
[16:20:29 INFO] Final (Feature-SR (28x28)): 90.16 ± 0.40% (n_episodes=400)
[EuroSATDataset] Strict few-shot training enabled. Total training samples: 50 (n_shot=5)
