[07:39:43 INFO] Device: cuda
[07:39:43 INFO] ============================================================
[07:39:43 INFO] Dataset: isic, n_shot=5, Mode: Feature-SR (28x28)
[07:39:43 INFO] ============================================================
[07:39:43 INFO] Train: ISICDataset(split=train, n_classes=7, n_samples=35)
[07:39:43 INFO] Test:  ISICDataset(split=test, n_classes=7, n_samples=2003)
[07:39:43 INFO] Loading CLIP ViT-B/16...
[07:39:50 INFO] Applying LoRA (r=4, alpha=1.0)...
[07:39:50 INFO] Initializing Feature SR Module (scale=2, 14x14 -> 28x28)...
[07:39:50 INFO] Trainable parameters: 10,350,592
[07:39:50 INFO] LR Schedule: Linear warmup (5 epochs) + Cosine decay
/var/tmp/cc-cdfsl/train.py:432: FutureWarning: `torch.cuda.amp.GradScaler(args...)` is deprecated. Please use `torch.amp.GradScaler('cuda', args...)` instead.
  scaler = torch.cuda.amp.GradScaler() if device == "cuda" else None
[07:39:50 INFO] FP16 Automatic Mixed Precision (AMP) enabled.
[07:39:50 INFO] Initial evaluation (before training)...
[07:40:45 INFO]   Baseline: 20.64 ± 0.69%
/var/tmp/cc-cdfsl/train.py:203: FutureWarning: `torch.cuda.amp.autocast(args...)` is deprecated. Please use `torch.amp.autocast('cuda', args...)` instead.
  with torch.cuda.amp.autocast(enabled=(scaler is not None)):
[07:44:00 INFO] Epoch [  1/100] Loss: 4.2788 (CE:3.3288, TIT:0.0820, ITI:0.2062, CR:0.9720) Acc: 20.35%
[08:12:48 INFO] Epoch [ 10/100] Loss: 0.3811 (CE:0.0230, TIT:0.1076, ITI:0.0039, CR:0.0917) Acc: 38.92%
[08:20:03 INFO]   [Eval] Epoch 10: 39.26 ± 0.68% ✓ NEW BEST!
[08:20:04 INFO]   Saved best checkpoint: checkpoints/isic_5shot_fsr_best.pth
[08:52:04 INFO] Epoch [ 20/100] Loss: 0.3285 (CE:0.0021, TIT:0.1059, ITI:0.0014, CR:0.0199) Acc: 42.61%
[08:59:23 INFO]   [Eval] Epoch 20: 42.59 ± 0.61% ✓ NEW BEST!
[08:59:24 INFO]   Saved best checkpoint: checkpoints/isic_5shot_fsr_best.pth
[09:31:25 INFO] Epoch [ 30/100] Loss: 0.3253 (CE:0.0007, TIT:0.1068, ITI:0.0009, CR:0.0081) Acc: 41.87%
[09:38:40 INFO]   [Eval] Epoch 30: 43.30 ± 0.61% ✓ NEW BEST!
[09:38:40 INFO]   Saved best checkpoint: checkpoints/isic_5shot_fsr_best.pth
[10:10:41 INFO] Epoch [ 40/100] Loss: 0.3175 (CE:0.0004, TIT:0.1048, ITI:0.0006, CR:0.0046) Acc: 41.47%
[10:17:58 INFO]   [Eval] Epoch 40: 42.54 ± 0.62%
[10:49:56 INFO] Epoch [ 50/100] Loss: 0.3233 (CE:0.0003, TIT:0.1070, ITI:0.0006, CR:0.0030) Acc: 42.73%
[10:57:10 INFO]   [Eval] Epoch 50: 42.20 ± 0.58%
[11:29:10 INFO] Epoch [ 60/100] Loss: 0.3220 (CE:0.0002, TIT:0.1067, ITI:0.0006, CR:0.0022) Acc: 40.77%
[11:36:30 INFO]   [Eval] Epoch 60: 41.42 ± 0.60%
[12:08:30 INFO] Epoch [ 70/100] Loss: 0.3182 (CE:0.0002, TIT:0.1056, ITI:0.0004, CR:0.0017) Acc: 40.81%
[12:15:55 INFO]   [Eval] Epoch 70: 41.04 ± 0.57%
[12:47:59 INFO] Epoch [ 80/100] Loss: 0.3193 (CE:0.0002, TIT:0.1060, ITI:0.0004, CR:0.0015) Acc: 41.76%
[12:55:12 INFO]   [Eval] Epoch 80: 41.18 ± 0.60%
[13:27:10 INFO] Epoch [ 90/100] Loss: 0.3214 (CE:0.0001, TIT:0.1067, ITI:0.0003, CR:0.0013) Acc: 40.31%
[13:34:24 INFO]   [Eval] Epoch 90: 40.96 ± 0.62%
[14:06:22 INFO] Epoch [100/100] Loss: 0.3177 (CE:0.0001, TIT:0.1055, ITI:0.0004, CR:0.0013) Acc: 40.29%
[14:13:37 INFO]   [Eval] Epoch 100: 40.96 ± 0.61%
[14:13:37 INFO] 
Best Acc: 43.30% at Epoch 30
[14:13:40 INFO] Loaded best checkpoint from epoch 30
[14:20:58 INFO] Final (Feature-SR (28x28)): 43.20 ± 0.63% (n_episodes=400)
[ISICDataset] Strict few-shot training enabled. Total training samples: 35 (n_shot=5)
