[19:55:20 INFO] Device: cuda
[19:55:20 INFO] ============================================================
[19:55:20 INFO] Dataset: chestx, n_shot=1, Mode: Feature-SR (28x28)
[19:55:20 INFO] ============================================================
[19:55:21 INFO] Train: ChestXDataset(split=train, n_classes=7, n_samples=24171)
[19:55:21 INFO] Test:  ChestXDataset(split=test, n_classes=7, n_samples=6043)
[19:55:21 INFO] Loading CLIP ViT-B/16...
[19:55:30 INFO] Applying LoRA (r=4, alpha=1.0)...
[19:55:30 INFO] Initializing Feature SR Module (scale=2, 14x14 -> 28x28)...
[19:55:30 INFO] Trainable parameters: 10,350,592
/var/tmp/cc-cdfsl/train.py:402: FutureWarning: `torch.cuda.amp.GradScaler(args...)` is deprecated. Please use `torch.amp.GradScaler('cuda', args...)` instead.
  scaler = torch.cuda.amp.GradScaler() if device == "cuda" else None
[19:55:30 INFO] FP16 Automatic Mixed Precision (AMP) enabled.
[19:55:30 INFO] Initial evaluation (before training)...
[19:56:56 INFO]   Baseline: 20.08 ± 0.51%
/var/tmp/cc-cdfsl/train.py:199: FutureWarning: `torch.cuda.amp.autocast(args...)` is deprecated. Please use `torch.amp.autocast('cuda', args...)` instead.
  with torch.cuda.amp.autocast(enabled=(scaler is not None)):
[20:00:17 INFO] Epoch [  1/100] Loss: 3.5709 (CE:3.3407, TIT:0.1592, ITI:0.0319, CR:0.1836) Acc: 20.43%
[20:29:07 INFO] Epoch [ 10/100] Loss: 1.7211 (CE:1.5384, TIT:0.1787, ITI:0.0034, CR:0.0080) Acc: 30.39%
[20:32:10 INFO]   [Eval] Epoch 10: 30.11 ± 1.03% ✓ NEW BEST!
[20:32:11 INFO]   Saved best checkpoint: checkpoints/chestx_1shot_fsr_best.pth
[21:03:58 INFO] Epoch [ 20/100] Loss: 1.6247 (CE:1.4405, TIT:0.1793, ITI:0.0037, CR:0.0103) Acc: 38.25%
[21:06:59 INFO]   [Eval] Epoch 20: 36.63 ± 1.20% ✓ NEW BEST!
[21:07:01 INFO]   Saved best checkpoint: checkpoints/chestx_1shot_fsr_best.pth
[21:38:45 INFO] Epoch [ 30/100] Loss: 1.5384 (CE:1.3557, TIT:0.1791, ITI:0.0032, CR:0.0066) Acc: 43.53%
[21:41:48 INFO]   [Eval] Epoch 30: 38.75 ± 1.18% ✓ NEW BEST!
[21:41:51 INFO]   Saved best checkpoint: checkpoints/chestx_1shot_fsr_best.pth
[22:14:24 INFO] Epoch [ 40/100] Loss: 1.5405 (CE:1.3547, TIT:0.1785, ITI:0.0080, CR:0.0109) Acc: 45.17%
[22:17:29 INFO]   [Eval] Epoch 40: 40.87 ± 1.33% ✓ NEW BEST!
[22:17:31 INFO]   Saved best checkpoint: checkpoints/chestx_1shot_fsr_best.pth
[22:49:13 INFO] Epoch [ 50/100] Loss: 1.4761 (CE:1.2837, TIT:0.1795, ITI:0.0179, CR:0.0130) Acc: 46.63%
[22:52:17 INFO]   [Eval] Epoch 50: 42.31 ± 1.40% ✓ NEW BEST!
[22:52:21 INFO]   Saved best checkpoint: checkpoints/chestx_1shot_fsr_best.pth
[23:24:11 INFO] Epoch [ 60/100] Loss: 1.4684 (CE:1.2871, TIT:0.1788, ITI:0.0018, CR:0.0052) Acc: 48.84%
[23:27:15 INFO]   [Eval] Epoch 60: 45.79 ± 1.30% ✓ NEW BEST!
[23:27:17 INFO]   Saved best checkpoint: checkpoints/chestx_1shot_fsr_best.pth
[23:59:25 INFO] Epoch [ 70/100] Loss: 1.3684 (CE:1.1859, TIT:0.1799, ITI:0.0022, CR:0.0052) Acc: 49.71%
[00:02:31 INFO]   [Eval] Epoch 70: 44.32 ± 1.35%
[00:34:16 INFO] Epoch [ 80/100] Loss: 1.3713 (CE:1.1881, TIT:0.1805, ITI:0.0024, CR:0.0053) Acc: 50.88%
[00:37:21 INFO]   [Eval] Epoch 80: 45.25 ± 1.54%
[01:09:06 INFO] Epoch [ 90/100] Loss: 1.3370 (CE:1.1528, TIT:0.1814, ITI:0.0025, CR:0.0051) Acc: 51.25%
[01:12:10 INFO]   [Eval] Epoch 90: 44.95 ± 1.61%
[01:43:59 INFO] Epoch [100/100] Loss: 1.4318 (CE:1.2499, TIT:0.1792, ITI:0.0025, CR:0.0048) Acc: 50.29%
[01:47:07 INFO]   [Eval] Epoch 100: 44.80 ± 1.42%
[01:47:07 INFO] 
Best Acc: 45.79% at Epoch 60
[01:47:07 INFO] Loaded best checkpoint from epoch 60
[01:50:02 INFO] Final (Feature-SR (28x28)): 44.76 ± 1.26% (n_episodes=100)
