[14:10:54 INFO] Device: cuda
[14:10:54 INFO] ============================================================
[14:10:54 INFO] Dataset: chestx, n_shot=1, Mode: Baseline (14x14)
[14:10:54 INFO] ============================================================
[14:10:55 INFO] Train: ChestXDataset(split=train, n_classes=7, n_samples=24171)
[14:10:55 INFO] Test:  ChestXDataset(split=test, n_classes=7, n_samples=6043)
[14:10:55 INFO] Loading CLIP ViT-B/16...
[14:10:58 INFO] Applying LoRA (r=4, alpha=1.0)...
[14:10:58 INFO] Trainable parameters: 221,184
/var/tmp/cc-cdfsl/train.py:402: FutureWarning: `torch.cuda.amp.GradScaler(args...)` is deprecated. Please use `torch.amp.GradScaler('cuda', args...)` instead.
  scaler = torch.cuda.amp.GradScaler() if device == "cuda" else None
[14:10:58 INFO] FP16 Automatic Mixed Precision (AMP) enabled.
[14:10:58 INFO] Initial evaluation (before training)...
[14:12:27 INFO]   Baseline: 19.81 ± 0.43%
/var/tmp/cc-cdfsl/train.py:199: FutureWarning: `torch.cuda.amp.autocast(args...)` is deprecated. Please use `torch.amp.autocast('cuda', args...)` instead.
  with torch.cuda.amp.autocast(enabled=(scaler is not None)):
[14:15:28 INFO] Epoch [  1/100] Loss: 3.4772 (CE:3.3010, TIT:0.0744, ITI:0.2034) Acc: 20.95%
[14:42:57 INFO] Epoch [ 10/100] Loss: 1.7575 (CE:1.5406, TIT:0.1393, ITI:0.1554) Acc: 30.91%
[14:45:56 INFO]   [Eval] Epoch 10: 31.07 ± 0.97% ✓ NEW BEST!
[14:45:56 INFO]   Saved best checkpoint: checkpoints/chestx_1shot_best.pth
[15:16:54 INFO] Epoch [ 20/100] Loss: 1.6459 (CE:1.4199, TIT:0.1349, ITI:0.1822) Acc: 37.85%
[15:19:56 INFO]   [Eval] Epoch 20: 37.19 ± 1.33% ✓ NEW BEST!
[15:19:56 INFO]   Saved best checkpoint: checkpoints/chestx_1shot_best.pth
[15:52:10 INFO] Epoch [ 30/100] Loss: 1.5963 (CE:1.3978, TIT:0.1189, ITI:0.1593) Acc: 42.57%
[15:55:12 INFO]   [Eval] Epoch 30: 41.04 ± 1.14% ✓ NEW BEST!
[15:55:13 INFO]   Saved best checkpoint: checkpoints/chestx_1shot_best.pth
[16:27:16 INFO] Epoch [ 40/100] Loss: 1.5114 (CE:1.3206, TIT:0.1023, ITI:0.1769) Acc: 45.81%
[16:30:20 INFO]   [Eval] Epoch 40: 41.75 ± 1.22% ✓ NEW BEST!
[16:30:21 INFO]   Saved best checkpoint: checkpoints/chestx_1shot_best.pth
[17:01:04 INFO] Epoch [ 50/100] Loss: 1.4317 (CE:1.2547, TIT:0.0969, ITI:0.1602) Acc: 48.17%
[17:04:07 INFO]   [Eval] Epoch 50: 42.99 ± 1.32% ✓ NEW BEST!
[17:04:08 INFO]   Saved best checkpoint: checkpoints/chestx_1shot_best.pth
[17:34:49 INFO] Epoch [ 60/100] Loss: 1.4352 (CE:1.2775, TIT:0.0805, ITI:0.1544) Acc: 48.63%
[17:37:53 INFO]   [Eval] Epoch 60: 43.77 ± 1.21% ✓ NEW BEST!
[17:37:54 INFO]   Saved best checkpoint: checkpoints/chestx_1shot_best.pth
[18:08:23 INFO] Epoch [ 70/100] Loss: 1.4185 (CE:1.2456, TIT:0.0976, ITI:0.1504) Acc: 48.55%
[18:11:27 INFO]   [Eval] Epoch 70: 44.53 ± 1.47% ✓ NEW BEST!
[18:11:28 INFO]   Saved best checkpoint: checkpoints/chestx_1shot_best.pth
[18:41:52 INFO] Epoch [ 80/100] Loss: 1.3699 (CE:1.1984, TIT:0.0947, ITI:0.1537) Acc: 51.15%
[18:44:54 INFO]   [Eval] Epoch 80: 44.73 ± 1.40% ✓ NEW BEST!
[18:44:56 INFO]   Saved best checkpoint: checkpoints/chestx_1shot_best.pth
[19:15:25 INFO] Epoch [ 90/100] Loss: 1.3319 (CE:1.1643, TIT:0.0888, ITI:0.1575) Acc: 50.29%
[19:18:28 INFO]   [Eval] Epoch 90: 45.92 ± 1.43% ✓ NEW BEST!
[19:18:30 INFO]   Saved best checkpoint: checkpoints/chestx_1shot_best.pth
[19:49:06 INFO] Epoch [100/100] Loss: 1.3922 (CE:1.2209, TIT:0.0945, ITI:0.1535) Acc: 51.07%
[19:52:09 INFO]   [Eval] Epoch 100: 44.95 ± 1.31%
[19:52:09 INFO] 
Best Acc: 45.92% at Epoch 90
[19:52:14 INFO] Loaded best checkpoint from epoch 90
[19:55:05 INFO] Final (Baseline (14x14)): 44.92 ± 1.31% (n_episodes=100)
