[03:58:37 INFO] Device: cuda
[03:58:37 INFO] ============================================================
[03:58:37 INFO] Dataset: crop_disease, n_shot=1, Mode: Feature-SR (28x28)
[03:58:37 INFO] ============================================================
[03:58:38 INFO] Train: CropDiseaseDataset(split=train, n_classes=38, n_samples=56236)
[03:58:38 INFO] Test:  CropDiseaseDataset(split=test, n_classes=38, n_samples=14059)
[03:58:38 INFO] Loading CLIP ViT-B/16...
[03:58:45 INFO] Applying LoRA (r=4, alpha=1.0)...
[03:58:45 INFO] Initializing Feature SR Module (scale=2, 14x14 -> 28x28)...
[03:58:45 INFO] Trainable parameters: 10,350,592
/var/tmp/cc-cdfsl/train.py:402: FutureWarning: `torch.cuda.amp.GradScaler(args...)` is deprecated. Please use `torch.amp.GradScaler('cuda', args...)` instead.
  scaler = torch.cuda.amp.GradScaler() if device == "cuda" else None
[03:58:45 INFO] FP16 Automatic Mixed Precision (AMP) enabled.
[03:58:45 INFO] Initial evaluation (before training)...
[03:59:26 INFO]   Baseline: 40.93 ± 3.26%
/var/tmp/cc-cdfsl/train.py:199: FutureWarning: `torch.cuda.amp.autocast(args...)` is deprecated. Please use `torch.amp.autocast('cuda', args...)` instead.
  with torch.cuda.amp.autocast(enabled=(scaler is not None)):
[04:01:18 INFO] Epoch [  1/100] Loss: 1.9398 (CE:1.6215, TIT:0.2132, ITI:0.0490, CR:0.2687) Acc: 48.95%
[04:18:03 INFO] Epoch [ 10/100] Loss: 0.4612 (CE:0.2251, TIT:0.2166, ITI:0.0110, CR:0.0466) Acc: 91.67%
[04:19:30 INFO]   [Eval] Epoch 10: 91.83 ± 1.42% ✓ NEW BEST!
[04:19:31 INFO]   Saved best checkpoint: checkpoints/crop_disease_1shot_fsr_best.pth
[04:38:01 INFO] Epoch [ 20/100] Loss: 0.3524 (CE:0.1291, TIT:0.2168, ITI:0.0062, CR:0.0115) Acc: 94.57%
[04:39:27 INFO]   [Eval] Epoch 20: 95.35 ± 0.97% ✓ NEW BEST!
[04:39:27 INFO]   Saved best checkpoint: checkpoints/crop_disease_1shot_fsr_best.pth
[04:57:54 INFO] Epoch [ 30/100] Loss: 0.3165 (CE:0.0884, TIT:0.2231, ITI:0.0051, CR:0.0081) Acc: 96.67%
[04:59:21 INFO]   [Eval] Epoch 30: 96.95 ± 0.74% ✓ NEW BEST!
[04:59:21 INFO]   Saved best checkpoint: checkpoints/crop_disease_1shot_fsr_best.pth
[05:17:47 INFO] Epoch [ 40/100] Loss: 0.3019 (CE:0.0748, TIT:0.2225, ITI:0.0047, CR:0.0075) Acc: 96.76%
[05:19:14 INFO]   [Eval] Epoch 40: 97.61 ± 0.64% ✓ NEW BEST!
[05:19:14 INFO]   Saved best checkpoint: checkpoints/crop_disease_1shot_fsr_best.pth
[05:37:40 INFO] Epoch [ 50/100] Loss: 0.2777 (CE:0.0445, TIT:0.2296, ITI:0.0038, CR:0.0058) Acc: 98.43%
[05:39:06 INFO]   [Eval] Epoch 50: 98.03 ± 0.55% ✓ NEW BEST!
[05:39:06 INFO]   Saved best checkpoint: checkpoints/crop_disease_1shot_fsr_best.pth
[05:57:32 INFO] Epoch [ 60/100] Loss: 0.2626 (CE:0.0279, TIT:0.2317, ITI:0.0035, CR:0.0042) Acc: 98.04%
[05:58:59 INFO]   [Eval] Epoch 60: 98.12 ± 0.54% ✓ NEW BEST!
[05:58:59 INFO]   Saved best checkpoint: checkpoints/crop_disease_1shot_fsr_best.pth
[06:17:24 INFO] Epoch [ 70/100] Loss: 0.2713 (CE:0.0362, TIT:0.2325, ITI:0.0033, CR:0.0035) Acc: 98.53%
[06:18:50 INFO]   [Eval] Epoch 70: 98.96 ± 0.31% ✓ NEW BEST!
[06:18:50 INFO]   Saved best checkpoint: checkpoints/crop_disease_1shot_fsr_best.pth
[06:37:15 INFO] Epoch [ 80/100] Loss: 0.2892 (CE:0.0450, TIT:0.2422, ITI:0.0023, CR:0.0029) Acc: 98.73%
[06:38:41 INFO]   [Eval] Epoch 80: 98.64 ± 0.47%
[06:57:07 INFO] Epoch [ 90/100] Loss: 0.2743 (CE:0.0431, TIT:0.2295, ITI:0.0019, CR:0.0025) Acc: 98.41%
[06:58:34 INFO]   [Eval] Epoch 90: 98.51 ± 0.41%
[07:17:02 INFO] Epoch [100/100] Loss: 0.2735 (CE:0.0314, TIT:0.2405, ITI:0.0016, CR:0.0024) Acc: 98.81%
[07:18:28 INFO]   [Eval] Epoch 100: 98.52 ± 0.45%
[07:18:28 INFO] 
Best Acc: 98.96% at Epoch 70
[07:18:28 INFO] Loaded best checkpoint from epoch 70
[07:19:54 INFO] Final (Feature-SR (28x28)): 98.64 ± 0.36% (n_episodes=100)
[CropDiseases] 使用路徑：data/CropDiseases/New Plant Diseases Dataset(Augmented)/New Plant Diseases Dataset(Augmented)/train
[CropDiseases] 使用路徑：data/CropDiseases/New Plant Diseases Dataset(Augmented)/New Plant Diseases Dataset(Augmented)/train
