[00:51:16 INFO] Device: cuda
[00:51:16 INFO] ============================================================
[00:51:16 INFO] Dataset: crop_disease, n_shot=1, Mode: Baseline (14x14)
[00:51:16 INFO] ============================================================
[00:51:16 INFO] Train: CropDiseaseDataset(split=train, n_classes=38, n_samples=56236)
[00:51:16 INFO] Test:  CropDiseaseDataset(split=test, n_classes=38, n_samples=14059)
[00:51:16 INFO] Loading CLIP ViT-B/16...
[00:51:19 INFO] Applying LoRA (r=4, alpha=1.0)...
[00:51:19 INFO] Trainable parameters: 221,184
/var/tmp/cc-cdfsl/train.py:402: FutureWarning: `torch.cuda.amp.GradScaler(args...)` is deprecated. Please use `torch.amp.GradScaler('cuda', args...)` instead.
  scaler = torch.cuda.amp.GradScaler() if device == "cuda" else None
[00:51:19 INFO] FP16 Automatic Mixed Precision (AMP) enabled.
[00:51:19 INFO] Initial evaluation (before training)...
[00:52:02 INFO]   Baseline: 40.11 ± 3.50%
/var/tmp/cc-cdfsl/train.py:199: FutureWarning: `torch.cuda.amp.autocast(args...)` is deprecated. Please use `torch.amp.autocast('cuda', args...)` instead.
  with torch.cuda.amp.autocast(enabled=(scaler is not None)):
[00:53:49 INFO] Epoch [  1/100] Loss: 1.9209 (CE:1.6822, TIT:0.0785, ITI:0.3204) Acc: 49.43%
[01:09:17 INFO] Epoch [ 10/100] Loss: 0.4158 (CE:0.2133, TIT:0.0579, ITI:0.2892) Acc: 91.12%
[01:10:45 INFO]   [Eval] Epoch 10: 90.65 ± 1.59% ✓ NEW BEST!
[01:10:45 INFO]   Saved best checkpoint: checkpoints/crop_disease_1shot_best.pth
[01:27:48 INFO] Epoch [ 20/100] Loss: 0.2956 (CE:0.1221, TIT:0.0498, ITI:0.2472) Acc: 94.36%
[01:29:15 INFO]   [Eval] Epoch 20: 95.29 ± 1.00% ✓ NEW BEST!
[01:29:15 INFO]   Saved best checkpoint: checkpoints/crop_disease_1shot_best.pth
[01:46:16 INFO] Epoch [ 30/100] Loss: 0.2647 (CE:0.1098, TIT:0.0572, ITI:0.1953) Acc: 96.88%
[01:47:43 INFO]   [Eval] Epoch 30: 96.53 ± 0.79% ✓ NEW BEST!
[01:47:43 INFO]   Saved best checkpoint: checkpoints/crop_disease_1shot_best.pth
[02:04:44 INFO] Epoch [ 40/100] Loss: 0.2272 (CE:0.0884, TIT:0.0622, ITI:0.1534) Acc: 97.13%
[02:06:10 INFO]   [Eval] Epoch 40: 97.24 ± 0.63% ✓ NEW BEST!
[02:06:10 INFO]   Saved best checkpoint: checkpoints/crop_disease_1shot_best.pth
[02:23:09 INFO] Epoch [ 50/100] Loss: 0.2084 (CE:0.0648, TIT:0.0774, ITI:0.1323) Acc: 97.77%
[02:24:36 INFO]   [Eval] Epoch 50: 98.24 ± 0.42% ✓ NEW BEST!
[02:24:37 INFO]   Saved best checkpoint: checkpoints/crop_disease_1shot_best.pth
[02:41:36 INFO] Epoch [ 60/100] Loss: 0.1821 (CE:0.0524, TIT:0.0718, ITI:0.1160) Acc: 98.11%
[02:43:02 INFO]   [Eval] Epoch 60: 98.59 ± 0.34% ✓ NEW BEST!
[02:43:02 INFO]   Saved best checkpoint: checkpoints/crop_disease_1shot_best.pth
[03:00:03 INFO] Epoch [ 70/100] Loss: 0.1942 (CE:0.0558, TIT:0.0831, ITI:0.1107) Acc: 98.47%
[03:01:30 INFO]   [Eval] Epoch 70: 99.00 ± 0.34% ✓ NEW BEST!
[03:01:30 INFO]   Saved best checkpoint: checkpoints/crop_disease_1shot_best.pth
[03:18:31 INFO] Epoch [ 80/100] Loss: 0.1861 (CE:0.0423, TIT:0.0913, ITI:0.1049) Acc: 98.11%
[03:19:58 INFO]   [Eval] Epoch 80: 98.40 ± 0.43%
[03:37:02 INFO] Epoch [ 90/100] Loss: 0.2274 (CE:0.0750, TIT:0.1004, ITI:0.1042) Acc: 98.59%
[03:38:28 INFO]   [Eval] Epoch 90: 98.63 ± 0.37%
[03:55:33 INFO] Epoch [100/100] Loss: 0.1760 (CE:0.0368, TIT:0.0893, ITI:0.0998) Acc: 98.68%
[03:56:58 INFO]   [Eval] Epoch 100: 98.51 ± 0.48%
[03:56:58 INFO] 
Best Acc: 99.00% at Epoch 70
[03:56:58 INFO] Loaded best checkpoint from epoch 70
[03:58:26 INFO] Final (Baseline (14x14)): 98.04 ± 0.52% (n_episodes=100)
[CropDiseases] 使用路徑：data/CropDiseases/New Plant Diseases Dataset(Augmented)/New Plant Diseases Dataset(Augmented)/train
[CropDiseases] 使用路徑：data/CropDiseases/New Plant Diseases Dataset(Augmented)/New Plant Diseases Dataset(Augmented)/train
