[14:38:40 INFO] Device: cuda
[14:38:40 INFO] ============================================================
[14:38:40 INFO] Dataset: eurosat, n_shot=1, Mode: Baseline (14x14)
[14:38:40 INFO] ============================================================
[14:38:40 INFO] Train: EuroSATDataset(split=train, n_classes=10, n_samples=10)
[14:38:40 INFO] Test:  EuroSATDataset(split=test, n_classes=10, n_samples=5400)
[14:38:40 INFO] Loading CLIP ViT-B/16...
[14:38:43 INFO] Applying LoRA (r=4, alpha=1.0)...
[14:38:43 INFO] Trainable parameters: 221,184
/var/tmp/cc-cdfsl/train.py:402: FutureWarning: `torch.cuda.amp.GradScaler(args...)` is deprecated. Please use `torch.amp.GradScaler('cuda', args...)` instead.
  scaler = torch.cuda.amp.GradScaler() if device == "cuda" else None
[14:38:43 INFO] FP16 Automatic Mixed Precision (AMP) enabled.
[14:38:43 INFO] Initial evaluation (before training)...
[14:39:19 INFO]   Baseline: 48.64 ± 3.90%
/var/tmp/cc-cdfsl/train.py:199: FutureWarning: `torch.cuda.amp.autocast(args...)` is deprecated. Please use `torch.amp.autocast('cuda', args...)` instead.
  with torch.cuda.amp.autocast(enabled=(scaler is not None)):
[14:40:43 INFO] Epoch [  1/100] Loss: 0.7899 (CE:0.5642, TIT:0.0335, ITI:0.3843) Acc: 61.63%
[14:53:19 INFO] Epoch [ 10/100] Loss: 0.1146 (CE:0.0007, TIT:0.0259, ITI:0.1760) Acc: 75.27%
[14:54:31 INFO]   [Eval] Epoch 10: 72.12 ± 1.63% ✓ NEW BEST!
[14:54:31 INFO]   Saved best checkpoint: checkpoints/eurosat_1shot_best.pth
[15:08:05 INFO] Epoch [ 20/100] Loss: 0.1251 (CE:0.0003, TIT:0.0828, ITI:0.0842) Acc: 66.77%
[15:09:13 INFO]   [Eval] Epoch 20: 68.35 ± 1.71%
[15:22:17 INFO] Epoch [ 30/100] Loss: 0.1373 (CE:0.0001, TIT:0.1179, ITI:0.0385) Acc: 56.01%
[15:23:21 INFO]   [Eval] Epoch 30: 58.56 ± 1.58%
[15:36:22 INFO] Epoch [ 40/100] Loss: 0.1392 (CE:0.0001, TIT:0.1240, ITI:0.0302) Acc: 53.53%
[15:37:28 INFO]   [Eval] Epoch 40: 52.67 ± 1.58%
[15:50:27 INFO] Epoch [ 50/100] Loss: 0.1440 (CE:0.0001, TIT:0.1284, ITI:0.0310) Acc: 48.09%
[15:51:32 INFO]   [Eval] Epoch 50: 50.21 ± 1.62%
[16:04:29 INFO] Epoch [ 60/100] Loss: 0.1417 (CE:0.0001, TIT:0.1248, ITI:0.0337) Acc: 47.75%
[16:05:35 INFO]   [Eval] Epoch 60: 48.07 ± 1.85%
[16:18:34 INFO] Epoch [ 70/100] Loss: 0.1413 (CE:0.0001, TIT:0.1249, ITI:0.0327) Acc: 45.17%
[16:19:40 INFO]   [Eval] Epoch 70: 46.08 ± 1.82%
[16:32:38 INFO] Epoch [ 80/100] Loss: 0.1367 (CE:0.0000, TIT:0.1220, ITI:0.0295) Acc: 44.68%
[16:33:43 INFO]   [Eval] Epoch 80: 45.35 ± 1.71%
[16:46:41 INFO] Epoch [ 90/100] Loss: 0.1383 (CE:0.0000, TIT:0.1235, ITI:0.0295) Acc: 44.87%
[16:47:47 INFO]   [Eval] Epoch 90: 47.27 ± 1.74%
[17:00:45 INFO] Epoch [100/100] Loss: 0.1421 (CE:0.0000, TIT:0.1278, ITI:0.0285) Acc: 44.77%
[17:01:50 INFO]   [Eval] Epoch 100: 46.07 ± 1.91%
[17:01:50 INFO] 
Best Acc: 72.12% at Epoch 10
[17:01:50 INFO] Loaded best checkpoint from epoch 10
[17:02:56 INFO] Final (Baseline (14x14)): 72.95 ± 1.47% (n_episodes=100)
[EuroSATDataset] Strict few-shot training enabled. Total training samples: 10 (n_shot=1)
