[11:13:03 INFO] Device: cuda
[11:13:03 INFO] ============================================================
[11:13:03 INFO] Dataset: isic, n_shot=1, Mode: Feature-SR (28x28)
[11:13:03 INFO] ============================================================
[11:13:03 INFO] Train: ISICDataset(split=train, n_classes=7, n_samples=8012)
[11:13:03 INFO] Test:  ISICDataset(split=test, n_classes=7, n_samples=2003)
[11:13:03 INFO] Loading CLIP ViT-B/16...
[11:13:14 INFO] Applying LoRA (r=4, alpha=1.0)...
[11:13:14 INFO] Initializing Feature SR Module (scale=2, 14x14 -> 28x28)...
[11:13:14 INFO] Trainable parameters: 10,350,592
/var/tmp/cc-cdfsl/train.py:402: FutureWarning: `torch.cuda.amp.GradScaler(args...)` is deprecated. Please use `torch.amp.GradScaler('cuda', args...)` instead.
  scaler = torch.cuda.amp.GradScaler() if device == "cuda" else None
[11:13:14 INFO] FP16 Automatic Mixed Precision (AMP) enabled.
[11:13:14 INFO] Initial evaluation (before training)...
[11:14:10 INFO]   Baseline: 20.48 ± 0.61%
/var/tmp/cc-cdfsl/train.py:199: FutureWarning: `torch.cuda.amp.autocast(args...)` is deprecated. Please use `torch.amp.autocast('cuda', args...)` instead.
  with torch.cuda.amp.autocast(enabled=(scaler is not None)):
[11:16:27 INFO] Epoch [  1/100] Loss: 2.6011 (CE:2.3864, TIT:0.1050, ITI:0.0348, CR:0.3075) Acc: 24.87%
[11:36:34 INFO] Epoch [ 10/100] Loss: 0.6595 (CE:0.5378, TIT:0.1063, ITI:0.0085, CR:0.0369) Acc: 76.05%
[11:38:26 INFO]   [Eval] Epoch 10: 70.67 ± 1.54% ✓ NEW BEST!
[11:38:27 INFO]   Saved best checkpoint: checkpoints/isic_1shot_fsr_best.pth
[12:00:50 INFO] Epoch [ 20/100] Loss: 0.6096 (CE:0.4800, TIT:0.1078, ITI:0.0125, CR:0.0516) Acc: 82.67%
[12:02:43 INFO]   [Eval] Epoch 20: 77.72 ± 1.10% ✓ NEW BEST!
[12:02:43 INFO]   Saved best checkpoint: checkpoints/isic_1shot_fsr_best.pth
[12:25:18 INFO] Epoch [ 30/100] Loss: 0.5119 (CE:0.3968, TIT:0.1084, ITI:0.0059, CR:0.0125) Acc: 86.16%
[12:27:09 INFO]   [Eval] Epoch 30: 78.77 ± 1.03% ✓ NEW BEST!
[12:27:10 INFO]   Saved best checkpoint: checkpoints/isic_1shot_fsr_best.pth
[12:50:00 INFO] Epoch [ 40/100] Loss: 0.4359 (CE:0.3220, TIT:0.1064, ITI:0.0059, CR:0.0153) Acc: 88.40%
[12:51:53 INFO]   [Eval] Epoch 40: 79.91 ± 1.08% ✓ NEW BEST!
[12:51:53 INFO]   Saved best checkpoint: checkpoints/isic_1shot_fsr_best.pth
[13:14:45 INFO] Epoch [ 50/100] Loss: 0.4750 (CE:0.3609, TIT:0.1060, ITI:0.0069, CR:0.0154) Acc: 89.07%
[13:16:39 INFO]   [Eval] Epoch 50: 81.48 ± 0.97% ✓ NEW BEST!
[13:16:40 INFO]   Saved best checkpoint: checkpoints/isic_1shot_fsr_best.pth
[13:39:36 INFO] Epoch [ 60/100] Loss: 0.3770 (CE:0.2665, TIT:0.1057, ITI:0.0041, CR:0.0091) Acc: 90.84%
[13:41:29 INFO]   [Eval] Epoch 60: 79.88 ± 1.06%
[14:04:34 INFO] Epoch [ 70/100] Loss: 0.3882 (CE:0.2764, TIT:0.1079, ITI:0.0028, CR:0.0084) Acc: 92.13%
[14:06:29 INFO]   [Eval] Epoch 70: 80.17 ± 1.01%
[14:26:47 INFO] Epoch [ 80/100] Loss: 0.3225 (CE:0.2106, TIT:0.1088, ITI:0.0020, CR:0.0070) Acc: 92.56%
[14:28:28 INFO]   [Eval] Epoch 80: 82.13 ± 0.98% ✓ NEW BEST!
[14:28:29 INFO]   Saved best checkpoint: checkpoints/isic_1shot_fsr_best.pth
[14:48:02 INFO] Epoch [ 90/100] Loss: 0.3935 (CE:0.2839, TIT:0.1070, ITI:0.0014, CR:0.0062) Acc: 92.13%
[14:49:44 INFO]   [Eval] Epoch 90: 80.93 ± 0.91%
[15:09:36 INFO] Epoch [100/100] Loss: 0.2869 (CE:0.1768, TIT:0.1077, ITI:0.0012, CR:0.0058) Acc: 93.20%
[15:11:18 INFO]   [Eval] Epoch 100: 81.60 ± 0.95%
[15:11:18 INFO] 
Best Acc: 82.13% at Epoch 80
[15:11:21 INFO] Loaded best checkpoint from epoch 80
[15:13:00 INFO] Final (Feature-SR (28x28)): 81.91 ± 1.07% (n_episodes=100)
