[14:06:30 INFO] Episodic protocol | isic 5-way 5-shot | 400 episodes × 500 steps | tag=nofsr_nocc_loraboth_r2_steps500_cnfull
[14:06:30 INFO] Args: {'dataset': 'isic', 'data_root': './data', 'n_way': 5, 'n_shot': 5, 'n_query': 15, 'n_episodes': None, 'backbone': 'ViT-B/16', 'lora_encoder': 'both', 'lora_qkv_mode': 'separate', 'lora_out_proj': False, 'lora_r': 2, 'lora_alpha': 1.0, 'lora_dropout': 0.25, 'steps': 500, 'batch_size': 32, 'lr': 0.0002, 'weight_decay': 0.01, 'no_ce_aug': False, 'class_names': 'full', 'lambda1': 0.0, 'lambda2': 0.0, 'top_k': 10, 'n_aug': 4, 'cc_impl': 'legacy', 'use_feature_sr': False, 'sr_scale': 2, 'sr_refiner_layers': 0, 'sr_refiner_heads': 8, 'lambda3': 0.3, 'seed': 42, 'no_amp': False, 'save_dir': './results_episodic', 'tag': None, 'log_every': 10}
[14:06:30 INFO] Episode pool (BSCD 全量): ISICDataset(split=train, n_classes=7, n_samples=10015)
[14:06:31 INFO] LoRA trainable parameters: 184,320 (encoder=both, qkv=separate, out_proj=False)
/home/ccoliu/FeatureSR/train_episodic.py:160: FutureWarning: `torch.cuda.amp.GradScaler(args...)` is deprecated. Please use `torch.amp.GradScaler('cuda', args...)` instead.
  scaler = torch.cuda.amp.GradScaler(enabled=use_amp)
/home/ccoliu/FeatureSR/.venv/lib/python3.12/site-packages/torch/optim/lr_scheduler.py:224: UserWarning: Detected call of `lr_scheduler.step()` before `optimizer.step()`. In PyTorch 1.1.0 and later, you should call them in the opposite order: `optimizer.step()` before `lr_scheduler.step()`.  Failure to do this will result in PyTorch skipping the first value of the learning rate schedule. See more details at https://pytorch.org/docs/stable/optim.html#how-to-adjust-learning-rate
  warnings.warn(
[14:10:33 INFO]   [10/400] running 50.93 ± 6.18% | last loss 0.0116 (ce 0.0116, tit 0.000, iti 0.000, mlp_cos 0.000) | 24.2s/episode, ETA 2.62h
[14:14:36 INFO]   [20/400] running 50.40 ± 4.90% | last loss 0.0029 (ce 0.0029, tit 0.000, iti 0.000, mlp_cos 0.000) | 24.2s/episode, ETA 2.56h
[14:18:38 INFO]   [30/400] running 49.24 ± 3.55% | last loss 0.0026 (ce 0.0026, tit 0.000, iti 0.000, mlp_cos 0.000) | 24.2s/episode, ETA 2.49h
[14:22:40 INFO]   [40/400] running 50.17 ± 2.86% | last loss 0.0050 (ce 0.0050, tit 0.000, iti 0.000, mlp_cos 0.000) | 24.2s/episode, ETA 2.42h
[14:26:43 INFO]   [50/400] running 50.21 ± 2.35% | last loss 0.0036 (ce 0.0036, tit 0.000, iti 0.000, mlp_cos 0.000) | 24.2s/episode, ETA 2.36h
[14:30:45 INFO]   [60/400] running 50.18 ± 2.11% | last loss 0.0081 (ce 0.0081, tit 0.000, iti 0.000, mlp_cos 0.000) | 24.2s/episode, ETA 2.29h
[14:34:46 INFO]   [70/400] running 50.38 ± 1.91% | last loss 0.0091 (ce 0.0091, tit 0.000, iti 0.000, mlp_cos 0.000) | 24.2s/episode, ETA 2.22h
[14:38:47 INFO]   [80/400] running 50.42 ± 1.77% | last loss 0.0018 (ce 0.0018, tit 0.000, iti 0.000, mlp_cos 0.000) | 24.2s/episode, ETA 2.15h
[14:42:50 INFO]   [90/400] running 50.73 ± 1.64% | last loss 0.0029 (ce 0.0029, tit 0.000, iti 0.000, mlp_cos 0.000) | 24.2s/episode, ETA 2.08h
[14:46:52 INFO]   [100/400] running 50.84 ± 1.52% | last loss 0.0090 (ce 0.0090, tit 0.000, iti 0.000, mlp_cos 0.000) | 24.2s/episode, ETA 2.02h
[14:50:53 INFO]   [110/400] running 50.73 ± 1.50% | last loss 0.0125 (ce 0.0125, tit 0.000, iti 0.000, mlp_cos 0.000) | 24.2s/episode, ETA 1.95h
[14:54:55 INFO]   [120/400] running 50.53 ± 1.47% | last loss 0.0107 (ce 0.0107, tit 0.000, iti 0.000, mlp_cos 0.000) | 24.2s/episode, ETA 1.88h
[14:58:57 INFO]   [130/400] running 50.73 ± 1.38% | last loss 0.0069 (ce 0.0069, tit 0.000, iti 0.000, mlp_cos 0.000) | 24.2s/episode, ETA 1.81h
[15:02:59 INFO]   [140/400] running 50.38 ± 1.32% | last loss 0.0110 (ce 0.0110, tit 0.000, iti 0.000, mlp_cos 0.000) | 24.2s/episode, ETA 1.75h
[15:07:01 INFO]   [150/400] running 50.57 ± 1.32% | last loss 0.0025 (ce 0.0025, tit 0.000, iti 0.000, mlp_cos 0.000) | 24.2s/episode, ETA 1.68h
[15:11:04 INFO]   [160/400] running 50.50 ± 1.27% | last loss 0.0060 (ce 0.0060, tit 0.000, iti 0.000, mlp_cos 0.000) | 24.2s/episode, ETA 1.61h
[15:15:05 INFO]   [170/400] running 50.50 ± 1.25% | last loss 0.0040 (ce 0.0040, tit 0.000, iti 0.000, mlp_cos 0.000) | 24.2s/episode, ETA 1.55h
[15:19:08 INFO]   [180/400] running 50.56 ± 1.20% | last loss 0.0184 (ce 0.0184, tit 0.000, iti 0.000, mlp_cos 0.000) | 24.2s/episode, ETA 1.48h
[15:23:10 INFO]   [190/400] running 50.51 ± 1.17% | last loss 0.0507 (ce 0.0507, tit 0.000, iti 0.000, mlp_cos 0.000) | 24.2s/episode, ETA 1.41h
[15:27:12 INFO]   [200/400] running 50.32 ± 1.12% | last loss 0.0029 (ce 0.0029, tit 0.000, iti 0.000, mlp_cos 0.000) | 24.2s/episode, ETA 1.34h
[15:31:14 INFO]   [210/400] running 50.29 ± 1.08% | last loss 0.0478 (ce 0.0478, tit 0.000, iti 0.000, mlp_cos 0.000) | 24.2s/episode, ETA 1.28h
[15:35:16 INFO]   [220/400] running 50.28 ± 1.06% | last loss 0.0057 (ce 0.0057, tit 0.000, iti 0.000, mlp_cos 0.000) | 24.2s/episode, ETA 1.21h
[15:39:17 INFO]   [230/400] running 50.28 ± 1.03% | last loss 0.0100 (ce 0.0100, tit 0.000, iti 0.000, mlp_cos 0.000) | 24.2s/episode, ETA 1.14h
[15:43:19 INFO]   [240/400] running 50.19 ± 1.02% | last loss 0.0077 (ce 0.0077, tit 0.000, iti 0.000, mlp_cos 0.000) | 24.2s/episode, ETA 1.08h
[15:47:21 INFO]   [250/400] running 50.12 ± 0.99% | last loss 0.0023 (ce 0.0023, tit 0.000, iti 0.000, mlp_cos 0.000) | 24.2s/episode, ETA 1.01h
[15:51:23 INFO]   [260/400] running 50.17 ± 0.96% | last loss 0.0180 (ce 0.0180, tit 0.000, iti 0.000, mlp_cos 0.000) | 24.2s/episode, ETA 0.94h
[15:55:26 INFO]   [270/400] running 50.13 ± 0.94% | last loss 0.0046 (ce 0.0046, tit 0.000, iti 0.000, mlp_cos 0.000) | 24.2s/episode, ETA 0.87h
[15:59:27 INFO]   [280/400] running 50.01 ± 0.91% | last loss 0.0036 (ce 0.0036, tit 0.000, iti 0.000, mlp_cos 0.000) | 24.2s/episode, ETA 0.81h
[16:03:30 INFO]   [290/400] running 50.00 ± 0.90% | last loss 0.0021 (ce 0.0021, tit 0.000, iti 0.000, mlp_cos 0.000) | 24.2s/episode, ETA 0.74h
[16:07:32 INFO]   [300/400] running 49.97 ± 0.88% | last loss 0.0023 (ce 0.0023, tit 0.000, iti 0.000, mlp_cos 0.000) | 24.2s/episode, ETA 0.67h
[16:11:34 INFO]   [310/400] running 49.78 ± 0.88% | last loss 0.0144 (ce 0.0144, tit 0.000, iti 0.000, mlp_cos 0.000) | 24.2s/episode, ETA 0.61h
[16:15:36 INFO]   [320/400] running 49.89 ± 0.86% | last loss 0.0097 (ce 0.0097, tit 0.000, iti 0.000, mlp_cos 0.000) | 24.2s/episode, ETA 0.54h
[16:19:38 INFO]   [330/400] running 49.89 ± 0.84% | last loss 0.0032 (ce 0.0032, tit 0.000, iti 0.000, mlp_cos 0.000) | 24.2s/episode, ETA 0.47h
[16:23:40 INFO]   [340/400] running 49.94 ± 0.83% | last loss 0.0114 (ce 0.0114, tit 0.000, iti 0.000, mlp_cos 0.000) | 24.2s/episode, ETA 0.40h
[16:27:42 INFO]   [350/400] running 50.01 ± 0.82% | last loss 0.0066 (ce 0.0066, tit 0.000, iti 0.000, mlp_cos 0.000) | 24.2s/episode, ETA 0.34h
[16:31:44 INFO]   [360/400] running 49.93 ± 0.81% | last loss 0.0637 (ce 0.0637, tit 0.000, iti 0.000, mlp_cos 0.000) | 24.2s/episode, ETA 0.27h
[16:35:46 INFO]   [370/400] running 49.96 ± 0.80% | last loss 0.0032 (ce 0.0032, tit 0.000, iti 0.000, mlp_cos 0.000) | 24.2s/episode, ETA 0.20h
[16:39:49 INFO]   [380/400] running 49.87 ± 0.79% | last loss 0.0032 (ce 0.0032, tit 0.000, iti 0.000, mlp_cos 0.000) | 24.2s/episode, ETA 0.13h
[16:43:51 INFO]   [390/400] running 49.88 ± 0.78% | last loss 0.0124 (ce 0.0124, tit 0.000, iti 0.000, mlp_cos 0.000) | 24.2s/episode, ETA 0.07h
[16:47:54 INFO]   [400/400] running 49.86 ± 0.77% | last loss 0.0544 (ce 0.0544, tit 0.000, iti 0.000, mlp_cos 0.000) | 24.2s/episode, ETA 0.00h
[16:47:54 INFO] Final (episodic, nofsr_nocc_loraboth_r2_steps500_cnfull): 49.86 ± 0.77% (n_episodes=400)
