[02:07:12 INFO] Device: cuda
[02:07:12 INFO] ============================================================
[02:07:12 INFO] Dataset: chestx, n_shot=1, Mode: Baseline (14x14)
[02:07:12 INFO] ============================================================
[02:07:14 INFO] Train: ChestXDataset(split=train, n_classes=7, n_samples=7)
[02:07:14 INFO] Test:  ChestXDataset(split=test, n_classes=7, n_samples=6268)
[02:07:14 INFO] Loading CLIP ViT-B/16...
[02:07:25 INFO] Applying LoRA (r=4, alpha=1.0)...
[02:07:25 INFO] Trainable parameters: 221,184
[02:07:25 INFO] LR Schedule: Linear warmup (5 epochs) + Cosine decay
/var/tmp/cc-cdfsl/train.py:457: FutureWarning: `torch.cuda.amp.GradScaler(args...)` is deprecated. Please use `torch.amp.GradScaler('cuda', args...)` instead.
  scaler = torch.cuda.amp.GradScaler() if device == "cuda" else None
[02:07:25 INFO] FP16 Automatic Mixed Precision (AMP) enabled.
[02:07:25 INFO] Initial evaluation (before training)...
[02:09:01 INFO]   Baseline: 21.36 ± 0.64%
/var/tmp/cc-cdfsl/train.py:213: FutureWarning: `torch.cuda.amp.autocast(args...)` is deprecated. Please use `torch.amp.autocast('cuda', args...)` instead.
  with torch.cuda.amp.autocast(enabled=(scaler is not None)):
[02:12:21 INFO] Epoch [  1/100] Loss: 1.9440 (CE:1.7209, TIT:0.0407, ITI:0.2017) Acc: 19.93%
[02:41:15 INFO] Epoch [ 10/100] Loss: 0.2840 (CE:0.0082, TIT:0.0486, ITI:0.2601) Acc: 21.39%
[02:44:15 INFO]   [Eval] Epoch 10: 22.81 ± 0.87% ✓ NEW BEST!
[02:44:15 INFO]   Saved best checkpoint: checkpoints_1shot_ensemble/chestx_1shot_best.pth
[03:15:47 INFO] Epoch [ 20/100] Loss: 0.1786 (CE:0.0017, TIT:0.0408, ITI:0.1094) Acc: 21.08%
[03:18:45 INFO]   [Eval] Epoch 20: 21.84 ± 0.77%
[03:50:17 INFO] Epoch [ 30/100] Loss: 0.2023 (CE:0.0007, TIT:0.0568, ITI:0.0624) Acc: 20.25%
[03:53:15 INFO]   [Eval] Epoch 30: 20.41 ± 0.78%
[04:24:53 INFO] Epoch [ 40/100] Loss: 0.2055 (CE:0.0004, TIT:0.0609, ITI:0.0448) Acc: 19.97%
[04:27:49 INFO]   [Eval] Epoch 40: 20.08 ± 0.85%
[04:59:23 INFO] Epoch [ 50/100] Loss: 0.2059 (CE:0.0003, TIT:0.0622, ITI:0.0381) Acc: 20.73%
[05:02:19 INFO]   [Eval] Epoch 50: 20.24 ± 0.84%
[05:33:54 INFO] Epoch [ 60/100] Loss: 0.2206 (CE:0.0003, TIT:0.0684, ITI:0.0304) Acc: 19.69%
[05:36:51 INFO]   [Eval] Epoch 60: 19.96 ± 0.92%
[06:08:27 INFO] Epoch [ 70/100] Loss: 0.2223 (CE:0.0002, TIT:0.0693, ITI:0.0285) Acc: 19.83%
[06:11:25 INFO]   [Eval] Epoch 70: 20.15 ± 0.83%
[06:42:59 INFO] Epoch [ 80/100] Loss: 0.2211 (CE:0.0002, TIT:0.0691, ITI:0.0274) Acc: 20.13%
[06:45:57 INFO]   [Eval] Epoch 80: 19.83 ± 0.87%
[07:17:37 INFO] Epoch [ 90/100] Loss: 0.2178 (CE:0.0002, TIT:0.0680, ITI:0.0272) Acc: 21.13%
[07:20:36 INFO]   [Eval] Epoch 90: 20.33 ± 0.90%
[07:52:10 INFO] Epoch [100/100] Loss: 0.2214 (CE:0.0002, TIT:0.0696, ITI:0.0251) Acc: 20.16%
[07:55:08 INFO]   [Eval] Epoch 100: 20.33 ± 0.86%
[07:55:08 INFO] 
Best Acc: 22.81% at Epoch 10
[07:55:10 INFO] Loaded best checkpoint from epoch 10
[07:58:08 INFO] Final (Baseline (14x14)): 22.21 ± 0.99% (n_episodes=100)
[ChestXDataset] Strict few-shot training enabled. Total training samples: 7 (n_shot=1)
