[20:22:53 INFO] Device: cuda
[20:22:53 INFO] ============================================================
[20:22:53 INFO] Dataset: chestx, n_shot=1, Mode: Baseline (14x14)
[20:22:53 INFO] ============================================================
[20:22:58 INFO] Train: ChestXDataset(split=train, n_classes=7, n_samples=7)
[20:22:58 INFO] Test:  ChestXDataset(split=test, n_classes=7, n_samples=6268)
[20:22:58 INFO] Loading CLIP ViT-B/16...
[20:23:13 INFO] Applying LoRA (r=4, alpha=1.0)...
[20:23:13 INFO] Trainable parameters: 221,184
[20:23:13 INFO] LR Schedule: Linear warmup (5 epochs) + Cosine decay
/var/tmp/cc-cdfsl/train.py:457: FutureWarning: `torch.cuda.amp.GradScaler(args...)` is deprecated. Please use `torch.amp.GradScaler('cuda', args...)` instead.
  scaler = torch.cuda.amp.GradScaler() if device == "cuda" else None
[20:23:13 INFO] FP16 Automatic Mixed Precision (AMP) enabled.
[20:23:13 INFO] Initial evaluation (before training)...
[20:24:41 INFO]   Baseline: 21.20 ± 0.76%
/var/tmp/cc-cdfsl/train.py:213: FutureWarning: `torch.cuda.amp.autocast(args...)` is deprecated. Please use `torch.amp.autocast('cuda', args...)` instead.
  with torch.cuda.amp.autocast(enabled=(scaler is not None)):
[20:27:59 INFO] Epoch [  1/100] Loss: 5.8250 (CE:5.4820, TIT:0.0861, ITI:0.1698) Acc: 21.15%
[20:55:45 INFO] Epoch [ 10/100] Loss: 0.3075 (CE:0.0057, TIT:0.0549, ITI:0.2740) Acc: 21.49%
[20:58:40 INFO]   [Eval] Epoch 10: 21.11 ± 0.85% ✓ NEW BEST!
[20:58:40 INFO]   Saved best checkpoint: checkpoints_1shot_baseline/chestx_1shot_best.pth
[21:29:30 INFO] Epoch [ 20/100] Loss: 0.2770 (CE:0.0014, TIT:0.0627, ITI:0.1750) Acc: 20.55%
[21:32:23 INFO]   [Eval] Epoch 20: 20.64 ± 0.78%
[22:03:15 INFO] Epoch [ 30/100] Loss: 0.2480 (CE:0.0006, TIT:0.0642, ITI:0.1097) Acc: 20.69%
[22:06:08 INFO]   [Eval] Epoch 30: 20.15 ± 0.82%
[22:37:25 INFO] Epoch [ 40/100] Loss: 0.3274 (CE:0.0004, TIT:0.0950, ITI:0.0841) Acc: 20.47%
[22:40:28 INFO]   [Eval] Epoch 40: 21.28 ± 0.81% ✓ NEW BEST!
[22:40:29 INFO]   Saved best checkpoint: checkpoints_1shot_baseline/chestx_1shot_best.pth
[23:12:10 INFO] Epoch [ 50/100] Loss: 0.5268 (CE:0.0002, TIT:0.1650, ITI:0.0633) Acc: 20.77%
[23:15:03 INFO]   [Eval] Epoch 50: 20.60 ± 0.71%
[23:45:55 INFO] Epoch [ 60/100] Loss: 0.5040 (CE:0.0002, TIT:0.1600, ITI:0.0477) Acc: 19.75%
[23:48:49 INFO]   [Eval] Epoch 60: 21.43 ± 0.73% ✓ NEW BEST!
[23:48:50 INFO]   Saved best checkpoint: checkpoints_1shot_baseline/chestx_1shot_best.pth
[00:19:43 INFO] Epoch [ 70/100] Loss: 0.5258 (CE:0.0002, TIT:0.1667, ITI:0.0507) Acc: 20.32%
[00:22:38 INFO]   [Eval] Epoch 70: 20.69 ± 0.84%
[00:53:28 INFO] Epoch [ 80/100] Loss: 0.5334 (CE:0.0001, TIT:0.1707, ITI:0.0420) Acc: 20.47%
[00:56:21 INFO]   [Eval] Epoch 80: 21.85 ± 0.82% ✓ NEW BEST!
[00:56:21 INFO]   Saved best checkpoint: checkpoints_1shot_baseline/chestx_1shot_best.pth
[01:27:20 INFO] Epoch [ 90/100] Loss: 0.5349 (CE:0.0001, TIT:0.1715, ITI:0.0405) Acc: 20.55%
[01:30:13 INFO]   [Eval] Epoch 90: 21.03 ± 0.89%
[02:01:04 INFO] Epoch [100/100] Loss: 0.5294 (CE:0.0001, TIT:0.1695, ITI:0.0416) Acc: 20.56%
[02:03:59 INFO]   [Eval] Epoch 100: 20.96 ± 0.80%
[02:03:59 INFO] 
Best Acc: 21.85% at Epoch 80
[02:03:59 INFO] Loaded best checkpoint from epoch 80
[02:06:52 INFO] Final (Baseline (14x14)): 20.81 ± 0.96% (n_episodes=100)
[ChestXDataset] Strict few-shot training enabled. Total training samples: 7 (n_shot=1)
