[03:52:02 INFO] Device: cuda
[03:52:02 INFO] ============================================================
[03:52:02 INFO] Dataset: crop_disease, n_shot=1, Mode: Baseline (14x14)
[03:52:02 INFO] ============================================================
[03:52:02 INFO] Train: CropDiseaseDataset(split=train, n_classes=38, n_samples=38)
[03:52:02 INFO] Test:  CropDiseaseDataset(split=test, n_classes=38, n_samples=14059)
[03:52:02 INFO] Loading CLIP ViT-B/16...
[03:52:05 INFO] Applying LoRA (r=4, alpha=1.0)...
[03:52:05 INFO] Trainable parameters: 221,184
[03:52:05 INFO] LR Schedule: Linear warmup (5 epochs) + Cosine decay
/var/tmp/cc-cdfsl/train.py:457: FutureWarning: `torch.cuda.amp.GradScaler(args...)` is deprecated. Please use `torch.amp.GradScaler('cuda', args...)` instead.
  scaler = torch.cuda.amp.GradScaler() if device == "cuda" else None
[03:52:05 INFO] FP16 Automatic Mixed Precision (AMP) enabled.
[03:52:05 INFO] Initial evaluation (before training)...
[03:52:39 INFO]   Baseline: 42.75 ± 4.19%
/var/tmp/cc-cdfsl/train.py:213: FutureWarning: `torch.cuda.amp.autocast(args...)` is deprecated. Please use `torch.amp.autocast('cuda', args...)` instead.
  with torch.cuda.amp.autocast(enabled=(scaler is not None)):
[03:54:08 INFO] Epoch [  1/100] Loss: 1.5703 (CE:1.0263, TIT:0.0579, ITI:0.3241) Acc: 58.39%
[04:07:20 INFO] Epoch [ 10/100] Loss: 0.5507 (CE:0.1204, TIT:0.0232, ITI:0.2714) Acc: 78.11%
[04:08:36 INFO]   [Eval] Epoch 10: 80.05 ± 2.19% ✓ NEW BEST!
[04:08:36 INFO]   Saved best checkpoint: checkpoints_1shot_ensemble/crop_disease_1shot_best.pth
[04:23:18 INFO] Epoch [ 20/100] Loss: 0.2965 (CE:0.0206, TIT:0.0215, ITI:0.1696) Acc: 78.76%
[04:24:33 INFO]   [Eval] Epoch 20: 77.23 ± 1.95%
[04:39:14 INFO] Epoch [ 30/100] Loss: 0.2012 (CE:0.0119, TIT:0.0436, ITI:0.0972) Acc: 78.49%
[04:40:29 INFO]   [Eval] Epoch 30: 76.96 ± 2.26%
[04:55:11 INFO] Epoch [ 40/100] Loss: 0.1681 (CE:0.0070, TIT:0.0622, ITI:0.0659) Acc: 76.93%
[04:56:27 INFO]   [Eval] Epoch 40: 74.65 ± 2.07%
[05:11:08 INFO] Epoch [ 50/100] Loss: 0.1479 (CE:0.0033, TIT:0.0764, ITI:0.0455) Acc: 74.68%
[05:12:22 INFO]   [Eval] Epoch 50: 74.56 ± 2.24%
[05:27:03 INFO] Epoch [ 60/100] Loss: 0.1313 (CE:0.0033, TIT:0.0803, ITI:0.0318) Acc: 76.25%
[05:28:17 INFO]   [Eval] Epoch 60: 75.84 ± 2.30%
[05:42:58 INFO] Epoch [ 70/100] Loss: 0.1107 (CE:0.0024, TIT:0.0711, ITI:0.0248) Acc: 74.63%
[05:44:14 INFO]   [Eval] Epoch 70: 74.09 ± 2.16%
[05:58:55 INFO] Epoch [ 80/100] Loss: 0.1107 (CE:0.0019, TIT:0.0786, ITI:0.0202) Acc: 73.68%
[06:00:09 INFO]   [Eval] Epoch 80: 74.20 ± 2.26%
[06:14:50 INFO] Epoch [ 90/100] Loss: 0.1172 (CE:0.0021, TIT:0.0837, ITI:0.0209) Acc: 73.80%
[06:16:05 INFO]   [Eval] Epoch 90: 72.83 ± 2.07%
[06:30:47 INFO] Epoch [100/100] Loss: 0.1167 (CE:0.0008, TIT:0.0859, ITI:0.0200) Acc: 74.52%
[06:32:03 INFO]   [Eval] Epoch 100: 75.32 ± 2.13%
[06:32:03 INFO] 
Best Acc: 80.05% at Epoch 10
[06:32:04 INFO] Loaded best checkpoint from epoch 10
[06:33:18 INFO] Final (Baseline (14x14)): 78.64 ± 2.27% (n_episodes=100)
[CropDiseases] 使用路徑：data/CropDiseases/New Plant Diseases Dataset(Augmented)/New Plant Diseases Dataset(Augmented)/train
[CropDiseaseDataset] Strict few-shot training enabled. Total training samples: 38 (n_shot=1)
[CropDiseases] 使用路徑：data/CropDiseases/New Plant Diseases Dataset(Augmented)/New Plant Diseases Dataset(Augmented)/train
