[17:38:35 INFO] Device: cuda
[17:38:35 INFO] ============================================================
[17:38:35 INFO] Dataset: eurosat, n_shot=1, Mode: Baseline (14x14)
[17:38:35 INFO] ============================================================
[17:38:35 INFO] Train: EuroSATDataset(split=train, n_classes=10, n_samples=10)
[17:38:35 INFO] Test:  EuroSATDataset(split=test, n_classes=10, n_samples=5400)
[17:38:35 INFO] Loading CLIP ViT-B/16...
[17:38:38 INFO] Applying LoRA (r=4, alpha=1.0)...
[17:38:38 INFO] Trainable parameters: 221,184
[17:38:38 INFO] LR Schedule: Linear warmup (5 epochs) + Cosine decay
/var/tmp/cc-cdfsl/train.py:457: FutureWarning: `torch.cuda.amp.GradScaler(args...)` is deprecated. Please use `torch.amp.GradScaler('cuda', args...)` instead.
  scaler = torch.cuda.amp.GradScaler() if device == "cuda" else None
[17:38:38 INFO] FP16 Automatic Mixed Precision (AMP) enabled.
[17:38:38 INFO] Initial evaluation (before training)...
[17:39:11 INFO]   Baseline: 52.91 ± 3.46%
/var/tmp/cc-cdfsl/train.py:213: FutureWarning: `torch.cuda.amp.autocast(args...)` is deprecated. Please use `torch.amp.autocast('cuda', args...)` instead.
  with torch.cuda.amp.autocast(enabled=(scaler is not None)):
[17:40:26 INFO] Epoch [  1/100] Loss: 1.2897 (CE:1.1494, TIT:0.0412, ITI:0.3918) Acc: 49.36%
[17:52:08 INFO] Epoch [ 10/100] Loss: 0.0981 (CE:0.0152, TIT:0.0098, ITI:0.3405) Acc: 79.65%
[17:53:14 INFO]   [Eval] Epoch 10: 80.27 ± 1.46% ✓ NEW BEST!
[17:53:14 INFO]   Saved best checkpoint: checkpoints_1shot_baseline/eurosat_1shot_best.pth
[18:06:16 INFO] Epoch [ 20/100] Loss: 0.0788 (CE:0.0016, TIT:0.0089, ITI:0.3195) Acc: 78.95%
[18:07:21 INFO]   [Eval] Epoch 20: 80.36 ± 1.42% ✓ NEW BEST!
[18:07:21 INFO]   Saved best checkpoint: checkpoints_1shot_baseline/eurosat_1shot_best.pth
[18:20:11 INFO] Epoch [ 30/100] Loss: 0.0719 (CE:0.0007, TIT:0.0124, ITI:0.2629) Acc: 77.64%
[18:21:16 INFO]   [Eval] Epoch 30: 80.19 ± 1.39%
[18:34:04 INFO] Epoch [ 40/100] Loss: 0.0621 (CE:0.0004, TIT:0.0124, ITI:0.2157) Acc: 74.68%
[18:35:09 INFO]   [Eval] Epoch 40: 75.63 ± 1.63%
[18:48:00 INFO] Epoch [ 50/100] Loss: 0.0564 (CE:0.0003, TIT:0.0147, ITI:0.1698) Acc: 73.37%
[18:49:05 INFO]   [Eval] Epoch 50: 74.28 ± 1.55%
[19:01:54 INFO] Epoch [ 60/100] Loss: 0.1054 (CE:0.0002, TIT:0.0498, ITI:0.1525) Acc: 70.61%
[19:02:59 INFO]   [Eval] Epoch 60: 70.36 ± 1.58%
[19:15:53 INFO] Epoch [ 70/100] Loss: 0.1139 (CE:0.0002, TIT:0.0585, ITI:0.1298) Acc: 70.19%
[19:16:59 INFO]   [Eval] Epoch 70: 70.28 ± 1.65%
[19:29:52 INFO] Epoch [ 80/100] Loss: 0.1199 (CE:0.0002, TIT:0.0639, ITI:0.1193) Acc: 68.61%
[19:30:56 INFO]   [Eval] Epoch 80: 68.32 ± 1.57%
[19:43:53 INFO] Epoch [ 90/100] Loss: 0.1251 (CE:0.0002, TIT:0.0684, ITI:0.1115) Acc: 67.29%
[19:44:59 INFO]   [Eval] Epoch 90: 67.28 ± 1.73%
[19:57:56 INFO] Epoch [100/100] Loss: 0.1229 (CE:0.0002, TIT:0.0675, ITI:0.1076) Acc: 67.96%
[19:59:01 INFO]   [Eval] Epoch 100: 68.60 ± 1.61%
[19:59:01 INFO] 
Best Acc: 80.36% at Epoch 20
[19:59:01 INFO] Loaded best checkpoint from epoch 20
[20:00:06 INFO] Final (Baseline (14x14)): 81.09 ± 1.34% (n_episodes=100)
[EuroSATDataset] Strict few-shot training enabled. Total training samples: 10 (n_shot=1)
