[20:00:13 INFO] Device: cuda
[20:00:13 INFO] ============================================================
[20:00:13 INFO] Dataset: eurosat, n_shot=1, Mode: Baseline (14x14)
[20:00:13 INFO] ============================================================
[20:00:13 INFO] Train: EuroSATDataset(split=train, n_classes=10, n_samples=10)
[20:00:13 INFO] Test:  EuroSATDataset(split=test, n_classes=10, n_samples=5400)
[20:00:13 INFO] Loading CLIP ViT-B/16...
[20:00:17 INFO] Applying LoRA (r=4, alpha=1.0)...
[20:00:17 INFO] Trainable parameters: 221,184
[20:00:17 INFO] LR Schedule: Linear warmup (5 epochs) + Cosine decay
/var/tmp/cc-cdfsl/train.py:457: FutureWarning: `torch.cuda.amp.GradScaler(args...)` is deprecated. Please use `torch.amp.GradScaler('cuda', args...)` instead.
  scaler = torch.cuda.amp.GradScaler() if device == "cuda" else None
[20:00:17 INFO] FP16 Automatic Mixed Precision (AMP) enabled.
[20:00:17 INFO] Initial evaluation (before training)...
[20:00:49 INFO]   Baseline: 50.43 ± 3.11%
/var/tmp/cc-cdfsl/train.py:213: FutureWarning: `torch.cuda.amp.autocast(args...)` is deprecated. Please use `torch.amp.autocast('cuda', args...)` instead.
  with torch.cuda.amp.autocast(enabled=(scaler is not None)):
[20:02:13 INFO] Epoch [  1/100] Loss: 0.8553 (CE:0.7438, TIT:0.0259, ITI:0.3637) Acc: 65.45%
[20:14:38 INFO] Epoch [ 10/100] Loss: 0.0730 (CE:0.0062, TIT:0.0024, ITI:0.3156) Acc: 78.69%
[20:15:48 INFO]   [Eval] Epoch 10: 81.07 ± 1.51% ✓ NEW BEST!
[20:15:48 INFO]   Saved best checkpoint: checkpoints_1shot_ensemble/eurosat_1shot_best.pth
[20:29:37 INFO] Epoch [ 20/100] Loss: 0.0568 (CE:0.0009, TIT:0.0004, ITI:0.2768) Acc: 80.00%
[20:30:47 INFO]   [Eval] Epoch 20: 79.24 ± 1.69%
[20:45:06 INFO] Epoch [ 30/100] Loss: 0.0502 (CE:0.0005, TIT:0.0038, ITI:0.2198) Acc: 78.61%
[20:46:22 INFO]   [Eval] Epoch 30: 78.29 ± 1.50%
[21:00:47 INFO] Epoch [ 40/100] Loss: 0.0624 (CE:0.0003, TIT:0.0203, ITI:0.1577) Acc: 75.72%
[21:02:00 INFO]   [Eval] Epoch 40: 74.56 ± 1.59%
[21:15:58 INFO] Epoch [ 50/100] Loss: 0.0825 (CE:0.0002, TIT:0.0394, ITI:0.1160) Acc: 75.03%
[21:17:10 INFO]   [Eval] Epoch 50: 74.09 ± 1.50%
[21:31:07 INFO] Epoch [ 60/100] Loss: 0.0899 (CE:0.0002, TIT:0.0477, ITI:0.0902) Acc: 72.21%
[21:32:18 INFO]   [Eval] Epoch 60: 73.19 ± 1.77%
[21:46:18 INFO] Epoch [ 70/100] Loss: 0.0957 (CE:0.0002, TIT:0.0540, ITI:0.0725) Acc: 73.24%
[21:47:28 INFO]   [Eval] Epoch 70: 73.32 ± 1.77%
[22:01:28 INFO] Epoch [ 80/100] Loss: 0.0964 (CE:0.0001, TIT:0.0557, ITI:0.0630) Acc: 75.24%
[22:02:39 INFO]   [Eval] Epoch 80: 74.20 ± 1.69%
[22:16:42 INFO] Epoch [ 90/100] Loss: 0.1004 (CE:0.0001, TIT:0.0589, ITI:0.0593) Acc: 74.52%
[22:17:55 INFO]   [Eval] Epoch 90: 72.03 ± 1.46%
[22:31:53 INFO] Epoch [100/100] Loss: 0.0994 (CE:0.0001, TIT:0.0582, ITI:0.0595) Acc: 73.33%
[22:33:05 INFO]   [Eval] Epoch 100: 71.17 ± 1.62%
[22:33:05 INFO] 
Best Acc: 81.07% at Epoch 10
[22:33:09 INFO] Loaded best checkpoint from epoch 10
[22:34:19 INFO] Final (Baseline (14x14)): 79.83 ± 1.54% (n_episodes=100)
[EuroSATDataset] Strict few-shot training enabled. Total training samples: 10 (n_shot=1)
