[16:32:25 INFO] Device: cuda
[16:32:25 INFO] ============================================================
[16:32:25 INFO] Dataset: isic, n_shot=1, Mode: Feature-SR (28x28)
[16:32:25 INFO] ============================================================
[16:32:25 INFO] Train: ISICDataset(split=train, n_classes=7, n_samples=7)
[16:32:25 INFO] Test:  ISICDataset(split=test, n_classes=7, n_samples=2003)
[16:32:25 INFO] Loading CLIP ViT-B/16...
[16:32:40 INFO] Applying LoRA (r=4, alpha=1.0)...
[16:32:40 INFO] Initializing Feature SR Module (scale=2, 14x14 -> 28x28)...
[16:32:40 INFO] Trainable parameters: 10,350,592
[16:32:40 INFO] LR Schedule: Linear warmup (5 epochs) + Cosine decay
/var/tmp/cc-cdfsl/train.py:457: FutureWarning: `torch.cuda.amp.GradScaler(args...)` is deprecated. Please use `torch.amp.GradScaler('cuda', args...)` instead.
  scaler = torch.cuda.amp.GradScaler() if device == "cuda" else None
[16:32:40 INFO] FP16 Automatic Mixed Precision (AMP) enabled.
[16:32:40 INFO] Initial evaluation (before training)...
[16:33:36 INFO]   Baseline: 20.27 ± 0.63%
/var/tmp/cc-cdfsl/train.py:213: FutureWarning: `torch.cuda.amp.autocast(args...)` is deprecated. Please use `torch.amp.autocast('cuda', args...)` instead.
  with torch.cuda.amp.autocast(enabled=(scaler is not None)):
[16:35:53 INFO] Epoch [  1/100] Loss: 2.3810 (CE:1.4689, TIT:0.0654, ITI:0.2120, CR:0.9731) Acc: 24.76%
[16:54:43 INFO] Epoch [ 10/100] Loss: 0.2817 (CE:0.0108, TIT:0.0766, ITI:0.0076, CR:0.0861) Acc: 34.01%
[16:56:29 INFO]   [Eval] Epoch 10: 33.92 ± 1.15% ✓ NEW BEST!
[16:56:30 INFO]   Saved best checkpoint: checkpoints_1shot_fsr_ensemble/isic_1shot_fsr_best.pth
[17:17:12 INFO] Epoch [ 20/100] Loss: 0.2456 (CE:0.0015, TIT:0.0786, ITI:0.0016, CR:0.0173) Acc: 32.65%
[17:19:00 INFO]   [Eval] Epoch 20: 32.28 ± 0.89%
[17:40:24 INFO] Epoch [ 30/100] Loss: 0.2361 (CE:0.0006, TIT:0.0773, ITI:0.0008, CR:0.0069) Acc: 32.88%
[17:42:10 INFO]   [Eval] Epoch 30: 33.93 ± 1.13% ✓ NEW BEST!
[17:42:12 INFO]   Saved best checkpoint: checkpoints_1shot_fsr_ensemble/isic_1shot_fsr_best.pth
[18:02:57 INFO] Epoch [ 40/100] Loss: 0.2373 (CE:0.0003, TIT:0.0782, ITI:0.0006, CR:0.0038) Acc: 33.29%
[18:04:44 INFO]   [Eval] Epoch 40: 33.12 ± 1.01%
[18:25:49 INFO] Epoch [ 50/100] Loss: 0.2258 (CE:0.0002, TIT:0.0746, ITI:0.0005, CR:0.0025) Acc: 32.69%
[18:27:41 INFO]   [Eval] Epoch 50: 32.51 ± 1.10%
[18:48:35 INFO] Epoch [ 60/100] Loss: 0.2256 (CE:0.0002, TIT:0.0747, ITI:0.0004, CR:0.0018) Acc: 32.97%
[18:50:20 INFO]   [Eval] Epoch 60: 32.67 ± 1.18%
[19:11:07 INFO] Epoch [ 70/100] Loss: 0.2243 (CE:0.0002, TIT:0.0743, ITI:0.0004, CR:0.0014) Acc: 33.35%
[19:12:55 INFO]   [Eval] Epoch 70: 32.40 ± 1.12%
[19:33:45 INFO] Epoch [ 80/100] Loss: 0.2277 (CE:0.0001, TIT:0.0755, ITI:0.0004, CR:0.0012) Acc: 34.45%
[19:35:30 INFO]   [Eval] Epoch 80: 33.44 ± 1.23%
[19:56:21 INFO] Epoch [ 90/100] Loss: 0.2259 (CE:0.0001, TIT:0.0749, ITI:0.0004, CR:0.0011) Acc: 34.09%
[19:58:06 INFO]   [Eval] Epoch 90: 33.55 ± 1.28%
[20:19:00 INFO] Epoch [100/100] Loss: 0.2228 (CE:0.0001, TIT:0.0738, ITI:0.0004, CR:0.0011) Acc: 35.31%
[20:20:46 INFO]   [Eval] Epoch 100: 34.11 ± 1.20% ✓ NEW BEST!
[20:20:48 INFO]   Saved best checkpoint: checkpoints_1shot_fsr_ensemble/isic_1shot_fsr_best.pth
[20:20:48 INFO] 
Best Acc: 34.11% at Epoch 100
[20:20:48 INFO] Loaded best checkpoint from epoch 100
[20:22:34 INFO] Final (Feature-SR (28x28)): 34.59 ± 1.11% (n_episodes=100)
[ISICDataset] Strict few-shot training enabled. Total training samples: 7 (n_shot=1)
