set seed = 1
FineTune! 5 shots on EuroSAT dataset
EuroSAT iteration 0/400 : Query Acc = 90.67, Avg Acc = 90.67% +- 0.00%
EuroSAT | 0 / 400 Acc = 90.67% +- 0.00%
EuroSAT iteration 1/400 : Query Acc = 92.00, Avg Acc = 91.33% +- 0.92%
EuroSAT iteration 2/400 : Query Acc = 97.33, Avg Acc = 93.33% +- 3.26%
EuroSAT iteration 3/400 : Query Acc = 84.00, Avg Acc = 91.00% +- 4.65%
EuroSAT iteration 4/400 : Query Acc = 92.00, Avg Acc = 91.20% +- 3.74%
EuroSAT iteration 5/400 : Query Acc = 96.00, Avg Acc = 92.00% +- 3.43%
EuroSAT iteration 6/400 : Query Acc = 96.00, Avg Acc = 92.57% +- 3.12%
EuroSAT iteration 7/400 : Query Acc = 92.00, Avg Acc = 92.50% +- 2.73%
EuroSAT iteration 8/400 : Query Acc = 92.00, Avg Acc = 92.44% +- 2.43%
EuroSAT iteration 9/400 : Query Acc = 90.67, Avg Acc = 92.27% +- 2.21%
EuroSAT iteration 10/400 : Query Acc = 98.67, Avg Acc = 92.85% +- 2.29%
EuroSAT iteration 11/400 : Query Acc = 92.00, Avg Acc = 92.78% +- 2.10%
EuroSAT iteration 12/400 : Query Acc = 92.00, Avg Acc = 92.72% +- 1.94%
EuroSAT iteration 13/400 : Query Acc = 90.67, Avg Acc = 92.57% +- 1.82%
EuroSAT iteration 14/400 : Query Acc = 93.33, Avg Acc = 92.62% +- 1.70%
EuroSAT iteration 15/400 : Query Acc = 90.67, Avg Acc = 92.50% +- 1.61%
EuroSAT iteration 16/400 : Query Acc = 96.00, Avg Acc = 92.71% +- 1.57%
EuroSAT iteration 17/400 : Query Acc = 84.00, Avg Acc = 92.22% +- 1.75%
EuroSAT iteration 18/400 : Query Acc = 94.67, Avg Acc = 92.35% +- 1.67%
EuroSAT iteration 19/400 : Query Acc = 89.33, Avg Acc = 92.20% +- 1.61%
EuroSAT iteration 20/400 : Query Acc = 98.67, Avg Acc = 92.51% +- 1.65%
EuroSAT iteration 21/400 : Query Acc = 97.33, Avg Acc = 92.73% +- 1.63%
EuroSAT iteration 22/400 : Query Acc = 89.33, Avg Acc = 92.58% +- 1.58%
EuroSAT iteration 23/400 : Query Acc = 92.00, Avg Acc = 92.56% +- 1.52%
EuroSAT iteration 24/400 : Query Acc = 86.67, Avg Acc = 92.32% +- 1.52%
EuroSAT iteration 25/400 : Query Acc = 98.67, Avg Acc = 92.56% +- 1.54%
EuroSAT iteration 26/400 : Query Acc = 92.00, Avg Acc = 92.54% +- 1.48%
EuroSAT iteration 27/400 : Query Acc = 94.67, Avg Acc = 92.62% +- 1.44%
EuroSAT iteration 28/400 : Query Acc = 93.33, Avg Acc = 92.64% +- 1.39%
EuroSAT iteration 29/400 : Query Acc = 93.33, Avg Acc = 92.67% +- 1.34%
EuroSAT iteration 30/400 : Query Acc = 98.67, Avg Acc = 92.86% +- 1.35%
EuroSAT iteration 31/400 : Query Acc = 94.67, Avg Acc = 92.92% +- 1.31%
EuroSAT iteration 32/400 : Query Acc = 93.33, Avg Acc = 92.93% +- 1.27%
EuroSAT iteration 33/400 : Query Acc = 93.33, Avg Acc = 92.94% +- 1.24%
EuroSAT iteration 34/400 : Query Acc = 82.67, Avg Acc = 92.65% +- 1.33%
EuroSAT iteration 35/400 : Query Acc = 97.33, Avg Acc = 92.78% +- 1.32%
EuroSAT iteration 36/400 : Query Acc = 96.00, Avg Acc = 92.86% +- 1.29%
EuroSAT iteration 37/400 : Query Acc = 92.00, Avg Acc = 92.84% +- 1.26%
EuroSAT iteration 38/400 : Query Acc = 92.00, Avg Acc = 92.82% +- 1.23%
EuroSAT iteration 39/400 : Query Acc = 94.67, Avg Acc = 92.87% +- 1.20%
EuroSAT iteration 40/400 : Query Acc = 96.00, Avg Acc = 92.94% +- 1.18%
EuroSAT iteration 41/400 : Query Acc = 98.67, Avg Acc = 93.08% +- 1.18%
EuroSAT iteration 42/400 : Query Acc = 93.33, Avg Acc = 93.09% +- 1.15%
EuroSAT iteration 43/400 : Query Acc = 93.33, Avg Acc = 93.09% +- 1.13%
EuroSAT iteration 44/400 : Query Acc = 96.00, Avg Acc = 93.16% +- 1.11%
EuroSAT iteration 45/400 : Query Acc = 97.33, Avg Acc = 93.25% +- 1.10%
EuroSAT iteration 46/400 : Query Acc = 89.33, Avg Acc = 93.16% +- 1.09%
EuroSAT iteration 47/400 : Query Acc = 96.00, Avg Acc = 93.22% +- 1.07%
EuroSAT iteration 48/400 : Query Acc = 93.33, Avg Acc = 93.22% +- 1.05%
EuroSAT iteration 49/400 : Query Acc = 88.00, Avg Acc = 93.12% +- 1.05%
EuroSAT iteration 50/400 : Query Acc = 94.67, Avg Acc = 93.15% +- 1.03%
EuroSAT iteration 51/400 : Query Acc = 100.00, Avg Acc = 93.28% +- 1.04%
EuroSAT iteration 52/400 : Query Acc = 96.00, Avg Acc = 93.33% +- 1.03%
EuroSAT iteration 53/400 : Query Acc = 94.67, Avg Acc = 93.36% +- 1.01%
EuroSAT iteration 54/400 : Query Acc = 92.00, Avg Acc = 93.33% +- 0.99%
EuroSAT iteration 55/400 : Query Acc = 88.00, Avg Acc = 93.24% +- 0.99%
EuroSAT iteration 56/400 : Query Acc = 96.00, Avg Acc = 93.29% +- 0.98%
EuroSAT iteration 57/400 : Query Acc = 97.33, Avg Acc = 93.36% +- 0.97%
EuroSAT iteration 58/400 : Query Acc = 94.67, Avg Acc = 93.38% +- 0.96%
EuroSAT iteration 59/400 : Query Acc = 89.33, Avg Acc = 93.31% +- 0.95%
EuroSAT iteration 60/400 : Query Acc = 100.00, Avg Acc = 93.42% +- 0.96%
EuroSAT iteration 61/400 : Query Acc = 89.33, Avg Acc = 93.35% +- 0.95%
EuroSAT iteration 62/400 : Query Acc = 98.67, Avg Acc = 93.44% +- 0.95%
EuroSAT iteration 63/400 : Query Acc = 93.33, Avg Acc = 93.44% +- 0.94%
EuroSAT iteration 64/400 : Query Acc = 86.67, Avg Acc = 93.33% +- 0.94%
EuroSAT iteration 65/400 : Query Acc = 94.67, Avg Acc = 93.35% +- 0.93%
EuroSAT iteration 66/400 : Query Acc = 88.00, Avg Acc = 93.27% +- 0.93%
EuroSAT iteration 67/400 : Query Acc = 90.67, Avg Acc = 93.24% +- 0.92%
EuroSAT iteration 68/400 : Query Acc = 90.67, Avg Acc = 93.20% +- 0.91%
EuroSAT iteration 69/400 : Query Acc = 97.33, Avg Acc = 93.26% +- 0.90%
EuroSAT iteration 70/400 : Query Acc = 97.33, Avg Acc = 93.31% +- 0.90%
EuroSAT iteration 71/400 : Query Acc = 86.67, Avg Acc = 93.22% +- 0.90%
EuroSAT iteration 72/400 : Query Acc = 88.00, Avg Acc = 93.15% +- 0.90%
EuroSAT iteration 73/400 : Query Acc = 86.67, Avg Acc = 93.06% +- 0.90%
EuroSAT iteration 74/400 : Query Acc = 90.67, Avg Acc = 93.03% +- 0.89%
EuroSAT iteration 75/400 : Query Acc = 90.67, Avg Acc = 93.00% +- 0.88%
EuroSAT iteration 76/400 : Query Acc = 92.00, Avg Acc = 92.99% +- 0.87%
EuroSAT iteration 77/400 : Query Acc = 97.33, Avg Acc = 93.04% +- 0.87%
EuroSAT iteration 78/400 : Query Acc = 90.67, Avg Acc = 93.01% +- 0.86%
EuroSAT iteration 79/400 : Query Acc = 94.67, Avg Acc = 93.03% +- 0.85%
EuroSAT iteration 80/400 : Query Acc = 85.33, Avg Acc = 92.94% +- 0.86%
EuroSAT iteration 81/400 : Query Acc = 96.00, Avg Acc = 92.98% +- 0.85%
EuroSAT iteration 82/400 : Query Acc = 96.00, Avg Acc = 93.01% +- 0.85%
EuroSAT iteration 83/400 : Query Acc = 97.33, Avg Acc = 93.06% +- 0.84%
EuroSAT iteration 84/400 : Query Acc = 85.33, Avg Acc = 92.97% +- 0.85%
EuroSAT iteration 85/400 : Query Acc = 93.33, Avg Acc = 92.98% +- 0.84%
EuroSAT iteration 86/400 : Query Acc = 97.33, Avg Acc = 93.03% +- 0.84%
EuroSAT iteration 87/400 : Query Acc = 89.33, Avg Acc = 92.98% +- 0.83%
EuroSAT iteration 88/400 : Query Acc = 94.67, Avg Acc = 93.00% +- 0.82%
EuroSAT iteration 89/400 : Query Acc = 84.00, Avg Acc = 92.90% +- 0.84%
EuroSAT iteration 90/400 : Query Acc = 86.67, Avg Acc = 92.84% +- 0.84%
EuroSAT iteration 91/400 : Query Acc = 93.33, Avg Acc = 92.84% +- 0.83%
EuroSAT iteration 92/400 : Query Acc = 93.33, Avg Acc = 92.85% +- 0.82%
EuroSAT iteration 93/400 : Query Acc = 90.67, Avg Acc = 92.82% +- 0.81%
EuroSAT iteration 94/400 : Query Acc = 88.00, Avg Acc = 92.77% +- 0.81%
EuroSAT iteration 95/400 : Query Acc = 97.33, Avg Acc = 92.82% +- 0.81%
EuroSAT iteration 96/400 : Query Acc = 90.67, Avg Acc = 92.80% +- 0.80%
EuroSAT iteration 97/400 : Query Acc = 96.00, Avg Acc = 92.83% +- 0.79%
EuroSAT iteration 98/400 : Query Acc = 96.00, Avg Acc = 92.86% +- 0.79%
EuroSAT iteration 99/400 : Query Acc = 96.00, Avg Acc = 92.89% +- 0.78%
EuroSAT iteration 100/400 : Query Acc = 89.33, Avg Acc = 92.86% +- 0.78%
EuroSAT | 100 / 400 Acc = 92.86% +- 0.78%
EuroSAT iteration 101/400 : Query Acc = 98.67, Avg Acc = 92.92% +- 0.78%
EuroSAT iteration 102/400 : Query Acc = 88.00, Avg Acc = 92.87% +- 0.78%
EuroSAT iteration 103/400 : Query Acc = 92.00, Avg Acc = 92.86% +- 0.77%
EuroSAT iteration 104/400 : Query Acc = 88.00, Avg Acc = 92.81% +- 0.77%
EuroSAT iteration 105/400 : Query Acc = 94.67, Avg Acc = 92.83% +- 0.76%
EuroSAT iteration 106/400 : Query Acc = 93.33, Avg Acc = 92.83% +- 0.75%
EuroSAT iteration 107/400 : Query Acc = 94.67, Avg Acc = 92.85% +- 0.75%
EuroSAT iteration 108/400 : Query Acc = 90.67, Avg Acc = 92.83% +- 0.74%
EuroSAT iteration 109/400 : Query Acc = 96.00, Avg Acc = 92.86% +- 0.74%
EuroSAT iteration 110/400 : Query Acc = 90.67, Avg Acc = 92.84% +- 0.73%
EuroSAT iteration 111/400 : Query Acc = 97.33, Avg Acc = 92.88% +- 0.73%
EuroSAT iteration 112/400 : Query Acc = 86.67, Avg Acc = 92.83% +- 0.73%
EuroSAT iteration 113/400 : Query Acc = 93.33, Avg Acc = 92.83% +- 0.72%
EuroSAT iteration 114/400 : Query Acc = 96.00, Avg Acc = 92.86% +- 0.72%
EuroSAT iteration 115/400 : Query Acc = 86.67, Avg Acc = 92.80% +- 0.72%
EuroSAT iteration 116/400 : Query Acc = 89.33, Avg Acc = 92.77% +- 0.72%
EuroSAT iteration 117/400 : Query Acc = 94.67, Avg Acc = 92.79% +- 0.71%
EuroSAT iteration 118/400 : Query Acc = 82.67, Avg Acc = 92.71% +- 0.73%
EuroSAT iteration 119/400 : Query Acc = 96.00, Avg Acc = 92.73% +- 0.72%
EuroSAT iteration 120/400 : Query Acc = 98.67, Avg Acc = 92.78% +- 0.72%
EuroSAT iteration 121/400 : Query Acc = 92.00, Avg Acc = 92.78% +- 0.72%
EuroSAT iteration 122/400 : Query Acc = 94.67, Avg Acc = 92.79% +- 0.71%
EuroSAT iteration 123/400 : Query Acc = 98.67, Avg Acc = 92.84% +- 0.71%
EuroSAT iteration 124/400 : Query Acc = 94.67, Avg Acc = 92.85% +- 0.71%
EuroSAT iteration 125/400 : Query Acc = 92.00, Avg Acc = 92.85% +- 0.70%
EuroSAT iteration 126/400 : Query Acc = 93.33, Avg Acc = 92.85% +- 0.70%
EuroSAT iteration 127/400 : Query Acc = 97.33, Avg Acc = 92.89% +- 0.69%
EuroSAT iteration 128/400 : Query Acc = 92.00, Avg Acc = 92.88% +- 0.69%
EuroSAT iteration 129/400 : Query Acc = 100.00, Avg Acc = 92.93% +- 0.69%
EuroSAT iteration 130/400 : Query Acc = 93.33, Avg Acc = 92.94% +- 0.69%
EuroSAT iteration 131/400 : Query Acc = 89.33, Avg Acc = 92.91% +- 0.68%
EuroSAT iteration 132/400 : Query Acc = 97.33, Avg Acc = 92.94% +- 0.68%
EuroSAT iteration 133/400 : Query Acc = 85.33, Avg Acc = 92.89% +- 0.68%
EuroSAT iteration 134/400 : Query Acc = 92.00, Avg Acc = 92.88% +- 0.68%
EuroSAT iteration 135/400 : Query Acc = 78.67, Avg Acc = 92.77% +- 0.70%
EuroSAT iteration 136/400 : Query Acc = 98.67, Avg Acc = 92.82% +- 0.70%
EuroSAT iteration 137/400 : Query Acc = 96.00, Avg Acc = 92.84% +- 0.70%
EuroSAT iteration 138/400 : Query Acc = 88.00, Avg Acc = 92.81% +- 0.70%
EuroSAT iteration 139/400 : Query Acc = 93.33, Avg Acc = 92.81% +- 0.69%
EuroSAT iteration 140/400 : Query Acc = 92.00, Avg Acc = 92.80% +- 0.69%
EuroSAT iteration 141/400 : Query Acc = 88.00, Avg Acc = 92.77% +- 0.69%
EuroSAT iteration 142/400 : Query Acc = 97.33, Avg Acc = 92.80% +- 0.69%
EuroSAT iteration 143/400 : Query Acc = 89.33, Avg Acc = 92.78% +- 0.68%
EuroSAT iteration 144/400 : Query Acc = 97.33, Avg Acc = 92.81% +- 0.68%
EuroSAT iteration 145/400 : Query Acc = 94.67, Avg Acc = 92.82% +- 0.68%
EuroSAT iteration 146/400 : Query Acc = 89.33, Avg Acc = 92.80% +- 0.67%
EuroSAT iteration 147/400 : Query Acc = 90.67, Avg Acc = 92.78% +- 0.67%
EuroSAT iteration 148/400 : Query Acc = 90.67, Avg Acc = 92.77% +- 0.67%
EuroSAT iteration 149/400 : Query Acc = 90.67, Avg Acc = 92.76% +- 0.66%
EuroSAT iteration 150/400 : Query Acc = 92.00, Avg Acc = 92.75% +- 0.66%
EuroSAT iteration 151/400 : Query Acc = 86.67, Avg Acc = 92.71% +- 0.66%
EuroSAT iteration 152/400 : Query Acc = 86.67, Avg Acc = 92.67% +- 0.66%
EuroSAT iteration 153/400 : Query Acc = 92.00, Avg Acc = 92.67% +- 0.65%
EuroSAT iteration 154/400 : Query Acc = 94.67, Avg Acc = 92.68% +- 0.65%
EuroSAT iteration 155/400 : Query Acc = 89.33, Avg Acc = 92.66% +- 0.65%
EuroSAT iteration 156/400 : Query Acc = 96.00, Avg Acc = 92.68% +- 0.64%
EuroSAT iteration 157/400 : Query Acc = 90.67, Avg Acc = 92.67% +- 0.64%
EuroSAT iteration 158/400 : Query Acc = 92.00, Avg Acc = 92.66% +- 0.64%
EuroSAT iteration 159/400 : Query Acc = 92.00, Avg Acc = 92.66% +- 0.63%
EuroSAT iteration 160/400 : Query Acc = 92.00, Avg Acc = 92.65% +- 0.63%
EuroSAT iteration 161/400 : Query Acc = 78.67, Avg Acc = 92.57% +- 0.65%
EuroSAT iteration 162/400 : Query Acc = 93.33, Avg Acc = 92.57% +- 0.64%
EuroSAT iteration 163/400 : Query Acc = 93.33, Avg Acc = 92.58% +- 0.64%
EuroSAT iteration 164/400 : Query Acc = 80.00, Avg Acc = 92.50% +- 0.65%
EuroSAT iteration 165/400 : Query Acc = 90.67, Avg Acc = 92.49% +- 0.65%
EuroSAT iteration 166/400 : Query Acc = 94.67, Avg Acc = 92.50% +- 0.65%
EuroSAT iteration 167/400 : Query Acc = 97.33, Avg Acc = 92.53% +- 0.64%
EuroSAT iteration 168/400 : Query Acc = 94.67, Avg Acc = 92.54% +- 0.64%
EuroSAT iteration 169/400 : Query Acc = 96.00, Avg Acc = 92.56% +- 0.64%
EuroSAT iteration 170/400 : Query Acc = 93.33, Avg Acc = 92.57% +- 0.64%
EuroSAT iteration 171/400 : Query Acc = 90.67, Avg Acc = 92.56% +- 0.63%
EuroSAT iteration 172/400 : Query Acc = 98.67, Avg Acc = 92.59% +- 0.63%
EuroSAT iteration 173/400 : Query Acc = 96.00, Avg Acc = 92.61% +- 0.63%
EuroSAT iteration 174/400 : Query Acc = 88.00, Avg Acc = 92.59% +- 0.63%
EuroSAT iteration 175/400 : Query Acc = 97.33, Avg Acc = 92.61% +- 0.63%
EuroSAT iteration 176/400 : Query Acc = 94.67, Avg Acc = 92.63% +- 0.62%
EuroSAT iteration 177/400 : Query Acc = 96.00, Avg Acc = 92.64% +- 0.62%
EuroSAT iteration 178/400 : Query Acc = 93.33, Avg Acc = 92.65% +- 0.62%
EuroSAT iteration 179/400 : Query Acc = 94.67, Avg Acc = 92.66% +- 0.61%
EuroSAT iteration 180/400 : Query Acc = 94.67, Avg Acc = 92.67% +- 0.61%
EuroSAT iteration 181/400 : Query Acc = 97.33, Avg Acc = 92.70% +- 0.61%
EuroSAT iteration 182/400 : Query Acc = 94.67, Avg Acc = 92.71% +- 0.61%
EuroSAT iteration 183/400 : Query Acc = 96.00, Avg Acc = 92.72% +- 0.61%
EuroSAT iteration 184/400 : Query Acc = 85.33, Avg Acc = 92.68% +- 0.61%
EuroSAT iteration 185/400 : Query Acc = 92.00, Avg Acc = 92.68% +- 0.60%
EuroSAT iteration 186/400 : Query Acc = 88.00, Avg Acc = 92.66% +- 0.60%
EuroSAT iteration 187/400 : Query Acc = 97.33, Avg Acc = 92.68% +- 0.60%
EuroSAT iteration 188/400 : Query Acc = 93.33, Avg Acc = 92.68% +- 0.60%
EuroSAT iteration 189/400 : Query Acc = 89.33, Avg Acc = 92.67% +- 0.60%
EuroSAT iteration 190/400 : Query Acc = 89.33, Avg Acc = 92.65% +- 0.59%
EuroSAT iteration 191/400 : Query Acc = 96.00, Avg Acc = 92.67% +- 0.59%
EuroSAT iteration 192/400 : Query Acc = 93.33, Avg Acc = 92.67% +- 0.59%
EuroSAT iteration 193/400 : Query Acc = 96.00, Avg Acc = 92.69% +- 0.59%
EuroSAT iteration 194/400 : Query Acc = 93.33, Avg Acc = 92.69% +- 0.58%
EuroSAT iteration 195/400 : Query Acc = 96.00, Avg Acc = 92.71% +- 0.58%
EuroSAT iteration 196/400 : Query Acc = 96.00, Avg Acc = 92.72% +- 0.58%
EuroSAT iteration 197/400 : Query Acc = 97.33, Avg Acc = 92.75% +- 0.58%
EuroSAT iteration 198/400 : Query Acc = 97.33, Avg Acc = 92.77% +- 0.58%
EuroSAT iteration 199/400 : Query Acc = 98.67, Avg Acc = 92.80% +- 0.58%
EuroSAT iteration 200/400 : Query Acc = 96.00, Avg Acc = 92.82% +- 0.58%
EuroSAT | 200 / 400 Acc = 92.82% +- 0.58%
EuroSAT iteration 201/400 : Query Acc = 97.33, Avg Acc = 92.84% +- 0.57%
EuroSAT iteration 202/400 : Query Acc = 88.00, Avg Acc = 92.81% +- 0.57%
EuroSAT iteration 203/400 : Query Acc = 89.33, Avg Acc = 92.80% +- 0.57%
EuroSAT iteration 204/400 : Query Acc = 96.00, Avg Acc = 92.81% +- 0.57%
EuroSAT iteration 205/400 : Query Acc = 89.33, Avg Acc = 92.80% +- 0.57%
EuroSAT iteration 206/400 : Query Acc = 82.67, Avg Acc = 92.75% +- 0.57%
EuroSAT iteration 207/400 : Query Acc = 94.67, Avg Acc = 92.76% +- 0.57%
EuroSAT iteration 208/400 : Query Acc = 93.33, Avg Acc = 92.76% +- 0.57%
EuroSAT iteration 209/400 : Query Acc = 97.33, Avg Acc = 92.78% +- 0.57%
EuroSAT iteration 210/400 : Query Acc = 96.00, Avg Acc = 92.80% +- 0.56%
EuroSAT iteration 211/400 : Query Acc = 93.33, Avg Acc = 92.80% +- 0.56%
EuroSAT iteration 212/400 : Query Acc = 90.67, Avg Acc = 92.79% +- 0.56%
EuroSAT iteration 213/400 : Query Acc = 92.00, Avg Acc = 92.79% +- 0.56%
EuroSAT iteration 214/400 : Query Acc = 92.00, Avg Acc = 92.78% +- 0.55%
EuroSAT iteration 215/400 : Query Acc = 89.33, Avg Acc = 92.77% +- 0.55%
EuroSAT iteration 216/400 : Query Acc = 90.67, Avg Acc = 92.76% +- 0.55%
EuroSAT iteration 217/400 : Query Acc = 97.33, Avg Acc = 92.78% +- 0.55%
EuroSAT iteration 218/400 : Query Acc = 98.67, Avg Acc = 92.80% +- 0.55%
EuroSAT iteration 219/400 : Query Acc = 96.00, Avg Acc = 92.82% +- 0.55%
EuroSAT iteration 220/400 : Query Acc = 94.67, Avg Acc = 92.83% +- 0.55%
EuroSAT iteration 221/400 : Query Acc = 89.33, Avg Acc = 92.81% +- 0.54%
EuroSAT iteration 222/400 : Query Acc = 93.33, Avg Acc = 92.81% +- 0.54%
EuroSAT iteration 223/400 : Query Acc = 90.67, Avg Acc = 92.80% +- 0.54%
EuroSAT iteration 224/400 : Query Acc = 94.67, Avg Acc = 92.81% +- 0.54%
EuroSAT iteration 225/400 : Query Acc = 90.67, Avg Acc = 92.80% +- 0.54%
EuroSAT iteration 226/400 : Query Acc = 96.00, Avg Acc = 92.82% +- 0.53%
EuroSAT iteration 227/400 : Query Acc = 92.00, Avg Acc = 92.81% +- 0.53%
EuroSAT iteration 228/400 : Query Acc = 76.00, Avg Acc = 92.74% +- 0.55%
EuroSAT iteration 229/400 : Query Acc = 93.33, Avg Acc = 92.74% +- 0.55%
EuroSAT iteration 230/400 : Query Acc = 97.33, Avg Acc = 92.76% +- 0.54%
EuroSAT iteration 231/400 : Query Acc = 100.00, Avg Acc = 92.79% +- 0.55%
EuroSAT iteration 232/400 : Query Acc = 97.33, Avg Acc = 92.81% +- 0.55%
EuroSAT iteration 233/400 : Query Acc = 96.00, Avg Acc = 92.83% +- 0.54%
EuroSAT iteration 234/400 : Query Acc = 94.67, Avg Acc = 92.83% +- 0.54%
EuroSAT iteration 235/400 : Query Acc = 86.67, Avg Acc = 92.81% +- 0.54%
EuroSAT iteration 236/400 : Query Acc = 88.00, Avg Acc = 92.79% +- 0.54%
EuroSAT iteration 237/400 : Query Acc = 96.00, Avg Acc = 92.80% +- 0.54%
EuroSAT iteration 238/400 : Query Acc = 86.67, Avg Acc = 92.78% +- 0.54%
EuroSAT iteration 239/400 : Query Acc = 100.00, Avg Acc = 92.81% +- 0.54%
EuroSAT iteration 240/400 : Query Acc = 94.67, Avg Acc = 92.81% +- 0.54%
EuroSAT iteration 241/400 : Query Acc = 86.67, Avg Acc = 92.79% +- 0.54%
EuroSAT iteration 242/400 : Query Acc = 92.00, Avg Acc = 92.78% +- 0.54%
EuroSAT iteration 243/400 : Query Acc = 88.00, Avg Acc = 92.77% +- 0.54%
EuroSAT iteration 244/400 : Query Acc = 93.33, Avg Acc = 92.77% +- 0.53%
EuroSAT iteration 245/400 : Query Acc = 88.00, Avg Acc = 92.75% +- 0.53%
EuroSAT iteration 246/400 : Query Acc = 96.00, Avg Acc = 92.76% +- 0.53%
EuroSAT iteration 247/400 : Query Acc = 100.00, Avg Acc = 92.79% +- 0.53%
EuroSAT iteration 248/400 : Query Acc = 86.67, Avg Acc = 92.77% +- 0.53%
EuroSAT iteration 249/400 : Query Acc = 89.33, Avg Acc = 92.75% +- 0.53%
EuroSAT iteration 250/400 : Query Acc = 94.67, Avg Acc = 92.76% +- 0.53%
EuroSAT iteration 251/400 : Query Acc = 98.67, Avg Acc = 92.78% +- 0.53%
EuroSAT iteration 252/400 : Query Acc = 96.00, Avg Acc = 92.80% +- 0.53%
EuroSAT iteration 253/400 : Query Acc = 88.00, Avg Acc = 92.78% +- 0.53%
EuroSAT iteration 254/400 : Query Acc = 93.33, Avg Acc = 92.78% +- 0.52%
EuroSAT iteration 255/400 : Query Acc = 92.00, Avg Acc = 92.78% +- 0.52%
EuroSAT iteration 256/400 : Query Acc = 96.00, Avg Acc = 92.79% +- 0.52%
EuroSAT iteration 257/400 : Query Acc = 94.67, Avg Acc = 92.80% +- 0.52%
EuroSAT iteration 258/400 : Query Acc = 92.00, Avg Acc = 92.79% +- 0.52%
EuroSAT iteration 259/400 : Query Acc = 88.00, Avg Acc = 92.77% +- 0.52%
EuroSAT iteration 260/400 : Query Acc = 86.67, Avg Acc = 92.75% +- 0.52%
EuroSAT iteration 261/400 : Query Acc = 92.00, Avg Acc = 92.75% +- 0.51%
EuroSAT iteration 262/400 : Query Acc = 93.33, Avg Acc = 92.75% +- 0.51%
EuroSAT iteration 263/400 : Query Acc = 92.00, Avg Acc = 92.75% +- 0.51%
EuroSAT iteration 264/400 : Query Acc = 96.00, Avg Acc = 92.76% +- 0.51%
EuroSAT iteration 265/400 : Query Acc = 98.67, Avg Acc = 92.78% +- 0.51%
EuroSAT iteration 266/400 : Query Acc = 93.33, Avg Acc = 92.78% +- 0.51%
EuroSAT iteration 267/400 : Query Acc = 97.33, Avg Acc = 92.80% +- 0.51%
EuroSAT iteration 268/400 : Query Acc = 88.00, Avg Acc = 92.78% +- 0.51%
EuroSAT iteration 269/400 : Query Acc = 96.00, Avg Acc = 92.80% +- 0.50%
EuroSAT iteration 270/400 : Query Acc = 90.67, Avg Acc = 92.79% +- 0.50%
EuroSAT iteration 271/400 : Query Acc = 92.00, Avg Acc = 92.78% +- 0.50%
EuroSAT iteration 272/400 : Query Acc = 97.33, Avg Acc = 92.80% +- 0.50%
EuroSAT iteration 273/400 : Query Acc = 90.67, Avg Acc = 92.79% +- 0.50%
EuroSAT iteration 274/400 : Query Acc = 97.33, Avg Acc = 92.81% +- 0.50%
EuroSAT iteration 275/400 : Query Acc = 94.67, Avg Acc = 92.82% +- 0.50%
EuroSAT iteration 276/400 : Query Acc = 90.67, Avg Acc = 92.81% +- 0.49%
EuroSAT iteration 277/400 : Query Acc = 94.67, Avg Acc = 92.82% +- 0.49%
EuroSAT iteration 278/400 : Query Acc = 88.00, Avg Acc = 92.80% +- 0.49%
EuroSAT iteration 279/400 : Query Acc = 88.00, Avg Acc = 92.78% +- 0.49%
EuroSAT iteration 280/400 : Query Acc = 98.67, Avg Acc = 92.80% +- 0.49%
EuroSAT iteration 281/400 : Query Acc = 92.00, Avg Acc = 92.80% +- 0.49%
EuroSAT iteration 282/400 : Query Acc = 94.67, Avg Acc = 92.81% +- 0.49%
EuroSAT iteration 283/400 : Query Acc = 97.33, Avg Acc = 92.82% +- 0.49%
EuroSAT iteration 284/400 : Query Acc = 94.67, Avg Acc = 92.83% +- 0.49%
EuroSAT iteration 285/400 : Query Acc = 93.33, Avg Acc = 92.83% +- 0.48%
EuroSAT iteration 286/400 : Query Acc = 93.33, Avg Acc = 92.83% +- 0.48%
EuroSAT iteration 287/400 : Query Acc = 92.00, Avg Acc = 92.83% +- 0.48%
EuroSAT iteration 288/400 : Query Acc = 96.00, Avg Acc = 92.84% +- 0.48%
EuroSAT iteration 289/400 : Query Acc = 94.67, Avg Acc = 92.85% +- 0.48%
EuroSAT iteration 290/400 : Query Acc = 89.33, Avg Acc = 92.83% +- 0.48%
EuroSAT iteration 291/400 : Query Acc = 97.33, Avg Acc = 92.85% +- 0.48%
EuroSAT iteration 292/400 : Query Acc = 89.33, Avg Acc = 92.84% +- 0.48%
EuroSAT iteration 293/400 : Query Acc = 92.00, Avg Acc = 92.83% +- 0.47%
EuroSAT iteration 294/400 : Query Acc = 89.33, Avg Acc = 92.82% +- 0.47%
EuroSAT iteration 295/400 : Query Acc = 89.33, Avg Acc = 92.81% +- 0.47%
EuroSAT iteration 296/400 : Query Acc = 94.67, Avg Acc = 92.82% +- 0.47%
EuroSAT iteration 297/400 : Query Acc = 92.00, Avg Acc = 92.81% +- 0.47%
EuroSAT iteration 298/400 : Query Acc = 96.00, Avg Acc = 92.82% +- 0.47%
EuroSAT iteration 299/400 : Query Acc = 97.33, Avg Acc = 92.84% +- 0.47%
EuroSAT iteration 300/400 : Query Acc = 88.00, Avg Acc = 92.82% +- 0.47%
EuroSAT | 300 / 400 Acc = 92.82% +- 0.47%
EuroSAT iteration 301/400 : Query Acc = 93.33, Avg Acc = 92.83% +- 0.46%
EuroSAT iteration 302/400 : Query Acc = 90.67, Avg Acc = 92.82% +- 0.46%
EuroSAT iteration 303/400 : Query Acc = 92.00, Avg Acc = 92.82% +- 0.46%
EuroSAT iteration 304/400 : Query Acc = 89.33, Avg Acc = 92.80% +- 0.46%
EuroSAT iteration 305/400 : Query Acc = 96.00, Avg Acc = 92.81% +- 0.46%
EuroSAT iteration 306/400 : Query Acc = 85.33, Avg Acc = 92.79% +- 0.46%
EuroSAT iteration 307/400 : Query Acc = 93.33, Avg Acc = 92.79% +- 0.46%
EuroSAT iteration 308/400 : Query Acc = 82.67, Avg Acc = 92.76% +- 0.46%
EuroSAT iteration 309/400 : Query Acc = 93.33, Avg Acc = 92.76% +- 0.46%
EuroSAT iteration 310/400 : Query Acc = 97.33, Avg Acc = 92.78% +- 0.46%
EuroSAT iteration 311/400 : Query Acc = 90.67, Avg Acc = 92.77% +- 0.46%
EuroSAT iteration 312/400 : Query Acc = 93.33, Avg Acc = 92.77% +- 0.46%
EuroSAT iteration 313/400 : Query Acc = 90.67, Avg Acc = 92.76% +- 0.46%
EuroSAT iteration 314/400 : Query Acc = 90.67, Avg Acc = 92.76% +- 0.46%
EuroSAT iteration 315/400 : Query Acc = 90.67, Avg Acc = 92.75% +- 0.45%
EuroSAT iteration 316/400 : Query Acc = 86.67, Avg Acc = 92.73% +- 0.45%
EuroSAT iteration 317/400 : Query Acc = 89.33, Avg Acc = 92.72% +- 0.45%
EuroSAT iteration 318/400 : Query Acc = 96.00, Avg Acc = 92.73% +- 0.45%
EuroSAT iteration 319/400 : Query Acc = 82.67, Avg Acc = 92.70% +- 0.45%
EuroSAT iteration 320/400 : Query Acc = 93.33, Avg Acc = 92.70% +- 0.45%
EuroSAT iteration 321/400 : Query Acc = 96.00, Avg Acc = 92.71% +- 0.45%
EuroSAT iteration 322/400 : Query Acc = 94.67, Avg Acc = 92.72% +- 0.45%
EuroSAT iteration 323/400 : Query Acc = 96.00, Avg Acc = 92.73% +- 0.45%
EuroSAT iteration 324/400 : Query Acc = 90.67, Avg Acc = 92.72% +- 0.45%
EuroSAT iteration 325/400 : Query Acc = 86.67, Avg Acc = 92.70% +- 0.45%
EuroSAT iteration 326/400 : Query Acc = 90.67, Avg Acc = 92.70% +- 0.45%
EuroSAT iteration 327/400 : Query Acc = 93.33, Avg Acc = 92.70% +- 0.45%
EuroSAT iteration 328/400 : Query Acc = 84.00, Avg Acc = 92.67% +- 0.45%
EuroSAT iteration 329/400 : Query Acc = 94.67, Avg Acc = 92.68% +- 0.45%
EuroSAT iteration 330/400 : Query Acc = 92.00, Avg Acc = 92.68% +- 0.45%
EuroSAT iteration 331/400 : Query Acc = 94.67, Avg Acc = 92.68% +- 0.44%
EuroSAT iteration 332/400 : Query Acc = 92.00, Avg Acc = 92.68% +- 0.44%
EuroSAT iteration 333/400 : Query Acc = 82.67, Avg Acc = 92.65% +- 0.45%
EuroSAT iteration 334/400 : Query Acc = 98.67, Avg Acc = 92.67% +- 0.45%
EuroSAT iteration 335/400 : Query Acc = 96.00, Avg Acc = 92.68% +- 0.45%
EuroSAT iteration 336/400 : Query Acc = 93.33, Avg Acc = 92.68% +- 0.44%
EuroSAT iteration 337/400 : Query Acc = 89.33, Avg Acc = 92.67% +- 0.44%
EuroSAT iteration 338/400 : Query Acc = 92.00, Avg Acc = 92.67% +- 0.44%
EuroSAT iteration 339/400 : Query Acc = 97.33, Avg Acc = 92.68% +- 0.44%
EuroSAT iteration 340/400 : Query Acc = 90.67, Avg Acc = 92.68% +- 0.44%
EuroSAT iteration 341/400 : Query Acc = 86.67, Avg Acc = 92.66% +- 0.44%
EuroSAT iteration 342/400 : Query Acc = 98.67, Avg Acc = 92.68% +- 0.44%
EuroSAT iteration 343/400 : Query Acc = 94.67, Avg Acc = 92.68% +- 0.44%
EuroSAT iteration 344/400 : Query Acc = 94.67, Avg Acc = 92.69% +- 0.44%
EuroSAT iteration 345/400 : Query Acc = 86.67, Avg Acc = 92.67% +- 0.44%
EuroSAT iteration 346/400 : Query Acc = 94.67, Avg Acc = 92.68% +- 0.44%
EuroSAT iteration 347/400 : Query Acc = 92.00, Avg Acc = 92.67% +- 0.44%
EuroSAT iteration 348/400 : Query Acc = 94.67, Avg Acc = 92.68% +- 0.43%
EuroSAT iteration 349/400 : Query Acc = 97.33, Avg Acc = 92.69% +- 0.43%
EuroSAT iteration 350/400 : Query Acc = 82.67, Avg Acc = 92.66% +- 0.44%
EuroSAT iteration 351/400 : Query Acc = 94.67, Avg Acc = 92.67% +- 0.44%
EuroSAT iteration 352/400 : Query Acc = 93.33, Avg Acc = 92.67% +- 0.43%
EuroSAT iteration 353/400 : Query Acc = 93.33, Avg Acc = 92.67% +- 0.43%
EuroSAT iteration 354/400 : Query Acc = 90.67, Avg Acc = 92.67% +- 0.43%
EuroSAT iteration 355/400 : Query Acc = 98.67, Avg Acc = 92.69% +- 0.43%
EuroSAT iteration 356/400 : Query Acc = 93.33, Avg Acc = 92.69% +- 0.43%
EuroSAT iteration 357/400 : Query Acc = 97.33, Avg Acc = 92.70% +- 0.43%
EuroSAT iteration 358/400 : Query Acc = 93.33, Avg Acc = 92.70% +- 0.43%
EuroSAT iteration 359/400 : Query Acc = 92.00, Avg Acc = 92.70% +- 0.43%
EuroSAT iteration 360/400 : Query Acc = 93.33, Avg Acc = 92.70% +- 0.43%
EuroSAT iteration 361/400 : Query Acc = 93.33, Avg Acc = 92.70% +- 0.43%
EuroSAT iteration 362/400 : Query Acc = 94.67, Avg Acc = 92.71% +- 0.42%
EuroSAT iteration 363/400 : Query Acc = 90.67, Avg Acc = 92.70% +- 0.42%
EuroSAT iteration 364/400 : Query Acc = 88.00, Avg Acc = 92.69% +- 0.42%
EuroSAT iteration 365/400 : Query Acc = 93.33, Avg Acc = 92.69% +- 0.42%
EuroSAT iteration 366/400 : Query Acc = 96.00, Avg Acc = 92.70% +- 0.42%
EuroSAT iteration 367/400 : Query Acc = 93.33, Avg Acc = 92.70% +- 0.42%
EuroSAT iteration 368/400 : Query Acc = 96.00, Avg Acc = 92.71% +- 0.42%
EuroSAT iteration 369/400 : Query Acc = 88.00, Avg Acc = 92.70% +- 0.42%
EuroSAT iteration 370/400 : Query Acc = 92.00, Avg Acc = 92.70% +- 0.42%
EuroSAT iteration 371/400 : Query Acc = 92.00, Avg Acc = 92.70% +- 0.42%
EuroSAT iteration 372/400 : Query Acc = 98.67, Avg Acc = 92.71% +- 0.42%
EuroSAT iteration 373/400 : Query Acc = 96.00, Avg Acc = 92.72% +- 0.42%
EuroSAT iteration 374/400 : Query Acc = 97.33, Avg Acc = 92.73% +- 0.42%
EuroSAT iteration 375/400 : Query Acc = 96.00, Avg Acc = 92.74% +- 0.41%
EuroSAT iteration 376/400 : Query Acc = 90.67, Avg Acc = 92.74% +- 0.41%
EuroSAT iteration 377/400 : Query Acc = 90.67, Avg Acc = 92.73% +- 0.41%
EuroSAT iteration 378/400 : Query Acc = 96.00, Avg Acc = 92.74% +- 0.41%
EuroSAT iteration 379/400 : Query Acc = 93.33, Avg Acc = 92.74% +- 0.41%
EuroSAT iteration 380/400 : Query Acc = 92.00, Avg Acc = 92.74% +- 0.41%
EuroSAT iteration 381/400 : Query Acc = 97.33, Avg Acc = 92.75% +- 0.41%
EuroSAT iteration 382/400 : Query Acc = 97.33, Avg Acc = 92.76% +- 0.41%
EuroSAT iteration 383/400 : Query Acc = 93.33, Avg Acc = 92.76% +- 0.41%
EuroSAT iteration 384/400 : Query Acc = 94.67, Avg Acc = 92.77% +- 0.41%
EuroSAT iteration 385/400 : Query Acc = 94.67, Avg Acc = 92.77% +- 0.41%
EuroSAT iteration 386/400 : Query Acc = 88.00, Avg Acc = 92.76% +- 0.41%
EuroSAT iteration 387/400 : Query Acc = 85.33, Avg Acc = 92.74% +- 0.41%
EuroSAT iteration 388/400 : Query Acc = 92.00, Avg Acc = 92.74% +- 0.41%
EuroSAT iteration 389/400 : Query Acc = 90.67, Avg Acc = 92.74% +- 0.40%
EuroSAT iteration 390/400 : Query Acc = 94.67, Avg Acc = 92.74% +- 0.40%
EuroSAT iteration 391/400 : Query Acc = 94.67, Avg Acc = 92.74% +- 0.40%
EuroSAT iteration 392/400 : Query Acc = 100.00, Avg Acc = 92.76% +- 0.40%
EuroSAT iteration 393/400 : Query Acc = 97.33, Avg Acc = 92.77% +- 0.40%
EuroSAT iteration 394/400 : Query Acc = 96.00, Avg Acc = 92.78% +- 0.40%
EuroSAT iteration 395/400 : Query Acc = 94.67, Avg Acc = 92.79% +- 0.40%
EuroSAT iteration 396/400 : Query Acc = 94.67, Avg Acc = 92.79% +- 0.40%
EuroSAT iteration 397/400 : Query Acc = 96.00, Avg Acc = 92.80% +- 0.40%
EuroSAT iteration 398/400 : Query Acc = 93.33, Avg Acc = 92.80% +- 0.40%
EuroSAT iteration 399/400 : Query Acc = 96.00, Avg Acc = 92.81% +- 0.40%
Euro 400 Test Acc = 92.81% +- 0.40%
