set seed = 1
FineTune! 5 shots on ISIC dataset
ISIC iteration 0/400 : Query Acc = 56.00, Avg Acc = 56.00% +- 0.00%
ISIC | 0 / 400 Acc = 56.00% +- 0.00%
ISIC iteration 1/400 : Query Acc = 38.67, Avg Acc = 47.33% +- 12.01%
ISIC iteration 2/400 : Query Acc = 65.33, Avg Acc = 53.33% +- 12.50%
ISIC iteration 3/400 : Query Acc = 48.00, Avg Acc = 52.00% +- 9.65%
ISIC iteration 4/400 : Query Acc = 54.67, Avg Acc = 52.53% +- 7.77%
ISIC iteration 5/400 : Query Acc = 57.33, Avg Acc = 53.33% +- 6.63%
ISIC iteration 6/400 : Query Acc = 53.33, Avg Acc = 53.33% +- 5.69%
ISIC iteration 7/400 : Query Acc = 48.00, Avg Acc = 52.67% +- 5.12%
ISIC iteration 8/400 : Query Acc = 40.00, Avg Acc = 51.26% +- 5.24%
ISIC iteration 9/400 : Query Acc = 53.33, Avg Acc = 51.47% +- 4.74%
ISIC iteration 10/400 : Query Acc = 44.00, Avg Acc = 50.79% +- 4.49%
ISIC iteration 11/400 : Query Acc = 46.67, Avg Acc = 50.44% +- 4.16%
ISIC iteration 12/400 : Query Acc = 69.33, Avg Acc = 51.90% +- 4.72%
ISIC iteration 13/400 : Query Acc = 42.67, Avg Acc = 51.24% +- 4.55%
ISIC iteration 14/400 : Query Acc = 50.67, Avg Acc = 51.20% +- 4.25%
ISIC iteration 15/400 : Query Acc = 37.33, Avg Acc = 50.33% +- 4.31%
ISIC iteration 16/400 : Query Acc = 45.33, Avg Acc = 50.04% +- 4.10%
ISIC iteration 17/400 : Query Acc = 42.67, Avg Acc = 49.63% +- 3.95%
ISIC iteration 18/400 : Query Acc = 53.33, Avg Acc = 49.82% +- 3.76%
ISIC iteration 19/400 : Query Acc = 54.67, Avg Acc = 50.07% +- 3.60%
ISIC iteration 20/400 : Query Acc = 49.33, Avg Acc = 50.03% +- 3.43%
ISIC iteration 21/400 : Query Acc = 42.67, Avg Acc = 49.70% +- 3.34%
ISIC iteration 22/400 : Query Acc = 65.33, Avg Acc = 50.38% +- 3.45%
ISIC iteration 23/400 : Query Acc = 53.33, Avg Acc = 50.50% +- 3.31%
ISIC iteration 24/400 : Query Acc = 45.33, Avg Acc = 50.29% +- 3.20%
ISIC iteration 25/400 : Query Acc = 50.67, Avg Acc = 50.31% +- 3.08%
ISIC iteration 26/400 : Query Acc = 54.67, Avg Acc = 50.47% +- 2.98%
ISIC iteration 27/400 : Query Acc = 68.00, Avg Acc = 51.10% +- 3.12%
ISIC iteration 28/400 : Query Acc = 41.33, Avg Acc = 50.76% +- 3.08%
ISIC iteration 29/400 : Query Acc = 52.00, Avg Acc = 50.80% +- 2.98%
ISIC iteration 30/400 : Query Acc = 64.00, Avg Acc = 51.23% +- 3.00%
ISIC iteration 31/400 : Query Acc = 48.00, Avg Acc = 51.12% +- 2.91%
ISIC iteration 32/400 : Query Acc = 38.67, Avg Acc = 50.75% +- 2.91%
ISIC iteration 33/400 : Query Acc = 50.67, Avg Acc = 50.75% +- 2.83%
ISIC iteration 34/400 : Query Acc = 45.33, Avg Acc = 50.59% +- 2.76%
ISIC iteration 35/400 : Query Acc = 41.33, Avg Acc = 50.33% +- 2.73%
ISIC iteration 36/400 : Query Acc = 58.67, Avg Acc = 50.56% +- 2.69%
ISIC iteration 37/400 : Query Acc = 54.67, Avg Acc = 50.67% +- 2.63%
ISIC iteration 38/400 : Query Acc = 40.00, Avg Acc = 50.39% +- 2.62%
ISIC iteration 39/400 : Query Acc = 32.00, Avg Acc = 49.93% +- 2.70%
ISIC iteration 40/400 : Query Acc = 44.00, Avg Acc = 49.79% +- 2.65%
ISIC iteration 41/400 : Query Acc = 53.33, Avg Acc = 49.87% +- 2.59%
ISIC iteration 42/400 : Query Acc = 48.00, Avg Acc = 49.83% +- 2.54%
ISIC iteration 43/400 : Query Acc = 56.00, Avg Acc = 49.97% +- 2.49%
ISIC iteration 44/400 : Query Acc = 61.33, Avg Acc = 50.22% +- 2.49%
ISIC iteration 45/400 : Query Acc = 41.33, Avg Acc = 50.03% +- 2.46%
ISIC iteration 46/400 : Query Acc = 54.67, Avg Acc = 50.13% +- 2.42%
ISIC iteration 47/400 : Query Acc = 42.67, Avg Acc = 49.97% +- 2.38%
ISIC iteration 48/400 : Query Acc = 44.00, Avg Acc = 49.85% +- 2.35%
ISIC iteration 49/400 : Query Acc = 53.33, Avg Acc = 49.92% +- 2.30%
ISIC iteration 50/400 : Query Acc = 64.00, Avg Acc = 50.20% +- 2.32%
ISIC iteration 51/400 : Query Acc = 56.00, Avg Acc = 50.31% +- 2.29%
ISIC iteration 52/400 : Query Acc = 52.00, Avg Acc = 50.34% +- 2.25%
ISIC iteration 53/400 : Query Acc = 56.00, Avg Acc = 50.44% +- 2.21%
ISIC iteration 54/400 : Query Acc = 64.00, Avg Acc = 50.69% +- 2.23%
ISIC iteration 55/400 : Query Acc = 54.67, Avg Acc = 50.76% +- 2.19%
ISIC iteration 56/400 : Query Acc = 49.33, Avg Acc = 50.74% +- 2.15%
ISIC iteration 57/400 : Query Acc = 49.33, Avg Acc = 50.71% +- 2.12%
ISIC iteration 58/400 : Query Acc = 49.33, Avg Acc = 50.69% +- 2.08%
ISIC iteration 59/400 : Query Acc = 50.67, Avg Acc = 50.69% +- 2.05%
ISIC iteration 60/400 : Query Acc = 65.33, Avg Acc = 50.93% +- 2.07%
ISIC iteration 61/400 : Query Acc = 60.00, Avg Acc = 51.08% +- 2.05%
ISIC iteration 62/400 : Query Acc = 44.00, Avg Acc = 50.96% +- 2.03%
ISIC iteration 63/400 : Query Acc = 42.67, Avg Acc = 50.83% +- 2.01%
ISIC iteration 64/400 : Query Acc = 56.00, Avg Acc = 50.91% +- 1.99%
ISIC iteration 65/400 : Query Acc = 45.33, Avg Acc = 50.83% +- 1.97%
ISIC iteration 66/400 : Query Acc = 46.67, Avg Acc = 50.77% +- 1.94%
ISIC iteration 67/400 : Query Acc = 49.33, Avg Acc = 50.75% +- 1.91%
ISIC iteration 68/400 : Query Acc = 57.33, Avg Acc = 50.84% +- 1.89%
ISIC iteration 69/400 : Query Acc = 54.67, Avg Acc = 50.90% +- 1.87%
ISIC iteration 70/400 : Query Acc = 54.67, Avg Acc = 50.95% +- 1.85%
ISIC iteration 71/400 : Query Acc = 56.00, Avg Acc = 51.02% +- 1.83%
ISIC iteration 72/400 : Query Acc = 56.00, Avg Acc = 51.09% +- 1.81%
ISIC iteration 73/400 : Query Acc = 58.67, Avg Acc = 51.19% +- 1.79%
ISIC iteration 74/400 : Query Acc = 48.00, Avg Acc = 51.15% +- 1.77%
ISIC iteration 75/400 : Query Acc = 40.00, Avg Acc = 51.00% +- 1.77%
ISIC iteration 76/400 : Query Acc = 54.67, Avg Acc = 51.05% +- 1.75%
ISIC iteration 77/400 : Query Acc = 48.00, Avg Acc = 51.01% +- 1.73%
ISIC iteration 78/400 : Query Acc = 60.00, Avg Acc = 51.12% +- 1.72%
ISIC iteration 79/400 : Query Acc = 61.33, Avg Acc = 51.25% +- 1.72%
ISIC iteration 80/400 : Query Acc = 41.33, Avg Acc = 51.13% +- 1.71%
ISIC iteration 81/400 : Query Acc = 48.00, Avg Acc = 51.09% +- 1.69%
ISIC iteration 82/400 : Query Acc = 53.33, Avg Acc = 51.12% +- 1.68%
ISIC iteration 83/400 : Query Acc = 40.00, Avg Acc = 50.98% +- 1.68%
ISIC iteration 84/400 : Query Acc = 50.67, Avg Acc = 50.98% +- 1.66%
ISIC iteration 85/400 : Query Acc = 42.67, Avg Acc = 50.88% +- 1.65%
ISIC iteration 86/400 : Query Acc = 64.00, Avg Acc = 51.03% +- 1.65%
ISIC iteration 87/400 : Query Acc = 53.33, Avg Acc = 51.06% +- 1.64%
ISIC iteration 88/400 : Query Acc = 53.33, Avg Acc = 51.09% +- 1.62%
ISIC iteration 89/400 : Query Acc = 36.00, Avg Acc = 50.92% +- 1.63%
ISIC iteration 90/400 : Query Acc = 45.33, Avg Acc = 50.86% +- 1.62%
ISIC iteration 91/400 : Query Acc = 73.33, Avg Acc = 51.10% +- 1.67%
ISIC iteration 92/400 : Query Acc = 42.67, Avg Acc = 51.01% +- 1.66%
ISIC iteration 93/400 : Query Acc = 37.33, Avg Acc = 50.87% +- 1.67%
ISIC iteration 94/400 : Query Acc = 65.33, Avg Acc = 51.02% +- 1.68%
ISIC iteration 95/400 : Query Acc = 68.00, Avg Acc = 51.19% +- 1.70%
ISIC iteration 96/400 : Query Acc = 56.00, Avg Acc = 51.24% +- 1.68%
ISIC iteration 97/400 : Query Acc = 49.33, Avg Acc = 51.22% +- 1.67%
ISIC iteration 98/400 : Query Acc = 50.67, Avg Acc = 51.22% +- 1.65%
ISIC iteration 99/400 : Query Acc = 52.00, Avg Acc = 51.23% +- 1.63%
ISIC iteration 100/400 : Query Acc = 36.00, Avg Acc = 51.08% +- 1.64%
ISIC | 100 / 400 Acc = 51.08% +- 1.64%
ISIC iteration 101/400 : Query Acc = 62.67, Avg Acc = 51.19% +- 1.64%
ISIC iteration 102/400 : Query Acc = 52.00, Avg Acc = 51.20% +- 1.63%
ISIC iteration 103/400 : Query Acc = 57.33, Avg Acc = 51.26% +- 1.61%
ISIC iteration 104/400 : Query Acc = 46.67, Avg Acc = 51.21% +- 1.60%
ISIC iteration 105/400 : Query Acc = 52.00, Avg Acc = 51.22% +- 1.59%
ISIC iteration 106/400 : Query Acc = 56.00, Avg Acc = 51.26% +- 1.57%
ISIC iteration 107/400 : Query Acc = 38.67, Avg Acc = 51.15% +- 1.58%
ISIC iteration 108/400 : Query Acc = 44.00, Avg Acc = 51.08% +- 1.57%
ISIC iteration 109/400 : Query Acc = 50.67, Avg Acc = 51.08% +- 1.55%
ISIC iteration 110/400 : Query Acc = 49.33, Avg Acc = 51.06% +- 1.54%
ISIC iteration 111/400 : Query Acc = 58.67, Avg Acc = 51.13% +- 1.53%
ISIC iteration 112/400 : Query Acc = 52.00, Avg Acc = 51.14% +- 1.52%
ISIC iteration 113/400 : Query Acc = 64.00, Avg Acc = 51.25% +- 1.52%
ISIC iteration 114/400 : Query Acc = 29.33, Avg Acc = 51.06% +- 1.55%
ISIC iteration 115/400 : Query Acc = 42.67, Avg Acc = 50.99% +- 1.54%
ISIC iteration 116/400 : Query Acc = 57.33, Avg Acc = 51.04% +- 1.54%
ISIC iteration 117/400 : Query Acc = 49.33, Avg Acc = 51.03% +- 1.52%
ISIC iteration 118/400 : Query Acc = 54.67, Avg Acc = 51.06% +- 1.51%
ISIC iteration 119/400 : Query Acc = 57.33, Avg Acc = 51.11% +- 1.50%
ISIC iteration 120/400 : Query Acc = 53.33, Avg Acc = 51.13% +- 1.49%
ISIC iteration 121/400 : Query Acc = 57.33, Avg Acc = 51.18% +- 1.48%
ISIC iteration 122/400 : Query Acc = 56.00, Avg Acc = 51.22% +- 1.47%
ISIC iteration 123/400 : Query Acc = 53.33, Avg Acc = 51.24% +- 1.46%
ISIC iteration 124/400 : Query Acc = 54.67, Avg Acc = 51.26% +- 1.45%
ISIC iteration 125/400 : Query Acc = 45.33, Avg Acc = 51.22% +- 1.44%
ISIC iteration 126/400 : Query Acc = 56.00, Avg Acc = 51.25% +- 1.43%
ISIC iteration 127/400 : Query Acc = 41.33, Avg Acc = 51.18% +- 1.43%
ISIC iteration 128/400 : Query Acc = 46.67, Avg Acc = 51.14% +- 1.42%
ISIC iteration 129/400 : Query Acc = 52.00, Avg Acc = 51.15% +- 1.41%
ISIC iteration 130/400 : Query Acc = 44.00, Avg Acc = 51.09% +- 1.40%
ISIC iteration 131/400 : Query Acc = 58.67, Avg Acc = 51.15% +- 1.39%
ISIC iteration 132/400 : Query Acc = 58.67, Avg Acc = 51.21% +- 1.39%
ISIC iteration 133/400 : Query Acc = 57.33, Avg Acc = 51.25% +- 1.38%
ISIC iteration 134/400 : Query Acc = 46.67, Avg Acc = 51.22% +- 1.37%
ISIC iteration 135/400 : Query Acc = 53.33, Avg Acc = 51.24% +- 1.36%
ISIC iteration 136/400 : Query Acc = 49.33, Avg Acc = 51.22% +- 1.35%
ISIC iteration 137/400 : Query Acc = 52.00, Avg Acc = 51.23% +- 1.34%
ISIC iteration 138/400 : Query Acc = 57.33, Avg Acc = 51.27% +- 1.34%
ISIC iteration 139/400 : Query Acc = 48.00, Avg Acc = 51.25% +- 1.33%
ISIC iteration 140/400 : Query Acc = 46.67, Avg Acc = 51.22% +- 1.32%
ISIC iteration 141/400 : Query Acc = 44.00, Avg Acc = 51.16% +- 1.31%
ISIC iteration 142/400 : Query Acc = 61.33, Avg Acc = 51.24% +- 1.31%
ISIC iteration 143/400 : Query Acc = 53.33, Avg Acc = 51.25% +- 1.30%
ISIC iteration 144/400 : Query Acc = 61.33, Avg Acc = 51.32% +- 1.30%
ISIC iteration 145/400 : Query Acc = 54.67, Avg Acc = 51.34% +- 1.29%
ISIC iteration 146/400 : Query Acc = 56.00, Avg Acc = 51.37% +- 1.29%
ISIC iteration 147/400 : Query Acc = 42.67, Avg Acc = 51.32% +- 1.28%
ISIC iteration 148/400 : Query Acc = 64.00, Avg Acc = 51.40% +- 1.28%
ISIC iteration 149/400 : Query Acc = 46.67, Avg Acc = 51.37% +- 1.28%
ISIC iteration 150/400 : Query Acc = 61.33, Avg Acc = 51.43% +- 1.28%
ISIC iteration 151/400 : Query Acc = 61.33, Avg Acc = 51.50% +- 1.27%
ISIC iteration 152/400 : Query Acc = 57.33, Avg Acc = 51.54% +- 1.27%
ISIC iteration 153/400 : Query Acc = 58.67, Avg Acc = 51.58% +- 1.26%
ISIC iteration 154/400 : Query Acc = 60.00, Avg Acc = 51.64% +- 1.26%
ISIC iteration 155/400 : Query Acc = 37.33, Avg Acc = 51.55% +- 1.26%
ISIC iteration 156/400 : Query Acc = 60.00, Avg Acc = 51.60% +- 1.26%
ISIC iteration 157/400 : Query Acc = 44.00, Avg Acc = 51.55% +- 1.26%
ISIC iteration 158/400 : Query Acc = 42.67, Avg Acc = 51.50% +- 1.25%
ISIC iteration 159/400 : Query Acc = 41.33, Avg Acc = 51.43% +- 1.25%
ISIC iteration 160/400 : Query Acc = 40.00, Avg Acc = 51.36% +- 1.25%
ISIC iteration 161/400 : Query Acc = 56.00, Avg Acc = 51.39% +- 1.24%
ISIC iteration 162/400 : Query Acc = 38.67, Avg Acc = 51.31% +- 1.25%
ISIC iteration 163/400 : Query Acc = 68.00, Avg Acc = 51.41% +- 1.25%
ISIC iteration 164/400 : Query Acc = 41.33, Avg Acc = 51.35% +- 1.25%
ISIC iteration 165/400 : Query Acc = 64.00, Avg Acc = 51.43% +- 1.25%
ISIC iteration 166/400 : Query Acc = 44.00, Avg Acc = 51.39% +- 1.25%
ISIC iteration 167/400 : Query Acc = 62.67, Avg Acc = 51.45% +- 1.25%
ISIC iteration 168/400 : Query Acc = 53.33, Avg Acc = 51.46% +- 1.24%
ISIC iteration 169/400 : Query Acc = 42.67, Avg Acc = 51.41% +- 1.24%
ISIC iteration 170/400 : Query Acc = 57.33, Avg Acc = 51.45% +- 1.23%
ISIC iteration 171/400 : Query Acc = 40.00, Avg Acc = 51.38% +- 1.23%
ISIC iteration 172/400 : Query Acc = 58.67, Avg Acc = 51.42% +- 1.23%
ISIC iteration 173/400 : Query Acc = 57.33, Avg Acc = 51.46% +- 1.22%
ISIC iteration 174/400 : Query Acc = 54.67, Avg Acc = 51.47% +- 1.22%
ISIC iteration 175/400 : Query Acc = 52.00, Avg Acc = 51.48% +- 1.21%
ISIC iteration 176/400 : Query Acc = 46.67, Avg Acc = 51.45% +- 1.20%
ISIC iteration 177/400 : Query Acc = 58.67, Avg Acc = 51.49% +- 1.20%
ISIC iteration 178/400 : Query Acc = 58.67, Avg Acc = 51.53% +- 1.20%
ISIC iteration 179/400 : Query Acc = 61.33, Avg Acc = 51.59% +- 1.19%
ISIC iteration 180/400 : Query Acc = 62.67, Avg Acc = 51.65% +- 1.19%
ISIC iteration 181/400 : Query Acc = 60.00, Avg Acc = 51.69% +- 1.19%
ISIC iteration 182/400 : Query Acc = 52.00, Avg Acc = 51.69% +- 1.18%
ISIC iteration 183/400 : Query Acc = 61.33, Avg Acc = 51.75% +- 1.18%
ISIC iteration 184/400 : Query Acc = 53.33, Avg Acc = 51.75% +- 1.18%
ISIC iteration 185/400 : Query Acc = 56.00, Avg Acc = 51.78% +- 1.17%
ISIC iteration 186/400 : Query Acc = 57.33, Avg Acc = 51.81% +- 1.16%
ISIC iteration 187/400 : Query Acc = 58.67, Avg Acc = 51.84% +- 1.16%
ISIC iteration 188/400 : Query Acc = 42.67, Avg Acc = 51.80% +- 1.16%
ISIC iteration 189/400 : Query Acc = 57.33, Avg Acc = 51.82% +- 1.15%
ISIC iteration 190/400 : Query Acc = 48.00, Avg Acc = 51.80% +- 1.15%
ISIC iteration 191/400 : Query Acc = 48.00, Avg Acc = 51.78% +- 1.14%
ISIC iteration 192/400 : Query Acc = 53.33, Avg Acc = 51.79% +- 1.14%
ISIC iteration 193/400 : Query Acc = 50.67, Avg Acc = 51.79% +- 1.13%
ISIC iteration 194/400 : Query Acc = 45.33, Avg Acc = 51.75% +- 1.13%
ISIC iteration 195/400 : Query Acc = 42.67, Avg Acc = 51.71% +- 1.13%
ISIC iteration 196/400 : Query Acc = 46.67, Avg Acc = 51.68% +- 1.12%
ISIC iteration 197/400 : Query Acc = 62.67, Avg Acc = 51.74% +- 1.12%
ISIC iteration 198/400 : Query Acc = 58.67, Avg Acc = 51.77% +- 1.12%
ISIC iteration 199/400 : Query Acc = 44.00, Avg Acc = 51.73% +- 1.11%
ISIC iteration 200/400 : Query Acc = 48.00, Avg Acc = 51.71% +- 1.11%
ISIC | 200 / 400 Acc = 51.71% +- 1.11%
ISIC iteration 201/400 : Query Acc = 60.00, Avg Acc = 51.76% +- 1.11%
ISIC iteration 202/400 : Query Acc = 48.00, Avg Acc = 51.74% +- 1.10%
ISIC iteration 203/400 : Query Acc = 40.00, Avg Acc = 51.68% +- 1.10%
ISIC iteration 204/400 : Query Acc = 49.33, Avg Acc = 51.67% +- 1.10%
ISIC iteration 205/400 : Query Acc = 46.67, Avg Acc = 51.64% +- 1.09%
ISIC iteration 206/400 : Query Acc = 54.67, Avg Acc = 51.66% +- 1.09%
ISIC iteration 207/400 : Query Acc = 57.33, Avg Acc = 51.69% +- 1.08%
ISIC iteration 208/400 : Query Acc = 53.33, Avg Acc = 51.69% +- 1.08%
ISIC iteration 209/400 : Query Acc = 56.00, Avg Acc = 51.71% +- 1.07%
ISIC iteration 210/400 : Query Acc = 50.67, Avg Acc = 51.71% +- 1.07%
ISIC iteration 211/400 : Query Acc = 45.33, Avg Acc = 51.68% +- 1.07%
ISIC iteration 212/400 : Query Acc = 65.33, Avg Acc = 51.74% +- 1.07%
ISIC iteration 213/400 : Query Acc = 56.00, Avg Acc = 51.76% +- 1.06%
ISIC iteration 214/400 : Query Acc = 52.00, Avg Acc = 51.76% +- 1.06%
ISIC iteration 215/400 : Query Acc = 58.67, Avg Acc = 51.80% +- 1.06%
ISIC iteration 216/400 : Query Acc = 45.33, Avg Acc = 51.77% +- 1.05%
ISIC iteration 217/400 : Query Acc = 73.33, Avg Acc = 51.87% +- 1.07%
ISIC iteration 218/400 : Query Acc = 61.33, Avg Acc = 51.91% +- 1.06%
ISIC iteration 219/400 : Query Acc = 57.33, Avg Acc = 51.93% +- 1.06%
ISIC iteration 220/400 : Query Acc = 53.33, Avg Acc = 51.94% +- 1.06%
ISIC iteration 221/400 : Query Acc = 61.33, Avg Acc = 51.98% +- 1.05%
ISIC iteration 222/400 : Query Acc = 56.00, Avg Acc = 52.00% +- 1.05%
ISIC iteration 223/400 : Query Acc = 49.33, Avg Acc = 51.99% +- 1.05%
ISIC iteration 224/400 : Query Acc = 49.33, Avg Acc = 51.98% +- 1.04%
ISIC iteration 225/400 : Query Acc = 52.00, Avg Acc = 51.98% +- 1.04%
ISIC iteration 226/400 : Query Acc = 41.33, Avg Acc = 51.93% +- 1.04%
ISIC iteration 227/400 : Query Acc = 44.00, Avg Acc = 51.89% +- 1.03%
ISIC iteration 228/400 : Query Acc = 41.33, Avg Acc = 51.85% +- 1.03%
ISIC iteration 229/400 : Query Acc = 44.00, Avg Acc = 51.81% +- 1.03%
ISIC iteration 230/400 : Query Acc = 36.00, Avg Acc = 51.75% +- 1.04%
ISIC iteration 231/400 : Query Acc = 36.00, Avg Acc = 51.68% +- 1.04%
ISIC iteration 232/400 : Query Acc = 41.33, Avg Acc = 51.63% +- 1.04%
ISIC iteration 233/400 : Query Acc = 53.33, Avg Acc = 51.64% +- 1.03%
ISIC iteration 234/400 : Query Acc = 57.33, Avg Acc = 51.67% +- 1.03%
ISIC iteration 235/400 : Query Acc = 53.33, Avg Acc = 51.67% +- 1.03%
ISIC iteration 236/400 : Query Acc = 45.33, Avg Acc = 51.65% +- 1.02%
ISIC iteration 237/400 : Query Acc = 62.67, Avg Acc = 51.69% +- 1.02%
ISIC iteration 238/400 : Query Acc = 44.00, Avg Acc = 51.66% +- 1.02%
ISIC iteration 239/400 : Query Acc = 46.67, Avg Acc = 51.64% +- 1.02%
ISIC iteration 240/400 : Query Acc = 61.33, Avg Acc = 51.68% +- 1.02%
ISIC iteration 241/400 : Query Acc = 42.67, Avg Acc = 51.64% +- 1.01%
ISIC iteration 242/400 : Query Acc = 62.67, Avg Acc = 51.69% +- 1.01%
ISIC iteration 243/400 : Query Acc = 48.00, Avg Acc = 51.67% +- 1.01%
ISIC iteration 244/400 : Query Acc = 60.00, Avg Acc = 51.71% +- 1.01%
ISIC iteration 245/400 : Query Acc = 50.67, Avg Acc = 51.70% +- 1.00%
ISIC iteration 246/400 : Query Acc = 40.00, Avg Acc = 51.65% +- 1.00%
ISIC iteration 247/400 : Query Acc = 44.00, Avg Acc = 51.62% +- 1.00%
ISIC iteration 248/400 : Query Acc = 38.67, Avg Acc = 51.57% +- 1.00%
ISIC iteration 249/400 : Query Acc = 54.67, Avg Acc = 51.58% +- 1.00%
ISIC iteration 250/400 : Query Acc = 57.33, Avg Acc = 51.61% +- 1.00%
ISIC iteration 251/400 : Query Acc = 53.33, Avg Acc = 51.61% +- 0.99%
ISIC iteration 252/400 : Query Acc = 54.67, Avg Acc = 51.63% +- 0.99%
ISIC iteration 253/400 : Query Acc = 58.67, Avg Acc = 51.65% +- 0.99%
ISIC iteration 254/400 : Query Acc = 40.00, Avg Acc = 51.61% +- 0.99%
ISIC iteration 255/400 : Query Acc = 60.00, Avg Acc = 51.64% +- 0.99%
ISIC iteration 256/400 : Query Acc = 54.67, Avg Acc = 51.65% +- 0.98%
ISIC iteration 257/400 : Query Acc = 36.00, Avg Acc = 51.59% +- 0.99%
ISIC iteration 258/400 : Query Acc = 52.00, Avg Acc = 51.59% +- 0.98%
ISIC iteration 259/400 : Query Acc = 37.33, Avg Acc = 51.54% +- 0.98%
ISIC iteration 260/400 : Query Acc = 44.00, Avg Acc = 51.51% +- 0.98%
ISIC iteration 261/400 : Query Acc = 64.00, Avg Acc = 51.56% +- 0.98%
ISIC iteration 262/400 : Query Acc = 53.33, Avg Acc = 51.56% +- 0.98%
ISIC iteration 263/400 : Query Acc = 56.00, Avg Acc = 51.58% +- 0.98%
ISIC iteration 264/400 : Query Acc = 49.33, Avg Acc = 51.57% +- 0.97%
ISIC iteration 265/400 : Query Acc = 61.33, Avg Acc = 51.61% +- 0.97%
ISIC iteration 266/400 : Query Acc = 61.33, Avg Acc = 51.65% +- 0.97%
ISIC iteration 267/400 : Query Acc = 37.33, Avg Acc = 51.59% +- 0.97%
ISIC iteration 268/400 : Query Acc = 58.67, Avg Acc = 51.62% +- 0.97%
ISIC iteration 269/400 : Query Acc = 50.67, Avg Acc = 51.61% +- 0.97%
ISIC iteration 270/400 : Query Acc = 48.00, Avg Acc = 51.60% +- 0.96%
ISIC iteration 271/400 : Query Acc = 61.33, Avg Acc = 51.64% +- 0.96%
ISIC iteration 272/400 : Query Acc = 37.33, Avg Acc = 51.58% +- 0.96%
ISIC iteration 273/400 : Query Acc = 42.67, Avg Acc = 51.55% +- 0.96%
ISIC iteration 274/400 : Query Acc = 49.33, Avg Acc = 51.54% +- 0.96%
ISIC iteration 275/400 : Query Acc = 58.67, Avg Acc = 51.57% +- 0.96%
ISIC iteration 276/400 : Query Acc = 58.67, Avg Acc = 51.60% +- 0.95%
ISIC iteration 277/400 : Query Acc = 50.67, Avg Acc = 51.59% +- 0.95%
ISIC iteration 278/400 : Query Acc = 48.00, Avg Acc = 51.58% +- 0.95%
ISIC iteration 279/400 : Query Acc = 61.33, Avg Acc = 51.61% +- 0.95%
ISIC iteration 280/400 : Query Acc = 34.67, Avg Acc = 51.55% +- 0.95%
ISIC iteration 281/400 : Query Acc = 34.67, Avg Acc = 51.49% +- 0.96%
ISIC iteration 282/400 : Query Acc = 57.33, Avg Acc = 51.51% +- 0.95%
ISIC iteration 283/400 : Query Acc = 61.33, Avg Acc = 51.55% +- 0.95%
ISIC iteration 284/400 : Query Acc = 45.33, Avg Acc = 51.53% +- 0.95%
ISIC iteration 285/400 : Query Acc = 49.33, Avg Acc = 51.52% +- 0.95%
ISIC iteration 286/400 : Query Acc = 54.67, Avg Acc = 51.53% +- 0.94%
ISIC iteration 287/400 : Query Acc = 40.00, Avg Acc = 51.49% +- 0.94%
ISIC iteration 288/400 : Query Acc = 54.67, Avg Acc = 51.50% +- 0.94%
ISIC iteration 289/400 : Query Acc = 46.67, Avg Acc = 51.49% +- 0.94%
ISIC iteration 290/400 : Query Acc = 50.67, Avg Acc = 51.48% +- 0.93%
ISIC iteration 291/400 : Query Acc = 58.67, Avg Acc = 51.51% +- 0.93%
ISIC iteration 292/400 : Query Acc = 56.00, Avg Acc = 51.52% +- 0.93%
ISIC iteration 293/400 : Query Acc = 38.67, Avg Acc = 51.48% +- 0.93%
ISIC iteration 294/400 : Query Acc = 41.33, Avg Acc = 51.44% +- 0.93%
ISIC iteration 295/400 : Query Acc = 38.67, Avg Acc = 51.40% +- 0.93%
ISIC iteration 296/400 : Query Acc = 54.67, Avg Acc = 51.41% +- 0.93%
ISIC iteration 297/400 : Query Acc = 62.67, Avg Acc = 51.45% +- 0.93%
ISIC iteration 298/400 : Query Acc = 49.33, Avg Acc = 51.44% +- 0.92%
ISIC iteration 299/400 : Query Acc = 40.00, Avg Acc = 51.40% +- 0.92%
ISIC iteration 300/400 : Query Acc = 46.67, Avg Acc = 51.39% +- 0.92%
ISIC | 300 / 400 Acc = 51.39% +- 0.92%
ISIC iteration 301/400 : Query Acc = 52.00, Avg Acc = 51.39% +- 0.92%
ISIC iteration 302/400 : Query Acc = 53.33, Avg Acc = 51.40% +- 0.92%
ISIC iteration 303/400 : Query Acc = 56.00, Avg Acc = 51.41% +- 0.91%
ISIC iteration 304/400 : Query Acc = 45.33, Avg Acc = 51.39% +- 0.91%
ISIC iteration 305/400 : Query Acc = 42.67, Avg Acc = 51.36% +- 0.91%
ISIC iteration 306/400 : Query Acc = 45.33, Avg Acc = 51.34% +- 0.91%
ISIC iteration 307/400 : Query Acc = 44.00, Avg Acc = 51.32% +- 0.91%
ISIC iteration 308/400 : Query Acc = 45.33, Avg Acc = 51.30% +- 0.90%
ISIC iteration 309/400 : Query Acc = 53.33, Avg Acc = 51.31% +- 0.90%
ISIC iteration 310/400 : Query Acc = 46.67, Avg Acc = 51.29% +- 0.90%
ISIC iteration 311/400 : Query Acc = 49.33, Avg Acc = 51.29% +- 0.90%
ISIC iteration 312/400 : Query Acc = 49.33, Avg Acc = 51.28% +- 0.89%
ISIC iteration 313/400 : Query Acc = 70.67, Avg Acc = 51.34% +- 0.90%
ISIC iteration 314/400 : Query Acc = 53.33, Avg Acc = 51.35% +- 0.90%
ISIC iteration 315/400 : Query Acc = 40.00, Avg Acc = 51.31% +- 0.90%
ISIC iteration 316/400 : Query Acc = 49.33, Avg Acc = 51.31% +- 0.89%
ISIC iteration 317/400 : Query Acc = 46.67, Avg Acc = 51.29% +- 0.89%
ISIC iteration 318/400 : Query Acc = 56.00, Avg Acc = 51.31% +- 0.89%
ISIC iteration 319/400 : Query Acc = 44.00, Avg Acc = 51.28% +- 0.89%
ISIC iteration 320/400 : Query Acc = 41.33, Avg Acc = 51.25% +- 0.89%
ISIC iteration 321/400 : Query Acc = 61.33, Avg Acc = 51.28% +- 0.88%
ISIC iteration 322/400 : Query Acc = 56.00, Avg Acc = 51.30% +- 0.88%
ISIC iteration 323/400 : Query Acc = 61.33, Avg Acc = 51.33% +- 0.88%
ISIC iteration 324/400 : Query Acc = 50.67, Avg Acc = 51.33% +- 0.88%
ISIC iteration 325/400 : Query Acc = 66.67, Avg Acc = 51.37% +- 0.88%
ISIC iteration 326/400 : Query Acc = 72.00, Avg Acc = 51.44% +- 0.89%
ISIC iteration 327/400 : Query Acc = 49.33, Avg Acc = 51.43% +- 0.88%
ISIC iteration 328/400 : Query Acc = 53.33, Avg Acc = 51.44% +- 0.88%
ISIC iteration 329/400 : Query Acc = 45.33, Avg Acc = 51.42% +- 0.88%
ISIC iteration 330/400 : Query Acc = 44.00, Avg Acc = 51.40% +- 0.88%
ISIC iteration 331/400 : Query Acc = 60.00, Avg Acc = 51.42% +- 0.88%
ISIC iteration 332/400 : Query Acc = 60.00, Avg Acc = 51.45% +- 0.88%
ISIC iteration 333/400 : Query Acc = 64.00, Avg Acc = 51.49% +- 0.88%
ISIC iteration 334/400 : Query Acc = 62.67, Avg Acc = 51.52% +- 0.88%
ISIC iteration 335/400 : Query Acc = 54.67, Avg Acc = 51.53% +- 0.87%
ISIC iteration 336/400 : Query Acc = 54.67, Avg Acc = 51.54% +- 0.87%
ISIC iteration 337/400 : Query Acc = 52.00, Avg Acc = 51.54% +- 0.87%
ISIC iteration 338/400 : Query Acc = 50.67, Avg Acc = 51.54% +- 0.87%
ISIC iteration 339/400 : Query Acc = 62.67, Avg Acc = 51.57% +- 0.87%
ISIC iteration 340/400 : Query Acc = 53.33, Avg Acc = 51.57% +- 0.86%
ISIC iteration 341/400 : Query Acc = 53.33, Avg Acc = 51.58% +- 0.86%
ISIC iteration 342/400 : Query Acc = 57.33, Avg Acc = 51.60% +- 0.86%
ISIC iteration 343/400 : Query Acc = 58.67, Avg Acc = 51.62% +- 0.86%
ISIC iteration 344/400 : Query Acc = 65.33, Avg Acc = 51.66% +- 0.86%
ISIC iteration 345/400 : Query Acc = 58.67, Avg Acc = 51.68% +- 0.86%
ISIC iteration 346/400 : Query Acc = 62.67, Avg Acc = 51.71% +- 0.86%
ISIC iteration 347/400 : Query Acc = 64.00, Avg Acc = 51.74% +- 0.86%
ISIC iteration 348/400 : Query Acc = 38.67, Avg Acc = 51.71% +- 0.86%
ISIC iteration 349/400 : Query Acc = 54.67, Avg Acc = 51.71% +- 0.86%
ISIC iteration 350/400 : Query Acc = 60.00, Avg Acc = 51.74% +- 0.85%
ISIC iteration 351/400 : Query Acc = 53.33, Avg Acc = 51.74% +- 0.85%
ISIC iteration 352/400 : Query Acc = 56.00, Avg Acc = 51.75% +- 0.85%
ISIC iteration 353/400 : Query Acc = 72.00, Avg Acc = 51.81% +- 0.86%
ISIC iteration 354/400 : Query Acc = 60.00, Avg Acc = 51.83% +- 0.85%
ISIC iteration 355/400 : Query Acc = 54.67, Avg Acc = 51.84% +- 0.85%
ISIC iteration 356/400 : Query Acc = 45.33, Avg Acc = 51.82% +- 0.85%
ISIC iteration 357/400 : Query Acc = 53.33, Avg Acc = 51.83% +- 0.85%
ISIC iteration 358/400 : Query Acc = 54.67, Avg Acc = 51.84% +- 0.85%
ISIC iteration 359/400 : Query Acc = 53.33, Avg Acc = 51.84% +- 0.84%
ISIC iteration 360/400 : Query Acc = 49.33, Avg Acc = 51.83% +- 0.84%
ISIC iteration 361/400 : Query Acc = 53.33, Avg Acc = 51.84% +- 0.84%
ISIC iteration 362/400 : Query Acc = 74.67, Avg Acc = 51.90% +- 0.85%
ISIC iteration 363/400 : Query Acc = 36.00, Avg Acc = 51.86% +- 0.85%
ISIC iteration 364/400 : Query Acc = 53.33, Avg Acc = 51.86% +- 0.85%
ISIC iteration 365/400 : Query Acc = 40.00, Avg Acc = 51.83% +- 0.85%
ISIC iteration 366/400 : Query Acc = 50.67, Avg Acc = 51.83% +- 0.84%
ISIC iteration 367/400 : Query Acc = 50.67, Avg Acc = 51.82% +- 0.84%
ISIC iteration 368/400 : Query Acc = 42.67, Avg Acc = 51.80% +- 0.84%
ISIC iteration 369/400 : Query Acc = 57.33, Avg Acc = 51.81% +- 0.84%
ISIC iteration 370/400 : Query Acc = 53.33, Avg Acc = 51.82% +- 0.84%
ISIC iteration 371/400 : Query Acc = 57.33, Avg Acc = 51.83% +- 0.83%
ISIC iteration 372/400 : Query Acc = 60.00, Avg Acc = 51.85% +- 0.83%
ISIC iteration 373/400 : Query Acc = 53.33, Avg Acc = 51.86% +- 0.83%
ISIC iteration 374/400 : Query Acc = 46.67, Avg Acc = 51.84% +- 0.83%
ISIC iteration 375/400 : Query Acc = 62.67, Avg Acc = 51.87% +- 0.83%
ISIC iteration 376/400 : Query Acc = 60.00, Avg Acc = 51.89% +- 0.83%
ISIC iteration 377/400 : Query Acc = 54.67, Avg Acc = 51.90% +- 0.83%
ISIC iteration 378/400 : Query Acc = 38.67, Avg Acc = 51.87% +- 0.83%
ISIC iteration 379/400 : Query Acc = 53.33, Avg Acc = 51.87% +- 0.82%
ISIC iteration 380/400 : Query Acc = 52.00, Avg Acc = 51.87% +- 0.82%
ISIC iteration 381/400 : Query Acc = 57.33, Avg Acc = 51.88% +- 0.82%
ISIC iteration 382/400 : Query Acc = 58.67, Avg Acc = 51.90% +- 0.82%
ISIC iteration 383/400 : Query Acc = 29.33, Avg Acc = 51.84% +- 0.82%
ISIC iteration 384/400 : Query Acc = 53.33, Avg Acc = 51.85% +- 0.82%
ISIC iteration 385/400 : Query Acc = 57.33, Avg Acc = 51.86% +- 0.82%
ISIC iteration 386/400 : Query Acc = 54.67, Avg Acc = 51.87% +- 0.82%
ISIC iteration 387/400 : Query Acc = 49.33, Avg Acc = 51.86% +- 0.82%
ISIC iteration 388/400 : Query Acc = 48.00, Avg Acc = 51.85% +- 0.82%
ISIC iteration 389/400 : Query Acc = 52.00, Avg Acc = 51.85% +- 0.81%
ISIC iteration 390/400 : Query Acc = 61.33, Avg Acc = 51.88% +- 0.81%
ISIC iteration 391/400 : Query Acc = 50.67, Avg Acc = 51.87% +- 0.81%
ISIC iteration 392/400 : Query Acc = 46.67, Avg Acc = 51.86% +- 0.81%
ISIC iteration 393/400 : Query Acc = 45.33, Avg Acc = 51.84% +- 0.81%
ISIC iteration 394/400 : Query Acc = 58.67, Avg Acc = 51.86% +- 0.81%
ISIC iteration 395/400 : Query Acc = 61.33, Avg Acc = 51.89% +- 0.81%
ISIC iteration 396/400 : Query Acc = 52.00, Avg Acc = 51.89% +- 0.80%
ISIC iteration 397/400 : Query Acc = 46.67, Avg Acc = 51.87% +- 0.80%
ISIC iteration 398/400 : Query Acc = 40.00, Avg Acc = 51.84% +- 0.80%
ISIC iteration 399/400 : Query Acc = 48.00, Avg Acc = 51.83% +- 0.80%
ISIC 400 Test Acc = 51.83% +- 0.80%
