[11:38:34 INFO] Device: cuda
[11:38:34 INFO] ============================================================
[11:38:34 INFO] Dataset: crop_disease, n_shot=5, Mode: Feature-SR (28x28)
[11:38:34 INFO] ============================================================
[11:38:34 INFO] Train: CropDiseaseDataset(split=train, n_classes=38, n_samples=190)
[11:38:34 INFO] Test:  CropDiseaseDataset(split=test, n_classes=38, n_samples=14059)
[11:38:34 INFO] Loading CLIP ViT-B/16...
[11:38:46 INFO] Applying LoRA (r=4, alpha=1.0)...
[11:38:46 INFO] Initializing Feature SR Module (scale=2, 14x14 -> 28x28)...
[11:38:46 INFO] Trainable parameters: 10,350,592
[11:38:46 INFO] LR Schedule: Cosine decay (no warmup)
/var/tmp/cc-cdfsl/train.py:457: FutureWarning: `torch.cuda.amp.GradScaler(args...)` is deprecated. Please use `torch.amp.GradScaler('cuda', args...)` instead.
  scaler = torch.cuda.amp.GradScaler() if device == "cuda" else None
[11:38:46 INFO] FP16 Automatic Mixed Precision (AMP) enabled.
[11:38:46 INFO] Initial evaluation (before training)...
[11:39:26 INFO]   Baseline: 40.35 ± 4.07%
/var/tmp/cc-cdfsl/train.py:213: FutureWarning: `torch.cuda.amp.autocast(args...)` is deprecated. Please use `torch.amp.autocast('cuda', args...)` instead.
  with torch.cuda.amp.autocast(enabled=(scaler is not None)):
[11:42:07 INFO] Epoch [  1/100] Loss: 1.8055 (CE:1.4595, TIT:0.2271, ITI:0.0256, CR:0.2687) Acc: 50.37%
[12:05:49 INFO] Epoch [ 10/100] Loss: 0.2546 (CE:0.0150, TIT:0.2292, ITI:0.0026, CR:0.0213) Acc: 88.87%
[12:10:36 INFO]   [Eval] Epoch 10: 89.34 ± 0.74% ✓ NEW BEST!
[12:10:36 INFO]   Saved best checkpoint: checkpoints_ablation_full/crop_disease_5shot_fsr_best.pth
[12:36:49 INFO] Epoch [ 20/100] Loss: 0.2454 (CE:0.0033, TIT:0.2387, ITI:0.0011, CR:0.0056) Acc: 89.87%
[12:41:35 INFO]   [Eval] Epoch 20: 89.75 ± 0.69% ✓ NEW BEST!
[12:41:36 INFO]   Saved best checkpoint: checkpoints_ablation_full/crop_disease_5shot_fsr_best.pth
[13:07:38 INFO] Epoch [ 30/100] Loss: 0.2397 (CE:0.0019, TIT:0.2361, ITI:0.0007, CR:0.0022) Acc: 89.08%
[13:12:23 INFO]   [Eval] Epoch 30: 89.52 ± 0.62%
[13:38:20 INFO] Epoch [ 40/100] Loss: 0.2456 (CE:0.0013, TIT:0.2379, ITI:0.0014, CR:0.0144) Acc: 88.31%
[13:43:07 INFO]   [Eval] Epoch 40: 89.19 ± 0.63%
[14:09:14 INFO] Epoch [ 50/100] Loss: 0.2425 (CE:0.0007, TIT:0.2403, ITI:0.0007, CR:0.0017) Acc: 88.52%
[14:14:03 INFO]   [Eval] Epoch 50: 88.86 ± 0.67%
[14:40:57 INFO] Epoch [ 60/100] Loss: 0.2306 (CE:0.0005, TIT:0.2289, ITI:0.0006, CR:0.0010) Acc: 88.48%
[14:46:03 INFO]   [Eval] Epoch 60: 89.31 ± 0.65%
[15:14:10 INFO] Epoch [ 70/100] Loss: 0.2328 (CE:0.0004, TIT:0.2315, ITI:0.0004, CR:0.0009) Acc: 88.76%
[15:19:16 INFO]   [Eval] Epoch 70: 88.91 ± 0.64%
[15:46:25 INFO] Epoch [ 80/100] Loss: 0.2438 (CE:0.0003, TIT:0.2429, ITI:0.0003, CR:0.0007) Acc: 90.25%
[15:51:32 INFO]   [Eval] Epoch 80: 88.55 ± 0.67%
[16:18:03 INFO] Epoch [ 90/100] Loss: 0.2396 (CE:0.0005, TIT:0.2385, ITI:0.0002, CR:0.0007) Acc: 87.05%
[16:23:18 INFO]   [Eval] Epoch 90: 88.30 ± 0.68%
[16:50:00 INFO] Epoch [100/100] Loss: 0.2363 (CE:0.0005, TIT:0.2353, ITI:0.0003, CR:0.0006) Acc: 87.79%
[16:54:57 INFO]   [Eval] Epoch 100: 88.48 ± 0.67%
[16:54:57 INFO] 
Best Acc: 89.75% at Epoch 20
[16:55:00 INFO] Loaded best checkpoint from epoch 20
[16:59:52 INFO] Final (Feature-SR (28x28)): 89.56 ± 0.67% (n_episodes=400)
[CropDiseases] 使用路徑：data/CropDiseases/New Plant Diseases Dataset(Augmented)/New Plant Diseases Dataset(Augmented)/train
[CropDiseaseDataset] Strict few-shot training enabled. Total training samples: 190 (n_shot=5)
[CropDiseases] 使用路徑：data/CropDiseases/New Plant Diseases Dataset(Augmented)/New Plant Diseases Dataset(Augmented)/train
