[07:09:01 INFO] Device: cuda
[07:09:01 INFO] ============================================================
[07:09:01 INFO] Dataset: eurosat, n_shot=5, Mode: Feature-SR (28x28)
[07:09:01 INFO] ============================================================
[07:09:01 INFO] Train: EuroSATDataset(split=train, n_classes=10, n_samples=50)
[07:09:01 INFO] Test:  EuroSATDataset(split=test, n_classes=10, n_samples=5400)
[07:09:01 INFO] Loading CLIP ViT-B/16...
[07:09:12 INFO] Applying LoRA (r=4, alpha=1.0)...
[07:09:12 INFO] Initializing Feature SR Module (scale=2, 14x14 -> 28x28)...
[07:09:13 INFO] Trainable parameters: 6,145,024
[07:09:13 INFO] LR Schedule: Cosine decay (no warmup)
/var/tmp/cc-cdfsl/train.py:457: FutureWarning: `torch.cuda.amp.GradScaler(args...)` is deprecated. Please use `torch.amp.GradScaler('cuda', args...)` instead.
  scaler = torch.cuda.amp.GradScaler() if device == "cuda" else None
[07:09:13 INFO] FP16 Automatic Mixed Precision (AMP) enabled.
[07:09:13 INFO] Initial evaluation (before training)...
[07:09:46 INFO]   Baseline: 48.00 ± 3.14%
/var/tmp/cc-cdfsl/train.py:213: FutureWarning: `torch.cuda.amp.autocast(args...)` is deprecated. Please use `torch.amp.autocast('cuda', args...)` instead.
  with torch.cuda.amp.autocast(enabled=(scaler is not None)):
[07:11:58 INFO] Epoch [  1/100] Loss: 0.8047 (CE:0.5673, TIT:0.0934, ITI:0.1325, CR:0.2360) Acc: 69.75%
[07:31:56 INFO] Epoch [ 10/100] Loss: 0.2036 (CE:0.0005, TIT:0.1277, ITI:0.0406, CR:0.0110) Acc: 89.99%
[07:36:27 INFO]   [Eval] Epoch 10: 90.02 ± 0.39% ✓ NEW BEST!
[07:36:27 INFO]   Saved best checkpoint: checkpoints_ablation_no_refiner/eurosat_5shot_fsr_best.pth
[07:58:22 INFO] Epoch [ 20/100] Loss: 0.2082 (CE:0.0002, TIT:0.1358, ITI:0.0148, CR:0.0045) Acc: 89.65%
[08:02:52 INFO]   [Eval] Epoch 20: 89.49 ± 0.43%
[08:24:48 INFO] Epoch [ 30/100] Loss: 0.2133 (CE:0.0001, TIT:0.1410, ITI:0.0042, CR:0.0025) Acc: 89.48%
[08:29:16 INFO]   [Eval] Epoch 30: 89.10 ± 0.44%
[08:51:14 INFO] Epoch [ 40/100] Loss: 0.2112 (CE:0.0001, TIT:0.1401, ITI:0.0020, CR:0.0016) Acc: 88.31%
[08:55:42 INFO]   [Eval] Epoch 40: 88.38 ± 0.47%
[09:17:33 INFO] Epoch [ 50/100] Loss: 0.2123 (CE:0.0001, TIT:0.1411, ITI:0.0013, CR:0.0008) Acc: 88.21%
[09:22:02 INFO]   [Eval] Epoch 50: 87.91 ± 0.46%
[09:43:59 INFO] Epoch [ 60/100] Loss: 0.2060 (CE:0.0001, TIT:0.1369, ITI:0.0012, CR:0.0007) Acc: 87.95%
[09:48:26 INFO]   [Eval] Epoch 60: 88.57 ± 0.42%
[10:10:21 INFO] Epoch [ 70/100] Loss: 0.2102 (CE:0.0001, TIT:0.1398, ITI:0.0012, CR:0.0006) Acc: 87.81%
[10:14:51 INFO]   [Eval] Epoch 70: 88.53 ± 0.43%
[10:36:40 INFO] Epoch [ 80/100] Loss: 0.2078 (CE:0.0001, TIT:0.1382, ITI:0.0011, CR:0.0005) Acc: 89.49%
[10:41:07 INFO]   [Eval] Epoch 80: 87.87 ± 0.42%
[11:02:57 INFO] Epoch [ 90/100] Loss: 0.2051 (CE:0.0001, TIT:0.1365, ITI:0.0010, CR:0.0004) Acc: 87.32%
[11:07:25 INFO]   [Eval] Epoch 90: 88.24 ± 0.44%
[11:29:15 INFO] Epoch [100/100] Loss: 0.2093 (CE:0.0001, TIT:0.1393, ITI:0.0010, CR:0.0004) Acc: 88.04%
[11:33:43 INFO]   [Eval] Epoch 100: 87.78 ± 0.44%
[11:33:43 INFO] 
Best Acc: 90.02% at Epoch 10
[11:33:46 INFO] Loaded best checkpoint from epoch 10
[11:38:15 INFO] Final (Feature-SR (28x28)): 89.96 ± 0.43% (n_episodes=400)
[EuroSATDataset] Strict few-shot training enabled. Total training samples: 50 (n_shot=5)
