[20:47:15 INFO] Device: cuda
[20:47:15 INFO] ============================================================
[20:47:15 INFO] Dataset: eurosat, n_shot=5, Mode: Feature-SR (28x28)
[20:47:15 INFO] ============================================================
[20:47:15 INFO] Train: EuroSATDataset(split=train, n_classes=10, n_samples=50)
[20:47:15 INFO] Test:  EuroSATDataset(split=test, n_classes=10, n_samples=5400)
[20:47:15 INFO] Loading CLIP ViT-B/16...
[20:47:32 INFO] Applying LoRA (r=4, alpha=1.0)...
[20:47:32 INFO] Initializing Feature SR Module (scale=2, 14x14 -> 28x28)...
[20:47:32 INFO] Trainable parameters: 10,350,592
[20:47:32 INFO] LR Schedule: Cosine decay (no warmup)
/var/tmp/cc-cdfsl/train.py:457: FutureWarning: `torch.cuda.amp.GradScaler(args...)` is deprecated. Please use `torch.amp.GradScaler('cuda', args...)` instead.
  scaler = torch.cuda.amp.GradScaler() if device == "cuda" else None
[20:47:32 INFO] FP16 Automatic Mixed Precision (AMP) enabled.
[20:47:32 INFO] Initial evaluation (before training)...
[20:48:15 INFO]   Baseline: 49.55 ± 3.65%
/var/tmp/cc-cdfsl/train.py:213: FutureWarning: `torch.cuda.amp.autocast(args...)` is deprecated. Please use `torch.amp.autocast('cuda', args...)` instead.
  with torch.cuda.amp.autocast(enabled=(scaler is not None)):
[20:51:01 INFO] Epoch [  1/100] Loss: 0.7854 (CE:0.5626, TIT:0.0889, ITI:0.0710, CR:0.2510) Acc: 69.37%
[21:14:10 INFO] Epoch [ 10/100] Loss: 0.2015 (CE:0.0005, TIT:0.1315, ITI:0.0055, CR:0.0086) Acc: 90.71%
[21:18:43 INFO]   [Eval] Epoch 10: 90.06 ± 0.42% ✓ NEW BEST!
[21:18:43 INFO]   Saved best checkpoint: checkpoints_ablation_full/eurosat_5shot_fsr_best.pth
[21:44:31 INFO] Epoch [ 20/100] Loss: 0.2002 (CE:0.0002, TIT:0.1323, ITI:0.0031, CR:0.0032) Acc: 90.91%
[21:49:02 INFO]   [Eval] Epoch 20: 90.14 ± 0.40% ✓ NEW BEST!
[21:49:02 INFO]   Saved best checkpoint: checkpoints_ablation_full/eurosat_5shot_fsr_best.pth
[22:14:49 INFO] Epoch [ 30/100] Loss: 0.1988 (CE:0.0001, TIT:0.1317, ITI:0.0027, CR:0.0018) Acc: 89.12%
[22:19:22 INFO]   [Eval] Epoch 30: 89.26 ± 0.43%
[22:45:09 INFO] Epoch [ 40/100] Loss: 0.1990 (CE:0.0001, TIT:0.1321, ITI:0.0021, CR:0.0012) Acc: 88.47%
[22:49:40 INFO]   [Eval] Epoch 40: 88.73 ± 0.46%
[23:15:24 INFO] Epoch [ 50/100] Loss: 0.2022 (CE:0.0001, TIT:0.1344, ITI:0.0013, CR:0.0009) Acc: 87.91%
[23:19:55 INFO]   [Eval] Epoch 50: 88.08 ± 0.45%
[23:45:41 INFO] Epoch [ 60/100] Loss: 0.1965 (CE:0.0001, TIT:0.1307, ITI:0.0012, CR:0.0007) Acc: 88.21%
[23:50:13 INFO]   [Eval] Epoch 60: 87.95 ± 0.43%
[00:15:58 INFO] Epoch [ 70/100] Loss: 0.1996 (CE:0.0001, TIT:0.1328, ITI:0.0008, CR:0.0006) Acc: 88.44%
[00:20:29 INFO]   [Eval] Epoch 70: 88.39 ± 0.42%
[00:46:12 INFO] Epoch [ 80/100] Loss: 0.2002 (CE:0.0001, TIT:0.1332, ITI:0.0006, CR:0.0005) Acc: 87.67%
[00:50:44 INFO]   [Eval] Epoch 80: 88.21 ± 0.43%
[01:16:28 INFO] Epoch [ 90/100] Loss: 0.2008 (CE:0.0001, TIT:0.1337, ITI:0.0005, CR:0.0005) Acc: 89.19%
[01:20:59 INFO]   [Eval] Epoch 90: 88.38 ± 0.43%
[01:46:43 INFO] Epoch [100/100] Loss: 0.1989 (CE:0.0001, TIT:0.1323, ITI:0.0006, CR:0.0004) Acc: 88.61%
[01:51:15 INFO]   [Eval] Epoch 100: 88.40 ± 0.41%
[01:51:15 INFO] 
Best Acc: 90.14% at Epoch 20
[01:51:19 INFO] Loaded best checkpoint from epoch 20
[01:55:50 INFO] Final (Feature-SR (28x28)): 89.93 ± 0.44% (n_episodes=400)
[EuroSATDataset] Strict few-shot training enabled. Total training samples: 50 (n_shot=5)
