[02:32:02 INFO] Episodic protocol | eurosat 5-way 5-shot | 400 episodes × 500 steps | tag=nofsr_nocc_loraboth_r2_steps500_cnfull_loc0.1g1
[02:32:02 INFO] Args: {'dataset': 'eurosat', 'data_root': './data', 'n_way': 5, 'n_shot': 5, 'n_query': 15, 'n_episodes': None, 'backbone': 'ViT-B/16', 'lora_encoder': 'both', 'lora_qkv_mode': 'separate', 'lora_out_proj': False, 'lora_r': 2, 'lora_alpha': 1.0, 'lora_dropout': 0.25, 'steps': 500, 'batch_size': 32, 'lr': 0.0002, 'weight_decay': 0.01, 'no_ce_aug': False, 'class_names': 'full', 'lambda1': 0.0, 'lambda2': 0.0, 'top_k': 10, 'n_aug': 4, 'cc_impl': 'legacy', 'local_score': True, 'local_k_frac': 0.1, 'local_gamma': 1.0, 'learn_gamma': False, 'patch_mode': 'plain', 'use_feature_sr': False, 'sr_scale': 2, 'sr_refiner_layers': 0, 'sr_refiner_heads': 8, 'lambda3': 0.3, 'seed': 42, 'no_amp': False, 'save_dir': './results_episodic', 'tag': None, 'log_every': 10}
[02:32:02 INFO] Episode pool (BSCD 全量): EuroSATDataset(split=train, n_classes=10, n_samples=27000)
[02:32:03 INFO] LoRA trainable parameters: 184,320 (encoder=both, qkv=separate, out_proj=False)
/home/ccoliu/FeatureSR/train_episodic.py:186: FutureWarning: `torch.cuda.amp.GradScaler(args...)` is deprecated. Please use `torch.amp.GradScaler('cuda', args...)` instead.
  scaler = torch.cuda.amp.GradScaler(enabled=use_amp)
/home/ccoliu/FeatureSR/.venv/lib/python3.12/site-packages/torch/optim/lr_scheduler.py:224: UserWarning: Detected call of `lr_scheduler.step()` before `optimizer.step()`. In PyTorch 1.1.0 and later, you should call them in the opposite order: `optimizer.step()` before `lr_scheduler.step()`.  Failure to do this will result in PyTorch skipping the first value of the learning rate schedule. See more details at https://pytorch.org/docs/stable/optim.html#how-to-adjust-learning-rate
  warnings.warn(
[02:36:03 INFO]   [10/400] running 93.47 ± 2.29% | last loss 0.0115 (ce 0.0115, tit 0.000, iti 0.000, mlp_cos 0.000) | 23.9s/episode, ETA 2.59h
[02:40:02 INFO]   [20/400] running 93.80 ± 1.37% | last loss 0.0036 (ce 0.0036, tit 0.000, iti 0.000, mlp_cos 0.000) | 23.9s/episode, ETA 2.52h
[02:44:01 INFO]   [30/400] running 93.51 ± 1.32% | last loss 0.0047 (ce 0.0047, tit 0.000, iti 0.000, mlp_cos 0.000) | 23.9s/episode, ETA 2.46h
[02:48:00 INFO]   [40/400] running 92.97 ± 1.14% | last loss 0.0051 (ce 0.0051, tit 0.000, iti 0.000, mlp_cos 0.000) | 23.9s/episode, ETA 2.39h
[02:51:58 INFO]   [50/400] running 92.29 ± 1.18% | last loss 0.0022 (ce 0.0022, tit 0.000, iti 0.000, mlp_cos 0.000) | 23.9s/episode, ETA 2.32h
[02:55:57 INFO]   [60/400] running 92.20 ± 1.09% | last loss 0.0276 (ce 0.0276, tit 0.000, iti 0.000, mlp_cos 0.000) | 23.9s/episode, ETA 2.26h
[02:59:57 INFO]   [70/400] running 92.15 ± 0.99% | last loss 0.0013 (ce 0.0013, tit 0.000, iti 0.000, mlp_cos 0.000) | 23.9s/episode, ETA 2.19h
[03:03:56 INFO]   [80/400] running 91.97 ± 0.92% | last loss 0.0075 (ce 0.0075, tit 0.000, iti 0.000, mlp_cos 0.000) | 23.9s/episode, ETA 2.12h
[03:07:55 INFO]   [90/400] running 91.87 ± 0.90% | last loss 0.0033 (ce 0.0033, tit 0.000, iti 0.000, mlp_cos 0.000) | 23.9s/episode, ETA 2.06h
[03:11:54 INFO]   [100/400] running 91.81 ± 0.84% | last loss 0.0048 (ce 0.0048, tit 0.000, iti 0.000, mlp_cos 0.000) | 23.9s/episode, ETA 1.99h
[03:15:53 INFO]   [110/400] running 91.95 ± 0.78% | last loss 0.0038 (ce 0.0038, tit 0.000, iti 0.000, mlp_cos 0.000) | 23.9s/episode, ETA 1.93h
[03:19:52 INFO]   [120/400] running 91.96 ± 0.75% | last loss 0.0018 (ce 0.0018, tit 0.000, iti 0.000, mlp_cos 0.000) | 23.9s/episode, ETA 1.86h
[03:23:51 INFO]   [130/400] running 91.88 ± 0.74% | last loss 0.0070 (ce 0.0070, tit 0.000, iti 0.000, mlp_cos 0.000) | 23.9s/episode, ETA 1.79h
[03:27:50 INFO]   [140/400] running 91.72 ± 0.75% | last loss 0.0957 (ce 0.0957, tit 0.000, iti 0.000, mlp_cos 0.000) | 23.9s/episode, ETA 1.73h
[03:31:49 INFO]   [150/400] running 91.58 ± 0.75% | last loss 0.0067 (ce 0.0067, tit 0.000, iti 0.000, mlp_cos 0.000) | 23.9s/episode, ETA 1.66h
[03:35:48 INFO]   [160/400] running 91.61 ± 0.72% | last loss 0.0200 (ce 0.0200, tit 0.000, iti 0.000, mlp_cos 0.000) | 23.9s/episode, ETA 1.59h
[03:39:47 INFO]   [170/400] running 91.77 ± 0.70% | last loss 0.0133 (ce 0.0133, tit 0.000, iti 0.000, mlp_cos 0.000) | 23.9s/episode, ETA 1.53h
[03:43:46 INFO]   [180/400] running 91.77 ± 0.68% | last loss 0.0009 (ce 0.0009, tit 0.000, iti 0.000, mlp_cos 0.000) | 23.9s/episode, ETA 1.46h
[03:47:44 INFO]   [190/400] running 91.73 ± 0.65% | last loss 0.0006 (ce 0.0006, tit 0.000, iti 0.000, mlp_cos 0.000) | 23.9s/episode, ETA 1.39h
[03:51:43 INFO]   [200/400] running 91.74 ± 0.63% | last loss 0.0188 (ce 0.0188, tit 0.000, iti 0.000, mlp_cos 0.000) | 23.9s/episode, ETA 1.33h
[03:55:42 INFO]   [210/400] running 91.79 ± 0.61% | last loss 0.0023 (ce 0.0023, tit 0.000, iti 0.000, mlp_cos 0.000) | 23.9s/episode, ETA 1.26h
[03:59:41 INFO]   [220/400] running 91.80 ± 0.59% | last loss 0.0109 (ce 0.0109, tit 0.000, iti 0.000, mlp_cos 0.000) | 23.9s/episode, ETA 1.20h
[04:03:40 INFO]   [230/400] running 91.79 ± 0.58% | last loss 0.0035 (ce 0.0035, tit 0.000, iti 0.000, mlp_cos 0.000) | 23.9s/episode, ETA 1.13h
[04:07:39 INFO]   [240/400] running 91.82 ± 0.58% | last loss 0.0036 (ce 0.0036, tit 0.000, iti 0.000, mlp_cos 0.000) | 23.9s/episode, ETA 1.06h
[04:11:38 INFO]   [250/400] running 91.74 ± 0.57% | last loss 0.0147 (ce 0.0147, tit 0.000, iti 0.000, mlp_cos 0.000) | 23.9s/episode, ETA 1.00h
[04:15:37 INFO]   [260/400] running 91.81 ± 0.56% | last loss 0.0953 (ce 0.0953, tit 0.000, iti 0.000, mlp_cos 0.000) | 23.9s/episode, ETA 0.93h
[04:19:36 INFO]   [270/400] running 91.83 ± 0.55% | last loss 0.0020 (ce 0.0020, tit 0.000, iti 0.000, mlp_cos 0.000) | 23.9s/episode, ETA 0.86h
[04:23:35 INFO]   [280/400] running 91.84 ± 0.54% | last loss 0.0914 (ce 0.0914, tit 0.000, iti 0.000, mlp_cos 0.000) | 23.9s/episode, ETA 0.80h
[04:27:34 INFO]   [290/400] running 91.86 ± 0.52% | last loss 0.0009 (ce 0.0009, tit 0.000, iti 0.000, mlp_cos 0.000) | 23.9s/episode, ETA 0.73h
[04:31:33 INFO]   [300/400] running 91.84 ± 0.51% | last loss 0.0031 (ce 0.0031, tit 0.000, iti 0.000, mlp_cos 0.000) | 23.9s/episode, ETA 0.66h
[04:35:32 INFO]   [310/400] running 91.95 ± 0.51% | last loss 0.0603 (ce 0.0603, tit 0.000, iti 0.000, mlp_cos 0.000) | 23.9s/episode, ETA 0.60h
[04:39:31 INFO]   [320/400] running 91.83 ± 0.52% | last loss 0.0730 (ce 0.0730, tit 0.000, iti 0.000, mlp_cos 0.000) | 23.9s/episode, ETA 0.53h
[04:43:29 INFO]   [330/400] running 91.90 ± 0.51% | last loss 0.0043 (ce 0.0043, tit 0.000, iti 0.000, mlp_cos 0.000) | 23.9s/episode, ETA 0.46h
[04:47:28 INFO]   [340/400] running 91.91 ± 0.50% | last loss 0.0046 (ce 0.0046, tit 0.000, iti 0.000, mlp_cos 0.000) | 23.9s/episode, ETA 0.40h
[04:51:27 INFO]   [350/400] running 92.01 ± 0.49% | last loss 0.0150 (ce 0.0150, tit 0.000, iti 0.000, mlp_cos 0.000) | 23.9s/episode, ETA 0.33h
[04:55:26 INFO]   [360/400] running 91.94 ± 0.50% | last loss 0.0011 (ce 0.0011, tit 0.000, iti 0.000, mlp_cos 0.000) | 23.9s/episode, ETA 0.27h
[04:59:25 INFO]   [370/400] running 91.93 ± 0.49% | last loss 0.1078 (ce 0.1078, tit 0.000, iti 0.000, mlp_cos 0.000) | 23.9s/episode, ETA 0.20h
[05:03:24 INFO]   [380/400] running 91.96 ± 0.48% | last loss 0.0190 (ce 0.0190, tit 0.000, iti 0.000, mlp_cos 0.000) | 23.9s/episode, ETA 0.13h
[05:07:23 INFO]   [390/400] running 91.95 ± 0.48% | last loss 0.0014 (ce 0.0014, tit 0.000, iti 0.000, mlp_cos 0.000) | 23.9s/episode, ETA 0.07h
[05:11:21 INFO]   [400/400] running 92.00 ± 0.47% | last loss 0.0004 (ce 0.0004, tit 0.000, iti 0.000, mlp_cos 0.000) | 23.9s/episode, ETA 0.00h
[05:11:21 INFO] Final (episodic, nofsr_nocc_loraboth_r2_steps500_cnfull_loc0.1g1): 92.00 ± 0.47% (n_episodes=400)
[05:11:21 INFO]   診斷：只用 CLS 89.06、只用 local 89.42、γ 1.000
