[08:48:04 INFO] Episodic protocol | eurosat 5-way 1-shot | 100 episodes × 500 steps | tag=nofsr_nocc_loraboth_r2_steps500_cnfull_loc0.1g1_pmvalue
[08:48:04 INFO] Args: {'dataset': 'eurosat', 'data_root': './data', 'n_way': 5, 'n_shot': 1, 'n_query': 15, 'n_episodes': None, 'backbone': 'ViT-B/16', 'lora_encoder': 'both', 'lora_qkv_mode': 'separate', 'lora_out_proj': False, 'lora_r': 2, 'lora_alpha': 1.0, 'lora_dropout': 0.25, 'steps': 500, 'batch_size': 32, 'lr': 0.0002, 'weight_decay': 0.01, 'no_ce_aug': False, 'class_names': 'full', 'lambda1': 0.0, 'lambda2': 0.0, 'top_k': 10, 'n_aug': 4, 'cc_impl': 'legacy', 'local_score': True, 'local_k_frac': 0.1, 'local_gamma': 1.0, 'learn_gamma': False, 'patch_mode': 'value', 'use_feature_sr': False, 'sr_scale': 2, 'sr_refiner_layers': 0, 'sr_refiner_heads': 8, 'lambda3': 0.3, 'seed': 42, 'no_amp': False, 'save_dir': './results_episodic', 'tag': None, 'log_every': 10}
[08:48:04 INFO] Episode pool (BSCD 全量): EuroSATDataset(split=train, n_classes=10, n_samples=27000)
[08:48:05 INFO] LoRA trainable parameters: 184,320 (encoder=both, qkv=separate, out_proj=False)
/home/ccoliu/FeatureSR/train_episodic.py:186: FutureWarning: `torch.cuda.amp.GradScaler(args...)` is deprecated. Please use `torch.amp.GradScaler('cuda', args...)` instead.
  scaler = torch.cuda.amp.GradScaler(enabled=use_amp)
/home/ccoliu/FeatureSR/.venv/lib/python3.12/site-packages/torch/optim/lr_scheduler.py:224: UserWarning: Detected call of `lr_scheduler.step()` before `optimizer.step()`. In PyTorch 1.1.0 and later, you should call them in the opposite order: `optimizer.step()` before `lr_scheduler.step()`.  Failure to do this will result in PyTorch skipping the first value of the learning rate schedule. See more details at https://pytorch.org/docs/stable/optim.html#how-to-adjust-learning-rate
  warnings.warn(
[08:49:53 INFO]   [10/100] running 79.47 ± 7.38% | last loss 0.0088 (ce 0.0088, tit 0.000, iti 0.000, mlp_cos 0.000) | 10.8s/episode, ETA 0.27h
[08:51:40 INFO]   [20/100] running 83.00 ± 4.51% | last loss 0.0101 (ce 0.0101, tit 0.000, iti 0.000, mlp_cos 0.000) | 10.8s/episode, ETA 0.24h
[08:53:28 INFO]   [30/100] running 82.27 ± 3.55% | last loss 0.0032 (ce 0.0032, tit 0.000, iti 0.000, mlp_cos 0.000) | 10.7s/episode, ETA 0.21h
[08:55:15 INFO]   [40/100] running 82.53 ± 3.12% | last loss 0.0028 (ce 0.0028, tit 0.000, iti 0.000, mlp_cos 0.000) | 10.7s/episode, ETA 0.18h
[08:57:03 INFO]   [50/100] running 82.11 ± 2.69% | last loss 0.0015 (ce 0.0015, tit 0.000, iti 0.000, mlp_cos 0.000) | 10.7s/episode, ETA 0.15h
[08:58:50 INFO]   [60/100] running 81.67 ± 2.39% | last loss 0.0082 (ce 0.0082, tit 0.000, iti 0.000, mlp_cos 0.000) | 10.8s/episode, ETA 0.12h
[09:00:38 INFO]   [70/100] running 81.22 ± 2.23% | last loss 0.0260 (ce 0.0260, tit 0.000, iti 0.000, mlp_cos 0.000) | 10.7s/episode, ETA 0.09h
[09:02:25 INFO]   [80/100] running 80.95 ± 2.08% | last loss 0.0016 (ce 0.0016, tit 0.000, iti 0.000, mlp_cos 0.000) | 10.8s/episode, ETA 0.06h
[09:04:12 INFO]   [90/100] running 81.02 ± 1.93% | last loss 0.0025 (ce 0.0025, tit 0.000, iti 0.000, mlp_cos 0.000) | 10.7s/episode, ETA 0.03h
[09:06:00 INFO]   [100/100] running 81.19 ± 1.78% | last loss 0.0212 (ce 0.0212, tit 0.000, iti 0.000, mlp_cos 0.000) | 10.7s/episode, ETA 0.00h
[09:06:00 INFO] Final (episodic, nofsr_nocc_loraboth_r2_steps500_cnfull_loc0.1g1_pmvalue): 81.19 ± 1.78% (n_episodes=100)
[09:06:00 INFO]   診斷：只用 CLS 70.19、只用 local 73.71、γ 1.000
