[05:11:23 INFO] Episodic protocol | eurosat 5-way 5-shot | 400 episodes × 500 steps | tag=nofsr_nocc_loraboth_r2_steps500_cnfull_loc0.1g1_pmvalue
[05:11:23 INFO] Args: {'dataset': 'eurosat', 'data_root': './data', 'n_way': 5, 'n_shot': 5, 'n_query': 15, 'n_episodes': None, 'backbone': 'ViT-B/16', 'lora_encoder': 'both', 'lora_qkv_mode': 'separate', 'lora_out_proj': False, 'lora_r': 2, 'lora_alpha': 1.0, 'lora_dropout': 0.25, 'steps': 500, 'batch_size': 32, 'lr': 0.0002, 'weight_decay': 0.01, 'no_ce_aug': False, 'class_names': 'full', 'lambda1': 0.0, 'lambda2': 0.0, 'top_k': 10, 'n_aug': 4, 'cc_impl': 'legacy', 'local_score': True, 'local_k_frac': 0.1, 'local_gamma': 1.0, 'learn_gamma': False, 'patch_mode': 'value', 'use_feature_sr': False, 'sr_scale': 2, 'sr_refiner_layers': 0, 'sr_refiner_heads': 8, 'lambda3': 0.3, 'seed': 42, 'no_amp': False, 'save_dir': './results_episodic', 'tag': None, 'log_every': 10}
[05:11:23 INFO] Episode pool (BSCD 全量): EuroSATDataset(split=train, n_classes=10, n_samples=27000)
[05:11:25 INFO] LoRA trainable parameters: 184,320 (encoder=both, qkv=separate, out_proj=False)
/home/ccoliu/FeatureSR/train_episodic.py:186: FutureWarning: `torch.cuda.amp.GradScaler(args...)` is deprecated. Please use `torch.amp.GradScaler('cuda', args...)` instead.
  scaler = torch.cuda.amp.GradScaler(enabled=use_amp)
/home/ccoliu/FeatureSR/.venv/lib/python3.12/site-packages/torch/optim/lr_scheduler.py:224: UserWarning: Detected call of `lr_scheduler.step()` before `optimizer.step()`. In PyTorch 1.1.0 and later, you should call them in the opposite order: `optimizer.step()` before `lr_scheduler.step()`.  Failure to do this will result in PyTorch skipping the first value of the learning rate schedule. See more details at https://pytorch.org/docs/stable/optim.html#how-to-adjust-learning-rate
  warnings.warn(
[05:15:28 INFO]   [10/400] running 92.13 ± 2.60% | last loss 0.0108 (ce 0.0108, tit 0.000, iti 0.000, mlp_cos 0.000) | 24.3s/episode, ETA 2.64h
[05:19:31 INFO]   [20/400] running 93.07 ± 1.60% | last loss 0.0049 (ce 0.0049, tit 0.000, iti 0.000, mlp_cos 0.000) | 24.3s/episode, ETA 2.57h
[05:23:34 INFO]   [30/400] running 92.67 ± 1.36% | last loss 0.0021 (ce 0.0021, tit 0.000, iti 0.000, mlp_cos 0.000) | 24.3s/episode, ETA 2.50h
[05:27:38 INFO]   [40/400] running 91.87 ± 1.32% | last loss 0.0143 (ce 0.0143, tit 0.000, iti 0.000, mlp_cos 0.000) | 24.3s/episode, ETA 2.43h
[05:31:41 INFO]   [50/400] running 91.12 ± 1.29% | last loss 0.0075 (ce 0.0075, tit 0.000, iti 0.000, mlp_cos 0.000) | 24.3s/episode, ETA 2.37h
[05:35:45 INFO]   [60/400] running 91.27 ± 1.18% | last loss 0.0129 (ce 0.0129, tit 0.000, iti 0.000, mlp_cos 0.000) | 24.3s/episode, ETA 2.30h
[05:39:48 INFO]   [70/400] running 91.33 ± 1.05% | last loss 0.0112 (ce 0.0112, tit 0.000, iti 0.000, mlp_cos 0.000) | 24.3s/episode, ETA 2.23h
[05:43:51 INFO]   [80/400] running 91.32 ± 0.94% | last loss 0.0119 (ce 0.0119, tit 0.000, iti 0.000, mlp_cos 0.000) | 24.3s/episode, ETA 2.16h
[05:47:54 INFO]   [90/400] running 91.23 ± 0.89% | last loss 0.0020 (ce 0.0020, tit 0.000, iti 0.000, mlp_cos 0.000) | 24.3s/episode, ETA 2.10h
[05:51:58 INFO]   [100/400] running 91.12 ± 0.86% | last loss 0.0078 (ce 0.0078, tit 0.000, iti 0.000, mlp_cos 0.000) | 24.3s/episode, ETA 2.03h
[05:56:01 INFO]   [110/400] running 91.33 ± 0.80% | last loss 0.0076 (ce 0.0076, tit 0.000, iti 0.000, mlp_cos 0.000) | 24.3s/episode, ETA 1.96h
[06:00:04 INFO]   [120/400] running 91.47 ± 0.76% | last loss 0.0185 (ce 0.0185, tit 0.000, iti 0.000, mlp_cos 0.000) | 24.3s/episode, ETA 1.89h
[06:04:07 INFO]   [130/400] running 91.33 ± 0.77% | last loss 0.0055 (ce 0.0055, tit 0.000, iti 0.000, mlp_cos 0.000) | 24.3s/episode, ETA 1.82h
[06:08:13 INFO]   [140/400] running 91.14 ± 0.77% | last loss 0.0235 (ce 0.0235, tit 0.000, iti 0.000, mlp_cos 0.000) | 24.3s/episode, ETA 1.76h
[06:12:16 INFO]   [150/400] running 91.15 ± 0.76% | last loss 0.0073 (ce 0.0073, tit 0.000, iti 0.000, mlp_cos 0.000) | 24.3s/episode, ETA 1.69h
[06:16:19 INFO]   [160/400] running 91.17 ± 0.73% | last loss 0.0025 (ce 0.0025, tit 0.000, iti 0.000, mlp_cos 0.000) | 24.3s/episode, ETA 1.62h
[06:20:22 INFO]   [170/400] running 91.29 ± 0.70% | last loss 0.0027 (ce 0.0027, tit 0.000, iti 0.000, mlp_cos 0.000) | 24.3s/episode, ETA 1.56h
[06:24:26 INFO]   [180/400] running 91.28 ± 0.67% | last loss 0.0030 (ce 0.0030, tit 0.000, iti 0.000, mlp_cos 0.000) | 24.3s/episode, ETA 1.49h
[06:28:29 INFO]   [190/400] running 91.25 ± 0.65% | last loss 0.0037 (ce 0.0037, tit 0.000, iti 0.000, mlp_cos 0.000) | 24.3s/episode, ETA 1.42h
[06:32:32 INFO]   [200/400] running 91.28 ± 0.63% | last loss 0.0090 (ce 0.0090, tit 0.000, iti 0.000, mlp_cos 0.000) | 24.3s/episode, ETA 1.35h
[06:36:36 INFO]   [210/400] running 91.38 ± 0.61% | last loss 0.1065 (ce 0.1065, tit 0.000, iti 0.000, mlp_cos 0.000) | 24.3s/episode, ETA 1.28h
[06:40:39 INFO]   [220/400] running 91.36 ± 0.60% | last loss 0.0289 (ce 0.0289, tit 0.000, iti 0.000, mlp_cos 0.000) | 24.3s/episode, ETA 1.22h
[06:44:42 INFO]   [230/400] running 91.33 ± 0.60% | last loss 0.0034 (ce 0.0034, tit 0.000, iti 0.000, mlp_cos 0.000) | 24.3s/episode, ETA 1.15h
[06:48:45 INFO]   [240/400] running 91.36 ± 0.59% | last loss 0.1349 (ce 0.1349, tit 0.000, iti 0.000, mlp_cos 0.000) | 24.3s/episode, ETA 1.08h
[06:52:49 INFO]   [250/400] running 91.28 ± 0.58% | last loss 0.0891 (ce 0.0891, tit 0.000, iti 0.000, mlp_cos 0.000) | 24.3s/episode, ETA 1.01h
[06:56:52 INFO]   [260/400] running 91.33 ± 0.56% | last loss 0.0030 (ce 0.0030, tit 0.000, iti 0.000, mlp_cos 0.000) | 24.3s/episode, ETA 0.95h
[07:00:55 INFO]   [270/400] running 91.35 ± 0.56% | last loss 0.0057 (ce 0.0057, tit 0.000, iti 0.000, mlp_cos 0.000) | 24.3s/episode, ETA 0.88h
[07:04:59 INFO]   [280/400] running 91.32 ± 0.55% | last loss 0.0052 (ce 0.0052, tit 0.000, iti 0.000, mlp_cos 0.000) | 24.3s/episode, ETA 0.81h
[07:09:02 INFO]   [290/400] running 91.30 ± 0.53% | last loss 0.0013 (ce 0.0013, tit 0.000, iti 0.000, mlp_cos 0.000) | 24.3s/episode, ETA 0.74h
[07:13:06 INFO]   [300/400] running 91.30 ± 0.52% | last loss 0.0044 (ce 0.0044, tit 0.000, iti 0.000, mlp_cos 0.000) | 24.3s/episode, ETA 0.68h
[07:17:09 INFO]   [310/400] running 91.40 ± 0.52% | last loss 0.0081 (ce 0.0081, tit 0.000, iti 0.000, mlp_cos 0.000) | 24.3s/episode, ETA 0.61h
[07:21:12 INFO]   [320/400] running 91.31 ± 0.53% | last loss 0.0122 (ce 0.0122, tit 0.000, iti 0.000, mlp_cos 0.000) | 24.3s/episode, ETA 0.54h
[07:25:15 INFO]   [330/400] running 91.36 ± 0.52% | last loss 0.0013 (ce 0.0013, tit 0.000, iti 0.000, mlp_cos 0.000) | 24.3s/episode, ETA 0.47h
[07:29:19 INFO]   [340/400] running 91.35 ± 0.51% | last loss 0.0189 (ce 0.0189, tit 0.000, iti 0.000, mlp_cos 0.000) | 24.3s/episode, ETA 0.41h
[07:33:22 INFO]   [350/400] running 91.44 ± 0.50% | last loss 0.0068 (ce 0.0068, tit 0.000, iti 0.000, mlp_cos 0.000) | 24.3s/episode, ETA 0.34h
[07:37:25 INFO]   [360/400] running 91.34 ± 0.50% | last loss 0.0019 (ce 0.0019, tit 0.000, iti 0.000, mlp_cos 0.000) | 24.3s/episode, ETA 0.27h
[07:41:29 INFO]   [370/400] running 91.32 ± 0.50% | last loss 0.1212 (ce 0.1212, tit 0.000, iti 0.000, mlp_cos 0.000) | 24.3s/episode, ETA 0.20h
[07:45:32 INFO]   [380/400] running 91.33 ± 0.49% | last loss 0.0024 (ce 0.0024, tit 0.000, iti 0.000, mlp_cos 0.000) | 24.3s/episode, ETA 0.14h
[07:49:35 INFO]   [390/400] running 91.37 ± 0.49% | last loss 0.0030 (ce 0.0030, tit 0.000, iti 0.000, mlp_cos 0.000) | 24.3s/episode, ETA 0.07h
[07:53:39 INFO]   [400/400] running 91.42 ± 0.48% | last loss 0.0011 (ce 0.0011, tit 0.000, iti 0.000, mlp_cos 0.000) | 24.3s/episode, ETA 0.00h
[07:53:39 INFO] Final (episodic, nofsr_nocc_loraboth_r2_steps500_cnfull_loc0.1g1_pmvalue): 91.42 ± 0.48% (n_episodes=400)
[07:53:39 INFO]   診斷：只用 CLS 79.83、只用 local 84.60、γ 1.000
