[08:30:26 INFO] Episodic protocol | eurosat 5-way 1-shot | 100 episodes × 500 steps | tag=nofsr_nocc_loraboth_r2_steps500_cnfull_loc0.1g1
[08:30:26 INFO] Args: {'dataset': 'eurosat', 'data_root': './data', 'n_way': 5, 'n_shot': 1, 'n_query': 15, 'n_episodes': None, 'backbone': 'ViT-B/16', 'lora_encoder': 'both', 'lora_qkv_mode': 'separate', 'lora_out_proj': False, 'lora_r': 2, 'lora_alpha': 1.0, 'lora_dropout': 0.25, 'steps': 500, 'batch_size': 32, 'lr': 0.0002, 'weight_decay': 0.01, 'no_ce_aug': False, 'class_names': 'full', 'lambda1': 0.0, 'lambda2': 0.0, 'top_k': 10, 'n_aug': 4, 'cc_impl': 'legacy', 'local_score': True, 'local_k_frac': 0.1, 'local_gamma': 1.0, 'learn_gamma': False, 'patch_mode': 'plain', 'use_feature_sr': False, 'sr_scale': 2, 'sr_refiner_layers': 0, 'sr_refiner_heads': 8, 'lambda3': 0.3, 'seed': 42, 'no_amp': False, 'save_dir': './results_episodic', 'tag': None, 'log_every': 10}
[08:30:26 INFO] Episode pool (BSCD 全量): EuroSATDataset(split=train, n_classes=10, n_samples=27000)
[08:30:28 INFO] LoRA trainable parameters: 184,320 (encoder=both, qkv=separate, out_proj=False)
/home/ccoliu/FeatureSR/train_episodic.py:186: FutureWarning: `torch.cuda.amp.GradScaler(args...)` is deprecated. Please use `torch.amp.GradScaler('cuda', args...)` instead.
  scaler = torch.cuda.amp.GradScaler(enabled=use_amp)
/home/ccoliu/FeatureSR/.venv/lib/python3.12/site-packages/torch/optim/lr_scheduler.py:224: UserWarning: Detected call of `lr_scheduler.step()` before `optimizer.step()`. In PyTorch 1.1.0 and later, you should call them in the opposite order: `optimizer.step()` before `lr_scheduler.step()`.  Failure to do this will result in PyTorch skipping the first value of the learning rate schedule. See more details at https://pytorch.org/docs/stable/optim.html#how-to-adjust-learning-rate
  warnings.warn(
[08:32:14 INFO]   [10/100] running 84.13 ± 6.47% | last loss 0.0037 (ce 0.0037, tit 0.000, iti 0.000, mlp_cos 0.000) | 10.6s/episode, ETA 0.26h
[08:33:59 INFO]   [20/100] running 85.07 ± 3.90% | last loss 0.0005 (ce 0.0005, tit 0.000, iti 0.000, mlp_cos 0.000) | 10.5s/episode, ETA 0.23h
[08:35:44 INFO]   [30/100] running 83.82 ± 3.29% | last loss 0.0004 (ce 0.0004, tit 0.000, iti 0.000, mlp_cos 0.000) | 10.5s/episode, ETA 0.20h
[08:37:30 INFO]   [40/100] running 83.57 ± 3.00% | last loss 0.0020 (ce 0.0020, tit 0.000, iti 0.000, mlp_cos 0.000) | 10.5s/episode, ETA 0.18h
[08:39:15 INFO]   [50/100] running 82.61 ± 2.64% | last loss 0.0006 (ce 0.0006, tit 0.000, iti 0.000, mlp_cos 0.000) | 10.5s/episode, ETA 0.15h
[08:41:00 INFO]   [60/100] running 82.38 ± 2.31% | last loss 0.0018 (ce 0.0018, tit 0.000, iti 0.000, mlp_cos 0.000) | 10.5s/episode, ETA 0.12h
[08:42:46 INFO]   [70/100] running 82.02 ± 2.18% | last loss 0.0003 (ce 0.0003, tit 0.000, iti 0.000, mlp_cos 0.000) | 10.5s/episode, ETA 0.09h
[08:44:31 INFO]   [80/100] running 81.57 ± 2.05% | last loss 0.0006 (ce 0.0006, tit 0.000, iti 0.000, mlp_cos 0.000) | 10.5s/episode, ETA 0.06h
[08:46:16 INFO]   [90/100] running 81.73 ± 1.86% | last loss 0.0009 (ce 0.0009, tit 0.000, iti 0.000, mlp_cos 0.000) | 10.5s/episode, ETA 0.03h
[08:48:02 INFO]   [100/100] running 81.97 ± 1.72% | last loss 0.0250 (ce 0.0250, tit 0.000, iti 0.000, mlp_cos 0.000) | 10.5s/episode, ETA 0.00h
[08:48:02 INFO] Final (episodic, nofsr_nocc_loraboth_r2_steps500_cnfull_loc0.1g1): 81.97 ± 1.72% (n_episodes=100)
[08:48:02 INFO]   診斷：只用 CLS 77.80、只用 local 78.76、γ 1.000
