scripts/run_step1_local.sh: line 24: python: command not found
[21:04:40 INFO] Episodic protocol | isic 5-way 5-shot | 400 episodes × 500 steps | tag=nofsr_nocc_loraboth_r2_steps500_cnfull_loc0.1g1
[21:04:40 INFO] Args: {'dataset': 'isic', 'data_root': './data', 'n_way': 5, 'n_shot': 5, 'n_query': 15, 'n_episodes': None, 'backbone': 'ViT-B/16', 'lora_encoder': 'both', 'lora_qkv_mode': 'separate', 'lora_out_proj': False, 'lora_r': 2, 'lora_alpha': 1.0, 'lora_dropout': 0.25, 'steps': 500, 'batch_size': 32, 'lr': 0.0002, 'weight_decay': 0.01, 'no_ce_aug': False, 'class_names': 'full', 'lambda1': 0.0, 'lambda2': 0.0, 'top_k': 10, 'n_aug': 4, 'cc_impl': 'legacy', 'local_score': True, 'local_k_frac': 0.1, 'local_gamma': 1.0, 'learn_gamma': False, 'patch_mode': 'plain', 'use_feature_sr': False, 'sr_scale': 2, 'sr_refiner_layers': 0, 'sr_refiner_heads': 8, 'lambda3': 0.3, 'seed': 42, 'no_amp': False, 'save_dir': './results_episodic', 'tag': None, 'log_every': 10}
[21:04:40 INFO] Episode pool (BSCD 全量): ISICDataset(split=train, n_classes=7, n_samples=10015)
[21:04:42 INFO] LoRA trainable parameters: 184,320 (encoder=both, qkv=separate, out_proj=False)
/home/ccoliu/FeatureSR/train_episodic.py:186: FutureWarning: `torch.cuda.amp.GradScaler(args...)` is deprecated. Please use `torch.amp.GradScaler('cuda', args...)` instead.
  scaler = torch.cuda.amp.GradScaler(enabled=use_amp)
/home/ccoliu/FeatureSR/.venv/lib/python3.12/site-packages/torch/optim/lr_scheduler.py:224: UserWarning: Detected call of `lr_scheduler.step()` before `optimizer.step()`. In PyTorch 1.1.0 and later, you should call them in the opposite order: `optimizer.step()` before `lr_scheduler.step()`.  Failure to do this will result in PyTorch skipping the first value of the learning rate schedule. See more details at https://pytorch.org/docs/stable/optim.html#how-to-adjust-learning-rate
  warnings.warn(
[21:08:45 INFO]   [10/400] running 49.47 ± 4.55% | last loss 0.0825 (ce 0.0825, tit 0.000, iti 0.000, mlp_cos 0.000) | 24.3s/episode, ETA 2.64h
[21:12:49 INFO]   [20/400] running 47.33 ± 3.87% | last loss 0.0058 (ce 0.0058, tit 0.000, iti 0.000, mlp_cos 0.000) | 24.3s/episode, ETA 2.57h
[21:16:52 INFO]   [30/400] running 46.22 ± 3.21% | last loss 0.0035 (ce 0.0035, tit 0.000, iti 0.000, mlp_cos 0.000) | 24.3s/episode, ETA 2.50h
[21:20:56 INFO]   [40/400] running 47.27 ± 2.67% | last loss 0.0044 (ce 0.0044, tit 0.000, iti 0.000, mlp_cos 0.000) | 24.3s/episode, ETA 2.43h
[21:24:59 INFO]   [50/400] running 47.55 ± 2.31% | last loss 0.0041 (ce 0.0041, tit 0.000, iti 0.000, mlp_cos 0.000) | 24.3s/episode, ETA 2.37h
[21:29:02 INFO]   [60/400] running 47.71 ± 2.09% | last loss 0.0412 (ce 0.0412, tit 0.000, iti 0.000, mlp_cos 0.000) | 24.3s/episode, ETA 2.30h
[21:33:06 INFO]   [70/400] running 48.06 ± 1.94% | last loss 0.0200 (ce 0.0200, tit 0.000, iti 0.000, mlp_cos 0.000) | 24.3s/episode, ETA 2.23h
[21:37:10 INFO]   [80/400] running 48.58 ± 1.81% | last loss 0.0017 (ce 0.0017, tit 0.000, iti 0.000, mlp_cos 0.000) | 24.4s/episode, ETA 2.16h
[21:41:13 INFO]   [90/400] running 49.10 ± 1.70% | last loss 0.0047 (ce 0.0047, tit 0.000, iti 0.000, mlp_cos 0.000) | 24.3s/episode, ETA 2.10h
[21:45:16 INFO]   [100/400] running 49.43 ± 1.60% | last loss 0.0156 (ce 0.0156, tit 0.000, iti 0.000, mlp_cos 0.000) | 24.3s/episode, ETA 2.03h
[21:49:20 INFO]   [110/400] running 49.45 ± 1.56% | last loss 0.0176 (ce 0.0176, tit 0.000, iti 0.000, mlp_cos 0.000) | 24.4s/episode, ETA 1.96h
[21:53:24 INFO]   [120/400] running 49.23 ± 1.52% | last loss 0.0320 (ce 0.0320, tit 0.000, iti 0.000, mlp_cos 0.000) | 24.4s/episode, ETA 1.89h
[21:57:28 INFO]   [130/400] running 49.41 ± 1.42% | last loss 0.0254 (ce 0.0254, tit 0.000, iti 0.000, mlp_cos 0.000) | 24.4s/episode, ETA 1.83h
[22:01:33 INFO]   [140/400] running 49.18 ± 1.35% | last loss 0.0097 (ce 0.0097, tit 0.000, iti 0.000, mlp_cos 0.000) | 24.4s/episode, ETA 1.76h
[22:05:36 INFO]   [150/400] running 49.30 ± 1.32% | last loss 0.0026 (ce 0.0026, tit 0.000, iti 0.000, mlp_cos 0.000) | 24.4s/episode, ETA 1.69h
[22:09:40 INFO]   [160/400] running 49.24 ± 1.27% | last loss 0.0117 (ce 0.0117, tit 0.000, iti 0.000, mlp_cos 0.000) | 24.4s/episode, ETA 1.62h
[22:13:45 INFO]   [170/400] running 49.14 ± 1.24% | last loss 0.0176 (ce 0.0176, tit 0.000, iti 0.000, mlp_cos 0.000) | 24.4s/episode, ETA 1.56h
[22:17:48 INFO]   [180/400] running 49.16 ± 1.18% | last loss 0.0831 (ce 0.0831, tit 0.000, iti 0.000, mlp_cos 0.000) | 24.4s/episode, ETA 1.49h
[22:21:51 INFO]   [190/400] running 49.09 ± 1.15% | last loss 0.0552 (ce 0.0552, tit 0.000, iti 0.000, mlp_cos 0.000) | 24.4s/episode, ETA 1.42h
[22:25:55 INFO]   [200/400] running 49.02 ± 1.11% | last loss 0.0242 (ce 0.0242, tit 0.000, iti 0.000, mlp_cos 0.000) | 24.4s/episode, ETA 1.35h
[22:29:59 INFO]   [210/400] running 48.98 ± 1.08% | last loss 0.0286 (ce 0.0286, tit 0.000, iti 0.000, mlp_cos 0.000) | 24.4s/episode, ETA 1.29h
[22:34:03 INFO]   [220/400] running 49.08 ± 1.06% | last loss 0.0113 (ce 0.0113, tit 0.000, iti 0.000, mlp_cos 0.000) | 24.4s/episode, ETA 1.22h
[22:38:06 INFO]   [230/400] running 49.14 ± 1.04% | last loss 0.0303 (ce 0.0303, tit 0.000, iti 0.000, mlp_cos 0.000) | 24.4s/episode, ETA 1.15h
[22:42:09 INFO]   [240/400] running 49.08 ± 1.01% | last loss 0.0080 (ce 0.0080, tit 0.000, iti 0.000, mlp_cos 0.000) | 24.4s/episode, ETA 1.08h
[22:46:13 INFO]   [250/400] running 48.99 ± 1.00% | last loss 0.0051 (ce 0.0051, tit 0.000, iti 0.000, mlp_cos 0.000) | 24.4s/episode, ETA 1.02h
[22:50:17 INFO]   [260/400] running 48.97 ± 0.97% | last loss 0.0238 (ce 0.0238, tit 0.000, iti 0.000, mlp_cos 0.000) | 24.4s/episode, ETA 0.95h
[22:54:21 INFO]   [270/400] running 49.00 ± 0.94% | last loss 0.0048 (ce 0.0048, tit 0.000, iti 0.000, mlp_cos 0.000) | 24.4s/episode, ETA 0.88h
[22:58:25 INFO]   [280/400] running 48.96 ± 0.91% | last loss 0.0068 (ce 0.0068, tit 0.000, iti 0.000, mlp_cos 0.000) | 24.4s/episode, ETA 0.81h
[23:02:28 INFO]   [290/400] running 48.91 ± 0.89% | last loss 0.0043 (ce 0.0043, tit 0.000, iti 0.000, mlp_cos 0.000) | 24.4s/episode, ETA 0.74h
[23:06:32 INFO]   [300/400] running 48.85 ± 0.87% | last loss 0.0073 (ce 0.0073, tit 0.000, iti 0.000, mlp_cos 0.000) | 24.4s/episode, ETA 0.68h
[23:10:37 INFO]   [310/400] running 48.69 ± 0.86% | last loss 0.0335 (ce 0.0335, tit 0.000, iti 0.000, mlp_cos 0.000) | 24.4s/episode, ETA 0.61h
[23:14:40 INFO]   [320/400] running 48.82 ± 0.84% | last loss 0.0082 (ce 0.0082, tit 0.000, iti 0.000, mlp_cos 0.000) | 24.4s/episode, ETA 0.54h
[23:18:44 INFO]   [330/400] running 48.93 ± 0.83% | last loss 0.0030 (ce 0.0030, tit 0.000, iti 0.000, mlp_cos 0.000) | 24.4s/episode, ETA 0.47h
[23:22:47 INFO]   [340/400] running 48.96 ± 0.82% | last loss 0.0393 (ce 0.0393, tit 0.000, iti 0.000, mlp_cos 0.000) | 24.4s/episode, ETA 0.41h
[23:26:51 INFO]   [350/400] running 48.97 ± 0.81% | last loss 0.0078 (ce 0.0078, tit 0.000, iti 0.000, mlp_cos 0.000) | 24.4s/episode, ETA 0.34h
[23:30:54 INFO]   [360/400] running 48.90 ± 0.80% | last loss 0.0809 (ce 0.0809, tit 0.000, iti 0.000, mlp_cos 0.000) | 24.4s/episode, ETA 0.27h
[23:34:58 INFO]   [370/400] running 48.92 ± 0.79% | last loss 0.0035 (ce 0.0035, tit 0.000, iti 0.000, mlp_cos 0.000) | 24.4s/episode, ETA 0.20h
[23:39:02 INFO]   [380/400] running 48.79 ± 0.79% | last loss 0.0139 (ce 0.0139, tit 0.000, iti 0.000, mlp_cos 0.000) | 24.4s/episode, ETA 0.14h
[23:43:05 INFO]   [390/400] running 48.83 ± 0.77% | last loss 0.0139 (ce 0.0139, tit 0.000, iti 0.000, mlp_cos 0.000) | 24.4s/episode, ETA 0.07h
[23:47:09 INFO]   [400/400] running 48.88 ± 0.76% | last loss 0.0677 (ce 0.0677, tit 0.000, iti 0.000, mlp_cos 0.000) | 24.4s/episode, ETA 0.00h
[23:47:09 INFO] Final (episodic, nofsr_nocc_loraboth_r2_steps500_cnfull_loc0.1g1): 48.88 ± 0.76% (n_episodes=400)
[23:47:09 INFO]   診斷：只用 CLS 47.99、只用 local 41.58、γ 1.000
