[07:53:40 INFO] Episodic protocol | isic 5-way 1-shot | 100 episodes × 500 steps | tag=nofsr_nocc_loraboth_r2_steps500_cnfull_loc0.1g1
[07:53:40 INFO] Args: {'dataset': 'isic', 'data_root': './data', 'n_way': 5, 'n_shot': 1, 'n_query': 15, 'n_episodes': None, 'backbone': 'ViT-B/16', 'lora_encoder': 'both', 'lora_qkv_mode': 'separate', 'lora_out_proj': False, 'lora_r': 2, 'lora_alpha': 1.0, 'lora_dropout': 0.25, 'steps': 500, 'batch_size': 32, 'lr': 0.0002, 'weight_decay': 0.01, 'no_ce_aug': False, 'class_names': 'full', 'lambda1': 0.0, 'lambda2': 0.0, 'top_k': 10, 'n_aug': 4, 'cc_impl': 'legacy', 'local_score': True, 'local_k_frac': 0.1, 'local_gamma': 1.0, 'learn_gamma': False, 'patch_mode': 'plain', 'use_feature_sr': False, 'sr_scale': 2, 'sr_refiner_layers': 0, 'sr_refiner_heads': 8, 'lambda3': 0.3, 'seed': 42, 'no_amp': False, 'save_dir': './results_episodic', 'tag': None, 'log_every': 10}
[07:53:40 INFO] Episode pool (BSCD 全量): ISICDataset(split=train, n_classes=7, n_samples=10015)
[07:53:42 INFO] LoRA trainable parameters: 184,320 (encoder=both, qkv=separate, out_proj=False)
/home/ccoliu/FeatureSR/train_episodic.py:186: FutureWarning: `torch.cuda.amp.GradScaler(args...)` is deprecated. Please use `torch.amp.GradScaler('cuda', args...)` instead.
  scaler = torch.cuda.amp.GradScaler(enabled=use_amp)
/home/ccoliu/FeatureSR/.venv/lib/python3.12/site-packages/torch/optim/lr_scheduler.py:224: UserWarning: Detected call of `lr_scheduler.step()` before `optimizer.step()`. In PyTorch 1.1.0 and later, you should call them in the opposite order: `optimizer.step()` before `lr_scheduler.step()`.  Failure to do this will result in PyTorch skipping the first value of the learning rate schedule. See more details at https://pytorch.org/docs/stable/optim.html#how-to-adjust-learning-rate
  warnings.warn(
[07:55:31 INFO]   [10/100] running 35.73 ± 3.23% | last loss 0.0042 (ce 0.0042, tit 0.000, iti 0.000, mlp_cos 0.000) | 10.9s/episode, ETA 0.27h
[07:57:20 INFO]   [20/100] running 32.87 ± 2.76% | last loss 0.0027 (ce 0.0027, tit 0.000, iti 0.000, mlp_cos 0.000) | 10.9s/episode, ETA 0.24h
[07:59:08 INFO]   [30/100] running 33.73 ± 2.51% | last loss 0.0007 (ce 0.0007, tit 0.000, iti 0.000, mlp_cos 0.000) | 10.9s/episode, ETA 0.21h
[08:00:57 INFO]   [40/100] running 33.60 ± 1.98% | last loss 0.0003 (ce 0.0003, tit 0.000, iti 0.000, mlp_cos 0.000) | 10.9s/episode, ETA 0.18h
[08:02:46 INFO]   [50/100] running 33.15 ± 1.80% | last loss 0.0004 (ce 0.0004, tit 0.000, iti 0.000, mlp_cos 0.000) | 10.9s/episode, ETA 0.15h
[08:04:35 INFO]   [60/100] running 33.42 ± 1.70% | last loss 0.0066 (ce 0.0066, tit 0.000, iti 0.000, mlp_cos 0.000) | 10.9s/episode, ETA 0.12h
[08:06:24 INFO]   [70/100] running 33.24 ± 1.57% | last loss 0.0032 (ce 0.0032, tit 0.000, iti 0.000, mlp_cos 0.000) | 10.9s/episode, ETA 0.09h
[08:08:13 INFO]   [80/100] running 32.78 ± 1.49% | last loss 0.0030 (ce 0.0030, tit 0.000, iti 0.000, mlp_cos 0.000) | 10.9s/episode, ETA 0.06h
[08:10:02 INFO]   [90/100] running 32.95 ± 1.41% | last loss 0.0005 (ce 0.0005, tit 0.000, iti 0.000, mlp_cos 0.000) | 10.9s/episode, ETA 0.03h
[08:11:51 INFO]   [100/100] running 32.95 ± 1.35% | last loss 0.0560 (ce 0.0560, tit 0.000, iti 0.000, mlp_cos 0.000) | 10.9s/episode, ETA 0.00h
[08:11:51 INFO] Final (episodic, nofsr_nocc_loraboth_r2_steps500_cnfull_loc0.1g1): 32.95 ± 1.35% (n_episodes=100)
[08:11:51 INFO]   診斷：只用 CLS 33.24、只用 local 28.27、γ 1.000
