[23:47:10 INFO] Episodic protocol | isic 5-way 5-shot | 400 episodes × 500 steps | tag=nofsr_nocc_loraboth_r2_steps500_cnfull_loc0.1g1_pmvalue
[23:47:10 INFO] Args: {'dataset': 'isic', 'data_root': './data', 'n_way': 5, 'n_shot': 5, 'n_query': 15, 'n_episodes': None, 'backbone': 'ViT-B/16', 'lora_encoder': 'both', 'lora_qkv_mode': 'separate', 'lora_out_proj': False, 'lora_r': 2, 'lora_alpha': 1.0, 'lora_dropout': 0.25, 'steps': 500, 'batch_size': 32, 'lr': 0.0002, 'weight_decay': 0.01, 'no_ce_aug': False, 'class_names': 'full', 'lambda1': 0.0, 'lambda2': 0.0, 'top_k': 10, 'n_aug': 4, 'cc_impl': 'legacy', 'local_score': True, 'local_k_frac': 0.1, 'local_gamma': 1.0, 'learn_gamma': False, 'patch_mode': 'value', 'use_feature_sr': False, 'sr_scale': 2, 'sr_refiner_layers': 0, 'sr_refiner_heads': 8, 'lambda3': 0.3, 'seed': 42, 'no_amp': False, 'save_dir': './results_episodic', 'tag': None, 'log_every': 10}
[23:47:10 INFO] Episode pool (BSCD 全量): ISICDataset(split=train, n_classes=7, n_samples=10015)
[23:47:12 INFO] LoRA trainable parameters: 184,320 (encoder=both, qkv=separate, out_proj=False)
/home/ccoliu/FeatureSR/train_episodic.py:186: FutureWarning: `torch.cuda.amp.GradScaler(args...)` is deprecated. Please use `torch.amp.GradScaler('cuda', args...)` instead.
  scaler = torch.cuda.amp.GradScaler(enabled=use_amp)
/home/ccoliu/FeatureSR/.venv/lib/python3.12/site-packages/torch/optim/lr_scheduler.py:224: UserWarning: Detected call of `lr_scheduler.step()` before `optimizer.step()`. In PyTorch 1.1.0 and later, you should call them in the opposite order: `optimizer.step()` before `lr_scheduler.step()`.  Failure to do this will result in PyTorch skipping the first value of the learning rate schedule. See more details at https://pytorch.org/docs/stable/optim.html#how-to-adjust-learning-rate
  warnings.warn(
[23:51:19 INFO]   [10/400] running 48.53 ± 6.43% | last loss 0.0240 (ce 0.0240, tit 0.000, iti 0.000, mlp_cos 0.000) | 24.7s/episode, ETA 2.68h
[23:55:26 INFO]   [20/400] running 48.80 ± 4.51% | last loss 0.0115 (ce 0.0115, tit 0.000, iti 0.000, mlp_cos 0.000) | 24.7s/episode, ETA 2.61h
[23:59:33 INFO]   [30/400] running 47.78 ± 3.44% | last loss 0.0154 (ce 0.0154, tit 0.000, iti 0.000, mlp_cos 0.000) | 24.7s/episode, ETA 2.54h
[00:03:40 INFO]   [40/400] running 48.70 ± 2.89% | last loss 0.0078 (ce 0.0078, tit 0.000, iti 0.000, mlp_cos 0.000) | 24.7s/episode, ETA 2.47h
[00:07:46 INFO]   [50/400] running 49.12 ± 2.43% | last loss 0.0069 (ce 0.0069, tit 0.000, iti 0.000, mlp_cos 0.000) | 24.7s/episode, ETA 2.40h
[00:11:54 INFO]   [60/400] running 49.16 ± 2.21% | last loss 0.0155 (ce 0.0155, tit 0.000, iti 0.000, mlp_cos 0.000) | 24.7s/episode, ETA 2.33h
[00:16:01 INFO]   [70/400] running 49.47 ± 2.01% | last loss 0.0131 (ce 0.0131, tit 0.000, iti 0.000, mlp_cos 0.000) | 24.7s/episode, ETA 2.26h
[00:20:09 INFO]   [80/400] running 49.80 ± 1.84% | last loss 0.0061 (ce 0.0061, tit 0.000, iti 0.000, mlp_cos 0.000) | 24.7s/episode, ETA 2.20h
[00:24:15 INFO]   [90/400] running 50.03 ± 1.71% | last loss 0.0049 (ce 0.0049, tit 0.000, iti 0.000, mlp_cos 0.000) | 24.7s/episode, ETA 2.13h
[00:28:22 INFO]   [100/400] running 49.96 ± 1.61% | last loss 0.0172 (ce 0.0172, tit 0.000, iti 0.000, mlp_cos 0.000) | 24.7s/episode, ETA 2.06h
[00:32:30 INFO]   [110/400] running 49.96 ± 1.59% | last loss 0.0255 (ce 0.0255, tit 0.000, iti 0.000, mlp_cos 0.000) | 24.7s/episode, ETA 1.99h
[00:36:37 INFO]   [120/400] running 49.73 ± 1.53% | last loss 0.0230 (ce 0.0230, tit 0.000, iti 0.000, mlp_cos 0.000) | 24.7s/episode, ETA 1.92h
[00:40:45 INFO]   [130/400] running 50.09 ± 1.46% | last loss 0.0265 (ce 0.0265, tit 0.000, iti 0.000, mlp_cos 0.000) | 24.7s/episode, ETA 1.85h
[00:44:52 INFO]   [140/400] running 49.95 ± 1.38% | last loss 0.0081 (ce 0.0081, tit 0.000, iti 0.000, mlp_cos 0.000) | 24.7s/episode, ETA 1.79h
[00:48:59 INFO]   [150/400] running 50.11 ± 1.36% | last loss 0.0055 (ce 0.0055, tit 0.000, iti 0.000, mlp_cos 0.000) | 24.7s/episode, ETA 1.72h
[00:53:07 INFO]   [160/400] running 50.06 ± 1.30% | last loss 0.0050 (ce 0.0050, tit 0.000, iti 0.000, mlp_cos 0.000) | 24.7s/episode, ETA 1.65h
[00:57:13 INFO]   [170/400] running 49.84 ± 1.28% | last loss 0.0236 (ce 0.0236, tit 0.000, iti 0.000, mlp_cos 0.000) | 24.7s/episode, ETA 1.58h
[01:01:21 INFO]   [180/400] running 49.97 ± 1.22% | last loss 0.0265 (ce 0.0265, tit 0.000, iti 0.000, mlp_cos 0.000) | 24.7s/episode, ETA 1.51h
[01:05:28 INFO]   [190/400] running 49.97 ± 1.18% | last loss 0.0712 (ce 0.0712, tit 0.000, iti 0.000, mlp_cos 0.000) | 24.7s/episode, ETA 1.44h
[01:09:35 INFO]   [200/400] running 49.93 ± 1.15% | last loss 0.0051 (ce 0.0051, tit 0.000, iti 0.000, mlp_cos 0.000) | 24.7s/episode, ETA 1.37h
[01:13:42 INFO]   [210/400] running 49.87 ± 1.11% | last loss 0.0280 (ce 0.0280, tit 0.000, iti 0.000, mlp_cos 0.000) | 24.7s/episode, ETA 1.30h
[01:17:50 INFO]   [220/400] running 49.90 ± 1.09% | last loss 0.0070 (ce 0.0070, tit 0.000, iti 0.000, mlp_cos 0.000) | 24.7s/episode, ETA 1.24h
[01:21:57 INFO]   [230/400] running 49.81 ± 1.06% | last loss 0.0097 (ce 0.0097, tit 0.000, iti 0.000, mlp_cos 0.000) | 24.7s/episode, ETA 1.17h
[01:26:04 INFO]   [240/400] running 49.80 ± 1.04% | last loss 0.0024 (ce 0.0024, tit 0.000, iti 0.000, mlp_cos 0.000) | 24.7s/episode, ETA 1.10h
[01:30:11 INFO]   [250/400] running 49.73 ± 1.02% | last loss 0.0048 (ce 0.0048, tit 0.000, iti 0.000, mlp_cos 0.000) | 24.7s/episode, ETA 1.03h
[01:34:18 INFO]   [260/400] running 49.70 ± 0.98% | last loss 0.0495 (ce 0.0495, tit 0.000, iti 0.000, mlp_cos 0.000) | 24.7s/episode, ETA 0.96h
[01:38:25 INFO]   [270/400] running 49.69 ± 0.95% | last loss 0.0178 (ce 0.0178, tit 0.000, iti 0.000, mlp_cos 0.000) | 24.7s/episode, ETA 0.89h
[01:42:33 INFO]   [280/400] running 49.64 ± 0.92% | last loss 0.0442 (ce 0.0442, tit 0.000, iti 0.000, mlp_cos 0.000) | 24.7s/episode, ETA 0.82h
[01:46:41 INFO]   [290/400] running 49.60 ± 0.90% | last loss 0.0620 (ce 0.0620, tit 0.000, iti 0.000, mlp_cos 0.000) | 24.7s/episode, ETA 0.76h
[01:50:48 INFO]   [300/400] running 49.64 ± 0.88% | last loss 0.0529 (ce 0.0529, tit 0.000, iti 0.000, mlp_cos 0.000) | 24.7s/episode, ETA 0.69h
[01:54:55 INFO]   [310/400] running 49.47 ± 0.87% | last loss 0.0121 (ce 0.0121, tit 0.000, iti 0.000, mlp_cos 0.000) | 24.7s/episode, ETA 0.62h
[01:59:01 INFO]   [320/400] running 49.64 ± 0.86% | last loss 0.0104 (ce 0.0104, tit 0.000, iti 0.000, mlp_cos 0.000) | 24.7s/episode, ETA 0.55h
[02:03:10 INFO]   [330/400] running 49.62 ± 0.84% | last loss 0.0044 (ce 0.0044, tit 0.000, iti 0.000, mlp_cos 0.000) | 24.7s/episode, ETA 0.48h
[02:07:17 INFO]   [340/400] running 49.71 ± 0.82% | last loss 0.0063 (ce 0.0063, tit 0.000, iti 0.000, mlp_cos 0.000) | 24.7s/episode, ETA 0.41h
[02:11:25 INFO]   [350/400] running 49.75 ± 0.81% | last loss 0.0555 (ce 0.0555, tit 0.000, iti 0.000, mlp_cos 0.000) | 24.7s/episode, ETA 0.34h
[02:15:31 INFO]   [360/400] running 49.63 ± 0.81% | last loss 0.0341 (ce 0.0341, tit 0.000, iti 0.000, mlp_cos 0.000) | 24.7s/episode, ETA 0.27h
[02:19:39 INFO]   [370/400] running 49.65 ± 0.80% | last loss 0.0416 (ce 0.0416, tit 0.000, iti 0.000, mlp_cos 0.000) | 24.7s/episode, ETA 0.21h
[02:23:46 INFO]   [380/400] running 49.55 ± 0.80% | last loss 0.0671 (ce 0.0671, tit 0.000, iti 0.000, mlp_cos 0.000) | 24.7s/episode, ETA 0.14h
[02:27:53 INFO]   [390/400] running 49.60 ± 0.78% | last loss 0.0181 (ce 0.0181, tit 0.000, iti 0.000, mlp_cos 0.000) | 24.7s/episode, ETA 0.07h
[02:32:00 INFO]   [400/400] running 49.64 ± 0.78% | last loss 0.0075 (ce 0.0075, tit 0.000, iti 0.000, mlp_cos 0.000) | 24.7s/episode, ETA 0.00h
[02:32:00 INFO] Final (episodic, nofsr_nocc_loraboth_r2_steps500_cnfull_loc0.1g1_pmvalue): 49.64 ± 0.78% (n_episodes=400)
[02:32:00 INFO]   診斷：只用 CLS 46.34、只用 local 42.07、γ 1.000
