[15:42:04 INFO] Device: cuda
[15:42:04 INFO] ============================================================
[15:42:04 INFO] Dataset: eurosat, n_shot=5, Mode: Feature-SR (28x28)
[15:42:04 INFO] ============================================================
[15:42:04 INFO] Train: EuroSATDataset(split=train, n_classes=10, n_samples=50)
[15:42:04 INFO] Test:  EuroSATDataset(split=test, n_classes=10, n_samples=5400)
[15:42:04 INFO] Loading CLIP ViT-B/16...
[15:42:16 INFO] Applying LoRA (r=4, alpha=1.0)...
[15:42:16 INFO] Initializing Feature SR Module (scale=2, 14x14 -> 28x28)...
[15:42:16 INFO] Trainable parameters: 10,350,592
[15:42:16 INFO] LR Schedule: Cosine decay (no warmup)
/var/tmp/cc-cdfsl/train.py:457: FutureWarning: `torch.cuda.amp.GradScaler(args...)` is deprecated. Please use `torch.amp.GradScaler('cuda', args...)` instead.
  scaler = torch.cuda.amp.GradScaler() if device == "cuda" else None
[15:42:16 INFO] FP16 Automatic Mixed Precision (AMP) enabled.
[15:42:16 INFO] Initial evaluation (before training)...
[15:43:04 INFO]   Baseline: 47.76 ± 3.60%
/var/tmp/cc-cdfsl/train.py:213: FutureWarning: `torch.cuda.amp.autocast(args...)` is deprecated. Please use `torch.amp.autocast('cuda', args...)` instead.
  with torch.cuda.amp.autocast(enabled=(scaler is not None)):
[15:46:07 INFO] Epoch [  1/100] Loss: 0.9424 (CE:0.5930, TIT:0.0655, ITI:0.1126, CR:0.2286) Acc: 68.27%
[16:10:27 INFO] Epoch [ 10/100] Loss: 0.2084 (CE:0.0005, TIT:0.1360, ITI:0.0052, CR:0.0028) Acc: 90.85%
[16:15:10 INFO]   [Eval] Epoch 10: 90.26 ± 0.42% ✓ NEW BEST!
[16:15:11 INFO]   Saved best checkpoint: checkpoints_lambda3_sweep/l3_1.0/eurosat_5shot_fsr_best.pth
[16:43:12 INFO] Epoch [ 20/100] Loss: 0.2069 (CE:0.0002, TIT:0.1367, ITI:0.0021, CR:0.0013) Acc: 89.35%
[16:47:42 INFO]   [Eval] Epoch 20: 89.66 ± 0.41%
[17:13:16 INFO] Epoch [ 30/100] Loss: 0.2061 (CE:0.0001, TIT:0.1365, ITI:0.0013, CR:0.0010) Acc: 88.63%
[17:17:54 INFO]   [Eval] Epoch 30: 89.06 ± 0.43%
[17:43:25 INFO] Epoch [ 40/100] Loss: 0.2062 (CE:0.0001, TIT:0.1368, ITI:0.0012, CR:0.0007) Acc: 88.21%
[17:48:04 INFO]   [Eval] Epoch 40: 88.60 ± 0.43%
[18:13:50 INFO] Epoch [ 50/100] Loss: 0.2092 (CE:0.0001, TIT:0.1389, ITI:0.0013, CR:0.0004) Acc: 88.76%
[18:18:24 INFO]   [Eval] Epoch 50: 88.71 ± 0.46%
[18:44:01 INFO] Epoch [ 60/100] Loss: 0.2043 (CE:0.0001, TIT:0.1358, ITI:0.0013, CR:0.0003) Acc: 88.16%
[18:48:34 INFO]   [Eval] Epoch 60: 88.63 ± 0.45%
[19:15:06 INFO] Epoch [ 70/100] Loss: 0.2037 (CE:0.0001, TIT:0.1354, ITI:0.0012, CR:0.0003) Acc: 88.17%
[19:19:44 INFO]   [Eval] Epoch 70: 88.93 ± 0.42%
[19:45:43 INFO] Epoch [ 80/100] Loss: 0.2057 (CE:0.0001, TIT:0.1368, ITI:0.0011, CR:0.0002) Acc: 89.01%
[19:50:18 INFO]   [Eval] Epoch 80: 88.51 ± 0.41%
[20:16:34 INFO] Epoch [ 90/100] Loss: 0.2088 (CE:0.0001, TIT:0.1389, ITI:0.0010, CR:0.0002) Acc: 88.87%
[20:21:07 INFO]   [Eval] Epoch 90: 88.38 ± 0.42%
[20:51:32 INFO] Epoch [100/100] Loss: 0.2081 (CE:0.0001, TIT:0.1384, ITI:0.0009, CR:0.0002) Acc: 88.64%
[20:56:06 INFO]   [Eval] Epoch 100: 88.83 ± 0.40%
[20:56:06 INFO] 
Best Acc: 90.26% at Epoch 10
[20:56:11 INFO] Loaded best checkpoint from epoch 10
[21:00:43 INFO] Final (Feature-SR (28x28)): 90.42 ± 0.41% (n_episodes=400)
[EuroSATDataset] Strict few-shot training enabled. Total training samples: 50 (n_shot=5)
